Test run for J:\repos\knilecrack\Open-Xml-PowerTools\OpenXmlPowerTools.Tests\bin\Debug\net10.0\OpenXmlPowerTools.Tests.dll (.NETCoreApp,Version=v10.0)
VSTest version 18.0.1 (x64)

Starting test execution, please wait...
A total of 1 test files matched the specified pattern.
[xUnit.net 00:00:00.00] xUnit.net VSTest Adapter v3.0.0+e341b939fe (64-bit .NET 10.0.2)
[xUnit.net 00:00:00.10]   Discovering: OpenXmlPowerTools.Tests
[xUnit.net 00:00:00.56]   Discovered:  OpenXmlPowerTools.Tests
[xUnit.net 00:00:01.04]   Starting:    OpenXmlPowerTools.Tests
[xUnit.net 00:00:01.13]     OxPt.PtUtilTests.PU001 [SKIP]
[xUnit.net 00:00:01.13]       This is failing on AppVeyor
  Skipped OxPt.PtUtilTests.PU001 [1 ms]
  Passed OpenXmlPowerTools.Tests.PowerToolsBlockTests.ConstructorThrowsWhenPassingNull [18 ms]
  Passed OxPt.CfTests.CF001(formatCode: "0.00%", value: "1", expected: "100.00%", expectedColor: null) [22 ms]
  Passed OxPt.CfTests.CF001(formatCode: "0.00%", value: "2", expected: "200.00%", expectedColor: null) [< 1 ms]
  Passed OxPt.CfTests.CF001(formatCode: "#,##0", value: "1000000000.1", expected: "1,000,000,000", expectedColor: null) [< 1 ms]
  Passed OxPt.CfTests.CF001(formatCode: "0%", value: "0.01", expected: "1%", expectedColor: null) [< 1 ms]
  Passed OxPt.CfTests.CF001(formatCode: "#,##0.00;(#,##0.00)", value: "-100.00", expected: "(100.00)", expectedColor: null) [< 1 ms]
  Passed OxPt.CfTests.CF001(formatCode: "# ??/??", value: "0.125", expected: "0.13", expectedColor: null) [< 1 ms]
  Passed OxPt.CfTests.CF001(formatCode: "#,##0.00", value: "100000000.09999999", expected: "100,000,000.10", expectedColor: null) [< 1 ms]
  Passed OxPt.CfTests.CF001(formatCode: "#,##0", value: "1.1000000000000001", expected: "1", expectedColor: null) [< 1 ms]
  Passed OxPt.CfTests.CF001(formatCode: "0%", value: "1", expected: "100%", expectedColor: null) [< 1 ms]
  Passed OxPt.CfTests.CF001(formatCode: "mm:ss.0", value: "42344.295445092591", expected: "05:26:456", expectedColor: null) [< 1 ms]
  Passed OxPt.CfTests.CF001(formatCode: "0.00E+00", value: "100", expected: "1.00E+02", expectedColor: null) [< 1 ms]
  Passed OxPt.CfTests.CF001(formatCode: "#,##0", value: "10.1", expected: "10", expectedColor: null) [< 1 ms]
  Passed OxPt.CfTests.CF001(formatCode: "0", value: "1.1000000000000001", expected: "1", expectedColor: null) [< 1 ms]
  Passed OxPt.CfTests.CF001(formatCode: "0.00", value: "1.1000000000000001", expected: "1.10", expectedColor: null) [< 1 ms]
  Passed OxPt.CfTests.CF001(formatCode: "#,##0.00", value: "10.1", expected: "10.10", expectedColor: null) [< 1 ms]
  Passed OxPt.CfTests.CF001(formatCode: "0.00E+00", value: "10000.1", expected: "1.00E+04", expectedColor: null) [< 1 ms]
  Passed OxPt.CfTests.CF001(formatCode: "##0.0E+0", value: "100.0", expected: "100.0E+0", expectedColor: null) [< 1 ms]
  Passed OxPt.CfTests.CF001(formatCode: "d-mmm", value: "42344", expected: "6-Dec", expectedColor: null) [< 1 ms]
  Passed OxPt.CfTests.CF001(formatCode: "0.00E+00", value: "100000.5", expected: "1.00E+05", expectedColor: null) [< 1 ms]
  Passed OxPt.CfTests.CF001(formatCode: "h:mm AM/PM", value: "42344.295138888891", expected: "7:05 AM", expectedColor: null) [< 1 ms]
  Passed OxPt.CfTests.CF001(formatCode: "[h]:mm:ss", value: "42344.295405092591", expected: "1016263:05:23", expectedColor: null) [< 1 ms]
  Passed OxPt.CfTests.CF001(formatCode: "#,##0 ;(#,##0)", value: "-100", expected: "(100)", expectedColor: null) [< 1 ms]
  Passed OxPt.CfTests.CF001(formatCode: "0%", value: "0.25", expected: "25%", expectedColor: null) [< 1 ms]
  Passed OxPt.CfTests.CF001(formatCode: "#,##0.00;(#,##0.00)", value: "100.00", expected: "100.00", expectedColor: null) [< 1 ms]
  Passed OxPt.CfTests.CF001(formatCode: "#,##0.00;[Red](#,##0.00)", value: "-100.00", expected: "(100.00)", expectedColor: "Red") [< 1 ms]
  Passed OxPt.CfTests.CF001(formatCode: "#,##0", value: "100000000.09999999", expected: "100,000,000", expectedColor: null) [< 1 ms]
  Passed OxPt.CfTests.CF001(formatCode: "0.00%", value: "0.25", expected: "25.00%", expectedColor: null) [< 1 ms]
  Passed OxPt.CfTests.CF001(formatCode: "#,##0 ;[Red](#,##0)", value: "100", expected: "100", expectedColor: null) [< 1 ms]
  Passed OxPt.CfTests.CF001(formatCode: "0.00E+00", value: "0.1", expected: "1.00E-01", expectedColor: null) [< 1 ms]
  Passed OxPt.CfTests.CF001(formatCode: "# ?/?", value: "0.25", expected: "0.25", expectedColor: null) [< 1 ms]
  Passed OxPt.CfTests.CF001(formatCode: "0.00%", value: "0.1", expected: "10.00%", expectedColor: null) [< 1 ms]
  Passed OxPt.CfTests.CF001(formatCode: "General", value: "0", expected: "0", expectedColor: null) [< 1 ms]
  Passed OxPt.CfTests.CF001(formatCode: "#,##0 ;[Red](#,##0)", value: "-100", expected: "(100)", expectedColor: "Red") [< 1 ms]
  Passed OxPt.CfTests.CF001(formatCode: "0.00E+00", value: "0.01", expected: "1.00E-02", expectedColor: null) [< 1 ms]
  Passed OxPt.CfTests.CF001(formatCode: "mm-dd-yy", value: "42344", expected: "12-06-15", expectedColor: null) [< 1 ms]
  Passed OxPt.CfTests.CF001(formatCode: "m/d/yy h:mm", value: "42344.295405092591", expected: "12/6/15 7:05", expectedColor: null) [< 1 ms]
  Passed OxPt.CfTests.CF001(formatCode: "# ??/??", value: "0.25", expected: "0.25", expectedColor: null) [< 1 ms]
  Passed OxPt.CfTests.CF001(formatCode: "0.00%", value: "0.01", expected: "1.00%", expectedColor: null) [< 1 ms]
  Passed OxPt.CfTests.CF001(formatCode: "0", value: "100.1", expected: "100", expectedColor: null) [< 1 ms]
  Passed OxPt.CfTests.CF001(formatCode: "d-mmm-yy", value: "42344", expected: "6-Dec-15", expectedColor: null) [< 1 ms]
  Passed OxPt.CfTests.CF001(formatCode: "0.00E+00", value: "0.25", expected: "2.50E-01", expectedColor: null) [< 1 ms]
  Passed OxPt.CfTests.CF001(formatCode: "# ?/?", value: "0.125", expected: "0.13", expectedColor: null) [< 1 ms]
  Passed OxPt.CfTests.CF001(formatCode: "##0.0E+0", value: "543.210", expected: "543.2E+0", expectedColor: null) [< 1 ms]
  Passed OxPt.CfTests.CF001(formatCode: "h:mm", value: "42344.295405092591", expected: "7:05", expectedColor: null) [< 1 ms]
  Passed OxPt.CfTests.CF001(formatCode: "#,##0.00;[Red](#,##0.00)", value: "100.00", expected: "100.00", expectedColor: null) [< 1 ms]
  Passed OxPt.CfTests.CF001(formatCode: "0.00", value: "10.1", expected: "10.10", expectedColor: null) [< 1 ms]
  Passed OxPt.CfTests.CF001(formatCode: "#,##0 ;(#,##0)", value: "100", expected: "100", expectedColor: null) [< 1 ms]
  Passed OxPt.CfTests.CF001(formatCode: "0.00E+00", value: "1", expected: "1.00E+00", expectedColor: null) [< 1 ms]
  Passed OxPt.CfTests.CF001(formatCode: "#,##0.00", value: "1000.1", expected: "1,000.10", expectedColor: null) [< 1 ms]
  Passed OxPt.CfTests.CF001(formatCode: "0", value: "10.1", expected: "10", expectedColor: null) [< 1 ms]
  Passed OxPt.CfTests.CF001(formatCode: "#,##0.00", value: "1.1000000000000001", expected: "1.10", expectedColor: null) [< 1 ms]
  Passed OxPt.CfTests.CF001(formatCode: "h:mm:ss AM/PM", value: "42344.295405092591", expected: "7:05:23 AM", expectedColor: null) [< 1 ms]
  Passed OxPt.CfTests.CF001(formatCode: "0%", value: "2", expected: "200%", expectedColor: null) [< 1 ms]
  Passed OxPt.CfTests.CF001(formatCode: "h:mm:ss", value: "42344.295405092591", expected: "7:05:23", expectedColor: null) [< 1 ms]
  Passed OxPt.CfTests.CF001(formatCode: "mm:ss", value: "42344.295405092591", expected: "05:23", expectedColor: null) [< 1 ms]
  Passed OxPt.CfTests.CF001(formatCode: "mmm-yy", value: "42344", expected: "Dec-15", expectedColor: null) [< 1 ms]
  Passed OxPt.CfTests.CF001(formatCode: "0.00%", value: "0.1025", expected: "10.25%", expectedColor: null) [< 1 ms]
  Passed OxPt.CfTests.CF001(formatCode: "0.00", value: "100000000.09999999", expected: "100000000.10", expectedColor: null) [< 1 ms]
  Passed OxPt.CfTests.CF001(formatCode: "0.00E+00", value: "1000", expected: "1.00E+03", expectedColor: null) [< 1 ms]
  Passed OxPt.CfTests.CF001(formatCode: "0%", value: "0.1", expected: "10%", expectedColor: null) [< 1 ms]
  Passed OxPt.CfTests.CF001(formatCode: "0", value: "100000000.09999999", expected: "100000000", expectedColor: null) [< 1 ms]
  Passed OxPt.CaTests.CA003_ContentAtoms_Throws(name: "CA/CA009-altChunk.docx") [116 ms]
  Passed OxPt.ShTests.SH004_ConvertRange(name: "SH128-FmtNumId-19.xlsx", sheetName: "Sheet1", range: "A1:A10") [123 ms]
  Passed OxPt.CfTests.CF002(name: "SH151-Custom-Cell-Format-Currency.xlsx", sheetName: "Sheet1", range: "F2:F2", expected: "CHF  -123.45", expectedColor: null) [90 ms]
  Passed OxPt.CuTests.CU001(name: "CU004-Chart-Cached-Data-04.docx") [140 ms]
  Passed OxPt.ShTests.SH004_ConvertRange(name: "SH113-VertMergedCell.xlsx", sheetName: "Sheet1", range: "A1:A1") [17 ms]
  Passed OxPt.CfTests.CF002(name: "SH151-Custom-Cell-Format-Currency.xlsx", sheetName: "Sheet1", range: "C2:C2", expected: "-£ 123.45", expectedColor: null) [18 ms]
  Passed OxPt.CfTests.CF002(name: "SH151-Custom-Cell-Format-Currency.xlsx", sheetName: "Sheet1", range: "E1:E1", expected: "¥ 123.45", expectedColor: null) [2 ms]
  Passed OxPt.ShTests.SH004_ConvertRange(name: "SH111-ChangedDefaultColumnWidth.xlsx", sheetName: "Sheet1", range: "A1:A1") [5 ms]
  Passed OxPt.CfTests.CF002(name: "SH204-Cell-A1-B1-C1-Without-R-Attr.xlsx", sheetName: "Sheet1", range: "A1:A1", expected: "1", expectedColor: null) [5 ms]
  Passed OxPt.CfTests.CF002(name: "SH151-Custom-Cell-Format-Currency.xlsx", sheetName: "Sheet1", range: "G1:G1", expected: "₩ 123.45", expectedColor: null) [3 ms]
  Passed OxPt.ShTests.SH004_ConvertRange(name: "SH101-SimpleFormats.xlsx", sheetName: "Sheet1", range: "A4:B8") [11 ms]
  Passed OxPt.CfTests.CF002(name: "SH151-Custom-Cell-Format-Currency.xlsx", sheetName: "Sheet1", range: "H1:H1", expected: "£ 123.45", expectedColor: null) [3 ms]
  Passed OxPt.CfTests.CF002(name: "SH151-Custom-Cell-Format-Currency.xlsx", sheetName: "Sheet1", range: "E2:E2", expected: "¥ -123.45", expectedColor: null) [29 ms]
  Passed OxPt.ShTests.SH004_ConvertRange(name: "SH127-FmtNumId-18.xlsx", sheetName: "Sheet1", range: "A1:A10") [30 ms]
  Passed OxPt.CfTests.CF002(name: "SH201-Cell-C1-Without-R-Attr.xlsx", sheetName: "Sheet1", range: "C1:C1", expected: "3", expectedColor: null) [4 ms]
  Passed OxPt.CuTests.CU001(name: "CU009-Chart-Embedded-Xlsx-01.docx") [52 ms]
  Passed OxPt.ShTests.SH004_ConvertRange(name: "SH131-FmtNumId-22.xlsx", sheetName: "Sheet1", range: "A1:A10") [4 ms]
  Passed OpenXmlPowerTools.Tests.OpenXmlRegexTests.CanReplaceTextWithQuotationMarks [195 ms]
  Passed OxPt.ShTests.SH004_ConvertRange(name: "SH102-9-x-9.xlsx", sheetName: "Sheet1", range: "A9:A9") [19 ms]
  Passed OxPt.ShTests.SH004_ConvertRange(name: "SH102-9-x-9.xlsx", sheetName: "Sheet1", range: "A2:D4") [6 ms]
  Passed OpenXmlPowerTools.Tests.OpenXmlRegexTests.CanReplaceTextWithQuotationMarksAndAddTrackedChangesWhenReplacing [42 ms]
  Passed OxPt.ShTests.SH004_ConvertRange(name: "SH120-FmtNumId-9.xlsx", sheetName: "Sheet1", range: "A1:A10") [20 ms]
  Passed OpenXmlPowerTools.Tests.OpenXmlRegexTests.CanReplaceTextWithFields [4 ms]
  Passed OxPt.CaTests.CA002_Annotations(name: "HC009-Test-04.docx") [128 ms]
  Passed OxPt.CuTests.CU001(name: "CU013-Chart-Embedded-Xlsx-05.docx") [52 ms]
  Passed OpenXmlPowerTools.Tests.StronglyTypedBlockTests.ConstructorThrowsWhenPassingNull [1 ms]
[xUnit.net 00:00:01.37]       Assert.Equal() Failure: Strings differ
[xUnit.net 00:00:01.37]                  ↓ (pos 0)
[xUnit.net 00:00:01.37]       Expected: "₩ -"
[xUnit.net 00:00:01.37]       Actual:   "-₩ -"
[xUnit.net 00:00:01.37]                  ↑ (pos 0)
[xUnit.net 00:00:01.37]       Stack Trace:
[xUnit.net 00:00:01.37]         J:\repos\knilecrack\Open-Xml-PowerTools\OpenXmlPowerTools.Tests\SmlCellFormatterTests.cs(144,0): at OxPt.CfTests.CF002(String name, String sheetName, String range, String expected, String expectedColor)
[xUnit.net 00:00:01.37]            at InvokeStub_CfTests.CF002(Object, Span`1)
[xUnit.net 00:00:01.37]            at System.Reflection.MethodBaseInvoker.InvokeWithManyArgs(Object obj, BindingFlags invokeAttr, Binder binder, Object[] parameters, CultureInfo culture)
[xUnit.net 00:00:01.38]       Assert.Equal() Failure: Strings differ
[xUnit.net 00:00:01.38]                  ↓ (pos 0)
[xUnit.net 00:00:01.38]       Expected: "£ -"
[xUnit.net 00:00:01.38]       Actual:   "-£ -"
[xUnit.net 00:00:01.38]                  ↑ (pos 0)
[xUnit.net 00:00:01.38]       Stack Trace:
[xUnit.net 00:00:01.38]         J:\repos\knilecrack\Open-Xml-PowerTools\OpenXmlPowerTools.Tests\SmlCellFormatterTests.cs(144,0): at OxPt.CfTests.CF002(String name, String sheetName, String range, String expected, String expectedColor)
[xUnit.net 00:00:01.38]            at InvokeStub_CfTests.CF002(Object, Span`1)
[xUnit.net 00:00:01.38]            at System.Reflection.MethodBaseInvoker.InvokeWithManyArgs(Object obj, BindingFlags invokeAttr, Binder binder, Object[] parameters, CultureInfo culture)
  Failed OxPt.CfTests.CF002(name: "SH151-Custom-Cell-Format-Currency.xlsx", sheetName: "Sheet1", range: "G3:G3", expected: "₩ -", expectedColor: null) [23 ms]
  Error Message:
   Assert.Equal() Failure: Strings differ
           ↓ (pos 0)
Expected: "₩ -"
Actual:   "-₩ -"
           ↑ (pos 0)
  Stack Trace:
     at OxPt.CfTests.CF002(String name, String sheetName, String range, String expected, String expectedColor) in J:\repos\knilecrack\Open-Xml-PowerTools\OpenXmlPowerTools.Tests\SmlCellFormatterTests.cs:line 144
   at InvokeStub_CfTests.CF002(Object, Span`1)
   at System.Reflection.MethodBaseInvoker.InvokeWithManyArgs(Object obj, BindingFlags invokeAttr, Binder binder, Object[] parameters, CultureInfo culture)
  Passed OxPt.ShTests.SH004_ConvertRange(name: "SH125-FmtNumId-16.xlsx", sheetName: "Sheet1", range: "A1:A10") [26 ms]
  Passed OpenXmlPowerTools.Tests.OpenXmlRegexTests.CanReplaceTextWithSymbolsAndTrackedChanges [25 ms]
  Passed OxPt.CfTests.CF002(name: "SH202-Cell-C1-D1-Without-R-Attr.xlsx", sheetName: "Sheet1", range: "C1:C1", expected: "3", expectedColor: null) [23 ms]
  Passed OxPt.ShTests.SH004_ConvertRange(name: "SH129-FmtNumId-20.xlsx", sheetName: "Sheet1", range: "A1:A10") [5 ms]
  Failed OxPt.CfTests.CF002(name: "SH151-Custom-Cell-Format-Currency.xlsx", sheetName: "Sheet1", range: "H3:H3", expected: "£ -", expectedColor: null) [6 ms]
  Error Message:
   Assert.Equal() Failure: Strings differ
           ↓ (pos 0)
Expected: "£ -"
Actual:   "-£ -"
           ↑ (pos 0)
  Stack Trace:
     at OxPt.CfTests.CF002(String name, String sheetName, String range, String expected, String expectedColor) in J:\repos\knilecrack\Open-Xml-PowerTools\OpenXmlPowerTools.Tests\SmlCellFormatterTests.cs:line 144
   at InvokeStub_CfTests.CF002(Object, Span`1)
   at System.Reflection.MethodBaseInvoker.InvokeWithManyArgs(Object obj, BindingFlags invokeAttr, Binder binder, Object[] parameters, CultureInfo culture)
  Passed OxPt.ShTests.SH004_ConvertRange(name: "SH126-FmtNumId-17.xlsx", sheetName: "Sheet1", range: "A1:A10") [6 ms]
  Passed OpenXmlPowerTools.Tests.OpenXmlRegexTests.CanReplaceTextWithQuotationMarksAndTrackedChanges [10 ms]
  Passed OxPt.CfTests.CF002(name: "SH151-Custom-Cell-Format-Currency.xlsx", sheetName: "Sheet1", range: "B1:B1", expected: "$ 123.45", expectedColor: null) [6 ms]
  Passed OpenXmlPowerTools.Tests.MarkupSimplifierTests.CanRemoveSmartTags [3 ms]
  Passed OxPt.ShTests.SH004_ConvertRange(name: "SH102-9-x-9.xlsx", sheetName: "Sheet1", range: "C2:C2") [6 ms]
  Passed OxPt.CfTests.CF002(name: "SH151-Custom-Cell-Format-Currency.xlsx", sheetName: "Sheet1", range: "F1:F1", expected: "CHF  123.45", expectedColor: null) [15 ms]
  Passed OxPt.CuTests.CU001(name: "CU012-Chart-Embedded-Xlsx-04.docx") [53 ms]
[xUnit.net 00:00:01.40]       Assert.Equal() Failure: Strings differ
[xUnit.net 00:00:01.40]                  ↓ (pos 0)
[xUnit.net 00:00:01.40]       Expected: "¥ -"
[xUnit.net 00:00:01.40]       Actual:   "-¥ -"
[xUnit.net 00:00:01.40]                  ↑ (pos 0)
[xUnit.net 00:00:01.40]       Stack Trace:
[xUnit.net 00:00:01.40]         J:\repos\knilecrack\Open-Xml-PowerTools\OpenXmlPowerTools.Tests\SmlCellFormatterTests.cs(144,0): at OxPt.CfTests.CF002(String name, String sheetName, String range, String expected, String expectedColor)
[xUnit.net 00:00:01.40]            at InvokeStub_CfTests.CF002(Object, Span`1)
[xUnit.net 00:00:01.40]            at System.Reflection.MethodBaseInvoker.InvokeWithManyArgs(Object obj, BindingFlags invokeAttr, Binder binder, Object[] parameters, CultureInfo culture)
  Passed OxPt.ShTests.SH004_ConvertRange(name: "SH118-FmtNumId-3.xlsx", sheetName: "Sheet1", range: "A1:A10") [17 ms]
  Passed OpenXmlPowerTools.Tests.MarkupSimplifierTests.CanRemoveContentControls [17 ms]
  Passed OxPt.RaTests.RA001(name: "RA001-Tracked-Revisions-02.docx") [303 ms]
  Failed OxPt.CfTests.CF002(name: "SH151-Custom-Cell-Format-Currency.xlsx", sheetName: "Sheet1", range: "E3:E3", expected: "¥ -", expectedColor: null) [3 ms]
  Error Message:
   Assert.Equal() Failure: Strings differ
           ↓ (pos 0)
Expected: "¥ -"
Actual:   "-¥ -"
           ↑ (pos 0)
  Stack Trace:
     at OxPt.CfTests.CF002(String name, String sheetName, String range, String expected, String expectedColor) in J:\repos\knilecrack\Open-Xml-PowerTools\OpenXmlPowerTools.Tests\SmlCellFormatterTests.cs:line 144
   at InvokeStub_CfTests.CF002(Object, Span`1)
   at System.Reflection.MethodBaseInvoker.InvokeWithManyArgs(Object obj, BindingFlags invokeAttr, Binder binder, Object[] parameters, CultureInfo culture)
  Passed OpenXmlPowerTools.Tests.MarkupSimplifierTests.CanRemoveGoBackBookmarks [3 ms]
  Passed OxPt.CfTests.CF002(name: "SH151-Custom-Cell-Format-Currency.xlsx", sheetName: "Sheet1", range: "H2:H2", expected: "-£ 123.45", expectedColor: "Red") [3 ms]
[xUnit.net 00:00:01.40]       Assert.Equal() Failure: Strings differ
[xUnit.net 00:00:01.40]                  ↓ (pos 0)
[xUnit.net 00:00:01.40]       Expected: "€  -"
[xUnit.net 00:00:01.40]       Actual:   "-€  -"
[xUnit.net 00:00:01.40]                  ↑ (pos 0)
[xUnit.net 00:00:01.40]       Stack Trace:
[xUnit.net 00:00:01.40]         J:\repos\knilecrack\Open-Xml-PowerTools\OpenXmlPowerTools.Tests\SmlCellFormatterTests.cs(144,0): at OxPt.CfTests.CF002(String name, String sheetName, String range, String expected, String expectedColor)
[xUnit.net 00:00:01.40]            at InvokeStub_CfTests.CF002(Object, Span`1)
[xUnit.net 00:00:01.40]            at System.Reflection.MethodBaseInvoker.InvokeWithManyArgs(Object obj, BindingFlags invokeAttr, Binder binder, Object[] parameters, CultureInfo culture)
[xUnit.net 00:00:01.41]       Assert.Equal() Failure: Strings differ
[xUnit.net 00:00:01.41]                  ↓ (pos 0)
[xUnit.net 00:00:01.41]       Expected: "CHF  -"
[xUnit.net 00:00:01.41]       Actual:   "-CHF  -"
[xUnit.net 00:00:01.41]                  ↑ (pos 0)
[xUnit.net 00:00:01.41]       Stack Trace:
[xUnit.net 00:00:01.41]         J:\repos\knilecrack\Open-Xml-PowerTools\OpenXmlPowerTools.Tests\SmlCellFormatterTests.cs(144,0): at OxPt.CfTests.CF002(String name, String sheetName, String range, String expected, String expectedColor)
[xUnit.net 00:00:01.41]            at InvokeStub_CfTests.CF002(Object, Span`1)
[xUnit.net 00:00:01.41]            at System.Reflection.MethodBaseInvoker.InvokeWithManyArgs(Object obj, BindingFlags invokeAttr, Binder binder, Object[] parameters, CultureInfo culture)
  Passed OxPt.ShTests.SH004_ConvertRange(name: "SH117-FmtNumId-2.xlsx", sheetName: "Sheet1", range: "A1:A10") [6 ms]
  Passed OpenXmlPowerTools.Tests.UnicodeMapperTests.CanCreateCoalescedRuns [3 ms]
  Failed OxPt.CfTests.CF002(name: "SH151-Custom-Cell-Format-Currency.xlsx", sheetName: "Sheet1", range: "D3:D3", expected: "€  -", expectedColor: null) [4 ms]
  Error Message:
   Assert.Equal() Failure: Strings differ
           ↓ (pos 0)
Expected: "€  -"
Actual:   "-€  -"
           ↑ (pos 0)
  Stack Trace:
     at OxPt.CfTests.CF002(String name, String sheetName, String range, String expected, String expectedColor) in J:\repos\knilecrack\Open-Xml-PowerTools\OpenXmlPowerTools.Tests\SmlCellFormatterTests.cs:line 144
   at InvokeStub_CfTests.CF002(Object, Span`1)
   at System.Reflection.MethodBaseInvoker.InvokeWithManyArgs(Object obj, BindingFlags invokeAttr, Binder binder, Object[] parameters, CultureInfo culture)
  Passed OpenXmlPowerTools.Tests.PowerToolsBlockTests.CanUsePowerToolsBlockToDemarcateApis [289 ms]
  Passed OpenXmlPowerTools.Tests.StronglyTypedBlockTests.CanUseStronglyTypedBlockToDemarcateApis [68 ms]
  Failed OxPt.CfTests.CF002(name: "SH151-Custom-Cell-Format-Currency.xlsx", sheetName: "Sheet1", range: "F3:F3", expected: "CHF  -", expectedColor: null) [4 ms]
  Error Message:
   Assert.Equal() Failure: Strings differ
           ↓ (pos 0)
Expected: "CHF  -"
Actual:   "-CHF  -"
           ↑ (pos 0)
  Stack Trace:
     at OxPt.CfTests.CF002(String name, String sheetName, String range, String expected, String expectedColor) in J:\repos\knilecrack\Open-Xml-PowerTools\OpenXmlPowerTools.Tests\SmlCellFormatterTests.cs:line 144
   at InvokeStub_CfTests.CF002(Object, Span`1)
   at System.Reflection.MethodBaseInvoker.InvokeWithManyArgs(Object obj, BindingFlags invokeAttr, Binder binder, Object[] parameters, CultureInfo culture)
  Passed OpenXmlPowerTools.Tests.PowerToolsBlockExtensionsTests.MustBeginPowerToolsBlockToUsePowerTools [4 ms]
  Passed OxPt.ShTests.SH004_ConvertRange(name: "SH116-FmtNumId-1.xlsx", sheetName: "Sheet1", range: "A1:A10") [7 ms]
  Passed OxPt.CuTests.CU001(name: "CU018-Chart-Cached-Data-41.pptx") [17 ms]
  Passed OxPt.CfTests.CF002(name: "SH151-Custom-Cell-Format-Currency.xlsx", sheetName: "Sheet1", range: "A3:A3", expected: "$0.00", expectedColor: null) [13 ms]
  Passed OpenXmlPowerTools.Tests.UnicodeMapperTests.CanStringifySymbols [19 ms]
  Passed OpenXmlPowerTools.Tests.UnicodeMapperTests.CanCreateRunChildElementsFromSpecialCharacters [< 1 ms]
  Passed OxPt.ShTests.SH004_ConvertRange(name: "SH114-Centered-Cell.xlsx", sheetName: "Sheet1", range: "A1:A1") [14 ms]
  Passed OpenXmlPowerTools.Tests.UnicodeMapperTests.CanStringifySpecialElements [2 ms]
  Passed OxPt.CuTests.CU001(name: "CU001-Chart-Cached-Data-01.docx") [16 ms]
  Passed OpenXmlPowerTools.Tests.UnicodeMapperTests.CanStringifyRunAndTextElements [< 1 ms]
  Passed OxPt.CfTests.CF002(name: "SH152-Custom-Cell-Format.xlsx", sheetName: "Sheet1", range: "A1:A1", expected: "1,234,567.0000", expectedColor: null) [3 ms]
[xUnit.net 00:00:01.45]       Assert.Single() Failure: The collection contained 2 items
[xUnit.net 00:00:01.45]       Collection: [[···], [···]]
[xUnit.net 00:00:01.45]       Stack Trace:
[xUnit.net 00:00:01.45]         J:\repos\knilecrack\Open-Xml-PowerTools\OpenXmlPowerTools.Tests\PowerToolsBlockExtensionsTests.cs(115,0): at OpenXmlPowerTools.Tests.PowerToolsBlockExtensionsTests.MustEndPowerToolsBlockToUseStronglyTypedClasses()
[xUnit.net 00:00:01.45]            at System.Reflection.MethodBaseInvoker.InterpretedInvoke_Method(Object obj, IntPtr* args)
[xUnit.net 00:00:01.45]            at System.Reflection.MethodBaseInvoker.InvokeWithNoArgs(Object obj, BindingFlags invokeAttr)
  Passed OpenXmlPowerTools.Tests.UnicodeMapperTests.CanMapSymbols [2 ms]
  Passed OxPt.CfTests.CF002(name: "SH151-Custom-Cell-Format-Currency.xlsx", sheetName: "Sheet1", range: "D1:D1", expected: "€  123.45", expectedColor: null) [4 ms]
  Passed OxPt.CfTests.CF002(name: "SH203-Cell-C1-D1-E1-Without-R-Attr.xlsx", sheetName: "Sheet1", range: "C1:C1", expected: "3", expectedColor: null) [15 ms]
  Failed OpenXmlPowerTools.Tests.PowerToolsBlockExtensionsTests.MustEndPowerToolsBlockToUseStronglyTypedClasses [38 ms]
  Error Message:
   Assert.Single() Failure: The collection contained 2 items
Collection: [[···], [···]]
  Stack Trace:
     at OpenXmlPowerTools.Tests.PowerToolsBlockExtensionsTests.MustEndPowerToolsBlockToUseStronglyTypedClasses() in J:\repos\knilecrack\Open-Xml-PowerTools\OpenXmlPowerTools.Tests\PowerToolsBlockExtensionsTests.cs:line 115
   at System.Reflection.MethodBaseInvoker.InterpretedInvoke_Method(Object obj, IntPtr* args)
   at System.Reflection.MethodBaseInvoker.InvokeWithNoArgs(Object obj, BindingFlags invokeAttr)
  Passed OxPt.CfTests.CF002(name: "SH151-Custom-Cell-Format-Currency.xlsx", sheetName: "Sheet1", range: "B2:B2", expected: "$ (123.45)", expectedColor: null) [3 ms]
  Passed OxPt.CuTests.CU001(name: "CU015-Chart-Embedded-Xlsx-07.docx") [27 ms]
  Passed OxPt.ShTests.SH004_ConvertRange(name: "SH102-9-x-9.xlsx", sheetName: "Sheet1", range: "A1:I9") [31 ms]
[xUnit.net 00:00:01.46]       Assert.Equal() Failure: Strings differ
[xUnit.net 00:00:01.46]                  ↓ (pos 0)
[xUnit.net 00:00:01.46]       Expected: "$ -"
[xUnit.net 00:00:01.46]       Actual:   "-$ -"
[xUnit.net 00:00:01.46]                  ↑ (pos 0)
[xUnit.net 00:00:01.46]       Stack Trace:
[xUnit.net 00:00:01.46]         J:\repos\knilecrack\Open-Xml-PowerTools\OpenXmlPowerTools.Tests\SmlCellFormatterTests.cs(144,0): at OxPt.CfTests.CF002(String name, String sheetName, String range, String expected, String expectedColor)
[xUnit.net 00:00:01.46]            at InvokeStub_CfTests.CF002(Object, Span`1)
[xUnit.net 00:00:01.46]            at System.Reflection.MethodBaseInvoker.InvokeWithManyArgs(Object obj, BindingFlags invokeAttr, Binder binder, Object[] parameters, CultureInfo culture)
[xUnit.net 00:00:01.49]       Assert.Equal() Failure: Strings differ
[xUnit.net 00:00:01.49]                  ↓ (pos 0)
[xUnit.net 00:00:01.49]       Expected: "£ -"
[xUnit.net 00:00:01.49]       Actual:   "-£ -"
[xUnit.net 00:00:01.49]                  ↑ (pos 0)
[xUnit.net 00:00:01.49]       Stack Trace:
[xUnit.net 00:00:01.49]         J:\repos\knilecrack\Open-Xml-PowerTools\OpenXmlPowerTools.Tests\SmlCellFormatterTests.cs(144,0): at OxPt.CfTests.CF002(String name, String sheetName, String range, String expected, String expectedColor)
[xUnit.net 00:00:01.49]            at InvokeStub_CfTests.CF002(Object, Span`1)
[xUnit.net 00:00:01.49]            at System.Reflection.MethodBaseInvoker.InvokeWithManyArgs(Object obj, BindingFlags invokeAttr, Binder binder, Object[] parameters, CultureInfo culture)
  Failed OxPt.CfTests.CF002(name: "SH151-Custom-Cell-Format-Currency.xlsx", sheetName: "Sheet1", range: "B3:B3", expected: "$ -", expectedColor: null) [5 ms]
  Error Message:
   Assert.Equal() Failure: Strings differ
           ↓ (pos 0)
Expected: "$ -"
Actual:   "-$ -"
           ↑ (pos 0)
  Stack Trace:
     at OxPt.CfTests.CF002(String name, String sheetName, String range, String expected, String expectedColor) in J:\repos\knilecrack\Open-Xml-PowerTools\OpenXmlPowerTools.Tests\SmlCellFormatterTests.cs:line 144
   at InvokeStub_CfTests.CF002(Object, Span`1)
   at System.Reflection.MethodBaseInvoker.InvokeWithManyArgs(Object obj, BindingFlags invokeAttr, Binder binder, Object[] parameters, CultureInfo culture)
  Passed OxPt.ShTests.SH004_ConvertRange(name: "SH105-No-SharedString.xlsx", sheetName: "Sheet1", range: "A4:A7") [5 ms]
  Passed OxPt.CfTests.CF002(name: "SH151-Custom-Cell-Format-Currency.xlsx", sheetName: "Sheet1", range: "C1:C1", expected: "£ 123.45", expectedColor: null) [27 ms]
  Passed OxPt.CuTests.CU001(name: "CU006-Chart-Cached-Data-06.docx") [34 ms]
  Passed OxPt.ShTests.SH004_ConvertRange(name: "SH124-FmtNumId-15.xlsx", sheetName: "Sheet1", range: "A1:A10") [28 ms]
  Failed OxPt.CfTests.CF002(name: "SH151-Custom-Cell-Format-Currency.xlsx", sheetName: "Sheet1", range: "C3:C3", expected: "£ -", expectedColor: null) [5 ms]
  Error Message:
   Assert.Equal() Failure: Strings differ
           ↓ (pos 0)
Expected: "£ -"
Actual:   "-£ -"
           ↑ (pos 0)
  Stack Trace:
     at OxPt.CfTests.CF002(String name, String sheetName, String range, String expected, String expectedColor) in J:\repos\knilecrack\Open-Xml-PowerTools\OpenXmlPowerTools.Tests\SmlCellFormatterTests.cs:line 144
   at InvokeStub_CfTests.CF002(Object, Span`1)
   at System.Reflection.MethodBaseInvoker.InvokeWithManyArgs(Object obj, BindingFlags invokeAttr, Binder binder, Object[] parameters, CultureInfo culture)
  Passed OxPt.ShTests.SH004_ConvertRange(name: "SH110-CellWithMasterStyle.xlsx", sheetName: "Sheet1", range: "A1:A1") [10 ms]
  Passed OxPt.CfTests.CF002(name: "SH151-Custom-Cell-Format-Currency.xlsx", sheetName: "Sheet1", range: "D2:D2", expected: "€  (123.45)", expectedColor: null) [33 ms]
  Passed OxPt.CuTests.CU001(name: "CU003-Chart-Cached-Data-03.docx") [37 ms]
  Passed OxPt.ShTests.SH004_ConvertRange(name: "SH119-FmtNumId-4.xlsx", sheetName: "Sheet1", range: "A1:A10") [26 ms]
  Passed OxPt.CfTests.CF002(name: "SH152-Custom-Cell-Format.xlsx", sheetName: "Sheet1", range: "B1:B1", expected: "This is the value: abc", expectedColor: null) [5 ms]
  Passed OxPt.ShTests.SH004_ConvertRange(name: "SH104-With-SharedString.xlsx", sheetName: "Sheet1", range: "A4:A7") [6 ms]
  Passed OxPt.CfTests.CF002(name: "SH151-Custom-Cell-Format-Currency.xlsx", sheetName: "Sheet1", range: "G2:G2", expected: "-₩ 123.45", expectedColor: null) [6 ms]
  Passed OxPt.ShTests.SH004_ConvertRange(name: "SH103-No-SharedString.xlsx", sheetName: "Sheet1", range: "A1:A1") [6 ms]
  Passed OxPt.CuTests.CU001(name: "CU002-Chart-Cached-Data-02.docx") [14 ms]
  Passed OxPt.CfTests.CF002(name: "SH151-Custom-Cell-Format-Currency.xlsx", sheetName: "Sheet1", range: "A1:A1", expected: "$123.45", expectedColor: null) [18 ms]
  Passed OxPt.ShTests.SH004_ConvertRange(name: "SH115-DigitsToRight.xlsx", sheetName: "Sheet1", range: "A1:A10") [18 ms]
  Passed OxPt.CfTests.CF002(name: "SH151-Custom-Cell-Format-Currency.xlsx", sheetName: "Sheet1", range: "A2:A2", expected: "-$123.45", expectedColor: null) [5 ms]
  Passed OxPt.ShTests.SH004_ConvertRange(name: "SH112-NotVertMergedCell.xlsx", sheetName: "Sheet1", range: "A1:A1") [5 ms]
  Passed OxPt.CuTests.CU001(name: "CU007-Chart-Cached-Data-07.docx") [27 ms]
  Passed OxPt.ShTests.SH004_ConvertRange(name: "SH102-9-x-9.xlsx", sheetName: "Sheet1", range: "I9:I9") [5 ms]
  Passed OxPt.ShTests.SH004_ConvertRange(name: "SH102-9-x-9.xlsx", sheetName: "Sheet1", range: "C5:G7") [9 ms]
  Passed OxPt.CuTests.CU001(name: "CU008-Chart-Cached-Data-08.docx") [14 ms]
  Passed OxPt.RaTests.RA001(name: "RA001-Tracked-Revisions-01.docx") [206 ms]
  Passed OxPt.ShTests.SH004_ConvertRange(name: "SH109-CellWithBorder.xlsx", sheetName: "Sheet1", range: "A1:A1") [22 ms]
  Passed OxPt.ShTests.SH004_ConvertRange(name: "SH122-FmtNumId-12.xlsx", sheetName: "Sheet1", range: "A1:A10") [7 ms]
  Passed OxPt.CuTests.CU001(name: "CU014-Chart-Embedded-Xlsx-06.docx") [28 ms]
  Passed OxPt.ShTests.SH004_ConvertRange(name: "SH102-9-x-9.xlsx", sheetName: "Sheet1", range: "I1:I1") [4 ms]
  Passed OxPt.ShTests.SH004_ConvertRange(name: "SH121-FmtNumId-11.xlsx", sheetName: "Sheet1", range: "A1:A10") [7 ms]
  Passed OxPt.ShTests.SH004_ConvertRange(name: "SH123-FmtNumId-14.xlsx", sheetName: "Sheet1", range: "A1:A10") [16 ms]
  Passed OxPt.CuTests.CU001(name: "CU016-Chart-Embedded-Xlsx-08.docx") [27 ms]
  Passed OxPt.ShTests.SH004_ConvertRange(name: "SH102-9-x-9.xlsx", sheetName: "Sheet1", range: "A1:A1") [4 ms]
  Passed OxPt.ShTests.SH004_ConvertRange(name: "SH108-SimpleFormattedCell.xlsx", sheetName: "Sheet1", range: "A1:A1") [5 ms]
  Passed OxPt.CuTests.CU001(name: "CU010-Chart-Embedded-Xlsx-02.docx") [12 ms]
  Passed OxPt.ShTests.SH004_ConvertRange(name: "SH101-SimpleFormats.xlsx", sheetName: "Sheet1", range: "A1:B10") [5 ms]
  Passed OxPt.HcTests.HC001(name: "HC040-Hyperlink-Fieldcode-01.docx") [563 ms]
  Passed OxPt.ShTests.SH004_ConvertRange(name: "SH130-FmtNumId-21.xlsx", sheetName: "Sheet1", range: "A1:A10") [17 ms]
  Passed OxPt.CuTests.CU001(name: "CU011-Chart-Embedded-Xlsx-03.docx") [34 ms]
  Passed OxPt.ShTests.SH004_ConvertRange(name: "SH106-9-x-9-Formatted.xlsx", sheetName: "Sheet1", range: "A1:I9") [25 ms]
  Passed OxPt.ShTests.SH005_ConvertSheet(name: "SH109-CellWithBorder.xlsx", sheetName: "Sheet1") [29 ms]
  Passed OxPt.CuTests.CU001(name: "CU019-Chart-Embedded-Xlsx-41.pptx") [49 ms]
  Passed OxPt.ShTests.SH005_ConvertSheet(name: "SH102-9-x-9.xlsx", sheetName: "Sheet1") [32 ms]
  Passed OxPt.CuTests.CU001(name: "CU005-Chart-Cached-Data-05.docx") [23 ms]
  Passed OxPt.ShTests.SH005_ConvertSheet(name: "SH129-FmtNumId-20.xlsx", sheetName: "Sheet1") [5 ms]
  Passed OxPt.ShTests.SH005_ConvertSheet(name: "SH126-FmtNumId-17.xlsx", sheetName: "Sheet1") [18 ms]
  Passed OxPt.FaTests.FA001_DocumentsWithRevTracking(testId: "FA001-00060", src: "FA/RevTracking/006-DeletedTableRow.docx") [691 ms]
[xUnit.net 00:00:01.80]       Assert.Empty() Failure: Collection was not empty
[xUnit.net 00:00:01.80]       Collection: [ValidationErrorInfo { Description = "Cell contents have invalid value '2012-01-09T00:00"···, ErrorType = Semantic, Id = "Sem_CellValue", Node = [···], Part = WorksheetPart { ContentType = "application/vnd.openxmlformats-officedocument.spre"···, ControlPropertiesParts = [···], CustomPropertyParts = [···], DataPartReferenceRelationships = [···], DrawingsPart = null, ··· }, ··· }, ValidationErrorInfo { Description = "Cell contents have invalid value '2012-01-08T00:00"···, ErrorType = Semantic, Id = "Sem_CellValue", Node = [···], Part = WorksheetPart { ContentType = "application/vnd.openxmlformats-officedocument.spre"···, ControlPropertiesParts = [···], CustomPropertyParts = [···], DataPartReferenceRelationships = [···], DrawingsPart = null, ··· }, ··· }]
[xUnit.net 00:00:01.80]       Stack Trace:
[xUnit.net 00:00:01.80]         J:\repos\knilecrack\Open-Xml-PowerTools\OpenXmlPowerTools.Tests\SpreadsheetWriterTests.cs(335,0): at OxPt.SwTests.Validate(FileInfo fi)
[xUnit.net 00:00:01.80]         J:\repos\knilecrack\Open-Xml-PowerTools\OpenXmlPowerTools.Tests\SpreadsheetWriterTests.cs(309,0): at OxPt.SwTests.SW002_AllDataTypes()
[xUnit.net 00:00:01.82]            at System.Reflection.MethodBaseInvoker.InterpretedInvoke_Method(Object obj, IntPtr* args)
[xUnit.net 00:00:01.82]            at System.Reflection.MethodBaseInvoker.InvokeWithNoArgs(Object obj, BindingFlags invokeAttr)
  Passed OxPt.ShTests.SH005_ConvertSheet(name: "SH104-With-SharedString.xlsx", sheetName: "Sheet1") [5 ms]
  Passed OxPt.CuTests.CU001(name: "CU017-Chart-Embedded-Xlsx-10.docx") [33 ms]
  Passed OxPt.ShTests.SH005_ConvertSheet(name: "SH121-FmtNumId-11.xlsx", sheetName: "Sheet1") [8 ms]
  Failed OxPt.SwTests.SW002_AllDataTypes [707 ms]
  Error Message:
   Assert.Empty() Failure: Collection was not empty
Collection: [ValidationErrorInfo { Description = "Cell contents have invalid value '2012-01-09T00:00"···, ErrorType = Semantic, Id = "Sem_CellValue", Node = [···], Part = WorksheetPart { ContentType = "application/vnd.openxmlformats-officedocument.spre"···, ControlPropertiesParts = [···], CustomPropertyParts = [···], DataPartReferenceRelationships = [···], DrawingsPart = null, ··· }, ··· }, ValidationErrorInfo { Description = "Cell contents have invalid value '2012-01-08T00:00"···, ErrorType = Semantic, Id = "Sem_CellValue", Node = [···], Part = WorksheetPart { ContentType = "application/vnd.openxmlformats-officedocument.spre"···, ControlPropertiesParts = [···], CustomPropertyParts = [···], DataPartReferenceRelationships = [···], DrawingsPart = null, ··· }, ··· }]
  Stack Trace:
     at OxPt.SwTests.Validate(FileInfo fi) in J:\repos\knilecrack\Open-Xml-PowerTools\OpenXmlPowerTools.Tests\SpreadsheetWriterTests.cs:line 335
   at OxPt.SwTests.SW002_AllDataTypes() in J:\repos\knilecrack\Open-Xml-PowerTools\OpenXmlPowerTools.Tests\SpreadsheetWriterTests.cs:line 309
   at System.Reflection.MethodBaseInvoker.InterpretedInvoke_Method(Object obj, IntPtr* args)
   at System.Reflection.MethodBaseInvoker.InvokeWithNoArgs(Object obj, BindingFlags invokeAttr)
  Passed OxPt.ShTests.SH005_ConvertSheet(name: "SH114-Centered-Cell.xlsx", sheetName: "Sheet1") [26 ms]
  Passed OxPt.ShTests.SH005_ConvertSheet(name: "SH111-ChangedDefaultColumnWidth.xlsx", sheetName: "Sheet1") [7 ms]
  Passed OxPt.ShTests.SH005_ConvertSheet(name: "SH125-FmtNumId-16.xlsx", sheetName: "Sheet1") [6 ms]
  Passed OxPt.ShTests.SH005_ConvertSheet(name: "SH116-FmtNumId-1.xlsx", sheetName: "Sheet1") [9 ms]
  Passed OxPt.ShTests.SH005_ConvertSheet(name: "SH131-FmtNumId-22.xlsx", sheetName: "Sheet1") [6 ms]
  Passed OxPt.DaTests.DA101(name: "DA250-ConditionalWithRichXPath.docx", data: "DA250-Address.xml", err: False) [761 ms]
  Passed OxPt.ShTests.SH005_ConvertSheet(name: "SH105-No-SharedString.xlsx", sheetName: "Sheet1") [17 ms]
  Passed OxPt.SwTests.SW001_Simple [76 ms]
  Passed OxPt.ShTests.SH005_ConvertSheet(name: "SH106-9-x-9-Formatted.xlsx", sheetName: "Sheet1") [32 ms]
  Passed OxPt.ShTests.SH005_ConvertSheet(name: "SH124-FmtNumId-15.xlsx", sheetName: "Sheet1") [6 ms]
  Passed OxPt.HwTests.HW001(name: "T1020.html") [820 ms]
  Passed OxPt.ShTests.SH005_ConvertSheet(name: "SH118-FmtNumId-3.xlsx", sheetName: "Sheet1") [9 ms]
  Passed OxPt.ShTests.SH005_ConvertSheet(name: "SH119-FmtNumId-4.xlsx", sheetName: "Sheet1") [27 ms]
  Passed OxPt.ShTests.SH005_ConvertSheet(name: "SH113-VertMergedCell.xlsx", sheetName: "Sheet1") [10 ms]
  Passed OxPt.ShTests.SH005_ConvertSheet(name: "SH130-FmtNumId-21.xlsx", sheetName: "Sheet1") [11 ms]
  Passed OxPt.ShTests.SH005_ConvertSheet(name: "SH108-SimpleFormattedCell.xlsx", sheetName: "Sheet1") [14 ms]
  Passed OxPt.PbTests.PB001_Formatting [897 ms]
  Passed OxPt.ShTests.SH005_ConvertSheet(name: "SH127-FmtNumId-18.xlsx", sheetName: "Sheet1") [13 ms]
  Passed OxPt.ShTests.SH005_ConvertSheet(name: "SH123-FmtNumId-14.xlsx", sheetName: "Sheet1") [6 ms]
  Passed OxPt.ShTests.SH005_ConvertSheet(name: "SH101-SimpleFormats.xlsx", sheetName: "Sheet1") [24 ms]
  Passed OxPt.ShTests.SH005_ConvertSheet(name: "SH110-CellWithMasterStyle.xlsx", sheetName: "Sheet1") [13 ms]
  Passed OxPt.ShTests.SH005_ConvertSheet(name: "SH128-FmtNumId-19.xlsx", sheetName: "Sheet1") [16 ms]
  Passed OxPt.DaTests.DA101(name: "DA202-TemplateDocument.docx", data: "DA-DataNotHighValueCust.xml", err: False) [206 ms]
  Passed OxPt.ShTests.SH005_ConvertSheet(name: "SH115-DigitsToRight.xlsx", sheetName: "Sheet1") [21 ms]
  Passed OxPt.ShTests.SH005_ConvertSheet(name: "SH117-FmtNumId-2.xlsx", sheetName: "Sheet1") [9 ms]
  Passed OxPt.ShTests.SH005_ConvertSheet(name: "SH120-FmtNumId-9.xlsx", sheetName: "Sheet1") [16 ms]
  Passed OxPt.ShTests.SH005_ConvertSheet(name: "SH122-FmtNumId-12.xlsx", sheetName: "Sheet1") [15 ms]
  Passed OxPt.HwTests.HW001(name: "T0012.html") [214 ms]
  Passed OxPt.ShTests.SH005_ConvertSheet(name: "SH112-NotVertMergedCell.xlsx", sheetName: "Sheet1") [6 ms]
  Passed OxPt.ShTests.SH005_ConvertSheet(name: "SH103-No-SharedString.xlsx", sheetName: "Sheet1") [14 ms]
  Passed OxPt.FaTests.FA001_DocumentsWithRevTracking(testId: "FA001-00040", src: "FA/RevTracking/004-InsertedNumberingProperties.doc"···) [367 ms]
  Passed OxPt.ShTests.SH003_ConvertTable(name: "SH003-TableWithDateInFirstColumn.xlsx", tableName: "MyTable") [49 ms]
  Passed OxPt.ShTests.SH003_ConvertTable(name: "SH007-One-Cell-Table.xlsx", tableName: "Table1") [20 ms]
  Passed OxPt.DaTests.DA101(name: "DA263-ConditionalNotMatch.docx", data: "DA-DataSmallCustomer.xml", err: False) [157 ms]
  Passed OxPt.MgTests.MG001(name: "DA005-SelectRowData-NoData.docx") [1 s]
  Passed OxPt.ShTests.SH003_ConvertTable(name: "SH107-9-x-9-Formatted-Table.xlsx", tableName: "Table1") [61 ms]
  Passed OxPt.ShTests.SH003_ConvertTable(name: "SH006-Table-No-SharedStrings.xlsx", tableName: "Table1") [21 ms]
  Passed OxPt.ShTests.SH003_ConvertTable(name: "SH004-TableAtOffsetLocation.xlsx", tableName: "MyTable") [10 ms]
  Passed OxPt.ShTests.SH003_ConvertTable(name: "SH009-Table-With-Wide-Column.xlsx", tableName: "Table1") [9 ms]
  Passed OxPt.HwTests.HW001(name: "T0740.html") [194 ms]
  Passed OxPt.ShTests.SH003_ConvertTable(name: "SH005-Table-With-SharedStrings.xlsx", tableName: "Table1") [27 ms]
  Passed OxPt.ShTests.SH003_ConvertTable(name: "SH001-Table.xlsx", tableName: "MyTable") [33 ms]
  Passed OxPt.ShTests.SH003_ConvertTable(name: "SH008-Table-With-Tall-Row.xlsx", tableName: "Table1") [21 ms]
  Passed OxPt.ShTests.SH002_SheetNames(name: "Spreadsheet.xlsx", numberOfSheets: 2) [15 ms]
  Passed OxPt.ShTests.SH001_TableNames(name: "SH002-TwoTablesTwoSheets.xlsx", numberOfTables: 2) [19 ms]
  Passed OxPt.DaTests.DA101(name: "DA204-Select-XPathFindsNoDataOptional.docx", data: "DA-Data.xml", err: False) [220 ms]
  Passed OxPt.ShTests.SH001_TableNames(name: "SH001-Table.xlsx", numberOfTables: 1) [6 ms]
  Passed OxPt.FaTests.FA001_DocumentsWithRevTracking(testId: "FA001-00200", src: "FA/RevTracking/020-SectionPropertiesChange.docx") [327 ms]
  Passed OxPt.HwTests.HW001(name: "T0015.html") [170 ms]
  Passed OxPt.DaTests.DA101(name: "DA018-SmartQuotes.docx", data: "DA-Data.xml", err: False) [170 ms]
  Passed OxPt.HwTests.HW001(name: "T0111.html") [218 ms]
  Passed OxPt.DaTests.DA101(name: "DA210-InvalidXml.docx", data: "DA-Data.xml", err: True) [142 ms]
  Passed OxPt.FaTests.FA001_DocumentsWithRevTracking(testId: "FA001-00080", src: "FA/RevTracking/008-InsertedFieldCode.docx") [275 ms]
  Passed OxPt.MgTests.MG001(name: "DA003-Select-XPathFindsNoData.docx") [574 ms]
  Passed OxPt.HwTests.HW001(name: "T0410.html") [141 ms]
  Passed OxPt.DaTests.DA101(name: "DA212-OtherMarkupTypes.docx", data: "DA-Data.xml", err: True) [129 ms]
  Passed OxPt.PbTests.PB005_Formatting [954 ms]
  Passed OxPt.HwTests.HW001(name: "T0955.html") [154 ms]
  Passed OxPt.WcTests2.CZ001_CompareTrackedInPrev(testId: "CZ-1030", name1: "CZ/CZ004-Multi-Paragraphs-in-Cell.docx", name2: "CZ/CZ004-Multi-Paragraphs-in-Cell-Mod.docx", revisionCount: 1) [1 s]
  Passed OxPt.FaTests.FA001_DocumentsWithRevTracking(testId: "FA001-00070", src: "FA/RevTracking/007-InsertedTableRow.docx") [291 ms]
  Passed OxPt.DaTests.DA101(name: "DA032-TooMuchDataForConditional.docx", data: "DA-TooMuchDataForConditional.xml", err: True) [166 ms]
  Passed OxPt.DaTests.DA101(name: "DA011-SchemaError.docx", data: "DA-Data.xml", err: True) [60 ms]
  Passed OxPt.HwTests.HW001(name: "T1570.html") [123 ms]
  Passed OxPt.DaTests.DA101(name: "DA213-Runs.docx", data: "DA-Data.xml", err: False) [126 ms]
  Passed OxPt.FaTests.FA001_DocumentsWithRevTracking(testId: "FA001-00100", src: "FA/RevTracking/010-InsertedRun.docx") [225 ms]
  Passed OxPt.HwTests.HW001(name: "T1410.html") [158 ms]
  Passed OxPt.DaTests.DA101(name: "DA203-Select-XPathFindsNoData.docx", data: "DA-Data.xml", err: True) [185 ms]
  Passed OxPt.HwTests.HW001(name: "T0360.html") [166 ms]
  Passed OxPt.FaTests.FA001_DocumentsWithRevTracking(testId: "FA001-00190", src: "FA/RevTracking/019-RunPropertiesChange.docx") [265 ms]
  Passed OxPt.DaTests.DA101(name: "DA261-RunLevelConditional.docx", data: "DA-Data.xml", err: False) [158 ms]
  Passed OxPt.RpTests.RP001(name: "RP/RP002-Deleted-Text.docx") [2 s]
  Passed OxPt.HwTests.HW001(name: "T0928.html") [188 ms]
  Passed OxPt.WcTests.WC004_Compare_To_Self(testId: "WCS-1400", name: "WC/WC015-Three-Paragraphs-After.docx") [2 s]
  Passed OxPt.PbTests.PB003_Formatting [763 ms]
  Passed OxPt.HwTests.HW001(name: "T0020.html") [122 ms]
  Passed OxPt.DaTests.DA101(name: "DA251-EnhancedTables.docx", data: "DA-Data.xml", err: False) [216 ms]
  Passed OxPt.FaTests.FA001_DocumentsWithRevTracking(testId: "FA001-00140", src: "FA/RevTracking/014-MovedParagraph.docx") [263 ms]
  Passed OxPt.HwTests.HW001(name: "T0120.html") [175 ms]
[xUnit.net 00:00:03.96]       System.IO.IOException : Entries cannot be opened multiple times in Update mode.
[xUnit.net 00:00:03.98]       Stack Trace:
[xUnit.net 00:00:03.98]            at System.IO.Compression.ZipArchiveEntry.OpenInUpdateMode()
[xUnit.net 00:00:03.98]            at System.IO.Compression.ZipArchiveEntry.Open()
[xUnit.net 00:00:03.98]            at System.IO.Packaging.ZipStreamManager.Open(ZipArchiveEntry zipArchiveEntry, FileAccess streamFileAccess)
[xUnit.net 00:00:03.98]            at System.IO.Packaging.ZipPackagePart.GetStreamCore(FileMode streamFileMode, FileAccess streamFileAccess)
[xUnit.net 00:00:03.98]            at System.IO.Packaging.PackagePart.GetStream(FileMode mode, FileAccess access)
[xUnit.net 00:00:03.98]            at DocumentFormat.OpenXml.Features.PackageFeatureBase.PackagePart.GetStream(FileMode open, FileAccess write)
[xUnit.net 00:00:03.98]            at DocumentFormat.OpenXml.Packaging.DataPart.GetStream(FileMode mode, FileAccess access)
[xUnit.net 00:00:03.98]         J:\repos\knilecrack\Open-Xml-PowerTools\OpenXmlPowerTools\PtOpenXmlUtil.cs(1908,0): at OpenXmlPowerTools.MediaData..ctor(DataPart part)
[xUnit.net 00:00:03.98]         J:\repos\knilecrack\Open-Xml-PowerTools\OpenXmlPowerTools\PresentationBuilder.cs(1737,0): at OpenXmlPowerTools.PresentationBuilder.ManageMediaCopy(DataPart oldMedia, List`1 mediaList)
[xUnit.net 00:00:03.98]         J:\repos\knilecrack\Open-Xml-PowerTools\OpenXmlPowerTools\PresentationBuilder.cs(1332,0): at OpenXmlPowerTools.PresentationBuilder.CopyRelatedMedia(OpenXmlPart oldContentPart, OpenXmlPart newContentPart, XElement imageReference, XName attributeName, List`1 mediaList, String mediaRelationshipType)
[xUnit.net 00:00:03.98]         J:\repos\knilecrack\Open-Xml-PowerTools\OpenXmlPowerTools\PresentationBuilder.cs(654,0): at OpenXmlPowerTools.PresentationBuilder.CopyRelatedPartsForContentParts(PresentationDocument newDocument, OpenXmlPart oldContentPart, OpenXmlPart newContentPart, IEnumerable`1 newContent, List`1 images, List`1 mediaList)
[xUnit.net 00:00:03.98]         J:\repos\knilecrack\Open-Xml-PowerTools\OpenXmlPowerTools\PresentationBuilder.cs(411,0): at OpenXmlPowerTools.PresentationBuilder.AppendSlides(PresentationDocument sourceDocument, PresentationDocument newDocument, Int32 start, Int32 count, Boolean keepMaster, List`1 images, SlideMasterPart currentMasterPart, List`1 mediaList)
[xUnit.net 00:00:03.98]         J:\repos\knilecrack\Open-Xml-PowerTools\OpenXmlPowerTools\PresentationBuilder.cs(154,0): at OpenXmlPowerTools.PresentationBuilder.BuildPresentation(List`1 sources, PresentationDocument output)
[xUnit.net 00:00:03.98]         J:\repos\knilecrack\Open-Xml-PowerTools\OpenXmlPowerTools\PresentationBuilder.cs(78,0): at OpenXmlPowerTools.PresentationBuilder.BuildPresentation(List`1 sources, String fileName)
[xUnit.net 00:00:03.98]         J:\repos\knilecrack\Open-Xml-PowerTools\OpenXmlPowerTools.Tests\PresentationBuilderTests.cs(136,0): at OxPt.PbTests.PB006_VideoFormats()
[xUnit.net 00:00:03.98]            at System.Reflection.MethodBaseInvoker.InterpretedInvoke_Method(Object obj, IntPtr* args)
[xUnit.net 00:00:03.98]            at System.Reflection.MethodBaseInvoker.InvokeWithNoArgs(Object obj, BindingFlags invokeAttr)
  Failed OxPt.PbTests.PB006_VideoFormats [246 ms]
  Error Message:
   System.IO.IOException : Entries cannot be opened multiple times in Update mode.
  Stack Trace:
     at System.IO.Compression.ZipArchiveEntry.OpenInUpdateMode()
   at System.IO.Compression.ZipArchiveEntry.Open()
   at System.IO.Packaging.ZipStreamManager.Open(ZipArchiveEntry zipArchiveEntry, FileAccess streamFileAccess)
   at System.IO.Packaging.ZipPackagePart.GetStreamCore(FileMode streamFileMode, FileAccess streamFileAccess)
   at System.IO.Packaging.PackagePart.GetStream(FileMode mode, FileAccess access)
   at DocumentFormat.OpenXml.Features.PackageFeatureBase.PackagePart.GetStream(FileMode open, FileAccess write)
   at DocumentFormat.OpenXml.Packaging.DataPart.GetStream(FileMode mode, FileAccess access)
   at OpenXmlPowerTools.MediaData..ctor(DataPart part) in J:\repos\knilecrack\Open-Xml-PowerTools\OpenXmlPowerTools\PtOpenXmlUtil.cs:line 1908
   at OpenXmlPowerTools.PresentationBuilder.ManageMediaCopy(DataPart oldMedia, List`1 mediaList) in J:\repos\knilecrack\Open-Xml-PowerTools\OpenXmlPowerTools\PresentationBuilder.cs:line 1737
   at OpenXmlPowerTools.PresentationBuilder.CopyRelatedMedia(OpenXmlPart oldContentPart, OpenXmlPart newContentPart, XElement imageReference, XName attributeName, List`1 mediaList, String mediaRelationshipType) in J:\repos\knilecrack\Open-Xml-PowerTools\OpenXmlPowerTools\PresentationBuilder.cs:line 1332
   at OpenXmlPowerTools.PresentationBuilder.CopyRelatedPartsForContentParts(PresentationDocument newDocument, OpenXmlPart oldContentPart, OpenXmlPart newContentPart, IEnumerable`1 newContent, List`1 images, List`1 mediaList) in J:\repos\knilecrack\Open-Xml-PowerTools\OpenXmlPowerTools\PresentationBuilder.cs:line 654
   at OpenXmlPowerTools.PresentationBuilder.AppendSlides(PresentationDocument sourceDocument, PresentationDocument newDocument, Int32 start, Int32 count, Boolean keepMaster, List`1 images, SlideMasterPart currentMasterPart, List`1 mediaList) in J:\repos\knilecrack\Open-Xml-PowerTools\OpenXmlPowerTools\PresentationBuilder.cs:line 411
   at OpenXmlPowerTools.PresentationBuilder.BuildPresentation(List`1 sources, PresentationDocument output) in J:\repos\knilecrack\Open-Xml-PowerTools\OpenXmlPowerTools\PresentationBuilder.cs:line 154
   at OpenXmlPowerTools.PresentationBuilder.BuildPresentation(List`1 sources, String fileName) in J:\repos\knilecrack\Open-Xml-PowerTools\OpenXmlPowerTools\PresentationBuilder.cs:line 78
   at OxPt.PbTests.PB006_VideoFormats() in J:\repos\knilecrack\Open-Xml-PowerTools\OpenXmlPowerTools.Tests\PresentationBuilderTests.cs:line 136
   at System.Reflection.MethodBaseInvoker.InterpretedInvoke_Method(Object obj, IntPtr* args)
   at System.Reflection.MethodBaseInvoker.InvokeWithNoArgs(Object obj, BindingFlags invokeAttr)
  Passed OxPt.WcTests2.CZ001_CompareTrackedInPrev(testId: "CZ-1010", name1: "CZ/CZ002-Multi-Paragraphs.docx", name2: "CZ/CZ002-Multi-Paragraphs-Mod.docx", revisionCount: 1) [967 ms]
  Passed OxPt.DaTests.DA101(name: "DA223-RepeatWOEndRepeat.docx", data: "DA-Data.xml", err: True) [222 ms]
  Passed OxPt.FaTests.FA001_DocumentsWithRevTracking(testId: "FA001-00170", src: "FA/RevTracking/017-NumberingChange.docx") [280 ms]
  Passed OxPt.HwTests.HW001(name: "T1370.html") [191 ms]
  Passed OxPt.DaTests.DA101(name: "DA216-TwoRunsSchemaErrorInSecond.docx", data: "DA-Data.xml", err: True) [167 ms]
  Passed OxPt.HwTests.HW001(name: "T1700.html") [165 ms]
  Passed OxPt.DaTests.DA101(name: "DA256-NoInvalidDocOnErrorInRun.docx", data: "DA-Data.xml", err: True) [123 ms]
  Passed OxPt.HcTests.HC001(name: "HC048-Excerpt.docx") [2 s]
  Passed OxPt.FaTests.FA001_DocumentsWithRevTracking(testId: "FA001-00030", src: "FA/RevTracking/003-DeletedFieldCode.docx") [236 ms]
  Passed OxPt.HcTests.HC001(name: "HC013-Test-08.docx") [38 ms]
  Passed OxPt.PbTests.PB002_Formatting [419 ms]
  Passed OxPt.DaTests.DA101(name: "DA238-SchemaErrorInConditional.docx", data: "DA-Data.xml", err: True) [113 ms]
  Passed OxPt.HwTests.HW001(name: "T1430.html") [157 ms]
  Passed OxPt.HcTests.HC001(name: "HC032-Named-Color.docx") [188 ms]
  Passed OxPt.MgTests.MG001(name: "Presentation.pptx") [1 s]
  Passed OxPt.HwTests.HW001(name: "T0280.html") [160 ms]
  Passed OxPt.DaTests.DA101(name: "DA234-HeaderFooter.docx", data: "DA-Data.xml", err: False) [240 ms]
  Passed OxPt.FaTests.FA001_DocumentsWithRevTracking(testId: "FA001-00210", src: "FA/RevTracking/021-TableGridChange.docx") [408 ms]
  Passed OxPt.HwTests.HW001(name: "T0812.html") [209 ms]
  Passed OxPt.HcTests.HC001(name: "HC038-Conflicting-Border-Weight.docx") [312 ms]
  Passed OxPt.DaTests.DA101(name: "DA222-InvalidXPath.docx", data: "DA-Data.xml", err: True) [202 ms]
  Passed OxPt.FaTests.FA001_DocumentsWithRevTracking(testId: "FA001-00010", src: "FA/RevTracking/001-DeletedRun.docx") [142 ms]
  Passed OxPt.HwTests.HW001(name: "T0070.html") [148 ms]
  Passed OxPt.WcTests2.CZ001_CompareTrackedInPrev(testId: "CZ-1020", name1: "CZ/CZ003-Multi-Paragraphs.docx", name2: "CZ/CZ003-Multi-Paragraphs-Mod.docx", revisionCount: 1) [1 s]
  Passed OxPt.DaTests.DA101(name: "DA227-XPathErrorInPara.docx", data: "DA-Data.xml", err: True) [223 ms]
  Passed OxPt.HcTests.HC001(name: "HC024-Tabs-01.docx") [256 ms]
  Passed OxPt.HwTests.HW001(name: "T0380.html") [134 ms]
  Passed OxPt.PbTests.PB004_Formatting [747 ms]
  Passed OxPt.MgTests.MG001(name: "DA001-TemplateDocument.docx") [562 ms]
  Passed OxPt.DaTests.DA101(name: "DA036-SchemaErrorInConditional.docx", data: "DA-Data.xml", err: True) [81 ms]
  Passed OxPt.FaTests.FA001_DocumentsWithRevTracking(testId: "FA001-00230", src: "FA/RevTracking/023-CellPropertiesChange.docx") [329 ms]
  Passed OxPt.HwTests.HW001(name: "T0130.html") [114 ms]
  Passed OxPt.HcTests.HC001(name: "HC017-Vertical-Alignment-Cell-01.docx") [155 ms]
  Passed OxPt.DaTests.DA101(name: "DA033-ConditionalOnAttribute.docx", data: "DA-ConditionalOnAttribute.xml", err: False) [123 ms]
  Passed OxPt.HwTests.HW001(name: "T0160.html") [122 ms]
  Passed OxPt.HcTests.HC001(name: "HC016-Horizontal-Spacing-firstLine.docx") [121 ms]
  Passed OxPt.WcTests.WC004_Compare_To_Self(testId: "WCS-1280", name: "WC/WC012-Math-Before.docx") [1 s]
  Passed OxPt.DaTests.DA101(name: "DA219-RunIsEntireParagraph.docx", data: "DA-Data.xml", err: False) [142 ms]
  Passed OxPt.DbTests.DB009_ImportIntoHeadersFooters(testId: "DB009-00070", src: "DB/HeadersFooters/Src/Disclaimer.docx", dest: "DB/HeadersFooters/Dest/Fax.docx", insertId: "Templafy") [4 s]
  Passed OxPt.FaTests.FA001_DocumentsWithRevTracking(testId: "FA001-00150", src: "FA/RevTracking/015-InsertedContentControl.docx") [250 ms]
  Passed OxPt.HwTests.HW001(name: "T0110.html") [100 ms]
  Passed OxPt.HcTests.HC001(name: "HC030-Content-Controls.docx") [79 ms]
  Passed OxPt.RpTests.RP001(name: "RP/RP011-Multiple-Deleted-Rows.docx") [1 s]
  Passed OxPt.DaTests.DA101(name: "DA035-SchemaErrorInRepeat.docx", data: "DA-Data.xml", err: True) [102 ms]
  Passed OxPt.HcTests.HC001(name: "HC034-Run-With-Position.docx") [124 ms]
  Passed OxPt.HwTests.HW001(name: "T1260.html") [163 ms]
  Passed OxPt.DaTests.DA101(name: "DA016-TwoRunsSchemaErrorInSecond.docx", data: "DA-Data.xml", err: True) [73 ms]
  Passed OxPt.FaTests.FA001_DocumentsWithRevTracking(testId: "FA001-00130", src: "FA/RevTracking/013-DeletedParagraph.docx") [236 ms]
  Passed OxPt.HcTests.HC001(name: "HC043-Chart.docx") [172 ms]
  Passed OxPt.HwTests.HW001(name: "T0780.html") [151 ms]
  Passed OxPt.DaTests.DA101(name: "DA026-InvalidRootXmlElement.docx", data: "DA-Data.xml", err: True) [154 ms]
  Passed OxPt.WcTests2.CZ001_CompareTrackedInPrev(testId: "CZ-1000", name1: "CZ/CZ001-Plain.docx", name2: "CZ/CZ001-Plain-Mod.docx", revisionCount: 1) [749 ms]
  Passed OxPt.DaTests.DA101(name: "DA010-InvalidXml.docx", data: "DA-Data.xml", err: True) [66 ms]
  Passed OxPt.MgTests.MG001(name: "Spreadsheet.xlsx") [693 ms]
  Passed OxPt.FaTests.FA001_DocumentsWithRevTracking(testId: "FA001-00090", src: "FA/RevTracking/009-InsertedParagraph.docx") [197 ms]
  Passed OxPt.HwTests.HW001(name: "T0450.html") [124 ms]
  Passed OxPt.HcTests.HC001(name: "HC046-BoldAndItalic.docx") [127 ms]
  Passed OxPt.DaTests.DA101(name: "DA262-ConditionalNotMatch.docx", data: "DA-Data.xml", err: False) [104 ms]
  Passed OxPt.HwTests.HW001(name: "T0560.html") [117 ms]
  Passed OxPt.HcTests.HC001(name: "HC019-Hidden-Run.docx") [133 ms]
  Passed OxPt.DaTests.DA101(name: "DA030-TooMuchDataForCell.docx", data: "DA-TooMuchDataForCell.xml", err: True) [119 ms]
  Passed OxPt.FaTests.FA001_DocumentsWithRevTracking(testId: "FA001-00120", src: "FA/RevTracking/012-DeletedMathChar.docx") [182 ms]
  Passed OxPt.HwTests.HW001(name: "T0060.html") [97 ms]
  Passed OxPt.DaTests.DA101(name: "DA022-InvalidXPath.docx", data: "DA-Data.xml", err: True) [106 ms]
  Passed OxPt.HwTests.HW001(name: "T0600.html") [106 ms]
  Passed OxPt.MgTests.MG001(name: "DA002-TemplateDocument.docx") [398 ms]
  Passed OxPt.FaTests.FA001_DocumentsWithRevTracking(testId: "FA001-00050", src: "FA/RevTracking/005-InsertedNumberedParagraph.docx") [212 ms]
  Passed OxPt.DaTests.DA101(name: "DA228-NoPrototypeRow.docx", data: "DA-Data.xml", err: True) [113 ms]
  Passed OxPt.HwTests.HW001(name: "T0320.html") [102 ms]
  Passed OxPt.DbTests.DB009_ImportIntoHeadersFooters(testId: "DB009-00150", src: "DB/HeadersFooters/Src/Watermark-1.docx", dest: "DB/HeadersFooters/Dest/Letter.docx", insertId: "Templafy") [879 ms]
  Passed OxPt.DaTests.DA101(name: "DA029-NoDataForCell.docx", data: "DA-Data.xml", err: True) [68 ms]
  Passed OxPt.FaTests.FA001_DocumentsWithRevTracking(testId: "FA001-00020", src: "FA/RevTracking/002-DeletedNumberedParagraphs.docx") [75 ms]
  Passed OxPt.HwTests.HW001(name: "T1110.html") [66 ms]
  Passed OxPt.HcTests.HC001(name: "HC006-Test-01.docx") [389 ms]
  Passed OxPt.FaTests.FA001_DocumentsWithRevTracking(testId: "FA001-00180", src: "FA/RevTracking/018-ParagraphPropertiesChange.docx") [82 ms]
  Passed OxPt.DaTests.DA101(name: "DA214-TwoRuns-NoValuesSelected.docx", data: "DA-Data.xml", err: True) [88 ms]
  Passed OxPt.HwTests.HW001(name: "T0790.html") [76 ms]
  Passed OxPt.HcTests.HC001(name: "HC027-Tabs-04.docx") [53 ms]
  Passed OxPt.WcTests.WC004_Compare_To_Self(testId: "WCS-1190", name: "WC/WC007-Moved-into-Table.docx") [1 s]
  Passed OxPt.MgTests.MG001(name: "DA004-Select-XPathFindsNoDataOptional.docx") [275 ms]
  Passed OxPt.HwTests.HW001(name: "T0810.html") [87 ms]
  Passed OxPt.HcTests.HC001(name: "HC050-Shaded-Text-01.docx") [78 ms]
  Passed OxPt.DaTests.DA101(name: "DA101-TemplateDocument.docx", data: "DA-Data.xml", err: True) [104 ms]
  Passed OxPt.FaTests.FA001_DocumentsWithRevTracking(testId: "FA001-00240", src: "FA/RevTracking/024-RowPropertiesChange.docx") [134 ms]
  Passed OxPt.RpTests.RP001(name: "RP/RP032-Table-Prop-Change.docx") [1 s]
  Passed OxPt.HwTests.HW001(name: "T0610.html") [75 ms]
  Passed OxPt.DaTests.DA101(name: "DA028-NoPrototypeRow.docx", data: "DA-Data.xml", err: True) [83 ms]
  Passed OxPt.HwTests.HW001(name: "T1040.html") [68 ms]
  Passed OxPt.DaTests.DA101(name: "DA017-FiveRuns.docx", data: "DA-Data.xml", err: True) [58 ms]
  Passed OxPt.FaTests.FA001_DocumentsWithRevTracking(testId: "FA001-00160", src: "FA/RevTracking/016-DeletedContentControl.docx") [141 ms]
[xUnit.net 00:00:06.86]       System.ArgumentNullException : Value cannot be null. (Parameter 'contentType')
[xUnit.net 00:00:06.86]       Stack Trace:
[xUnit.net 00:00:06.86]            at DocumentFormat.OpenXml.Packaging.PartExtensionProvider.Register(String contentType, String extension)
[xUnit.net 00:00:06.86]            at DocumentFormat.OpenXml.Packaging.OpenXmlSupportedRelationshipExtensions.InitPart[TChild](OpenXmlPartContainer parent, TChild childPart, PartTypeInfo partType, String relId)
[xUnit.net 00:00:06.86]            at DocumentFormat.OpenXml.Packaging.OpenXmlSupportedRelationshipExtensions.AddImagePart[T](T parent, PartTypeInfo partType, String id)
[xUnit.net 00:00:06.86]         J:\repos\knilecrack\Open-Xml-PowerTools\OpenXmlPowerTools\HtmlToWmlConverterCore.cs(2317,0): at OpenXmlPowerTools.HtmlToWml.HtmlToWmlConverterCore.TransformImageToWml(XElement element, HtmlToWmlConverterSettings settings, WordprocessingDocument wDoc)
[xUnit.net 00:00:06.86]         J:\repos\knilecrack\Open-Xml-PowerTools\OpenXmlPowerTools\HtmlToWmlConverterCore.cs(924,0): at OpenXmlPowerTools.HtmlToWml.HtmlToWmlConverterCore.Transform(XNode node, HtmlToWmlConverterSettings settings, WordprocessingDocument wDoc, NextExpected nextExpected, Boolean preserveWhiteSpace)
[xUnit.net 00:00:06.86]         J:\repos\knilecrack\Open-Xml-PowerTools\OpenXmlPowerTools\HtmlToWmlConverterCore.cs(2236,0): at OpenXmlPowerTools.HtmlToWml.HtmlToWmlConverterCore.<>c__DisplayClass36_0.<GenerateNextExpected>b__0(XNode n)
[xUnit.net 00:00:06.86]            at System.Linq.Enumerable.IEnumerableSelectIterator`2.MoveNext()
[xUnit.net 00:00:06.86]            at System.Xml.Linq.XContainer.AddContentSkipNotify(Object content)
[xUnit.net 00:00:06.86]            at System.Xml.Linq.XContainer.AddContentSkipNotify(Object content)
[xUnit.net 00:00:06.86]         J:\repos\knilecrack\Open-Xml-PowerTools\OpenXmlPowerTools\HtmlToWmlConverterCore.cs(2234,0): at OpenXmlPowerTools.HtmlToWml.HtmlToWmlConverterCore.GenerateNextExpected(XNode node, HtmlToWmlConverterSettings settings, WordprocessingDocument wDoc, String styleName, NextExpected nextExpected, Boolean preserveWhiteSpace)
[xUnit.net 00:00:06.86]         J:\repos\knilecrack\Open-Xml-PowerTools\OpenXmlPowerTools\HtmlToWmlConverterCore.cs(939,0): at OpenXmlPowerTools.HtmlToWml.HtmlToWmlConverterCore.Transform(XNode node, HtmlToWmlConverterSettings settings, WordprocessingDocument wDoc, NextExpected nextExpected, Boolean preserveWhiteSpace)
[xUnit.net 00:00:06.86]         J:\repos\knilecrack\Open-Xml-PowerTools\OpenXmlPowerTools\HtmlToWmlConverterCore.cs(838,0): at OpenXmlPowerTools.HtmlToWml.HtmlToWmlConverterCore.<>c__DisplayClass20_0.<Transform>b__1(XNode n)
[xUnit.net 00:00:06.86]            at System.Linq.Enumerable.IEnumerableSelectIterator`2.MoveNext()
[xUnit.net 00:00:06.86]            at System.Xml.Linq.XContainer.AddContentSkipNotify(Object content)
[xUnit.net 00:00:06.86]            at System.Xml.Linq.XContainer.AddContentSkipNotify(Object content)
[xUnit.net 00:00:06.86]            at System.Xml.Linq.XContainer.AddContentSkipNotify(Object content)
[xUnit.net 00:00:06.86]         J:\repos\knilecrack\Open-Xml-PowerTools\OpenXmlPowerTools\HtmlToWmlConverterCore.cs(313,0): at OpenXmlPowerTools.HtmlToWml.HtmlToWmlConverterCore.UpdateMainDocumentPart(WordprocessingDocument wDoc, XElement html, HtmlToWmlConverterSettings settings)
[xUnit.net 00:00:06.86]         J:\repos\knilecrack\Open-Xml-PowerTools\OpenXmlPowerTools\HtmlToWmlConverterCore.cs(188,0): at OpenXmlPowerTools.HtmlToWml.HtmlToWmlConverterCore.ConvertHtmlToWml(String defaultCss, String authorCss, String userCss, XElement xhtml, HtmlToWmlConverterSettings settings, WmlDocument emptyDocument, String annotatedHtmlDumpFileName)
[xUnit.net 00:00:06.86]         J:\repos\knilecrack\Open-Xml-PowerTools\OpenXmlPowerTools\HtmlToWmlConverter.cs(60,0): at OpenXmlPowerTools.HtmlToWmlConverter.ConvertHtmlToWml(String defaultCss, String authorCss, String userCss, XElement xhtml, HtmlToWmlConverterSettings settings, WmlDocument emptyDocument, String annotatedHtmlDumpFileName)
[xUnit.net 00:00:06.86]         J:\repos\knilecrack\Open-Xml-PowerTools\OpenXmlPowerTools.Tests\HtmlToWmlConverterTests.cs(377,0): at OxPt.HwTests.HW001(String name)
[xUnit.net 00:00:06.86]            at InvokeStub_HwTests.HW001(Object, Span`1)
[xUnit.net 00:00:06.86]            at System.Reflection.MethodBaseInvoker.InvokeWithOneArg(Object obj, BindingFlags invokeAttr, Binder binder, Object[] parameters, CultureInfo culture)
  Passed OxPt.MgTests.MG001(name: "DA006-SelectTestValue-NoData.docx") [243 ms]
  Passed OxPt.DaTests.DA101(name: "DA207-SelectRepeatingData-NoData.docx", data: "DA-Data.xml", err: True) [106 ms]
  Failed OxPt.HwTests.HW001(name: "T0924.html") [172 ms]
  Error Message:
   System.ArgumentNullException : Value cannot be null. (Parameter 'contentType')
  Stack Trace:
     at DocumentFormat.OpenXml.Packaging.PartExtensionProvider.Register(String contentType, String extension)
   at DocumentFormat.OpenXml.Packaging.OpenXmlSupportedRelationshipExtensions.InitPart[TChild](OpenXmlPartContainer parent, TChild childPart, PartTypeInfo partType, String relId)
   at DocumentFormat.OpenXml.Packaging.OpenXmlSupportedRelationshipExtensions.AddImagePart[T](T parent, PartTypeInfo partType, String id)
   at OpenXmlPowerTools.HtmlToWml.HtmlToWmlConverterCore.TransformImageToWml(XElement element, HtmlToWmlConverterSettings settings, WordprocessingDocument wDoc) in J:\repos\knilecrack\Open-Xml-PowerTools\OpenXmlPowerTools\HtmlToWmlConverterCore.cs:line 2317
   at OpenXmlPowerTools.HtmlToWml.HtmlToWmlConverterCore.Transform(XNode node, HtmlToWmlConverterSettings settings, WordprocessingDocument wDoc, NextExpected nextExpected, Boolean preserveWhiteSpace) in J:\repos\knilecrack\Open-Xml-PowerTools\OpenXmlPowerTools\HtmlToWmlConverterCore.cs:line 924
   at OpenXmlPowerTools.HtmlToWml.HtmlToWmlConverterCore.<>c__DisplayClass36_0.<GenerateNextExpected>b__0(XNode n) in J:\repos\knilecrack\Open-Xml-PowerTools\OpenXmlPowerTools\HtmlToWmlConverterCore.cs:line 2236
   at System.Linq.Enumerable.IEnumerableSelectIterator`2.MoveNext()
   at System.Xml.Linq.XContainer.AddContentSkipNotify(Object content)
   at System.Xml.Linq.XContainer.AddContentSkipNotify(Object content)
   at OpenXmlPowerTools.HtmlToWml.HtmlToWmlConverterCore.GenerateNextExpected(XNode node, HtmlToWmlConverterSettings settings, WordprocessingDocument wDoc, String styleName, NextExpected nextExpected, Boolean preserveWhiteSpace) in J:\repos\knilecrack\Open-Xml-PowerTools\OpenXmlPowerTools\HtmlToWmlConverterCore.cs:line 2234
   at OpenXmlPowerTools.HtmlToWml.HtmlToWmlConverterCore.Transform(XNode node, HtmlToWmlConverterSettings settings, WordprocessingDocument wDoc, NextExpected nextExpected, Boolean preserveWhiteSpace) in J:\repos\knilecrack\Open-Xml-PowerTools\OpenXmlPowerTools\HtmlToWmlConverterCore.cs:line 939
   at OpenXmlPowerTools.HtmlToWml.HtmlToWmlConverterCore.<>c__DisplayClass20_0.<Transform>b__1(XNode n) in J:\repos\knilecrack\Open-Xml-PowerTools\OpenXmlPowerTools\HtmlToWmlConverterCore.cs:line 838
   at System.Linq.Enumerable.IEnumerableSelectIterator`2.MoveNext()
   at System.Xml.Linq.XContainer.AddContentSkipNotify(Object content)
   at System.Xml.Linq.XContainer.AddContentSkipNotify(Object content)
   at System.Xml.Linq.XContainer.AddContentSkipNotify(Object content)
   at OpenXmlPowerTools.HtmlToWml.HtmlToWmlConverterCore.UpdateMainDocumentPart(WordprocessingDocument wDoc, XElement html, HtmlToWmlConverterSettings settings) in J:\repos\knilecrack\Open-Xml-PowerTools\OpenXmlPowerTools\HtmlToWmlConverterCore.cs:line 313
   at OpenXmlPowerTools.HtmlToWml.HtmlToWmlConverterCore.ConvertHtmlToWml(String defaultCss, String authorCss, String userCss, XElement xhtml, HtmlToWmlConverterSettings settings, WmlDocument emptyDocument, String annotatedHtmlDumpFileName) in J:\repos\knilecrack\Open-Xml-PowerTools\OpenXmlPowerTools\HtmlToWmlConverterCore.cs:line 188
   at OpenXmlPowerTools.HtmlToWmlConverter.ConvertHtmlToWml(String defaultCss, String authorCss, String userCss, XElement xhtml, HtmlToWmlConverterSettings settings, WmlDocument emptyDocument, String annotatedHtmlDumpFileName) in J:\repos\knilecrack\Open-Xml-PowerTools\OpenXmlPowerTools\HtmlToWmlConverter.cs:line 60
   at OxPt.HwTests.HW001(String name) in J:\repos\knilecrack\Open-Xml-PowerTools\OpenXmlPowerTools.Tests\HtmlToWmlConverterTests.cs:line 377
   at InvokeStub_HwTests.HW001(Object, Span`1)
   at System.Reflection.MethodBaseInvoker.InvokeWithOneArg(Object obj, BindingFlags invokeAttr, Binder binder, Object[] parameters, CultureInfo culture)
  Passed OxPt.DaTests.DA101(name: "DA231-CellDataInAttributes.docx", data: "DA-CellDataInAttributes.xml", err: True) [70 ms]
  Passed OxPt.FaTests.FA001_DocumentsWithRevTracking(testId: "FA001-00220", src: "FA/RevTracking/022-TablePropertiesChange.docx") [165 ms]
  Passed OxPt.FaTests.FA001_DocumentsWithRevTracking(testId: "FA001-00110", src: "FA/RevTracking/011-InsertedMathChar.docx") [61 ms]
  Passed OxPt.HcTests.HC001(name: "HC009-Test-04.docx") [408 ms]
[xUnit.net 00:00:07.08]       System.ArgumentNullException : Value cannot be null. (Parameter 'contentType')
[xUnit.net 00:00:07.08]       Stack Trace:
[xUnit.net 00:00:07.08]            at DocumentFormat.OpenXml.Packaging.PartExtensionProvider.Register(String contentType, String extension)
[xUnit.net 00:00:07.08]            at DocumentFormat.OpenXml.Packaging.OpenXmlSupportedRelationshipExtensions.InitPart[TChild](OpenXmlPartContainer parent, TChild childPart, PartTypeInfo partType, String relId)
[xUnit.net 00:00:07.08]            at DocumentFormat.OpenXml.Packaging.OpenXmlSupportedRelationshipExtensions.AddImagePart[T](T parent, PartTypeInfo partType, String id)
[xUnit.net 00:00:07.08]         J:\repos\knilecrack\Open-Xml-PowerTools\OpenXmlPowerTools\HtmlToWmlConverterCore.cs(2317,0): at OpenXmlPowerTools.HtmlToWml.HtmlToWmlConverterCore.TransformImageToWml(XElement element, HtmlToWmlConverterSettings settings, WordprocessingDocument wDoc)
[xUnit.net 00:00:07.08]         J:\repos\knilecrack\Open-Xml-PowerTools\OpenXmlPowerTools\HtmlToWmlConverterCore.cs(924,0): at OpenXmlPowerTools.HtmlToWml.HtmlToWmlConverterCore.Transform(XNode node, HtmlToWmlConverterSettings settings, WordprocessingDocument wDoc, NextExpected nextExpected, Boolean preserveWhiteSpace)
[xUnit.net 00:00:07.08]         J:\repos\knilecrack\Open-Xml-PowerTools\OpenXmlPowerTools\HtmlToWmlConverterCore.cs(963,0): at OpenXmlPowerTools.HtmlToWml.HtmlToWmlConverterCore.<>c__DisplayClass20_0.<Transform>b__26(XNode n)
[xUnit.net 00:00:07.08]            at System.Linq.Enumerable.IEnumerableSelectIterator`2.MoveNext()
[xUnit.net 00:00:07.08]            at System.Xml.Linq.XContainer.AddContentSkipNotify(Object content)
[xUnit.net 00:00:07.08]         J:\repos\knilecrack\Open-Xml-PowerTools\OpenXmlPowerTools\HtmlToWmlConverterCore.cs(964,0): at OpenXmlPowerTools.HtmlToWml.HtmlToWmlConverterCore.Transform(XNode node, HtmlToWmlConverterSettings settings, WordprocessingDocument wDoc, NextExpected nextExpected, Boolean preserveWhiteSpace)
[xUnit.net 00:00:07.08]         J:\repos\knilecrack\Open-Xml-PowerTools\OpenXmlPowerTools\HtmlToWmlConverterCore.cs(2236,0): at OpenXmlPowerTools.HtmlToWml.HtmlToWmlConverterCore.<>c__DisplayClass36_0.<GenerateNextExpected>b__0(XNode n)
[xUnit.net 00:00:07.08]            at System.Linq.Enumerable.IEnumerableSelectIterator`2.MoveNext()
[xUnit.net 00:00:07.08]            at System.Xml.Linq.XContainer.AddContentSkipNotify(Object content)
[xUnit.net 00:00:07.08]            at System.Xml.Linq.XContainer.AddContentSkipNotify(Object content)
[xUnit.net 00:00:07.08]         J:\repos\knilecrack\Open-Xml-PowerTools\OpenXmlPowerTools\HtmlToWmlConverterCore.cs(2234,0): at OpenXmlPowerTools.HtmlToWml.HtmlToWmlConverterCore.GenerateNextExpected(XNode node, HtmlToWmlConverterSettings settings, WordprocessingDocument wDoc, String styleName, NextExpected nextExpected, Boolean preserveWhiteSpace)
[xUnit.net 00:00:07.08]         J:\repos\knilecrack\Open-Xml-PowerTools\OpenXmlPowerTools\HtmlToWmlConverterCore.cs(939,0): at OpenXmlPowerTools.HtmlToWml.HtmlToWmlConverterCore.Transform(XNode node, HtmlToWmlConverterSettings settings, WordprocessingDocument wDoc, NextExpected nextExpected, Boolean preserveWhiteSpace)
[xUnit.net 00:00:07.08]         J:\repos\knilecrack\Open-Xml-PowerTools\OpenXmlPowerTools\HtmlToWmlConverterCore.cs(1031,0): at OpenXmlPowerTools.HtmlToWml.HtmlToWmlConverterCore.<>c__DisplayClass20_0.<Transform>b__30(XNode n)
[xUnit.net 00:00:07.08]            at System.Linq.Enumerable.IEnumerableSelectIterator`2.MoveNext()
[xUnit.net 00:00:07.08]            at System.Xml.Linq.XContainer.AddContentSkipNotify(Object content)
[xUnit.net 00:00:07.08]         J:\repos\knilecrack\Open-Xml-PowerTools\OpenXmlPowerTools\HtmlToWmlConverterCore.cs(1031,0): at OpenXmlPowerTools.HtmlToWml.HtmlToWmlConverterCore.Transform(XNode node, HtmlToWmlConverterSettings settings, WordprocessingDocument wDoc, NextExpected nextExpected, Boolean preserveWhiteSpace)
[xUnit.net 00:00:07.08]         J:\repos\knilecrack\Open-Xml-PowerTools\OpenXmlPowerTools\HtmlToWmlConverterCore.cs(1070,0): at OpenXmlPowerTools.HtmlToWml.HtmlToWmlConverterCore.<>c__DisplayClass20_0.<Transform>b__17(XNode n)
[xUnit.net 00:00:07.08]            at System.Linq.Enumerable.IEnumerableSelectIterator`2.MoveNext()
[xUnit.net 00:00:07.08]            at System.Xml.Linq.XContainer.AddContentSkipNotify(Object content)
[xUnit.net 00:00:07.08]            at System.Xml.Linq.XContainer.AddContentSkipNotify(Object content)
[xUnit.net 00:00:07.08]         J:\repos\knilecrack\Open-Xml-PowerTools\OpenXmlPowerTools\HtmlToWmlConverterCore.cs(1068,0): at OpenXmlPowerTools.HtmlToWml.HtmlToWmlConverterCore.Transform(XNode node, HtmlToWmlConverterSettings settings, WordprocessingDocument wDoc, NextExpected nextExpected, Boolean preserveWhiteSpace)
[xUnit.net 00:00:07.08]         J:\repos\knilecrack\Open-Xml-PowerTools\OpenXmlPowerTools\HtmlToWmlConverterCore.cs(1018,0): at OpenXmlPowerTools.HtmlToWml.HtmlToWmlConverterCore.<>c__DisplayClass20_0.<Transform>b__27(XNode n)
[xUnit.net 00:00:07.08]            at System.Linq.Enumerable.IEnumerableSelectIterator`2.MoveNext()
[xUnit.net 00:00:07.08]            at System.Xml.Linq.XContainer.AddContentSkipNotify(Object content)
[xUnit.net 00:00:07.08]            at System.Xml.Linq.XContainer.AddContentSkipNotify(Object content)
[xUnit.net 00:00:07.08]         J:\repos\knilecrack\Open-Xml-PowerTools\OpenXmlPowerTools\HtmlToWmlConverterCore.cs(1015,0): at OpenXmlPowerTools.HtmlToWml.HtmlToWmlConverterCore.Transform(XNode node, HtmlToWmlConverterSettings settings, WordprocessingDocument wDoc, NextExpected nextExpected, Boolean preserveWhiteSpace)
[xUnit.net 00:00:07.08]         J:\repos\knilecrack\Open-Xml-PowerTools\OpenXmlPowerTools\HtmlToWmlConverterCore.cs(858,0): at OpenXmlPowerTools.HtmlToWml.HtmlToWmlConverterCore.<>c__DisplayClass20_0.<Transform>b__3(XNode n)
[xUnit.net 00:00:07.08]            at System.Linq.Enumerable.IEnumerableSelectIterator`2.MoveNext()
[xUnit.net 00:00:07.08]            at System.Xml.Linq.XContainer.AddContentSkipNotify(Object content)
[xUnit.net 00:00:07.08]            at System.Xml.Linq.XContainer.AddContentSkipNotify(Object content)
[xUnit.net 00:00:07.08]            at System.Xml.Linq.XContainer.AddContentSkipNotify(Object content)
[xUnit.net 00:00:07.08]            at System.Xml.Linq.XContainer.AddContentSkipNotify(Object content)
[xUnit.net 00:00:07.08]            at System.Xml.Linq.XContainer.AddContentSkipNotify(Object content)
[xUnit.net 00:00:07.08]         J:\repos\knilecrack\Open-Xml-PowerTools\OpenXmlPowerTools\HtmlToWmlConverterCore.cs(313,0): at OpenXmlPowerTools.HtmlToWml.HtmlToWmlConverterCore.UpdateMainDocumentPart(WordprocessingDocument wDoc, XElement html, HtmlToWmlConverterSettings settings)
[xUnit.net 00:00:07.08]         J:\repos\knilecrack\Open-Xml-PowerTools\OpenXmlPowerTools\HtmlToWmlConverterCore.cs(188,0): at OpenXmlPowerTools.HtmlToWml.HtmlToWmlConverterCore.ConvertHtmlToWml(String defaultCss, String authorCss, String userCss, XElement xhtml, HtmlToWmlConverterSettings settings, WmlDocument emptyDocument, String annotatedHtmlDumpFileName)
[xUnit.net 00:00:07.08]         J:\repos\knilecrack\Open-Xml-PowerTools\OpenXmlPowerTools\HtmlToWmlConverter.cs(60,0): at OpenXmlPowerTools.HtmlToWmlConverter.ConvertHtmlToWml(String defaultCss, String authorCss, String userCss, XElement xhtml, HtmlToWmlConverterSettings settings, WmlDocument emptyDocument, String annotatedHtmlDumpFileName)
[xUnit.net 00:00:07.08]         J:\repos\knilecrack\Open-Xml-PowerTools\OpenXmlPowerTools.Tests\HtmlToWmlConverterTests.cs(377,0): at OxPt.HwTests.HW001(String name)
[xUnit.net 00:00:07.08]            at InvokeStub_HwTests.HW001(Object, Span`1)
[xUnit.net 00:00:07.08]            at System.Reflection.MethodBaseInvoker.InvokeWithOneArg(Object obj, BindingFlags invokeAttr, Binder binder, Object[] parameters, CultureInfo culture)
  Passed OxPt.DaTests.DA101(name: "DA232-TooMuchDataForConditional.docx", data: "DA-TooMuchDataForConditional.xml", err: True) [81 ms]
  Passed OxPt.WcTests.WC004_Compare_To_Self(testId: "WCS-1030", name: "WC/WC002-DeleteAtBeginning.docx") [496 ms]
  Passed OxPt.HcTests.HC001(name: "HC060-Image-with-Hyperlink.docx") [51 ms]
  Passed OxPt.DaTests.DA101(name: "DA015-TwoRunsXmlExceptionInFirst.docx", data: "DA-Data.xml", err: True) [66 ms]
  Failed OxPt.HwTests.HW001(name: "T1830.html") [221 ms]
  Error Message:
   System.ArgumentNullException : Value cannot be null. (Parameter 'contentType')
  Stack Trace:
     at DocumentFormat.OpenXml.Packaging.PartExtensionProvider.Register(String contentType, String extension)
   at DocumentFormat.OpenXml.Packaging.OpenXmlSupportedRelationshipExtensions.InitPart[TChild](OpenXmlPartContainer parent, TChild childPart, PartTypeInfo partType, String relId)
   at DocumentFormat.OpenXml.Packaging.OpenXmlSupportedRelationshipExtensions.AddImagePart[T](T parent, PartTypeInfo partType, String id)
   at OpenXmlPowerTools.HtmlToWml.HtmlToWmlConverterCore.TransformImageToWml(XElement element, HtmlToWmlConverterSettings settings, WordprocessingDocument wDoc) in J:\repos\knilecrack\Open-Xml-PowerTools\OpenXmlPowerTools\HtmlToWmlConverterCore.cs:line 2317
   at OpenXmlPowerTools.HtmlToWml.HtmlToWmlConverterCore.Transform(XNode node, HtmlToWmlConverterSettings settings, WordprocessingDocument wDoc, NextExpected nextExpected, Boolean preserveWhiteSpace) in J:\repos\knilecrack\Open-Xml-PowerTools\OpenXmlPowerTools\HtmlToWmlConverterCore.cs:line 924
   at OpenXmlPowerTools.HtmlToWml.HtmlToWmlConverterCore.<>c__DisplayClass20_0.<Transform>b__26(XNode n) in J:\repos\knilecrack\Open-Xml-PowerTools\OpenXmlPowerTools\HtmlToWmlConverterCore.cs:line 963
   at System.Linq.Enumerable.IEnumerableSelectIterator`2.MoveNext()
   at System.Xml.Linq.XContainer.AddContentSkipNotify(Object content)
   at OpenXmlPowerTools.HtmlToWml.HtmlToWmlConverterCore.Transform(XNode node, HtmlToWmlConverterSettings settings, WordprocessingDocument wDoc, NextExpected nextExpected, Boolean preserveWhiteSpace) in J:\repos\knilecrack\Open-Xml-PowerTools\OpenXmlPowerTools\HtmlToWmlConverterCore.cs:line 964
   at OpenXmlPowerTools.HtmlToWml.HtmlToWmlConverterCore.<>c__DisplayClass36_0.<GenerateNextExpected>b__0(XNode n) in J:\repos\knilecrack\Open-Xml-PowerTools\OpenXmlPowerTools\HtmlToWmlConverterCore.cs:line 2236
   at System.Linq.Enumerable.IEnumerableSelectIterator`2.MoveNext()
   at System.Xml.Linq.XContainer.AddContentSkipNotify(Object content)
   at System.Xml.Linq.XContainer.AddContentSkipNotify(Object content)
   at OpenXmlPowerTools.HtmlToWml.HtmlToWmlConverterCore.GenerateNextExpected(XNode node, HtmlToWmlConverterSettings settings, WordprocessingDocument wDoc, String styleName, NextExpected nextExpected, Boolean preserveWhiteSpace) in J:\repos\knilecrack\Open-Xml-PowerTools\OpenXmlPowerTools\HtmlToWmlConverterCore.cs:line 2234
   at OpenXmlPowerTools.HtmlToWml.HtmlToWmlConverterCore.Transform(XNode node, HtmlToWmlConverterSettings settings, WordprocessingDocument wDoc, NextExpected nextExpected, Boolean preserveWhiteSpace) in J:\repos\knilecrack\Open-Xml-PowerTools\OpenXmlPowerTools\HtmlToWmlConverterCore.cs:line 939
   at OpenXmlPowerTools.HtmlToWml.HtmlToWmlConverterCore.<>c__DisplayClass20_0.<Transform>b__30(XNode n) in J:\repos\knilecrack\Open-Xml-PowerTools\OpenXmlPowerTools\HtmlToWmlConverterCore.cs:line 1031
   at System.Linq.Enumerable.IEnumerableSelectIterator`2.MoveNext()
   at System.Xml.Linq.XContainer.AddContentSkipNotify(Object content)
   at OpenXmlPowerTools.HtmlToWml.HtmlToWmlConverterCore.Transform(XNode node, HtmlToWmlConverterSettings settings, WordprocessingDocument wDoc, NextExpected nextExpected, Boolean preserveWhiteSpace) in J:\repos\knilecrack\Open-Xml-PowerTools\OpenXmlPowerTools\HtmlToWmlConverterCore.cs:line 1031
   at OpenXmlPowerTools.HtmlToWml.HtmlToWmlConverterCore.<>c__DisplayClass20_0.<Transform>b__17(XNode n) in J:\repos\knilecrack\Open-Xml-PowerTools\OpenXmlPowerTools\HtmlToWmlConverterCore.cs:line 1070
   at System.Linq.Enumerable.IEnumerableSelectIterator`2.MoveNext()
   at System.Xml.Linq.XContainer.AddContentSkipNotify(Object content)
   at System.Xml.Linq.XContainer.AddContentSkipNotify(Object content)
   at OpenXmlPowerTools.HtmlToWml.HtmlToWmlConverterCore.Transform(XNode node, HtmlToWmlConverterSettings settings, WordprocessingDocument wDoc, NextExpected nextExpected, Boolean preserveWhiteSpace) in J:\repos\knilecrack\Open-Xml-PowerTools\OpenXmlPowerTools\HtmlToWmlConverterCore.cs:line 1068
   at OpenXmlPowerTools.HtmlToWml.HtmlToWmlConverterCore.<>c__DisplayClass20_0.<Transform>b__27(XNode n) in J:\repos\knilecrack\Open-Xml-PowerTools\OpenXmlPowerTools\HtmlToWmlConverterCore.cs:line 1018
   at System.Linq.Enumerable.IEnumerableSelectIterator`2.MoveNext()
   at System.Xml.Linq.XContainer.AddContentSkipNotify(Object content)
   at System.Xml.Linq.XContainer.AddContentSkipNotify(Object content)
   at OpenXmlPowerTools.HtmlToWml.HtmlToWmlConverterCore.Transform(XNode node, HtmlToWmlConverterSettings settings, WordprocessingDocument wDoc, NextExpected nextExpected, Boolean preserveWhiteSpace) in J:\repos\knilecrack\Open-Xml-PowerTools\OpenXmlPowerTools\HtmlToWmlConverterCore.cs:line 1015
   at OpenXmlPowerTools.HtmlToWml.HtmlToWmlConverterCore.<>c__DisplayClass20_0.<Transform>b__3(XNode n) in J:\repos\knilecrack\Open-Xml-PowerTools\OpenXmlPowerTools\HtmlToWmlConverterCore.cs:line 858
   at System.Linq.Enumerable.IEnumerableSelectIterator`2.MoveNext()
   at System.Xml.Linq.XContainer.AddContentSkipNotify(Object content)
   at System.Xml.Linq.XContainer.AddContentSkipNotify(Object content)
   at System.Xml.Linq.XContainer.AddContentSkipNotify(Object content)
   at System.Xml.Linq.XContainer.AddContentSkipNotify(Object content)
   at System.Xml.Linq.XContainer.AddContentSkipNotify(Object content)
   at OpenXmlPowerTools.HtmlToWml.HtmlToWmlConverterCore.UpdateMainDocumentPart(WordprocessingDocument wDoc, XElement html, HtmlToWmlConverterSettings settings) in J:\repos\knilecrack\Open-Xml-PowerTools\OpenXmlPowerTools\HtmlToWmlConverterCore.cs:line 313
   at OpenXmlPowerTools.HtmlToWml.HtmlToWmlConverterCore.ConvertHtmlToWml(String defaultCss, String authorCss, String userCss, XElement xhtml, HtmlToWmlConverterSettings settings, WmlDocument emptyDocument, String annotatedHtmlDumpFileName) in J:\repos\knilecrack\Open-Xml-PowerTools\OpenXmlPowerTools\HtmlToWmlConverterCore.cs:line 188
   at OpenXmlPowerTools.HtmlToWmlConverter.ConvertHtmlToWml(String defaultCss, String authorCss, String userCss, XElement xhtml, HtmlToWmlConverterSettings settings, WmlDocument emptyDocument, String annotatedHtmlDumpFileName) in J:\repos\knilecrack\Open-Xml-PowerTools\OpenXmlPowerTools\HtmlToWmlConverter.cs:line 60
   at OxPt.HwTests.HW001(String name) in J:\repos\knilecrack\Open-Xml-PowerTools\OpenXmlPowerTools.Tests\HtmlToWmlConverterTests.cs:line 377
   at InvokeStub_HwTests.HW001(Object, Span`1)
   at System.Reflection.MethodBaseInvoker.InvokeWithOneArg(Object obj, BindingFlags invokeAttr, Binder binder, Object[] parameters, CultureInfo culture)
  Passed OxPt.RpTests.RP001(name: "RP/RP040-Deleted-Paras-at-End.docx") [472 ms]
  Passed OxPt.DaTests.DA101(name: "DA236-Page-Num-in-Footer.docx", data: "DA-Content-List.xml", err: False) [94 ms]
  Passed OxPt.HwTests.HW001(name: "T1520.html") [82 ms]
  Passed OxPt.DaTests.DA101(name: "DA012-OtherMarkupTypes.docx", data: "DA-Data.xml", err: True) [49 ms]
  Passed OxPt.HwTests.HW001(name: "T0750.html") [52 ms]
  Passed OxPt.DaTests.DA101(name: "DA004-Select-XPathFindsNoDataOptional.docx", data: "DA-Data.xml", err: False) [65 ms]
  Passed OxPt.HwTests.HW001(name: "T0220.html") [46 ms]
  Passed OxPt.DaTests.DA101(name: "DA031-CellDataInAttributes.docx", data: "DA-CellDataInAttributes.xml", err: True) [80 ms]
  Passed OxPt.HwTests.HW001(name: "T1400.html") [96 ms]
  Passed OxPt.DaTests.DA101(name: "DA019-RunIsEntireParagraph.docx", data: "DA-Data.xml", err: False) [87 ms]
  Passed OxPt.HwTests.HW001(name: "T1310.html") [72 ms]
  Passed OxPt.WcTests.WC004_Compare_To_Self(testId: "WCS-1460", name: "WC/WC018-Field-Simple-After-2.docx") [465 ms]
  Passed OxPt.HwTests.HW001(name: "T0240.html") [31 ms]
  Passed OxPt.DaTests.DA101(name: "DA220-TwoRunsAndNoOtherContent.docx", data: "DA-Data.xml", err: True) [72 ms]
  Passed OxPt.HwTests.HW001(name: "T1070.html") [68 ms]
  Passed OxPt.DaTests.DA101(name: "DA230-TooMuchDataForCell.docx", data: "DA-TooMuchDataForCell.xml", err: True) [108 ms]
  Passed OxPt.HwTests.HW001(name: "T0820.html") [50 ms]
  Passed OxPt.RpTests.RP001(name: "RP/RP026-NumberingChange.docx") [532 ms]
  Passed OxPt.HwTests.HW001(name: "T0150.html") [46 ms]
  Passed OxPt.DaTests.DA101(name: "DA211-SchemaError.docx", data: "DA-Data.xml", err: True) [49 ms]
  Passed OxPt.HcTests.HC001(name: "HC031-Complicated-Document.docx") [656 ms]
[xUnit.net 00:00:07.83]       The relationship 'rId6' referenced by attribute 'http://schemas.openxmlformats.org/officeDocument/2006/relationships:embed' does not exist.
[xUnit.net 00:00:07.83]       
[xUnit.net 00:00:07.83]       Stack Trace:
[xUnit.net 00:00:07.83]         J:\repos\knilecrack\Open-Xml-PowerTools\OpenXmlPowerTools.Tests\DocumentBuilderTests.cs(881,0): at OxPt.DbTests.Validate(FileInfo fi)
[xUnit.net 00:00:07.83]         J:\repos\knilecrack\Open-Xml-PowerTools\OpenXmlPowerTools.Tests\DocumentBuilderTests.cs(328,0): at OxPt.DbTests.DB009_ImportIntoHeadersFooters(String testId, String src, String dest, String insertId)
[xUnit.net 00:00:07.83]            at InvokeStub_DbTests.DB009_ImportIntoHeadersFooters(Object, Span`1)
[xUnit.net 00:00:07.83]            at System.Reflection.MethodBaseInvoker.InvokeWithFewArgs(Object obj, BindingFlags invokeAttr, Binder binder, Object[] parameters, CultureInfo culture)
  Passed OxPt.HwTests.HW001(name: "T0650.html") [36 ms]
  Passed OxPt.DaTests.DA101(name: "DA217-FiveRuns.docx", data: "DA-Data.xml", err: True) [58 ms]
  Passed OxPt.HwTests.HW001(name: "T1500.html") [57 ms]
  Passed OxPt.DaTests.DA101(name: "DA021-NestedRepeat.docx", data: "DA-DataNestedRepeat.xml", err: False) [35 ms]
  Passed OxPt.DaTests.DA101(name: "DA020-TwoRunsAndNoOtherContent.docx", data: "DA-Data.xml", err: True) [37 ms]
  Passed OxPt.HwTests.HW001(name: "T1170.html") [86 ms]
  Failed OxPt.DbTests.DB009_ImportIntoHeadersFooters(testId: "DB009-00010", src: "DB/HeadersFooters/Src/Content-Controls.docx", dest: "DB/HeadersFooters/Dest/Fax.docx", insertId: "Templafy") [1 s]
  Error Message:
   The relationship 'rId6' referenced by attribute 'http://schemas.openxmlformats.org/officeDocument/2006/relationships:embed' does not exist.

  Stack Trace:
     at OxPt.DbTests.Validate(FileInfo fi) in J:\repos\knilecrack\Open-Xml-PowerTools\OpenXmlPowerTools.Tests\DocumentBuilderTests.cs:line 881
   at OxPt.DbTests.DB009_ImportIntoHeadersFooters(String testId, String src, String dest, String insertId) in J:\repos\knilecrack\Open-Xml-PowerTools\OpenXmlPowerTools.Tests\DocumentBuilderTests.cs:line 328
   at InvokeStub_DbTests.DB009_ImportIntoHeadersFooters(Object, Span`1)
   at System.Reflection.MethodBaseInvoker.InvokeWithFewArgs(Object obj, BindingFlags invokeAttr, Binder binder, Object[] parameters, CultureInfo culture)
  Passed OxPt.WcTests.WC004_Compare_To_Self(testId: "WCS-1090", name: "WC/WC002-InsertAtEnd.docx") [408 ms]
  Passed OxPt.HwTests.HW001(name: "T0929.html") [47 ms]
  Passed OxPt.DaTests.DA101(name: "DA102-TemplateDocument.docx", data: "DA-Data.xml", err: True) [98 ms]
  Passed OxPt.DaTests.DA101(name: "DA013-Runs.docx", data: "DA-Data.xml", err: False) [44 ms]
  Passed OxPt.HwTests.HW001(name: "T0970.html") [57 ms]
  Passed OxPt.HwTests.HW001(name: "T1120.html") [52 ms]
  Passed OxPt.DaTests.DA101(name: "DA002-TemplateDocument.docx", data: "DA-DataNotHighValueCust.xml", err: False) [77 ms]
[xUnit.net 00:00:08.13]       System.ArgumentNullException : Value cannot be null. (Parameter 'contentType')
[xUnit.net 00:00:08.13]       Stack Trace:
[xUnit.net 00:00:08.13]            at DocumentFormat.OpenXml.Packaging.PartExtensionProvider.Register(String contentType, String extension)
[xUnit.net 00:00:08.13]            at DocumentFormat.OpenXml.Packaging.OpenXmlSupportedRelationshipExtensions.InitPart[TChild](OpenXmlPartContainer parent, TChild childPart, PartTypeInfo partType, String relId)
[xUnit.net 00:00:08.13]            at DocumentFormat.OpenXml.Packaging.OpenXmlSupportedRelationshipExtensions.AddImagePart[T](T parent, PartTypeInfo partType, String id)
[xUnit.net 00:00:08.13]         J:\repos\knilecrack\Open-Xml-PowerTools\OpenXmlPowerTools\HtmlToWmlConverterCore.cs(2317,0): at OpenXmlPowerTools.HtmlToWml.HtmlToWmlConverterCore.TransformImageToWml(XElement element, HtmlToWmlConverterSettings settings, WordprocessingDocument wDoc)
[xUnit.net 00:00:08.13]         J:\repos\knilecrack\Open-Xml-PowerTools\OpenXmlPowerTools\HtmlToWmlConverterCore.cs(917,0): at OpenXmlPowerTools.HtmlToWml.HtmlToWmlConverterCore.Transform(XNode node, HtmlToWmlConverterSettings settings, WordprocessingDocument wDoc, NextExpected nextExpected, Boolean preserveWhiteSpace)
[xUnit.net 00:00:08.13]         J:\repos\knilecrack\Open-Xml-PowerTools\OpenXmlPowerTools\HtmlToWmlConverterCore.cs(838,0): at OpenXmlPowerTools.HtmlToWml.HtmlToWmlConverterCore.<>c__DisplayClass20_0.<Transform>b__1(XNode n)
[xUnit.net 00:00:08.13]            at System.Linq.Enumerable.IEnumerableSelectIterator`2.MoveNext()
[xUnit.net 00:00:08.13]            at System.Xml.Linq.XContainer.AddContentSkipNotify(Object content)
[xUnit.net 00:00:08.13]            at System.Xml.Linq.XContainer.AddContentSkipNotify(Object content)
[xUnit.net 00:00:08.13]            at System.Xml.Linq.XContainer.AddContentSkipNotify(Object content)
[xUnit.net 00:00:08.13]         J:\repos\knilecrack\Open-Xml-PowerTools\OpenXmlPowerTools\HtmlToWmlConverterCore.cs(313,0): at OpenXmlPowerTools.HtmlToWml.HtmlToWmlConverterCore.UpdateMainDocumentPart(WordprocessingDocument wDoc, XElement html, HtmlToWmlConverterSettings settings)
[xUnit.net 00:00:08.13]         J:\repos\knilecrack\Open-Xml-PowerTools\OpenXmlPowerTools\HtmlToWmlConverterCore.cs(188,0): at OpenXmlPowerTools.HtmlToWml.HtmlToWmlConverterCore.ConvertHtmlToWml(String defaultCss, String authorCss, String userCss, XElement xhtml, HtmlToWmlConverterSettings settings, WmlDocument emptyDocument, String annotatedHtmlDumpFileName)
[xUnit.net 00:00:08.13]         J:\repos\knilecrack\Open-Xml-PowerTools\OpenXmlPowerTools\HtmlToWmlConverter.cs(60,0): at OpenXmlPowerTools.HtmlToWmlConverter.ConvertHtmlToWml(String defaultCss, String authorCss, String userCss, XElement xhtml, HtmlToWmlConverterSettings settings, WmlDocument emptyDocument, String annotatedHtmlDumpFileName)
[xUnit.net 00:00:08.13]         J:\repos\knilecrack\Open-Xml-PowerTools\OpenXmlPowerTools.Tests\HtmlToWmlConverterTests.cs(377,0): at OxPt.HwTests.HW001(String name)
[xUnit.net 00:00:08.13]            at InvokeStub_HwTests.HW001(Object, Span`1)
[xUnit.net 00:00:08.13]            at System.Reflection.MethodBaseInvoker.InvokeWithOneArg(Object obj, BindingFlags invokeAttr, Binder binder, Object[] parameters, CultureInfo culture)
  Passed OxPt.HcTests.HC001(name: "HC002-Hebrew-01.docx") [360 ms]
  Passed OxPt.HwTests.HW001(name: "T0200.html") [67 ms]
  Passed OxPt.DaTests.DA101(name: "DA100-TemplateDocument.docx", data: "DA-Data.xml", err: False) [86 ms]
  Passed OxPt.RpTests.RP001(name: "RP/RP003-Inserted-Text.docx") [460 ms]
  Passed OxPt.DaTests.DA101(name: "DA260-RunLevelRepeat.docx", data: "DA-Data.xml", err: False) [47 ms]
  Failed OxPt.HwTests.HW001(name: "T0922.html") [91 ms]
  Error Message:
   System.ArgumentNullException : Value cannot be null. (Parameter 'contentType')
  Stack Trace:
     at DocumentFormat.OpenXml.Packaging.PartExtensionProvider.Register(String contentType, String extension)
   at DocumentFormat.OpenXml.Packaging.OpenXmlSupportedRelationshipExtensions.InitPart[TChild](OpenXmlPartContainer parent, TChild childPart, PartTypeInfo partType, String relId)
   at DocumentFormat.OpenXml.Packaging.OpenXmlSupportedRelationshipExtensions.AddImagePart[T](T parent, PartTypeInfo partType, String id)
   at OpenXmlPowerTools.HtmlToWml.HtmlToWmlConverterCore.TransformImageToWml(XElement element, HtmlToWmlConverterSettings settings, WordprocessingDocument wDoc) in J:\repos\knilecrack\Open-Xml-PowerTools\OpenXmlPowerTools\HtmlToWmlConverterCore.cs:line 2317
   at OpenXmlPowerTools.HtmlToWml.HtmlToWmlConverterCore.Transform(XNode node, HtmlToWmlConverterSettings settings, WordprocessingDocument wDoc, NextExpected nextExpected, Boolean preserveWhiteSpace) in J:\repos\knilecrack\Open-Xml-PowerTools\OpenXmlPowerTools\HtmlToWmlConverterCore.cs:line 917
   at OpenXmlPowerTools.HtmlToWml.HtmlToWmlConverterCore.<>c__DisplayClass20_0.<Transform>b__1(XNode n) in J:\repos\knilecrack\Open-Xml-PowerTools\OpenXmlPowerTools\HtmlToWmlConverterCore.cs:line 838
   at System.Linq.Enumerable.IEnumerableSelectIterator`2.MoveNext()
   at System.Xml.Linq.XContainer.AddContentSkipNotify(Object content)
   at System.Xml.Linq.XContainer.AddContentSkipNotify(Object content)
   at System.Xml.Linq.XContainer.AddContentSkipNotify(Object content)
   at OpenXmlPowerTools.HtmlToWml.HtmlToWmlConverterCore.UpdateMainDocumentPart(WordprocessingDocument wDoc, XElement html, HtmlToWmlConverterSettings settings) in J:\repos\knilecrack\Open-Xml-PowerTools\OpenXmlPowerTools\HtmlToWmlConverterCore.cs:line 313
   at OpenXmlPowerTools.HtmlToWml.HtmlToWmlConverterCore.ConvertHtmlToWml(String defaultCss, String authorCss, String userCss, XElement xhtml, HtmlToWmlConverterSettings settings, WmlDocument emptyDocument, String annotatedHtmlDumpFileName) in J:\repos\knilecrack\Open-Xml-PowerTools\OpenXmlPowerTools\HtmlToWmlConverterCore.cs:line 188
   at OpenXmlPowerTools.HtmlToWmlConverter.ConvertHtmlToWml(String defaultCss, String authorCss, String userCss, XElement xhtml, HtmlToWmlConverterSettings settings, WmlDocument emptyDocument, String annotatedHtmlDumpFileName) in J:\repos\knilecrack\Open-Xml-PowerTools\OpenXmlPowerTools\HtmlToWmlConverter.cs:line 60
   at OxPt.HwTests.HW001(String name) in J:\repos\knilecrack\Open-Xml-PowerTools\OpenXmlPowerTools.Tests\HtmlToWmlConverterTests.cs:line 377
   at InvokeStub_HwTests.HW001(Object, Span`1)
   at System.Reflection.MethodBaseInvoker.InvokeWithOneArg(Object obj, BindingFlags invokeAttr, Binder binder, Object[] parameters, CultureInfo culture)
  Passed OxPt.HwTests.HW001(name: "T1242.html") [56 ms]
  Passed OxPt.DaTests.DA101(name: "DA001-TemplateDocument.docx", data: "DA-Data.xml", err: False) [93 ms]
  Passed OxPt.HwTests.HW001(name: "T0860.html") [109 ms]
  Passed OxPt.WcTests.WC004_Compare_To_Self(testId: "WCS-1260", name: "WC/WC011-Before.docx") [500 ms]
  Passed OxPt.HwTests.HW001(name: "T0670.html") [62 ms]
  Passed OxPt.DaTests.DA101(name: "DA034-HeaderFooter.docx", data: "DA-Data.xml", err: False) [155 ms]
  Passed OxPt.HcTests.HC001(name: "HC011-Test-06.docx") [397 ms]
[xUnit.net 00:00:08.47]       System.ArgumentNullException : Value cannot be null. (Parameter 'contentType')
[xUnit.net 00:00:08.47]       Stack Trace:
[xUnit.net 00:00:08.47]            at DocumentFormat.OpenXml.Packaging.PartExtensionProvider.Register(String contentType, String extension)
[xUnit.net 00:00:08.47]            at DocumentFormat.OpenXml.Packaging.OpenXmlSupportedRelationshipExtensions.InitPart[TChild](OpenXmlPartContainer parent, TChild childPart, PartTypeInfo partType, String relId)
[xUnit.net 00:00:08.47]            at DocumentFormat.OpenXml.Packaging.OpenXmlSupportedRelationshipExtensions.AddImagePart[T](T parent, PartTypeInfo partType, String id)
[xUnit.net 00:00:08.47]         J:\repos\knilecrack\Open-Xml-PowerTools\OpenXmlPowerTools\HtmlToWmlConverterCore.cs(2317,0): at OpenXmlPowerTools.HtmlToWml.HtmlToWmlConverterCore.TransformImageToWml(XElement element, HtmlToWmlConverterSettings settings, WordprocessingDocument wDoc)
[xUnit.net 00:00:08.47]         J:\repos\knilecrack\Open-Xml-PowerTools\OpenXmlPowerTools\HtmlToWmlConverterCore.cs(924,0): at OpenXmlPowerTools.HtmlToWml.HtmlToWmlConverterCore.Transform(XNode node, HtmlToWmlConverterSettings settings, WordprocessingDocument wDoc, NextExpected nextExpected, Boolean preserveWhiteSpace)
[xUnit.net 00:00:08.47]         J:\repos\knilecrack\Open-Xml-PowerTools\OpenXmlPowerTools\HtmlToWmlConverterCore.cs(963,0): at OpenXmlPowerTools.HtmlToWml.HtmlToWmlConverterCore.<>c__DisplayClass20_0.<Transform>b__26(XNode n)
[xUnit.net 00:00:08.47]            at System.Linq.Enumerable.IEnumerableSelectIterator`2.MoveNext()
[xUnit.net 00:00:08.47]            at System.Xml.Linq.XContainer.AddContentSkipNotify(Object content)
[xUnit.net 00:00:08.47]         J:\repos\knilecrack\Open-Xml-PowerTools\OpenXmlPowerTools\HtmlToWmlConverterCore.cs(964,0): at OpenXmlPowerTools.HtmlToWml.HtmlToWmlConverterCore.Transform(XNode node, HtmlToWmlConverterSettings settings, WordprocessingDocument wDoc, NextExpected nextExpected, Boolean preserveWhiteSpace)
[xUnit.net 00:00:08.47]         J:\repos\knilecrack\Open-Xml-PowerTools\OpenXmlPowerTools\HtmlToWmlConverterCore.cs(2236,0): at OpenXmlPowerTools.HtmlToWml.HtmlToWmlConverterCore.<>c__DisplayClass36_0.<GenerateNextExpected>b__0(XNode n)
[xUnit.net 00:00:08.47]            at System.Linq.Enumerable.IEnumerableSelectIterator`2.MoveNext()
[xUnit.net 00:00:08.47]            at System.Xml.Linq.XContainer.AddContentSkipNotify(Object content)
[xUnit.net 00:00:08.47]            at System.Xml.Linq.XContainer.AddContentSkipNotify(Object content)
[xUnit.net 00:00:08.47]         J:\repos\knilecrack\Open-Xml-PowerTools\OpenXmlPowerTools\HtmlToWmlConverterCore.cs(2234,0): at OpenXmlPowerTools.HtmlToWml.HtmlToWmlConverterCore.GenerateNextExpected(XNode node, HtmlToWmlConverterSettings settings, WordprocessingDocument wDoc, String styleName, NextExpected nextExpected, Boolean preserveWhiteSpace)
[xUnit.net 00:00:08.47]         J:\repos\knilecrack\Open-Xml-PowerTools\OpenXmlPowerTools\HtmlToWmlConverterCore.cs(939,0): at OpenXmlPowerTools.HtmlToWml.HtmlToWmlConverterCore.Transform(XNode node, HtmlToWmlConverterSettings settings, WordprocessingDocument wDoc, NextExpected nextExpected, Boolean preserveWhiteSpace)
[xUnit.net 00:00:08.47]         J:\repos\knilecrack\Open-Xml-PowerTools\OpenXmlPowerTools\HtmlToWmlConverterCore.cs(858,0): at OpenXmlPowerTools.HtmlToWml.HtmlToWmlConverterCore.<>c__DisplayClass20_0.<Transform>b__3(XNode n)
[xUnit.net 00:00:08.47]            at System.Linq.Enumerable.IEnumerableSelectIterator`2.MoveNext()
[xUnit.net 00:00:08.47]            at System.Xml.Linq.XContainer.AddContentSkipNotify(Object content)
[xUnit.net 00:00:08.47]            at System.Xml.Linq.XContainer.AddContentSkipNotify(Object content)
[xUnit.net 00:00:08.47]            at System.Xml.Linq.XContainer.AddContentSkipNotify(Object content)
[xUnit.net 00:00:08.47]            at System.Xml.Linq.XContainer.AddContentSkipNotify(Object content)
[xUnit.net 00:00:08.47]         J:\repos\knilecrack\Open-Xml-PowerTools\OpenXmlPowerTools\HtmlToWmlConverterCore.cs(313,0): at OpenXmlPowerTools.HtmlToWml.HtmlToWmlConverterCore.UpdateMainDocumentPart(WordprocessingDocument wDoc, XElement html, HtmlToWmlConverterSettings settings)
[xUnit.net 00:00:08.47]         J:\repos\knilecrack\Open-Xml-PowerTools\OpenXmlPowerTools\HtmlToWmlConverterCore.cs(188,0): at OpenXmlPowerTools.HtmlToWml.HtmlToWmlConverterCore.ConvertHtmlToWml(String defaultCss, String authorCss, String userCss, XElement xhtml, HtmlToWmlConverterSettings settings, WmlDocument emptyDocument, String annotatedHtmlDumpFileName)
[xUnit.net 00:00:08.47]         J:\repos\knilecrack\Open-Xml-PowerTools\OpenXmlPowerTools\HtmlToWmlConverter.cs(60,0): at OpenXmlPowerTools.HtmlToWmlConverter.ConvertHtmlToWml(String defaultCss, String authorCss, String userCss, XElement xhtml, HtmlToWmlConverterSettings settings, WmlDocument emptyDocument, String annotatedHtmlDumpFileName)
[xUnit.net 00:00:08.47]         J:\repos\knilecrack\Open-Xml-PowerTools\OpenXmlPowerTools.Tests\HtmlToWmlConverterTests.cs(377,0): at OxPt.HwTests.HW001(String name)
[xUnit.net 00:00:08.47]            at InvokeStub_HwTests.HW001(Object, Span`1)
[xUnit.net 00:00:08.47]            at System.Reflection.MethodBaseInvoker.InvokeWithOneArg(Object obj, BindingFlags invokeAttr, Binder binder, Object[] parameters, CultureInfo culture)
  Passed OxPt.DaTests.DA101(name: "DA258-ContentAcceptsCharsAsXPathResult.docx", data: "DA-Data.xml", err: False) [91 ms]
  Passed OxPt.HcTests.HC001(name: "HC020-Small-Caps.docx") [41 ms]
  Failed OxPt.HwTests.HW001(name: "T1820.html") [106 ms]
  Error Message:
   System.ArgumentNullException : Value cannot be null. (Parameter 'contentType')
  Stack Trace:
     at DocumentFormat.OpenXml.Packaging.PartExtensionProvider.Register(String contentType, String extension)
   at DocumentFormat.OpenXml.Packaging.OpenXmlSupportedRelationshipExtensions.InitPart[TChild](OpenXmlPartContainer parent, TChild childPart, PartTypeInfo partType, String relId)
   at DocumentFormat.OpenXml.Packaging.OpenXmlSupportedRelationshipExtensions.AddImagePart[T](T parent, PartTypeInfo partType, String id)
   at OpenXmlPowerTools.HtmlToWml.HtmlToWmlConverterCore.TransformImageToWml(XElement element, HtmlToWmlConverterSettings settings, WordprocessingDocument wDoc) in J:\repos\knilecrack\Open-Xml-PowerTools\OpenXmlPowerTools\HtmlToWmlConverterCore.cs:line 2317
   at OpenXmlPowerTools.HtmlToWml.HtmlToWmlConverterCore.Transform(XNode node, HtmlToWmlConverterSettings settings, WordprocessingDocument wDoc, NextExpected nextExpected, Boolean preserveWhiteSpace) in J:\repos\knilecrack\Open-Xml-PowerTools\OpenXmlPowerTools\HtmlToWmlConverterCore.cs:line 924
   at OpenXmlPowerTools.HtmlToWml.HtmlToWmlConverterCore.<>c__DisplayClass20_0.<Transform>b__26(XNode n) in J:\repos\knilecrack\Open-Xml-PowerTools\OpenXmlPowerTools\HtmlToWmlConverterCore.cs:line 963
   at System.Linq.Enumerable.IEnumerableSelectIterator`2.MoveNext()
   at System.Xml.Linq.XContainer.AddContentSkipNotify(Object content)
   at OpenXmlPowerTools.HtmlToWml.HtmlToWmlConverterCore.Transform(XNode node, HtmlToWmlConverterSettings settings, WordprocessingDocument wDoc, NextExpected nextExpected, Boolean preserveWhiteSpace) in J:\repos\knilecrack\Open-Xml-PowerTools\OpenXmlPowerTools\HtmlToWmlConverterCore.cs:line 964
   at OpenXmlPowerTools.HtmlToWml.HtmlToWmlConverterCore.<>c__DisplayClass36_0.<GenerateNextExpected>b__0(XNode n) in J:\repos\knilecrack\Open-Xml-PowerTools\OpenXmlPowerTools\HtmlToWmlConverterCore.cs:line 2236
   at System.Linq.Enumerable.IEnumerableSelectIterator`2.MoveNext()
   at System.Xml.Linq.XContainer.AddContentSkipNotify(Object content)
   at System.Xml.Linq.XContainer.AddContentSkipNotify(Object content)
   at OpenXmlPowerTools.HtmlToWml.HtmlToWmlConverterCore.GenerateNextExpected(XNode node, HtmlToWmlConverterSettings settings, WordprocessingDocument wDoc, String styleName, NextExpected nextExpected, Boolean preserveWhiteSpace) in J:\repos\knilecrack\Open-Xml-PowerTools\OpenXmlPowerTools\HtmlToWmlConverterCore.cs:line 2234
   at OpenXmlPowerTools.HtmlToWml.HtmlToWmlConverterCore.Transform(XNode node, HtmlToWmlConverterSettings settings, WordprocessingDocument wDoc, NextExpected nextExpected, Boolean preserveWhiteSpace) in J:\repos\knilecrack\Open-Xml-PowerTools\OpenXmlPowerTools\HtmlToWmlConverterCore.cs:line 939
   at OpenXmlPowerTools.HtmlToWml.HtmlToWmlConverterCore.<>c__DisplayClass20_0.<Transform>b__3(XNode n) in J:\repos\knilecrack\Open-Xml-PowerTools\OpenXmlPowerTools\HtmlToWmlConverterCore.cs:line 858
   at System.Linq.Enumerable.IEnumerableSelectIterator`2.MoveNext()
   at System.Xml.Linq.XContainer.AddContentSkipNotify(Object content)
   at System.Xml.Linq.XContainer.AddContentSkipNotify(Object content)
   at System.Xml.Linq.XContainer.AddContentSkipNotify(Object content)
   at System.Xml.Linq.XContainer.AddContentSkipNotify(Object content)
   at OpenXmlPowerTools.HtmlToWml.HtmlToWmlConverterCore.UpdateMainDocumentPart(WordprocessingDocument wDoc, XElement html, HtmlToWmlConverterSettings settings) in J:\repos\knilecrack\Open-Xml-PowerTools\OpenXmlPowerTools\HtmlToWmlConverterCore.cs:line 313
   at OpenXmlPowerTools.HtmlToWml.HtmlToWmlConverterCore.ConvertHtmlToWml(String defaultCss, String authorCss, String userCss, XElement xhtml, HtmlToWmlConverterSettings settings, WmlDocument emptyDocument, String annotatedHtmlDumpFileName) in J:\repos\knilecrack\Open-Xml-PowerTools\OpenXmlPowerTools\HtmlToWmlConverterCore.cs:line 188
   at OpenXmlPowerTools.HtmlToWmlConverter.ConvertHtmlToWml(String defaultCss, String authorCss, String userCss, XElement xhtml, HtmlToWmlConverterSettings settings, WmlDocument emptyDocument, String annotatedHtmlDumpFileName) in J:\repos\knilecrack\Open-Xml-PowerTools\OpenXmlPowerTools\HtmlToWmlConverter.cs:line 60
   at OxPt.HwTests.HW001(String name) in J:\repos\knilecrack\Open-Xml-PowerTools\OpenXmlPowerTools.Tests\HtmlToWmlConverterTests.cs:line 377
   at InvokeStub_HwTests.HW001(Object, Span`1)
   at System.Reflection.MethodBaseInvoker.InvokeWithOneArg(Object obj, BindingFlags invokeAttr, Binder binder, Object[] parameters, CultureInfo culture)
  Passed OxPt.HcTests.HC001(name: "HC039-Bold.docx") [31 ms]
  Passed OxPt.HwTests.HW001(name: "T0968.html") [50 ms]
  Passed OxPt.DaTests.DA101(name: "DA006-SelectTestValue-NoData.docx", data: "DA-Data.xml", err: True) [68 ms]
  Passed OxPt.HwTests.HW001(name: "T0140.html") [58 ms]
  Passed OxPt.RpTests.RP001(name: "RP/RP035-Inserted-Cells.docx") [539 ms]
  Passed OxPt.DaTests.DA101(name: "DA252-Table-With-Sum.docx", data: "DA-Data.xml", err: False) [87 ms]
  Passed OxPt.HwTests.HW001(name: "T1270.html") [54 ms]
  Passed OxPt.DaTests.DA101(name: "DA003-Select-XPathFindsNoData.docx", data: "DA-Data.xml", err: True) [53 ms]
  Passed OxPt.HwTests.HW001(name: "T0190.html") [41 ms]
  Passed OxPt.HwTests.HW001(name: "T0791.html") [56 ms]
  Passed OxPt.DaTests.DA101(name: "DA253-Table-With-Sum-Run-Level-CC.docx", data: "DA-Data.xml", err: False) [80 ms]
  Passed OxPt.HwTests.HW001(name: "T0640.html") [77 ms]
  Passed OxPt.DaTests.DA101(name: "DA221-NestedRepeat.docx", data: "DA-DataNestedRepeat.xml", err: False) [78 ms]
  Passed OxPt.HcTests.HC001(name: "HC003-Hebrew-02.docx") [337 ms]
  Passed OxPt.HcTests.HC001(name: "HC021-Symbols.docx") [34 ms]
  Passed OxPt.DaTests.DA101(name: "DA008-TableElementWithNoTable.docx", data: "DA-Data.xml", err: True) [62 ms]
  Passed OxPt.HwTests.HW001(name: "T0900.html") [92 ms]
  Passed OxPt.DaTests.DA101(name: "DA266-RunLevelRepeat-NoData.docx", data: "DA-Data.xml", err: True) [66 ms]
[xUnit.net 00:00:08.99]       System.ArgumentNullException : Value cannot be null. (Parameter 'contentType')
[xUnit.net 00:00:08.99]       Stack Trace:
[xUnit.net 00:00:08.99]            at DocumentFormat.OpenXml.Packaging.PartExtensionProvider.Register(String contentType, String extension)
[xUnit.net 00:00:08.99]            at DocumentFormat.OpenXml.Packaging.OpenXmlSupportedRelationshipExtensions.InitPart[TChild](OpenXmlPartContainer parent, TChild childPart, PartTypeInfo partType, String relId)
[xUnit.net 00:00:08.99]            at DocumentFormat.OpenXml.Packaging.OpenXmlSupportedRelationshipExtensions.AddImagePart[T](T parent, PartTypeInfo partType, String id)
[xUnit.net 00:00:08.99]         J:\repos\knilecrack\Open-Xml-PowerTools\OpenXmlPowerTools\HtmlToWmlConverterCore.cs(2317,0): at OpenXmlPowerTools.HtmlToWml.HtmlToWmlConverterCore.TransformImageToWml(XElement element, HtmlToWmlConverterSettings settings, WordprocessingDocument wDoc)
[xUnit.net 00:00:08.99]         J:\repos\knilecrack\Open-Xml-PowerTools\OpenXmlPowerTools\HtmlToWmlConverterCore.cs(924,0): at OpenXmlPowerTools.HtmlToWml.HtmlToWmlConverterCore.Transform(XNode node, HtmlToWmlConverterSettings settings, WordprocessingDocument wDoc, NextExpected nextExpected, Boolean preserveWhiteSpace)
[xUnit.net 00:00:08.99]         J:\repos\knilecrack\Open-Xml-PowerTools\OpenXmlPowerTools\HtmlToWmlConverterCore.cs(2236,0): at OpenXmlPowerTools.HtmlToWml.HtmlToWmlConverterCore.<>c__DisplayClass36_0.<GenerateNextExpected>b__0(XNode n)
[xUnit.net 00:00:08.99]            at System.Linq.Enumerable.IEnumerableSelectIterator`2.MoveNext()
[xUnit.net 00:00:08.99]            at System.Xml.Linq.XContainer.AddContentSkipNotify(Object content)
[xUnit.net 00:00:08.99]            at System.Xml.Linq.XContainer.AddContentSkipNotify(Object content)
[xUnit.net 00:00:08.99]         J:\repos\knilecrack\Open-Xml-PowerTools\OpenXmlPowerTools\HtmlToWmlConverterCore.cs(2234,0): at OpenXmlPowerTools.HtmlToWml.HtmlToWmlConverterCore.GenerateNextExpected(XNode node, HtmlToWmlConverterSettings settings, WordprocessingDocument wDoc, String styleName, NextExpected nextExpected, Boolean preserveWhiteSpace)
[xUnit.net 00:00:08.99]         J:\repos\knilecrack\Open-Xml-PowerTools\OpenXmlPowerTools\HtmlToWmlConverterCore.cs(939,0): at OpenXmlPowerTools.HtmlToWml.HtmlToWmlConverterCore.Transform(XNode node, HtmlToWmlConverterSettings settings, WordprocessingDocument wDoc, NextExpected nextExpected, Boolean preserveWhiteSpace)
[xUnit.net 00:00:09.00]         J:\repos\knilecrack\Open-Xml-PowerTools\OpenXmlPowerTools\HtmlToWmlConverterCore.cs(838,0): at OpenXmlPowerTools.HtmlToWml.HtmlToWmlConverterCore.<>c__DisplayClass20_0.<Transform>b__1(XNode n)
[xUnit.net 00:00:09.01]            at System.Linq.Enumerable.IEnumerableSelectIterator`2.MoveNext()
[xUnit.net 00:00:09.01]            at System.Xml.Linq.XContainer.AddContentSkipNotify(Object content)
[xUnit.net 00:00:09.01]            at System.Xml.Linq.XContainer.AddContentSkipNotify(Object content)
[xUnit.net 00:00:09.01]            at System.Xml.Linq.XContainer.AddContentSkipNotify(Object content)
[xUnit.net 00:00:09.01]         J:\repos\knilecrack\Open-Xml-PowerTools\OpenXmlPowerTools\HtmlToWmlConverterCore.cs(313,0): at OpenXmlPowerTools.HtmlToWml.HtmlToWmlConverterCore.UpdateMainDocumentPart(WordprocessingDocument wDoc, XElement html, HtmlToWmlConverterSettings settings)
[xUnit.net 00:00:09.01]         J:\repos\knilecrack\Open-Xml-PowerTools\OpenXmlPowerTools\HtmlToWmlConverterCore.cs(188,0): at OpenXmlPowerTools.HtmlToWml.HtmlToWmlConverterCore.ConvertHtmlToWml(String defaultCss, String authorCss, String userCss, XElement xhtml, HtmlToWmlConverterSettings settings, WmlDocument emptyDocument, String annotatedHtmlDumpFileName)
[xUnit.net 00:00:09.01]         J:\repos\knilecrack\Open-Xml-PowerTools\OpenXmlPowerTools\HtmlToWmlConverter.cs(60,0): at OpenXmlPowerTools.HtmlToWmlConverter.ConvertHtmlToWml(String defaultCss, String authorCss, String userCss, XElement xhtml, HtmlToWmlConverterSettings settings, WmlDocument emptyDocument, String annotatedHtmlDumpFileName)
[xUnit.net 00:00:09.01]         J:\repos\knilecrack\Open-Xml-PowerTools\OpenXmlPowerTools.Tests\HtmlToWmlConverterTests.cs(377,0): at OxPt.HwTests.HW001(String name)
[xUnit.net 00:00:09.01]            at InvokeStub_HwTests.HW001(Object, Span`1)
[xUnit.net 00:00:09.01]            at System.Reflection.MethodBaseInvoker.InvokeWithOneArg(Object obj, BindingFlags invokeAttr, Binder binder, Object[] parameters, CultureInfo culture)
  Passed OxPt.WcTests.WC004_Compare_To_Self(testId: "WCS-1540", name: "WC/WC021-Math-After-1.docx") [601 ms]
  Failed OxPt.HwTests.HW001(name: "T0925.html") [95 ms]
  Error Message:
   System.ArgumentNullException : Value cannot be null. (Parameter 'contentType')
  Stack Trace:
     at DocumentFormat.OpenXml.Packaging.PartExtensionProvider.Register(String contentType, String extension)
   at DocumentFormat.OpenXml.Packaging.OpenXmlSupportedRelationshipExtensions.InitPart[TChild](OpenXmlPartContainer parent, TChild childPart, PartTypeInfo partType, String relId)
   at DocumentFormat.OpenXml.Packaging.OpenXmlSupportedRelationshipExtensions.AddImagePart[T](T parent, PartTypeInfo partType, String id)
   at OpenXmlPowerTools.HtmlToWml.HtmlToWmlConverterCore.TransformImageToWml(XElement element, HtmlToWmlConverterSettings settings, WordprocessingDocument wDoc) in J:\repos\knilecrack\Open-Xml-PowerTools\OpenXmlPowerTools\HtmlToWmlConverterCore.cs:line 2317
   at OpenXmlPowerTools.HtmlToWml.HtmlToWmlConverterCore.Transform(XNode node, HtmlToWmlConverterSettings settings, WordprocessingDocument wDoc, NextExpected nextExpected, Boolean preserveWhiteSpace) in J:\repos\knilecrack\Open-Xml-PowerTools\OpenXmlPowerTools\HtmlToWmlConverterCore.cs:line 924
   at OpenXmlPowerTools.HtmlToWml.HtmlToWmlConverterCore.<>c__DisplayClass36_0.<GenerateNextExpected>b__0(XNode n) in J:\repos\knilecrack\Open-Xml-PowerTools\OpenXmlPowerTools\HtmlToWmlConverterCore.cs:line 2236
   at System.Linq.Enumerable.IEnumerableSelectIterator`2.MoveNext()
   at System.Xml.Linq.XContainer.AddContentSkipNotify(Object content)
   at System.Xml.Linq.XContainer.AddContentSkipNotify(Object content)
   at OpenXmlPowerTools.HtmlToWml.HtmlToWmlConverterCore.GenerateNextExpected(XNode node, HtmlToWmlConverterSettings settings, WordprocessingDocument wDoc, String styleName, NextExpected nextExpected, Boolean preserveWhiteSpace) in J:\repos\knilecrack\Open-Xml-PowerTools\OpenXmlPowerTools\HtmlToWmlConverterCore.cs:line 2234
   at OpenXmlPowerTools.HtmlToWml.HtmlToWmlConverterCore.Transform(XNode node, HtmlToWmlConverterSettings settings, WordprocessingDocument wDoc, NextExpected nextExpected, Boolean preserveWhiteSpace) in J:\repos\knilecrack\Open-Xml-PowerTools\OpenXmlPowerTools\HtmlToWmlConverterCore.cs:line 939
   at OpenXmlPowerTools.HtmlToWml.HtmlToWmlConverterCore.<>c__DisplayClass20_0.<Transform>b__1(XNode n) in J:\repos\knilecrack\Open-Xml-PowerTools\OpenXmlPowerTools\HtmlToWmlConverterCore.cs:line 838
   at System.Linq.Enumerable.IEnumerableSelectIterator`2.MoveNext()
   at System.Xml.Linq.XContainer.AddContentSkipNotify(Object content)
   at System.Xml.Linq.XContainer.AddContentSkipNotify(Object content)
   at System.Xml.Linq.XContainer.AddContentSkipNotify(Object content)
   at OpenXmlPowerTools.HtmlToWml.HtmlToWmlConverterCore.UpdateMainDocumentPart(WordprocessingDocument wDoc, XElement html, HtmlToWmlConverterSettings settings) in J:\repos\knilecrack\Open-Xml-PowerTools\OpenXmlPowerTools\HtmlToWmlConverterCore.cs:line 313
   at OpenXmlPowerTools.HtmlToWml.HtmlToWmlConverterCore.ConvertHtmlToWml(String defaultCss, String authorCss, String userCss, XElement xhtml, HtmlToWmlConverterSettings settings, WmlDocument emptyDocument, String annotatedHtmlDumpFileName) in J:\repos\knilecrack\Open-Xml-PowerTools\OpenXmlPowerTools\HtmlToWmlConverterCore.cs:line 188
   at OpenXmlPowerTools.HtmlToWmlConverter.ConvertHtmlToWml(String defaultCss, String authorCss, String userCss, XElement xhtml, HtmlToWmlConverterSettings settings, WmlDocument emptyDocument, String annotatedHtmlDumpFileName) in J:\repos\knilecrack\Open-Xml-PowerTools\OpenXmlPowerTools\HtmlToWmlConverter.cs:line 60
   at OxPt.HwTests.HW001(String name) in J:\repos\knilecrack\Open-Xml-PowerTools\OpenXmlPowerTools.Tests\HtmlToWmlConverterTests.cs:line 377
   at InvokeStub_HwTests.HW001(Object, Span`1)
   at System.Reflection.MethodBaseInvoker.InvokeWithOneArg(Object obj, BindingFlags invokeAttr, Binder binder, Object[] parameters, CultureInfo culture)
  Passed OxPt.RpTests.RP001(name: "RP/RP010-Inserted-Table-Row.docx") [407 ms]
  Passed OxPt.DaTests.DA101(name: "DA206-SelectTestValue-NoData.docx", data: "DA-Data.xml", err: True) [75 ms]
  Passed OxPt.HwTests.HW001(name: "T0590.html") [53 ms]
  Passed OxPt.HwTests.HW001(name: "T0420.html") [73 ms]
  Passed OxPt.DaTests.DA101(name: "DA201-TemplateDocument.docx", data: "DA-Data.xml", err: False) [106 ms]
  Passed OxPt.HcTests.HC001(name: "HC014-RTL-Table-01.docx") [298 ms]
  Passed OxPt.HcTests.HC001(name: "HC037-Sub-Script.docx") [34 ms]
  Passed OxPt.DaTests.DA101(name: "DA023-RepeatWOEndRepeat.docx", data: "DA-Data.xml", err: True) [60 ms]
  Passed OxPt.HcTests.HC001(name: "HC028-No-Break-Hyphen.docx") [30 ms]
  Passed OxPt.DaTests.DA101(name: "DA226-InvalidRootXmlElement.docx", data: "DA-Data.xml", err: True) [60 ms]
  Passed OxPt.HwTests.HW001(name: "T1620.html") [147 ms]
[xUnit.net 00:00:09.50]       System.ArgumentNullException : Value cannot be null. (Parameter 'contentType')
[xUnit.net 00:00:09.50]       Stack Trace:
[xUnit.net 00:00:09.50]            at DocumentFormat.OpenXml.Packaging.PartExtensionProvider.Register(String contentType, String extension)
[xUnit.net 00:00:09.50]            at DocumentFormat.OpenXml.Packaging.OpenXmlSupportedRelationshipExtensions.InitPart[TChild](OpenXmlPartContainer parent, TChild childPart, PartTypeInfo partType, String relId)
[xUnit.net 00:00:09.50]            at DocumentFormat.OpenXml.Packaging.OpenXmlSupportedRelationshipExtensions.AddImagePart[T](T parent, PartTypeInfo partType, String id)
[xUnit.net 00:00:09.50]         J:\repos\knilecrack\Open-Xml-PowerTools\OpenXmlPowerTools\HtmlToWmlConverterCore.cs(2317,0): at OpenXmlPowerTools.HtmlToWml.HtmlToWmlConverterCore.TransformImageToWml(XElement element, HtmlToWmlConverterSettings settings, WordprocessingDocument wDoc)
[xUnit.net 00:00:09.50]         J:\repos\knilecrack\Open-Xml-PowerTools\OpenXmlPowerTools\HtmlToWmlConverterCore.cs(924,0): at OpenXmlPowerTools.HtmlToWml.HtmlToWmlConverterCore.Transform(XNode node, HtmlToWmlConverterSettings settings, WordprocessingDocument wDoc, NextExpected nextExpected, Boolean preserveWhiteSpace)
[xUnit.net 00:00:09.50]         J:\repos\knilecrack\Open-Xml-PowerTools\OpenXmlPowerTools\HtmlToWmlConverterCore.cs(963,0): at OpenXmlPowerTools.HtmlToWml.HtmlToWmlConverterCore.<>c__DisplayClass20_0.<Transform>b__26(XNode n)
[xUnit.net 00:00:09.50]            at System.Linq.Enumerable.IEnumerableSelectIterator`2.MoveNext()
[xUnit.net 00:00:09.50]            at System.Xml.Linq.XContainer.AddContentSkipNotify(Object content)
[xUnit.net 00:00:09.50]         J:\repos\knilecrack\Open-Xml-PowerTools\OpenXmlPowerTools\HtmlToWmlConverterCore.cs(964,0): at OpenXmlPowerTools.HtmlToWml.HtmlToWmlConverterCore.Transform(XNode node, HtmlToWmlConverterSettings settings, WordprocessingDocument wDoc, NextExpected nextExpected, Boolean preserveWhiteSpace)
[xUnit.net 00:00:09.50]         J:\repos\knilecrack\Open-Xml-PowerTools\OpenXmlPowerTools\HtmlToWmlConverterCore.cs(2236,0): at OpenXmlPowerTools.HtmlToWml.HtmlToWmlConverterCore.<>c__DisplayClass36_0.<GenerateNextExpected>b__0(XNode n)
[xUnit.net 00:00:09.50]            at System.Linq.Enumerable.IEnumerableSelectIterator`2.MoveNext()
[xUnit.net 00:00:09.50]            at System.Xml.Linq.XContainer.AddContentSkipNotify(Object content)
[xUnit.net 00:00:09.50]            at System.Xml.Linq.XContainer.AddContentSkipNotify(Object content)
[xUnit.net 00:00:09.50]         J:\repos\knilecrack\Open-Xml-PowerTools\OpenXmlPowerTools\HtmlToWmlConverterCore.cs(2234,0): at OpenXmlPowerTools.HtmlToWml.HtmlToWmlConverterCore.GenerateNextExpected(XNode node, HtmlToWmlConverterSettings settings, WordprocessingDocument wDoc, String styleName, NextExpected nextExpected, Boolean preserveWhiteSpace)
[xUnit.net 00:00:09.50]         J:\repos\knilecrack\Open-Xml-PowerTools\OpenXmlPowerTools\HtmlToWmlConverterCore.cs(939,0): at OpenXmlPowerTools.HtmlToWml.HtmlToWmlConverterCore.Transform(XNode node, HtmlToWmlConverterSettings settings, WordprocessingDocument wDoc, NextExpected nextExpected, Boolean preserveWhiteSpace)
[xUnit.net 00:00:09.50]         J:\repos\knilecrack\Open-Xml-PowerTools\OpenXmlPowerTools\HtmlToWmlConverterCore.cs(1031,0): at OpenXmlPowerTools.HtmlToWml.HtmlToWmlConverterCore.<>c__DisplayClass20_0.<Transform>b__30(XNode n)
[xUnit.net 00:00:09.50]            at System.Linq.Enumerable.IEnumerableSelectIterator`2.MoveNext()
[xUnit.net 00:00:09.50]            at System.Xml.Linq.XContainer.AddContentSkipNotify(Object content)
[xUnit.net 00:00:09.50]         J:\repos\knilecrack\Open-Xml-PowerTools\OpenXmlPowerTools\HtmlToWmlConverterCore.cs(1031,0): at OpenXmlPowerTools.HtmlToWml.HtmlToWmlConverterCore.Transform(XNode node, HtmlToWmlConverterSettings settings, WordprocessingDocument wDoc, NextExpected nextExpected, Boolean preserveWhiteSpace)
[xUnit.net 00:00:09.50]         J:\repos\knilecrack\Open-Xml-PowerTools\OpenXmlPowerTools\HtmlToWmlConverterCore.cs(1070,0): at OpenXmlPowerTools.HtmlToWml.HtmlToWmlConverterCore.<>c__DisplayClass20_0.<Transform>b__17(XNode n)
[xUnit.net 00:00:09.50]            at System.Linq.Enumerable.IEnumerableSelectIterator`2.MoveNext()
[xUnit.net 00:00:09.50]            at System.Xml.Linq.XContainer.AddContentSkipNotify(Object content)
[xUnit.net 00:00:09.50]            at System.Xml.Linq.XContainer.AddContentSkipNotify(Object content)
[xUnit.net 00:00:09.50]         J:\repos\knilecrack\Open-Xml-PowerTools\OpenXmlPowerTools\HtmlToWmlConverterCore.cs(1068,0): at OpenXmlPowerTools.HtmlToWml.HtmlToWmlConverterCore.Transform(XNode node, HtmlToWmlConverterSettings settings, WordprocessingDocument wDoc, NextExpected nextExpected, Boolean preserveWhiteSpace)
[xUnit.net 00:00:09.50]         J:\repos\knilecrack\Open-Xml-PowerTools\OpenXmlPowerTools\HtmlToWmlConverterCore.cs(1018,0): at OpenXmlPowerTools.HtmlToWml.HtmlToWmlConverterCore.<>c__DisplayClass20_0.<Transform>b__27(XNode n)
[xUnit.net 00:00:09.50]            at System.Linq.Enumerable.IEnumerableSelectIterator`2.MoveNext()
[xUnit.net 00:00:09.50]            at System.Xml.Linq.XContainer.AddContentSkipNotify(Object content)
[xUnit.net 00:00:09.50]            at System.Xml.Linq.XContainer.AddContentSkipNotify(Object content)
[xUnit.net 00:00:09.50]         J:\repos\knilecrack\Open-Xml-PowerTools\OpenXmlPowerTools\HtmlToWmlConverterCore.cs(1015,0): at OpenXmlPowerTools.HtmlToWml.HtmlToWmlConverterCore.Transform(XNode node, HtmlToWmlConverterSettings settings, WordprocessingDocument wDoc, NextExpected nextExpected, Boolean preserveWhiteSpace)
[xUnit.net 00:00:09.50]         J:\repos\knilecrack\Open-Xml-PowerTools\OpenXmlPowerTools\HtmlToWmlConverterCore.cs(858,0): at OpenXmlPowerTools.HtmlToWml.HtmlToWmlConverterCore.<>c__DisplayClass20_0.<Transform>b__3(XNode n)
[xUnit.net 00:00:09.50]            at System.Linq.Enumerable.IEnumerableSelectIterator`2.MoveNext()
[xUnit.net 00:00:09.50]            at System.Xml.Linq.XContainer.AddContentSkipNotify(Object content)
[xUnit.net 00:00:09.50]            at System.Xml.Linq.XContainer.AddContentSkipNotify(Object content)
[xUnit.net 00:00:09.50]            at System.Xml.Linq.XContainer.AddContentSkipNotify(Object content)
[xUnit.net 00:00:09.50]            at System.Xml.Linq.XContainer.AddContentSkipNotify(Object content)
[xUnit.net 00:00:09.50]            at System.Xml.Linq.XContainer.AddContentSkipNotify(Object content)
[xUnit.net 00:00:09.50]         J:\repos\knilecrack\Open-Xml-PowerTools\OpenXmlPowerTools\HtmlToWmlConverterCore.cs(313,0): at OpenXmlPowerTools.HtmlToWml.HtmlToWmlConverterCore.UpdateMainDocumentPart(WordprocessingDocument wDoc, XElement html, HtmlToWmlConverterSettings settings)
[xUnit.net 00:00:09.50]         J:\repos\knilecrack\Open-Xml-PowerTools\OpenXmlPowerTools\HtmlToWmlConverterCore.cs(188,0): at OpenXmlPowerTools.HtmlToWml.HtmlToWmlConverterCore.ConvertHtmlToWml(String defaultCss, String authorCss, String userCss, XElement xhtml, HtmlToWmlConverterSettings settings, WmlDocument emptyDocument, String annotatedHtmlDumpFileName)
[xUnit.net 00:00:09.50]         J:\repos\knilecrack\Open-Xml-PowerTools\OpenXmlPowerTools\HtmlToWmlConverter.cs(60,0): at OpenXmlPowerTools.HtmlToWmlConverter.ConvertHtmlToWml(String defaultCss, String authorCss, String userCss, XElement xhtml, HtmlToWmlConverterSettings settings, WmlDocument emptyDocument, String annotatedHtmlDumpFileName)
[xUnit.net 00:00:09.50]         J:\repos\knilecrack\Open-Xml-PowerTools\OpenXmlPowerTools.Tests\HtmlToWmlConverterTests.cs(377,0): at OxPt.HwTests.HW001(String name)
[xUnit.net 00:00:09.50]            at InvokeStub_HwTests.HW001(Object, Span`1)
[xUnit.net 00:00:09.50]            at System.Reflection.MethodBaseInvoker.InvokeWithOneArg(Object obj, BindingFlags invokeAttr, Binder binder, Object[] parameters, CultureInfo culture)
  Passed OxPt.HcTests.HC001(name: "HC041-Hyperlink-Fieldcode-02.docx") [60 ms]
  Passed OxPt.DbTests.DB009_ImportIntoHeadersFooters(testId: "DB009-00030", src: "DB/HeadersFooters/Src/Letterhead-with-Watermark.do"···, dest: "DB/HeadersFooters/Dest/Fax.docx", insertId: "Templafy") [1 s]
  Passed OxPt.DaTests.DA101(name: "DA233-ConditionalOnAttribute.docx", data: "DA-ConditionalOnAttribute.xml", err: False) [85 ms]
  Passed OxPt.DaTests.DA101(name: "DA254-Table-With-XPath-Sum.docx", data: "DA-Data.xml", err: False) [90 ms]
  Passed OxPt.WcTests.WC004_Compare_To_Self(testId: "WCS-1490", name: "WC/WC019-Hyperlink-After-2.docx") [481 ms]
  Failed OxPt.HwTests.HW001(name: "T1840.html") [230 ms]
  Error Message:
   System.ArgumentNullException : Value cannot be null. (Parameter 'contentType')
  Stack Trace:
     at DocumentFormat.OpenXml.Packaging.PartExtensionProvider.Register(String contentType, String extension)
   at DocumentFormat.OpenXml.Packaging.OpenXmlSupportedRelationshipExtensions.InitPart[TChild](OpenXmlPartContainer parent, TChild childPart, PartTypeInfo partType, String relId)
   at DocumentFormat.OpenXml.Packaging.OpenXmlSupportedRelationshipExtensions.AddImagePart[T](T parent, PartTypeInfo partType, String id)
   at OpenXmlPowerTools.HtmlToWml.HtmlToWmlConverterCore.TransformImageToWml(XElement element, HtmlToWmlConverterSettings settings, WordprocessingDocument wDoc) in J:\repos\knilecrack\Open-Xml-PowerTools\OpenXmlPowerTools\HtmlToWmlConverterCore.cs:line 2317
   at OpenXmlPowerTools.HtmlToWml.HtmlToWmlConverterCore.Transform(XNode node, HtmlToWmlConverterSettings settings, WordprocessingDocument wDoc, NextExpected nextExpected, Boolean preserveWhiteSpace) in J:\repos\knilecrack\Open-Xml-PowerTools\OpenXmlPowerTools\HtmlToWmlConverterCore.cs:line 924
   at OpenXmlPowerTools.HtmlToWml.HtmlToWmlConverterCore.<>c__DisplayClass20_0.<Transform>b__26(XNode n) in J:\repos\knilecrack\Open-Xml-PowerTools\OpenXmlPowerTools\HtmlToWmlConverterCore.cs:line 963
   at System.Linq.Enumerable.IEnumerableSelectIterator`2.MoveNext()
   at System.Xml.Linq.XContainer.AddContentSkipNotify(Object content)
   at OpenXmlPowerTools.HtmlToWml.HtmlToWmlConverterCore.Transform(XNode node, HtmlToWmlConverterSettings settings, WordprocessingDocument wDoc, NextExpected nextExpected, Boolean preserveWhiteSpace) in J:\repos\knilecrack\Open-Xml-PowerTools\OpenXmlPowerTools\HtmlToWmlConverterCore.cs:line 964
   at OpenXmlPowerTools.HtmlToWml.HtmlToWmlConverterCore.<>c__DisplayClass36_0.<GenerateNextExpected>b__0(XNode n) in J:\repos\knilecrack\Open-Xml-PowerTools\OpenXmlPowerTools\HtmlToWmlConverterCore.cs:line 2236
   at System.Linq.Enumerable.IEnumerableSelectIterator`2.MoveNext()
   at System.Xml.Linq.XContainer.AddContentSkipNotify(Object content)
   at System.Xml.Linq.XContainer.AddContentSkipNotify(Object content)
   at OpenXmlPowerTools.HtmlToWml.HtmlToWmlConverterCore.GenerateNextExpected(XNode node, HtmlToWmlConverterSettings settings, WordprocessingDocument wDoc, String styleName, NextExpected nextExpected, Boolean preserveWhiteSpace) in J:\repos\knilecrack\Open-Xml-PowerTools\OpenXmlPowerTools\HtmlToWmlConverterCore.cs:line 2234
   at OpenXmlPowerTools.HtmlToWml.HtmlToWmlConverterCore.Transform(XNode node, HtmlToWmlConverterSettings settings, WordprocessingDocument wDoc, NextExpected nextExpected, Boolean preserveWhiteSpace) in J:\repos\knilecrack\Open-Xml-PowerTools\OpenXmlPowerTools\HtmlToWmlConverterCore.cs:line 939
   at OpenXmlPowerTools.HtmlToWml.HtmlToWmlConverterCore.<>c__DisplayClass20_0.<Transform>b__30(XNode n) in J:\repos\knilecrack\Open-Xml-PowerTools\OpenXmlPowerTools\HtmlToWmlConverterCore.cs:line 1031
   at System.Linq.Enumerable.IEnumerableSelectIterator`2.MoveNext()
   at System.Xml.Linq.XContainer.AddContentSkipNotify(Object content)
   at OpenXmlPowerTools.HtmlToWml.HtmlToWmlConverterCore.Transform(XNode node, HtmlToWmlConverterSettings settings, WordprocessingDocument wDoc, NextExpected nextExpected, Boolean preserveWhiteSpace) in J:\repos\knilecrack\Open-Xml-PowerTools\OpenXmlPowerTools\HtmlToWmlConverterCore.cs:line 1031
   at OpenXmlPowerTools.HtmlToWml.HtmlToWmlConverterCore.<>c__DisplayClass20_0.<Transform>b__17(XNode n) in J:\repos\knilecrack\Open-Xml-PowerTools\OpenXmlPowerTools\HtmlToWmlConverterCore.cs:line 1070
   at System.Linq.Enumerable.IEnumerableSelectIterator`2.MoveNext()
   at System.Xml.Linq.XContainer.AddContentSkipNotify(Object content)
   at System.Xml.Linq.XContainer.AddContentSkipNotify(Object content)
   at OpenXmlPowerTools.HtmlToWml.HtmlToWmlConverterCore.Transform(XNode node, HtmlToWmlConverterSettings settings, WordprocessingDocument wDoc, NextExpected nextExpected, Boolean preserveWhiteSpace) in J:\repos\knilecrack\Open-Xml-PowerTools\OpenXmlPowerTools\HtmlToWmlConverterCore.cs:line 1068
   at OpenXmlPowerTools.HtmlToWml.HtmlToWmlConverterCore.<>c__DisplayClass20_0.<Transform>b__27(XNode n) in J:\repos\knilecrack\Open-Xml-PowerTools\OpenXmlPowerTools\HtmlToWmlConverterCore.cs:line 1018
   at System.Linq.Enumerable.IEnumerableSelectIterator`2.MoveNext()
   at System.Xml.Linq.XContainer.AddContentSkipNotify(Object content)
   at System.Xml.Linq.XContainer.AddContentSkipNotify(Object content)
   at OpenXmlPowerTools.HtmlToWml.HtmlToWmlConverterCore.Transform(XNode node, HtmlToWmlConverterSettings settings, WordprocessingDocument wDoc, NextExpected nextExpected, Boolean preserveWhiteSpace) in J:\repos\knilecrack\Open-Xml-PowerTools\OpenXmlPowerTools\HtmlToWmlConverterCore.cs:line 1015
   at OpenXmlPowerTools.HtmlToWml.HtmlToWmlConverterCore.<>c__DisplayClass20_0.<Transform>b__3(XNode n) in J:\repos\knilecrack\Open-Xml-PowerTools\OpenXmlPowerTools\HtmlToWmlConverterCore.cs:line 858
   at System.Linq.Enumerable.IEnumerableSelectIterator`2.MoveNext()
   at System.Xml.Linq.XContainer.AddContentSkipNotify(Object content)
   at System.Xml.Linq.XContainer.AddContentSkipNotify(Object content)
   at System.Xml.Linq.XContainer.AddContentSkipNotify(Object content)
   at System.Xml.Linq.XContainer.AddContentSkipNotify(Object content)
   at System.Xml.Linq.XContainer.AddContentSkipNotify(Object content)
   at OpenXmlPowerTools.HtmlToWml.HtmlToWmlConverterCore.UpdateMainDocumentPart(WordprocessingDocument wDoc, XElement html, HtmlToWmlConverterSettings settings) in J:\repos\knilecrack\Open-Xml-PowerTools\OpenXmlPowerTools\HtmlToWmlConverterCore.cs:line 313
   at OpenXmlPowerTools.HtmlToWml.HtmlToWmlConverterCore.ConvertHtmlToWml(String defaultCss, String authorCss, String userCss, XElement xhtml, HtmlToWmlConverterSettings settings, WmlDocument emptyDocument, String annotatedHtmlDumpFileName) in J:\repos\knilecrack\Open-Xml-PowerTools\OpenXmlPowerTools\HtmlToWmlConverterCore.cs:line 188
   at OpenXmlPowerTools.HtmlToWmlConverter.ConvertHtmlToWml(String defaultCss, String authorCss, String userCss, XElement xhtml, HtmlToWmlConverterSettings settings, WmlDocument emptyDocument, String annotatedHtmlDumpFileName) in J:\repos\knilecrack\Open-Xml-PowerTools\OpenXmlPowerTools\HtmlToWmlConverter.cs:line 60
   at OxPt.HwTests.HW001(String name) in J:\repos\knilecrack\Open-Xml-PowerTools\OpenXmlPowerTools.Tests\HtmlToWmlConverterTests.cs:line 377
   at InvokeStub_HwTests.HW001(Object, Span`1)
   at System.Reflection.MethodBaseInvoker.InvokeWithOneArg(Object obj, BindingFlags invokeAttr, Binder binder, Object[] parameters, CultureInfo culture)
  Passed OxPt.DaTests.DA101(name: "DA007-SelectRepeatingData-NoData.docx", data: "DA-Data.xml", err: True) [100 ms]
  Passed OxPt.HwTests.HW001(name: "T1710.html") [81 ms]
  Passed OxPt.DaTests.DA101(name: "DA259-MultiLineContents.docx", data: "DA-Data.xml", err: False) [97 ms]
  Passed OxPt.HwTests.HW001(name: "T0802.html") [74 ms]
  Passed OxPt.HwTests.HW001(name: "T0814.html") [70 ms]
  Passed OxPt.RpTests.RP001(name: "RP/RP031-Table-Prop-Change.docx") [704 ms]
  Passed OxPt.DaTests.DA101(name: "DA027-XPathErrorInPara.docx", data: "DA-Data.xml", err: True) [110 ms]
  Passed OxPt.HwTests.HW001(name: "T0014.html") [63 ms]
  Passed OxPt.DaTests.DA101(name: "DA205-SelectRowData-NoData.docx", data: "DA-Data.xml", err: True) [84 ms]
  Passed OxPt.HwTests.HW001(name: "T0540.html") [88 ms]
  Passed OxPt.DaTests.DA101(name: "DA209-InvalidXPath.docx", data: "DA-Data.xml", err: True) [75 ms]
  Passed OxPt.HwTests.HW001(name: "T1100.html") [29 ms]
  Passed OxPt.HwTests.HW001(name: "T1670.html") [54 ms]
  Passed OxPt.DaTests.DA101(name: "DA215-TwoRunsXmlExceptionInFirst.docx", data: "DA-Data.xml", err: True) [58 ms]
  Passed OxPt.WcTests.WC004_Compare_To_Self(testId: "WCS-1470", name: "WC/WC018-Field-Simple-Before.docx") [542 ms]
  Passed OxPt.DaTests.DA101(name: "DA229-NoDataForCell.docx", data: "DA-Data.xml", err: True) [63 ms]
  Passed OxPt.DaTests.DA101(name: "DA235-Crashes.docx", data: "DA-Content-List.xml", err: False) [63 ms]
  Passed OxPt.HwTests.HW001(name: "T0330.html") [133 ms]
  Passed OxPt.HcTests.HC001(name: "HC008-Test-03.docx") [855 ms]
  Passed OxPt.HwTests.HW001(name: "T1150.html") [50 ms]
  Passed OxPt.DaTests.DA101(name: "DA255-Table-With-XPath-Sum-Run-Level-CC.docx", data: "DA-Data.xml", err: False) [73 ms]
  Passed OxPt.RpTests.RP001(name: "RP/RP008-Multiple-Inserted-Para-Mark.docx") [452 ms]
  Passed OxPt.HwTests.HW001(name: "T0980.html") [50 ms]
  Passed OxPt.DaTests.DA101(name: "DA237-SchemaErrorInRepeat.docx", data: "DA-Data.xml", err: True) [65 ms]
  Passed OxPt.HwTests.HW001(name: "T1130.html") [57 ms]
  Passed OxPt.DaTests.DA101(name: "DA257-OptionalRepeat.docx", data: "DA-Data.xml", err: False) [63 ms]
  Passed OxPt.HwTests.HW001(name: "T0011.html") [39 ms]
  Passed OxPt.HwTests.HW001(name: "T1480.html") [45 ms]
  Passed OxPt.DaTests.DA101(name: "DA264-InvalidRunLevelRepeat.docx", data: "DA-Data.xml", err: True) [64 ms]
  Passed OxPt.HwTests.HW001(name: "T1200.html") [63 ms]
  Passed OxPt.WcTests.WC004_Compare_To_Self(testId: "WCS-1020", name: "WC/WC001-Digits-Mod.docx") [422 ms]
  Passed OxPt.DaTests.DA101(name: "DA265-RunLevelRepeatWithWhiteSpaceBefore.docx", data: "DA-Data.xml", err: False) [69 ms]
  Passed OxPt.HwTests.HW001(name: "T1591.html") [66 ms]
  Passed OxPt.DaTests.DA101(name: "DA239-RunLevelCC-Repeat.docx", data: "DA-Data.xml", err: False) [92 ms]
  Passed OxPt.HwTests.HW001(name: "T1280.html") [74 ms]
[xUnit.net 00:00:10.71]       System.ArgumentNullException : Value cannot be null. (Parameter 'contentType')
[xUnit.net 00:00:10.71]       Stack Trace:
[xUnit.net 00:00:10.71]            at DocumentFormat.OpenXml.Packaging.PartExtensionProvider.Register(String contentType, String extension)
[xUnit.net 00:00:10.71]            at DocumentFormat.OpenXml.Packaging.OpenXmlSupportedRelationshipExtensions.InitPart[TChild](OpenXmlPartContainer parent, TChild childPart, PartTypeInfo partType, String relId)
[xUnit.net 00:00:10.71]            at DocumentFormat.OpenXml.Packaging.OpenXmlSupportedRelationshipExtensions.AddImagePart[T](T parent, PartTypeInfo partType, String id)
[xUnit.net 00:00:10.71]         J:\repos\knilecrack\Open-Xml-PowerTools\OpenXmlPowerTools\HtmlToWmlConverterCore.cs(2317,0): at OpenXmlPowerTools.HtmlToWml.HtmlToWmlConverterCore.TransformImageToWml(XElement element, HtmlToWmlConverterSettings settings, WordprocessingDocument wDoc)
[xUnit.net 00:00:10.71]         J:\repos\knilecrack\Open-Xml-PowerTools\OpenXmlPowerTools\HtmlToWmlConverterCore.cs(924,0): at OpenXmlPowerTools.HtmlToWml.HtmlToWmlConverterCore.Transform(XNode node, HtmlToWmlConverterSettings settings, WordprocessingDocument wDoc, NextExpected nextExpected, Boolean preserveWhiteSpace)
[xUnit.net 00:00:10.71]         J:\repos\knilecrack\Open-Xml-PowerTools\OpenXmlPowerTools\HtmlToWmlConverterCore.cs(963,0): at OpenXmlPowerTools.HtmlToWml.HtmlToWmlConverterCore.<>c__DisplayClass20_0.<Transform>b__26(XNode n)
[xUnit.net 00:00:10.71]            at System.Linq.Enumerable.IEnumerableSelectIterator`2.MoveNext()
[xUnit.net 00:00:10.71]            at System.Xml.Linq.XContainer.AddContentSkipNotify(Object content)
[xUnit.net 00:00:10.71]         J:\repos\knilecrack\Open-Xml-PowerTools\OpenXmlPowerTools\HtmlToWmlConverterCore.cs(964,0): at OpenXmlPowerTools.HtmlToWml.HtmlToWmlConverterCore.Transform(XNode node, HtmlToWmlConverterSettings settings, WordprocessingDocument wDoc, NextExpected nextExpected, Boolean preserveWhiteSpace)
[xUnit.net 00:00:10.71]         J:\repos\knilecrack\Open-Xml-PowerTools\OpenXmlPowerTools\HtmlToWmlConverterCore.cs(2236,0): at OpenXmlPowerTools.HtmlToWml.HtmlToWmlConverterCore.<>c__DisplayClass36_0.<GenerateNextExpected>b__0(XNode n)
[xUnit.net 00:00:10.71]            at System.Linq.Enumerable.IEnumerableSelectIterator`2.MoveNext()
[xUnit.net 00:00:10.71]            at System.Xml.Linq.XContainer.AddContentSkipNotify(Object content)
[xUnit.net 00:00:10.71]            at System.Xml.Linq.XContainer.AddContentSkipNotify(Object content)
[xUnit.net 00:00:10.71]         J:\repos\knilecrack\Open-Xml-PowerTools\OpenXmlPowerTools\HtmlToWmlConverterCore.cs(2234,0): at OpenXmlPowerTools.HtmlToWml.HtmlToWmlConverterCore.GenerateNextExpected(XNode node, HtmlToWmlConverterSettings settings, WordprocessingDocument wDoc, String styleName, NextExpected nextExpected, Boolean preserveWhiteSpace)
[xUnit.net 00:00:10.71]         J:\repos\knilecrack\Open-Xml-PowerTools\OpenXmlPowerTools\HtmlToWmlConverterCore.cs(939,0): at OpenXmlPowerTools.HtmlToWml.HtmlToWmlConverterCore.Transform(XNode node, HtmlToWmlConverterSettings settings, WordprocessingDocument wDoc, NextExpected nextExpected, Boolean preserveWhiteSpace)
[xUnit.net 00:00:10.71]         J:\repos\knilecrack\Open-Xml-PowerTools\OpenXmlPowerTools\HtmlToWmlConverterCore.cs(1031,0): at OpenXmlPowerTools.HtmlToWml.HtmlToWmlConverterCore.<>c__DisplayClass20_0.<Transform>b__30(XNode n)
[xUnit.net 00:00:10.71]            at System.Linq.Enumerable.IEnumerableSelectIterator`2.MoveNext()
[xUnit.net 00:00:10.71]            at System.Xml.Linq.XContainer.AddContentSkipNotify(Object content)
[xUnit.net 00:00:10.71]         J:\repos\knilecrack\Open-Xml-PowerTools\OpenXmlPowerTools\HtmlToWmlConverterCore.cs(1031,0): at OpenXmlPowerTools.HtmlToWml.HtmlToWmlConverterCore.Transform(XNode node, HtmlToWmlConverterSettings settings, WordprocessingDocument wDoc, NextExpected nextExpected, Boolean preserveWhiteSpace)
[xUnit.net 00:00:10.71]         J:\repos\knilecrack\Open-Xml-PowerTools\OpenXmlPowerTools\HtmlToWmlConverterCore.cs(1070,0): at OpenXmlPowerTools.HtmlToWml.HtmlToWmlConverterCore.<>c__DisplayClass20_0.<Transform>b__17(XNode n)
[xUnit.net 00:00:10.71]            at System.Linq.Enumerable.IEnumerableSelectIterator`2.MoveNext()
[xUnit.net 00:00:10.71]            at System.Xml.Linq.XContainer.AddContentSkipNotify(Object content)
[xUnit.net 00:00:10.71]            at System.Xml.Linq.XContainer.AddContentSkipNotify(Object content)
[xUnit.net 00:00:10.71]         J:\repos\knilecrack\Open-Xml-PowerTools\OpenXmlPowerTools\HtmlToWmlConverterCore.cs(1068,0): at OpenXmlPowerTools.HtmlToWml.HtmlToWmlConverterCore.Transform(XNode node, HtmlToWmlConverterSettings settings, WordprocessingDocument wDoc, NextExpected nextExpected, Boolean preserveWhiteSpace)
[xUnit.net 00:00:10.71]         J:\repos\knilecrack\Open-Xml-PowerTools\OpenXmlPowerTools\HtmlToWmlConverterCore.cs(1018,0): at OpenXmlPowerTools.HtmlToWml.HtmlToWmlConverterCore.<>c__DisplayClass20_0.<Transform>b__27(XNode n)
[xUnit.net 00:00:10.71]            at System.Linq.Enumerable.IEnumerableSelectIterator`2.MoveNext()
[xUnit.net 00:00:10.71]            at System.Xml.Linq.XContainer.AddContentSkipNotify(Object content)
[xUnit.net 00:00:10.71]            at System.Xml.Linq.XContainer.AddContentSkipNotify(Object content)
[xUnit.net 00:00:10.71]         J:\repos\knilecrack\Open-Xml-PowerTools\OpenXmlPowerTools\HtmlToWmlConverterCore.cs(1015,0): at OpenXmlPowerTools.HtmlToWml.HtmlToWmlConverterCore.Transform(XNode node, HtmlToWmlConverterSettings settings, WordprocessingDocument wDoc, NextExpected nextExpected, Boolean preserveWhiteSpace)
[xUnit.net 00:00:10.71]         J:\repos\knilecrack\Open-Xml-PowerTools\OpenXmlPowerTools\HtmlToWmlConverterCore.cs(858,0): at OpenXmlPowerTools.HtmlToWml.HtmlToWmlConverterCore.<>c__DisplayClass20_0.<Transform>b__3(XNode n)
[xUnit.net 00:00:10.71]            at System.Linq.Enumerable.IEnumerableSelectIterator`2.MoveNext()
[xUnit.net 00:00:10.71]            at System.Xml.Linq.XContainer.AddContentSkipNotify(Object content)
[xUnit.net 00:00:10.71]            at System.Xml.Linq.XContainer.AddContentSkipNotify(Object content)
[xUnit.net 00:00:10.71]            at System.Xml.Linq.XContainer.AddContentSkipNotify(Object content)
[xUnit.net 00:00:10.71]            at System.Xml.Linq.XContainer.AddContentSkipNotify(Object content)
[xUnit.net 00:00:10.71]            at System.Xml.Linq.XContainer.AddContentSkipNotify(Object content)
[xUnit.net 00:00:10.71]         J:\repos\knilecrack\Open-Xml-PowerTools\OpenXmlPowerTools\HtmlToWmlConverterCore.cs(313,0): at OpenXmlPowerTools.HtmlToWml.HtmlToWmlConverterCore.UpdateMainDocumentPart(WordprocessingDocument wDoc, XElement html, HtmlToWmlConverterSettings settings)
[xUnit.net 00:00:10.71]         J:\repos\knilecrack\Open-Xml-PowerTools\OpenXmlPowerTools\HtmlToWmlConverterCore.cs(188,0): at OpenXmlPowerTools.HtmlToWml.HtmlToWmlConverterCore.ConvertHtmlToWml(String defaultCss, String authorCss, String userCss, XElement xhtml, HtmlToWmlConverterSettings settings, WmlDocument emptyDocument, String annotatedHtmlDumpFileName)
[xUnit.net 00:00:10.71]         J:\repos\knilecrack\Open-Xml-PowerTools\OpenXmlPowerTools\HtmlToWmlConverter.cs(60,0): at OpenXmlPowerTools.HtmlToWmlConverter.ConvertHtmlToWml(String defaultCss, String authorCss, String userCss, XElement xhtml, HtmlToWmlConverterSettings settings, WmlDocument emptyDocument, String annotatedHtmlDumpFileName)
[xUnit.net 00:00:10.71]         J:\repos\knilecrack\Open-Xml-PowerTools\OpenXmlPowerTools.Tests\HtmlToWmlConverterTests.cs(377,0): at OxPt.HwTests.HW001(String name)
[xUnit.net 00:00:10.71]            at InvokeStub_HwTests.HW001(Object, Span`1)
[xUnit.net 00:00:10.71]            at System.Reflection.MethodBaseInvoker.InvokeWithOneArg(Object obj, BindingFlags invokeAttr, Binder binder, Object[] parameters, CultureInfo culture)
  Passed OxPt.DaTests.DA101(name: "DA005-SelectRowData-NoData.docx", data: "DA-Data.xml", err: True) [42 ms]
  Passed OxPt.HcTests.HC001(name: "HC061-Hyperlink-in-Field.docx") [448 ms]
  Passed OxPt.DaTests.DA101(name: "DA009-InvalidXPath.docx", data: "DA-Data.xml", err: True) [72 ms]
  Failed OxPt.HwTests.HW001(name: "T1800.html") [160 ms]
  Error Message:
   System.ArgumentNullException : Value cannot be null. (Parameter 'contentType')
  Stack Trace:
     at DocumentFormat.OpenXml.Packaging.PartExtensionProvider.Register(String contentType, String extension)
   at DocumentFormat.OpenXml.Packaging.OpenXmlSupportedRelationshipExtensions.InitPart[TChild](OpenXmlPartContainer parent, TChild childPart, PartTypeInfo partType, String relId)
   at DocumentFormat.OpenXml.Packaging.OpenXmlSupportedRelationshipExtensions.AddImagePart[T](T parent, PartTypeInfo partType, String id)
   at OpenXmlPowerTools.HtmlToWml.HtmlToWmlConverterCore.TransformImageToWml(XElement element, HtmlToWmlConverterSettings settings, WordprocessingDocument wDoc) in J:\repos\knilecrack\Open-Xml-PowerTools\OpenXmlPowerTools\HtmlToWmlConverterCore.cs:line 2317
   at OpenXmlPowerTools.HtmlToWml.HtmlToWmlConverterCore.Transform(XNode node, HtmlToWmlConverterSettings settings, WordprocessingDocument wDoc, NextExpected nextExpected, Boolean preserveWhiteSpace) in J:\repos\knilecrack\Open-Xml-PowerTools\OpenXmlPowerTools\HtmlToWmlConverterCore.cs:line 924
   at OpenXmlPowerTools.HtmlToWml.HtmlToWmlConverterCore.<>c__DisplayClass20_0.<Transform>b__26(XNode n) in J:\repos\knilecrack\Open-Xml-PowerTools\OpenXmlPowerTools\HtmlToWmlConverterCore.cs:line 963
   at System.Linq.Enumerable.IEnumerableSelectIterator`2.MoveNext()
   at System.Xml.Linq.XContainer.AddContentSkipNotify(Object content)
   at OpenXmlPowerTools.HtmlToWml.HtmlToWmlConverterCore.Transform(XNode node, HtmlToWmlConverterSettings settings, WordprocessingDocument wDoc, NextExpected nextExpected, Boolean preserveWhiteSpace) in J:\repos\knilecrack\Open-Xml-PowerTools\OpenXmlPowerTools\HtmlToWmlConverterCore.cs:line 964
   at OpenXmlPowerTools.HtmlToWml.HtmlToWmlConverterCore.<>c__DisplayClass36_0.<GenerateNextExpected>b__0(XNode n) in J:\repos\knilecrack\Open-Xml-PowerTools\OpenXmlPowerTools\HtmlToWmlConverterCore.cs:line 2236
   at System.Linq.Enumerable.IEnumerableSelectIterator`2.MoveNext()
   at System.Xml.Linq.XContainer.AddContentSkipNotify(Object content)
   at System.Xml.Linq.XContainer.AddContentSkipNotify(Object content)
   at OpenXmlPowerTools.HtmlToWml.HtmlToWmlConverterCore.GenerateNextExpected(XNode node, HtmlToWmlConverterSettings settings, WordprocessingDocument wDoc, String styleName, NextExpected nextExpected, Boolean preserveWhiteSpace) in J:\repos\knilecrack\Open-Xml-PowerTools\OpenXmlPowerTools\HtmlToWmlConverterCore.cs:line 2234
   at OpenXmlPowerTools.HtmlToWml.HtmlToWmlConverterCore.Transform(XNode node, HtmlToWmlConverterSettings settings, WordprocessingDocument wDoc, NextExpected nextExpected, Boolean preserveWhiteSpace) in J:\repos\knilecrack\Open-Xml-PowerTools\OpenXmlPowerTools\HtmlToWmlConverterCore.cs:line 939
   at OpenXmlPowerTools.HtmlToWml.HtmlToWmlConverterCore.<>c__DisplayClass20_0.<Transform>b__30(XNode n) in J:\repos\knilecrack\Open-Xml-PowerTools\OpenXmlPowerTools\HtmlToWmlConverterCore.cs:line 1031
   at System.Linq.Enumerable.IEnumerableSelectIterator`2.MoveNext()
   at System.Xml.Linq.XContainer.AddContentSkipNotify(Object content)
   at OpenXmlPowerTools.HtmlToWml.HtmlToWmlConverterCore.Transform(XNode node, HtmlToWmlConverterSettings settings, WordprocessingDocument wDoc, NextExpected nextExpected, Boolean preserveWhiteSpace) in J:\repos\knilecrack\Open-Xml-PowerTools\OpenXmlPowerTools\HtmlToWmlConverterCore.cs:line 1031
   at OpenXmlPowerTools.HtmlToWml.HtmlToWmlConverterCore.<>c__DisplayClass20_0.<Transform>b__17(XNode n) in J:\repos\knilecrack\Open-Xml-PowerTools\OpenXmlPowerTools\HtmlToWmlConverterCore.cs:line 1070
   at System.Linq.Enumerable.IEnumerableSelectIterator`2.MoveNext()
   at System.Xml.Linq.XContainer.AddContentSkipNotify(Object content)
   at System.Xml.Linq.XContainer.AddContentSkipNotify(Object content)
   at OpenXmlPowerTools.HtmlToWml.HtmlToWmlConverterCore.Transform(XNode node, HtmlToWmlConverterSettings settings, WordprocessingDocument wDoc, NextExpected nextExpected, Boolean preserveWhiteSpace) in J:\repos\knilecrack\Open-Xml-PowerTools\OpenXmlPowerTools\HtmlToWmlConverterCore.cs:line 1068
   at OpenXmlPowerTools.HtmlToWml.HtmlToWmlConverterCore.<>c__DisplayClass20_0.<Transform>b__27(XNode n) in J:\repos\knilecrack\Open-Xml-PowerTools\OpenXmlPowerTools\HtmlToWmlConverterCore.cs:line 1018
   at System.Linq.Enumerable.IEnumerableSelectIterator`2.MoveNext()
   at System.Xml.Linq.XContainer.AddContentSkipNotify(Object content)
   at System.Xml.Linq.XContainer.AddContentSkipNotify(Object content)
   at OpenXmlPowerTools.HtmlToWml.HtmlToWmlConverterCore.Transform(XNode node, HtmlToWmlConverterSettings settings, WordprocessingDocument wDoc, NextExpected nextExpected, Boolean preserveWhiteSpace) in J:\repos\knilecrack\Open-Xml-PowerTools\OpenXmlPowerTools\HtmlToWmlConverterCore.cs:line 1015
   at OpenXmlPowerTools.HtmlToWml.HtmlToWmlConverterCore.<>c__DisplayClass20_0.<Transform>b__3(XNode n) in J:\repos\knilecrack\Open-Xml-PowerTools\OpenXmlPowerTools\HtmlToWmlConverterCore.cs:line 858
   at System.Linq.Enumerable.IEnumerableSelectIterator`2.MoveNext()
   at System.Xml.Linq.XContainer.AddContentSkipNotify(Object content)
   at System.Xml.Linq.XContainer.AddContentSkipNotify(Object content)
   at System.Xml.Linq.XContainer.AddContentSkipNotify(Object content)
   at System.Xml.Linq.XContainer.AddContentSkipNotify(Object content)
   at System.Xml.Linq.XContainer.AddContentSkipNotify(Object content)
   at OpenXmlPowerTools.HtmlToWml.HtmlToWmlConverterCore.UpdateMainDocumentPart(WordprocessingDocument wDoc, XElement html, HtmlToWmlConverterSettings settings) in J:\repos\knilecrack\Open-Xml-PowerTools\OpenXmlPowerTools\HtmlToWmlConverterCore.cs:line 313
   at OpenXmlPowerTools.HtmlToWml.HtmlToWmlConverterCore.ConvertHtmlToWml(String defaultCss, String authorCss, String userCss, XElement xhtml, HtmlToWmlConverterSettings settings, WmlDocument emptyDocument, String annotatedHtmlDumpFileName) in J:\repos\knilecrack\Open-Xml-PowerTools\OpenXmlPowerTools\HtmlToWmlConverterCore.cs:line 188
   at OpenXmlPowerTools.HtmlToWmlConverter.ConvertHtmlToWml(String defaultCss, String authorCss, String userCss, XElement xhtml, HtmlToWmlConverterSettings settings, WmlDocument emptyDocument, String annotatedHtmlDumpFileName) in J:\repos\knilecrack\Open-Xml-PowerTools\OpenXmlPowerTools\HtmlToWmlConverter.cs:line 60
   at OxPt.HwTests.HW001(String name) in J:\repos\knilecrack\Open-Xml-PowerTools\OpenXmlPowerTools.Tests\HtmlToWmlConverterTests.cs:line 377
   at InvokeStub_HwTests.HW001(Object, Span`1)
   at System.Reflection.MethodBaseInvoker.InvokeWithOneArg(Object obj, BindingFlags invokeAttr, Binder binder, Object[] parameters, CultureInfo culture)
  Passed OxPt.RpTests.RP001(name: "RP/RP033-Table-Prop-Ex-Change.docx") [529 ms]
  Passed OxPt.DaTests.DA101(name: "DA014-TwoRuns-NoValuesSelected.docx", data: "DA-Data.xml", err: True) [85 ms]
  Passed OxPt.HwTests.HW001(name: "T1160.html") [46 ms]
  Passed OxPt.DaTests.DA101(name: "DA218-SmartQuotes.docx", data: "DA-Data.xml", err: False) [78 ms]
  Passed OxPt.DaTests.DA102_Throws(name: "DA024-TrackedRevisions.docx", data: "DA-Data.xml") [18 ms]
  Passed OxPt.WcTests.WC004_Compare_To_Self(testId: "WCS-1380", name: "WC/WC014-SmartArt-With-Image-Deleted-After2.docx") [417 ms]
  Passed OxPt.HwTests.HW001(name: "T1300.html") [69 ms]
  Passed OxPt.DaTests.DA259(name: "DA259-MultiLineContents.docx", data: "DA-Data.xml", err: False) [75 ms]
  Passed OxPt.HwTests.HW001(name: "T0340.html") [89 ms]
[xUnit.net 00:00:10.92]       The relationship 'rId6' referenced by attribute 'http://schemas.openxmlformats.org/officeDocument/2006/relationships:embed' does not exist.
[xUnit.net 00:00:10.92]       
[xUnit.net 00:00:10.92]       Stack Trace:
[xUnit.net 00:00:10.92]         J:\repos\knilecrack\Open-Xml-PowerTools\OpenXmlPowerTools.Tests\DocumentBuilderTests.cs(881,0): at OxPt.DbTests.Validate(FileInfo fi)
[xUnit.net 00:00:10.92]         J:\repos\knilecrack\Open-Xml-PowerTools\OpenXmlPowerTools.Tests\DocumentBuilderTests.cs(328,0): at OxPt.DbTests.DB009_ImportIntoHeadersFooters(String testId, String src, String dest, String insertId)
[xUnit.net 00:00:10.92]            at InvokeStub_DbTests.DB009_ImportIntoHeadersFooters(Object, Span`1)
[xUnit.net 00:00:10.92]            at System.Reflection.MethodBaseInvoker.InvokeWithFewArgs(Object obj, BindingFlags invokeAttr, Binder binder, Object[] parameters, CultureInfo culture)
  Failed OxPt.DbTests.DB009_ImportIntoHeadersFooters(testId: "DB009-00040", src: "DB/HeadersFooters/Src/Logo.docx", dest: "DB/HeadersFooters/Dest/Fax.docx", insertId: "Templafy") [1 s]
  Error Message:
   The relationship 'rId6' referenced by attribute 'http://schemas.openxmlformats.org/officeDocument/2006/relationships:embed' does not exist.

  Stack Trace:
     at OxPt.DbTests.Validate(FileInfo fi) in J:\repos\knilecrack\Open-Xml-PowerTools\OpenXmlPowerTools.Tests\DocumentBuilderTests.cs:line 881
   at OxPt.DbTests.DB009_ImportIntoHeadersFooters(String testId, String src, String dest, String insertId) in J:\repos\knilecrack\Open-Xml-PowerTools\OpenXmlPowerTools.Tests\DocumentBuilderTests.cs:line 328
   at InvokeStub_DbTests.DB009_ImportIntoHeadersFooters(Object, Span`1)
   at System.Reflection.MethodBaseInvoker.InvokeWithFewArgs(Object obj, BindingFlags invokeAttr, Binder binder, Object[] parameters, CultureInfo culture)
  Passed OxPt.HwTests.HW001(name: "T1440.html") [75 ms]
  Passed OxPt.DaTests.DA103_UseXmlDocument(name: "DA025-TemplateDocument.docx", data: "DA-Data.xml", err: False) [92 ms]
  Passed OxPt.HwTests.HW001(name: "T1420.html") [67 ms]
  Passed OxPt.HwTests.HW001(name: "T0935.html") [64 ms]
  Passed OxPt.HwTests.HW001(name: "T0651.html") [46 ms]
  Passed OxPt.HcTests.HC001(name: "HC007-Test-02.docx") [578 ms]
  Passed OxPt.HwTests.HW001(name: "T0760.html") [58 ms]
  Passed OxPt.HcTests.HC001(name: "HC029-Table-Merged-Cells.docx") [76 ms]
  Passed OxPt.HwTests.HW001(name: "T0100.html") [32 ms]
  Passed OxPt.WcTests.WC004_Compare_To_Self(testId: "WCS-1140", name: "WC/WC006-Table.docx") [441 ms]
  Passed OxPt.HcTests.HC001(name: "HC023-Hyperlink.docx") [28 ms]
  Passed OxPt.HwTests.HW001(name: "T1080.html") [41 ms]
  Passed OxPt.HcTests.HC001(name: "HC033-Run-With-Border.docx") [28 ms]
  Passed OxPt.HwTests.HW001(name: "T0080.html") [33 ms]
  Passed OxPt.HcTests.HC001(name: "HC022-Table-Of-Contents.docx") [45 ms]
  Passed OxPt.HwTests.HW001(name: "T0251.html") [34 ms]
  Passed OxPt.HwTests.HW001(name: "T0170.html") [40 ms]
  Passed OxPt.DbTests.DB009_ImportIntoHeadersFooters(testId: "DB009-00130", src: "DB/HeadersFooters/Src/Letterhead-with-Watermark.do"···, dest: "DB/HeadersFooters/Dest/Letter.docx", insertId: "Templafy") [513 ms]
  Passed OxPt.HwTests.HW001(name: "T0870.html") [33 ms]
  Passed OxPt.HwTests.HW001(name: "T0622.html") [47 ms]
[xUnit.net 00:00:11.69]       System.ArgumentNullException : Value cannot be null. (Parameter 'contentType')
[xUnit.net 00:00:11.69]       Stack Trace:
[xUnit.net 00:00:11.69]            at DocumentFormat.OpenXml.Packaging.PartExtensionProvider.Register(String contentType, String extension)
[xUnit.net 00:00:11.69]            at DocumentFormat.OpenXml.Packaging.OpenXmlSupportedRelationshipExtensions.InitPart[TChild](OpenXmlPartContainer parent, TChild childPart, PartTypeInfo partType, String relId)
[xUnit.net 00:00:11.69]            at DocumentFormat.OpenXml.Packaging.OpenXmlSupportedRelationshipExtensions.AddImagePart[T](T parent, PartTypeInfo partType, String id)
[xUnit.net 00:00:11.69]         J:\repos\knilecrack\Open-Xml-PowerTools\OpenXmlPowerTools\HtmlToWmlConverterCore.cs(2317,0): at OpenXmlPowerTools.HtmlToWml.HtmlToWmlConverterCore.TransformImageToWml(XElement element, HtmlToWmlConverterSettings settings, WordprocessingDocument wDoc)
[xUnit.net 00:00:11.69]         J:\repos\knilecrack\Open-Xml-PowerTools\OpenXmlPowerTools\HtmlToWmlConverterCore.cs(924,0): at OpenXmlPowerTools.HtmlToWml.HtmlToWmlConverterCore.Transform(XNode node, HtmlToWmlConverterSettings settings, WordprocessingDocument wDoc, NextExpected nextExpected, Boolean preserveWhiteSpace)
[xUnit.net 00:00:11.69]         J:\repos\knilecrack\Open-Xml-PowerTools\OpenXmlPowerTools\HtmlToWmlConverterCore.cs(2236,0): at OpenXmlPowerTools.HtmlToWml.HtmlToWmlConverterCore.<>c__DisplayClass36_0.<GenerateNextExpected>b__0(XNode n)
[xUnit.net 00:00:11.69]            at System.Linq.Enumerable.IEnumerableSelectIterator`2.MoveNext()
[xUnit.net 00:00:11.69]            at System.Xml.Linq.XContainer.AddContentSkipNotify(Object content)
[xUnit.net 00:00:11.69]            at System.Xml.Linq.XContainer.AddContentSkipNotify(Object content)
[xUnit.net 00:00:11.69]         J:\repos\knilecrack\Open-Xml-PowerTools\OpenXmlPowerTools\HtmlToWmlConverterCore.cs(2234,0): at OpenXmlPowerTools.HtmlToWml.HtmlToWmlConverterCore.GenerateNextExpected(XNode node, HtmlToWmlConverterSettings settings, WordprocessingDocument wDoc, String styleName, NextExpected nextExpected, Boolean preserveWhiteSpace)
[xUnit.net 00:00:11.69]         J:\repos\knilecrack\Open-Xml-PowerTools\OpenXmlPowerTools\HtmlToWmlConverterCore.cs(939,0): at OpenXmlPowerTools.HtmlToWml.HtmlToWmlConverterCore.Transform(XNode node, HtmlToWmlConverterSettings settings, WordprocessingDocument wDoc, NextExpected nextExpected, Boolean preserveWhiteSpace)
[xUnit.net 00:00:11.69]         J:\repos\knilecrack\Open-Xml-PowerTools\OpenXmlPowerTools\HtmlToWmlConverterCore.cs(838,0): at OpenXmlPowerTools.HtmlToWml.HtmlToWmlConverterCore.<>c__DisplayClass20_0.<Transform>b__1(XNode n)
[xUnit.net 00:00:11.69]            at System.Linq.Enumerable.IEnumerableSelectIterator`2.MoveNext()
[xUnit.net 00:00:11.69]            at System.Xml.Linq.XContainer.AddContentSkipNotify(Object content)
[xUnit.net 00:00:11.69]            at System.Xml.Linq.XContainer.AddContentSkipNotify(Object content)
[xUnit.net 00:00:11.69]            at System.Xml.Linq.XContainer.AddContentSkipNotify(Object content)
[xUnit.net 00:00:11.69]         J:\repos\knilecrack\Open-Xml-PowerTools\OpenXmlPowerTools\HtmlToWmlConverterCore.cs(313,0): at OpenXmlPowerTools.HtmlToWml.HtmlToWmlConverterCore.UpdateMainDocumentPart(WordprocessingDocument wDoc, XElement html, HtmlToWmlConverterSettings settings)
[xUnit.net 00:00:11.69]         J:\repos\knilecrack\Open-Xml-PowerTools\OpenXmlPowerTools\HtmlToWmlConverterCore.cs(188,0): at OpenXmlPowerTools.HtmlToWml.HtmlToWmlConverterCore.ConvertHtmlToWml(String defaultCss, String authorCss, String userCss, XElement xhtml, HtmlToWmlConverterSettings settings, WmlDocument emptyDocument, String annotatedHtmlDumpFileName)
[xUnit.net 00:00:11.69]         J:\repos\knilecrack\Open-Xml-PowerTools\OpenXmlPowerTools\HtmlToWmlConverter.cs(60,0): at OpenXmlPowerTools.HtmlToWmlConverter.ConvertHtmlToWml(String defaultCss, String authorCss, String userCss, XElement xhtml, HtmlToWmlConverterSettings settings, WmlDocument emptyDocument, String annotatedHtmlDumpFileName)
[xUnit.net 00:00:11.69]         J:\repos\knilecrack\Open-Xml-PowerTools\OpenXmlPowerTools.Tests\HtmlToWmlConverterTests.cs(377,0): at OxPt.HwTests.HW001(String name)
[xUnit.net 00:00:11.69]            at InvokeStub_HwTests.HW001(Object, Span`1)
[xUnit.net 00:00:11.69]            at System.Reflection.MethodBaseInvoker.InvokeWithOneArg(Object obj, BindingFlags invokeAttr, Binder binder, Object[] parameters, CultureInfo culture)
  Passed OxPt.HcTests.HC001(name: "HC004-ResumeTemplate.docx") [135 ms]
  Passed OxPt.HwTests.HW001(name: "T0940.html") [52 ms]
  Passed OxPt.HwTests.HW001(name: "T0700.html") [46 ms]
  Passed OxPt.RpTests.RP001(name: "RP/RP049-Deleted-Para-Before-Table.docx") [911 ms]
  Passed OxPt.WcTests.WC004_Compare_To_Self(testId: "WCS-1480", name: "WC/WC019-Hyperlink-After-1.docx") [390 ms]
  Failed OxPt.HwTests.HW001(name: "T0921.html") [96 ms]
  Error Message:
   System.ArgumentNullException : Value cannot be null. (Parameter 'contentType')
  Stack Trace:
     at DocumentFormat.OpenXml.Packaging.PartExtensionProvider.Register(String contentType, String extension)
   at DocumentFormat.OpenXml.Packaging.OpenXmlSupportedRelationshipExtensions.InitPart[TChild](OpenXmlPartContainer parent, TChild childPart, PartTypeInfo partType, String relId)
   at DocumentFormat.OpenXml.Packaging.OpenXmlSupportedRelationshipExtensions.AddImagePart[T](T parent, PartTypeInfo partType, String id)
   at OpenXmlPowerTools.HtmlToWml.HtmlToWmlConverterCore.TransformImageToWml(XElement element, HtmlToWmlConverterSettings settings, WordprocessingDocument wDoc) in J:\repos\knilecrack\Open-Xml-PowerTools\OpenXmlPowerTools\HtmlToWmlConverterCore.cs:line 2317
   at OpenXmlPowerTools.HtmlToWml.HtmlToWmlConverterCore.Transform(XNode node, HtmlToWmlConverterSettings settings, WordprocessingDocument wDoc, NextExpected nextExpected, Boolean preserveWhiteSpace) in J:\repos\knilecrack\Open-Xml-PowerTools\OpenXmlPowerTools\HtmlToWmlConverterCore.cs:line 924
   at OpenXmlPowerTools.HtmlToWml.HtmlToWmlConverterCore.<>c__DisplayClass36_0.<GenerateNextExpected>b__0(XNode n) in J:\repos\knilecrack\Open-Xml-PowerTools\OpenXmlPowerTools\HtmlToWmlConverterCore.cs:line 2236
   at System.Linq.Enumerable.IEnumerableSelectIterator`2.MoveNext()
   at System.Xml.Linq.XContainer.AddContentSkipNotify(Object content)
   at System.Xml.Linq.XContainer.AddContentSkipNotify(Object content)
   at OpenXmlPowerTools.HtmlToWml.HtmlToWmlConverterCore.GenerateNextExpected(XNode node, HtmlToWmlConverterSettings settings, WordprocessingDocument wDoc, String styleName, NextExpected nextExpected, Boolean preserveWhiteSpace) in J:\repos\knilecrack\Open-Xml-PowerTools\OpenXmlPowerTools\HtmlToWmlConverterCore.cs:line 2234
   at OpenXmlPowerTools.HtmlToWml.HtmlToWmlConverterCore.Transform(XNode node, HtmlToWmlConverterSettings settings, WordprocessingDocument wDoc, NextExpected nextExpected, Boolean preserveWhiteSpace) in J:\repos\knilecrack\Open-Xml-PowerTools\OpenXmlPowerTools\HtmlToWmlConverterCore.cs:line 939
   at OpenXmlPowerTools.HtmlToWml.HtmlToWmlConverterCore.<>c__DisplayClass20_0.<Transform>b__1(XNode n) in J:\repos\knilecrack\Open-Xml-PowerTools\OpenXmlPowerTools\HtmlToWmlConverterCore.cs:line 838
   at System.Linq.Enumerable.IEnumerableSelectIterator`2.MoveNext()
   at System.Xml.Linq.XContainer.AddContentSkipNotify(Object content)
   at System.Xml.Linq.XContainer.AddContentSkipNotify(Object content)
   at System.Xml.Linq.XContainer.AddContentSkipNotify(Object content)
   at OpenXmlPowerTools.HtmlToWml.HtmlToWmlConverterCore.UpdateMainDocumentPart(WordprocessingDocument wDoc, XElement html, HtmlToWmlConverterSettings settings) in J:\repos\knilecrack\Open-Xml-PowerTools\OpenXmlPowerTools\HtmlToWmlConverterCore.cs:line 313
   at OpenXmlPowerTools.HtmlToWml.HtmlToWmlConverterCore.ConvertHtmlToWml(String defaultCss, String authorCss, String userCss, XElement xhtml, HtmlToWmlConverterSettings settings, WmlDocument emptyDocument, String annotatedHtmlDumpFileName) in J:\repos\knilecrack\Open-Xml-PowerTools\OpenXmlPowerTools\HtmlToWmlConverterCore.cs:line 188
   at OpenXmlPowerTools.HtmlToWmlConverter.ConvertHtmlToWml(String defaultCss, String authorCss, String userCss, XElement xhtml, HtmlToWmlConverterSettings settings, WmlDocument emptyDocument, String annotatedHtmlDumpFileName) in J:\repos\knilecrack\Open-Xml-PowerTools\OpenXmlPowerTools\HtmlToWmlConverter.cs:line 60
   at OxPt.HwTests.HW001(String name) in J:\repos\knilecrack\Open-Xml-PowerTools\OpenXmlPowerTools.Tests\HtmlToWmlConverterTests.cs:line 377
   at InvokeStub_HwTests.HW001(Object, Span`1)
   at System.Reflection.MethodBaseInvoker.InvokeWithOneArg(Object obj, BindingFlags invokeAttr, Binder binder, Object[] parameters, CultureInfo culture)
  Passed OxPt.HcTests.HC001(name: "HC005-TaskPlanTemplate.docx") [233 ms]
  Passed OxPt.HwTests.HW001(name: "T0580.html") [50 ms]
  Passed OxPt.HcTests.HC001(name: "HC036-Super-Script.docx") [39 ms]
  Passed OxPt.HwTests.HW001(name: "T0793.html") [49 ms]
  Passed OxPt.HcTests.HC001(name: "HC042-Image-Png.docx") [42 ms]
  Passed OxPt.HwTests.HW001(name: "T0840.html") [53 ms]
  Passed OxPt.HcTests.HC001(name: "HC025-Tabs-02.docx") [44 ms]
  Passed OxPt.HwTests.HW001(name: "T0260.html") [37 ms]
  Passed OxPt.HwTests.HW001(name: "T0821.html") [41 ms]
  Passed OxPt.RpTests.RP001(name: "RP/RP009-Deleted-Table-Row.docx") [353 ms]
  Passed OxPt.HwTests.HW001(name: "T1390.html") [56 ms]
  Passed OxPt.HwTests.HW001(name: "T1580.html") [48 ms]
  Passed OxPt.WcTests.WC004_Compare_To_Self(testId: "WCS-1150", name: "WC/WC006-Table-Delete-Contests-of-Row.docx") [368 ms]
  Passed OxPt.HcTests.HC001(name: "HC012-Test-07.docx") [186 ms]
  Passed OxPt.HwTests.HW001(name: "T1190.html") [58 ms]
  Passed OxPt.HwTests.HW001(name: "T1350.html") [69 ms]
  Passed OxPt.HcTests.HC001(name: "HC001-5DayTourPlanTemplate.docx") [134 ms]
  Passed OxPt.HcTests.HC001(name: "HC047-No-Section.docx") [12 ms]
  Passed OxPt.HwTests.HW001(name: "T1490.html") [38 ms]
  Passed OxPt.HcTests.HC001(name: "HC051-Shaded-Text-02.docx") [69 ms]
  Passed OxPt.HwTests.HW001(name: "T0742.html") [77 ms]
  Passed OxPt.HwTests.HW001(name: "T0660.html") [47 ms]
  Passed OxPt.HcTests.HC001(name: "HC026-Tabs-03.docx") [62 ms]
  Passed OxPt.HcTests.HC001(name: "HC018-Vertical-Alignment-Para-01.docx") [36 ms]
  Passed OxPt.HwTests.HW001(name: "T1320.html") [51 ms]
  Passed OxPt.HcTests.HC001(name: "HC015-Vertical-Spacing-atLeast.docx") [30 ms]
  Passed OxPt.RpTests.RP001(name: "RP/RP048-Deleted-Inserted-Para-Mark.docx") [414 ms]
  Passed OxPt.WcTests.WC004_Compare_To_Self(testId: "WCS-1450", name: "WC/WC018-Field-Simple-After-1.docx") [385 ms]
  Passed OxPt.HwTests.HW001(name: "T0690.html") [45 ms]
  Passed OxPt.HwTests.HW001(name: "T1590.html") [64 ms]
  Passed OxPt.HwTests.HW001(name: "T0960.html") [63 ms]
  Passed OxPt.HcTests.HC001(name: "HC010-Test-05.docx") [186 ms]
  Passed OxPt.HwTests.HW001(name: "T1290.html") [55 ms]
  Passed OxPt.HcTests.HC001(name: "HC049-Borders.docx") [59 ms]
  Passed OxPt.HwTests.HW001(name: "T0530.html") [45 ms]
  Passed OxPt.DbTests.DB009_ImportIntoHeadersFooters(testId: "DB009-00060", src: "DB/HeadersFooters/Src/Watermark-2.docx", dest: "DB/HeadersFooters/Dest/Fax.docx", insertId: "Templafy") [1 s]
[xUnit.net 00:00:12.94]       System.ArgumentNullException : Value cannot be null. (Parameter 'contentType')
[xUnit.net 00:00:12.94]       Stack Trace:
[xUnit.net 00:00:12.94]            at DocumentFormat.OpenXml.Packaging.PartExtensionProvider.Register(String contentType, String extension)
[xUnit.net 00:00:12.94]            at DocumentFormat.OpenXml.Packaging.OpenXmlSupportedRelationshipExtensions.InitPart[TChild](OpenXmlPartContainer parent, TChild childPart, PartTypeInfo partType, String relId)
[xUnit.net 00:00:12.94]            at DocumentFormat.OpenXml.Packaging.OpenXmlSupportedRelationshipExtensions.AddImagePart[T](T parent, PartTypeInfo partType, String id)
[xUnit.net 00:00:12.94]         J:\repos\knilecrack\Open-Xml-PowerTools\OpenXmlPowerTools\HtmlToWmlConverterCore.cs(2317,0): at OpenXmlPowerTools.HtmlToWml.HtmlToWmlConverterCore.TransformImageToWml(XElement element, HtmlToWmlConverterSettings settings, WordprocessingDocument wDoc)
[xUnit.net 00:00:12.94]         J:\repos\knilecrack\Open-Xml-PowerTools\OpenXmlPowerTools\HtmlToWmlConverterCore.cs(924,0): at OpenXmlPowerTools.HtmlToWml.HtmlToWmlConverterCore.Transform(XNode node, HtmlToWmlConverterSettings settings, WordprocessingDocument wDoc, NextExpected nextExpected, Boolean preserveWhiteSpace)
[xUnit.net 00:00:12.94]         J:\repos\knilecrack\Open-Xml-PowerTools\OpenXmlPowerTools\HtmlToWmlConverterCore.cs(963,0): at OpenXmlPowerTools.HtmlToWml.HtmlToWmlConverterCore.<>c__DisplayClass20_0.<Transform>b__26(XNode n)
[xUnit.net 00:00:12.94]            at System.Linq.Enumerable.IEnumerableSelectIterator`2.MoveNext()
[xUnit.net 00:00:12.94]            at System.Xml.Linq.XContainer.AddContentSkipNotify(Object content)
[xUnit.net 00:00:12.94]         J:\repos\knilecrack\Open-Xml-PowerTools\OpenXmlPowerTools\HtmlToWmlConverterCore.cs(964,0): at OpenXmlPowerTools.HtmlToWml.HtmlToWmlConverterCore.Transform(XNode node, HtmlToWmlConverterSettings settings, WordprocessingDocument wDoc, NextExpected nextExpected, Boolean preserveWhiteSpace)
[xUnit.net 00:00:12.94]         J:\repos\knilecrack\Open-Xml-PowerTools\OpenXmlPowerTools\HtmlToWmlConverterCore.cs(2236,0): at OpenXmlPowerTools.HtmlToWml.HtmlToWmlConverterCore.<>c__DisplayClass36_0.<GenerateNextExpected>b__0(XNode n)
[xUnit.net 00:00:12.94]            at System.Linq.Enumerable.IEnumerableSelectIterator`2.MoveNext()
[xUnit.net 00:00:12.94]            at System.Xml.Linq.XContainer.AddContentSkipNotify(Object content)
[xUnit.net 00:00:12.94]            at System.Xml.Linq.XContainer.AddContentSkipNotify(Object content)
[xUnit.net 00:00:12.94]         J:\repos\knilecrack\Open-Xml-PowerTools\OpenXmlPowerTools\HtmlToWmlConverterCore.cs(2234,0): at OpenXmlPowerTools.HtmlToWml.HtmlToWmlConverterCore.GenerateNextExpected(XNode node, HtmlToWmlConverterSettings settings, WordprocessingDocument wDoc, String styleName, NextExpected nextExpected, Boolean preserveWhiteSpace)
[xUnit.net 00:00:12.94]         J:\repos\knilecrack\Open-Xml-PowerTools\OpenXmlPowerTools\HtmlToWmlConverterCore.cs(939,0): at OpenXmlPowerTools.HtmlToWml.HtmlToWmlConverterCore.Transform(XNode node, HtmlToWmlConverterSettings settings, WordprocessingDocument wDoc, NextExpected nextExpected, Boolean preserveWhiteSpace)
[xUnit.net 00:00:12.94]         J:\repos\knilecrack\Open-Xml-PowerTools\OpenXmlPowerTools\HtmlToWmlConverterCore.cs(858,0): at OpenXmlPowerTools.HtmlToWml.HtmlToWmlConverterCore.<>c__DisplayClass20_0.<Transform>b__3(XNode n)
[xUnit.net 00:00:12.94]            at System.Linq.Enumerable.IEnumerableSelectIterator`2.MoveNext()
[xUnit.net 00:00:12.94]            at System.Xml.Linq.XContainer.AddContentSkipNotify(Object content)
[xUnit.net 00:00:12.94]            at System.Xml.Linq.XContainer.AddContentSkipNotify(Object content)
[xUnit.net 00:00:12.94]            at System.Xml.Linq.XContainer.AddContentSkipNotify(Object content)
[xUnit.net 00:00:12.94]            at System.Xml.Linq.XContainer.AddContentSkipNotify(Object content)
[xUnit.net 00:00:12.94]         J:\repos\knilecrack\Open-Xml-PowerTools\OpenXmlPowerTools\HtmlToWmlConverterCore.cs(313,0): at OpenXmlPowerTools.HtmlToWml.HtmlToWmlConverterCore.UpdateMainDocumentPart(WordprocessingDocument wDoc, XElement html, HtmlToWmlConverterSettings settings)
[xUnit.net 00:00:12.94]         J:\repos\knilecrack\Open-Xml-PowerTools\OpenXmlPowerTools\HtmlToWmlConverterCore.cs(188,0): at OpenXmlPowerTools.HtmlToWml.HtmlToWmlConverterCore.ConvertHtmlToWml(String defaultCss, String authorCss, String userCss, XElement xhtml, HtmlToWmlConverterSettings settings, WmlDocument emptyDocument, String annotatedHtmlDumpFileName)
[xUnit.net 00:00:12.94]         J:\repos\knilecrack\Open-Xml-PowerTools\OpenXmlPowerTools\HtmlToWmlConverter.cs(60,0): at OpenXmlPowerTools.HtmlToWmlConverter.ConvertHtmlToWml(String defaultCss, String authorCss, String userCss, XElement xhtml, HtmlToWmlConverterSettings settings, WmlDocument emptyDocument, String annotatedHtmlDumpFileName)
[xUnit.net 00:00:12.94]         J:\repos\knilecrack\Open-Xml-PowerTools\OpenXmlPowerTools.Tests\HtmlToWmlConverterTests.cs(377,0): at OxPt.HwTests.HW001(String name)
[xUnit.net 00:00:12.94]            at InvokeStub_HwTests.HW001(Object, Span`1)
[xUnit.net 00:00:12.94]            at System.Reflection.MethodBaseInvoker.InvokeWithOneArg(Object obj, BindingFlags invokeAttr, Binder binder, Object[] parameters, CultureInfo culture)
  Passed OxPt.HcTests.HC001(name: "HC035-Strike-Through.docx") [19 ms]
  Passed OxPt.HwTests.HW001(name: "T1132.html") [41 ms]
  Passed OxPt.HcTests.HC001(name: "HC045-Italic.docx") [33 ms]
  Passed OxPt.HcTests.HC001(name: "HC044-Embedded-Workbook.docx") [29 ms]
  Passed OxPt.HwTests.HW001(name: "T1450.html") [55 ms]
  Passed OxPt.HwTests.HW001(name: "T0290.html") [81 ms]
  Passed OxPt.HcTests.HC002_NoCssClasses(name: "HC006-Test-01.docx") [149 ms]
  Failed OxPt.HwTests.HW001(name: "T1810.html") [106 ms]
  Error Message:
   System.ArgumentNullException : Value cannot be null. (Parameter 'contentType')
  Stack Trace:
     at DocumentFormat.OpenXml.Packaging.PartExtensionProvider.Register(String contentType, String extension)
   at DocumentFormat.OpenXml.Packaging.OpenXmlSupportedRelationshipExtensions.InitPart[TChild](OpenXmlPartContainer parent, TChild childPart, PartTypeInfo partType, String relId)
   at DocumentFormat.OpenXml.Packaging.OpenXmlSupportedRelationshipExtensions.AddImagePart[T](T parent, PartTypeInfo partType, String id)
   at OpenXmlPowerTools.HtmlToWml.HtmlToWmlConverterCore.TransformImageToWml(XElement element, HtmlToWmlConverterSettings settings, WordprocessingDocument wDoc) in J:\repos\knilecrack\Open-Xml-PowerTools\OpenXmlPowerTools\HtmlToWmlConverterCore.cs:line 2317
   at OpenXmlPowerTools.HtmlToWml.HtmlToWmlConverterCore.Transform(XNode node, HtmlToWmlConverterSettings settings, WordprocessingDocument wDoc, NextExpected nextExpected, Boolean preserveWhiteSpace) in J:\repos\knilecrack\Open-Xml-PowerTools\OpenXmlPowerTools\HtmlToWmlConverterCore.cs:line 924
   at OpenXmlPowerTools.HtmlToWml.HtmlToWmlConverterCore.<>c__DisplayClass20_0.<Transform>b__26(XNode n) in J:\repos\knilecrack\Open-Xml-PowerTools\OpenXmlPowerTools\HtmlToWmlConverterCore.cs:line 963
   at System.Linq.Enumerable.IEnumerableSelectIterator`2.MoveNext()
   at System.Xml.Linq.XContainer.AddContentSkipNotify(Object content)
   at OpenXmlPowerTools.HtmlToWml.HtmlToWmlConverterCore.Transform(XNode node, HtmlToWmlConverterSettings settings, WordprocessingDocument wDoc, NextExpected nextExpected, Boolean preserveWhiteSpace) in J:\repos\knilecrack\Open-Xml-PowerTools\OpenXmlPowerTools\HtmlToWmlConverterCore.cs:line 964
   at OpenXmlPowerTools.HtmlToWml.HtmlToWmlConverterCore.<>c__DisplayClass36_0.<GenerateNextExpected>b__0(XNode n) in J:\repos\knilecrack\Open-Xml-PowerTools\OpenXmlPowerTools\HtmlToWmlConverterCore.cs:line 2236
   at System.Linq.Enumerable.IEnumerableSelectIterator`2.MoveNext()
   at System.Xml.Linq.XContainer.AddContentSkipNotify(Object content)
   at System.Xml.Linq.XContainer.AddContentSkipNotify(Object content)
   at OpenXmlPowerTools.HtmlToWml.HtmlToWmlConverterCore.GenerateNextExpected(XNode node, HtmlToWmlConverterSettings settings, WordprocessingDocument wDoc, String styleName, NextExpected nextExpected, Boolean preserveWhiteSpace) in J:\repos\knilecrack\Open-Xml-PowerTools\OpenXmlPowerTools\HtmlToWmlConverterCore.cs:line 2234
   at OpenXmlPowerTools.HtmlToWml.HtmlToWmlConverterCore.Transform(XNode node, HtmlToWmlConverterSettings settings, WordprocessingDocument wDoc, NextExpected nextExpected, Boolean preserveWhiteSpace) in J:\repos\knilecrack\Open-Xml-PowerTools\OpenXmlPowerTools\HtmlToWmlConverterCore.cs:line 939
   at OpenXmlPowerTools.HtmlToWml.HtmlToWmlConverterCore.<>c__DisplayClass20_0.<Transform>b__3(XNode n) in J:\repos\knilecrack\Open-Xml-PowerTools\OpenXmlPowerTools\HtmlToWmlConverterCore.cs:line 858
   at System.Linq.Enumerable.IEnumerableSelectIterator`2.MoveNext()
   at System.Xml.Linq.XContainer.AddContentSkipNotify(Object content)
   at System.Xml.Linq.XContainer.AddContentSkipNotify(Object content)
   at System.Xml.Linq.XContainer.AddContentSkipNotify(Object content)
   at System.Xml.Linq.XContainer.AddContentSkipNotify(Object content)
   at OpenXmlPowerTools.HtmlToWml.HtmlToWmlConverterCore.UpdateMainDocumentPart(WordprocessingDocument wDoc, XElement html, HtmlToWmlConverterSettings settings) in J:\repos\knilecrack\Open-Xml-PowerTools\OpenXmlPowerTools\HtmlToWmlConverterCore.cs:line 313
   at OpenXmlPowerTools.HtmlToWml.HtmlToWmlConverterCore.ConvertHtmlToWml(String defaultCss, String authorCss, String userCss, XElement xhtml, HtmlToWmlConverterSettings settings, WmlDocument emptyDocument, String annotatedHtmlDumpFileName) in J:\repos\knilecrack\Open-Xml-PowerTools\OpenXmlPowerTools\HtmlToWmlConverterCore.cs:line 188
   at OpenXmlPowerTools.HtmlToWmlConverter.ConvertHtmlToWml(String defaultCss, String authorCss, String userCss, XElement xhtml, HtmlToWmlConverterSettings settings, WmlDocument emptyDocument, String annotatedHtmlDumpFileName) in J:\repos\knilecrack\Open-Xml-PowerTools\OpenXmlPowerTools\HtmlToWmlConverter.cs:line 60
   at OxPt.HwTests.HW001(String name) in J:\repos\knilecrack\Open-Xml-PowerTools\OpenXmlPowerTools.Tests\HtmlToWmlConverterTests.cs:line 377
   at InvokeStub_HwTests.HW001(Object, Span`1)
   at System.Reflection.MethodBaseInvoker.InvokeWithOneArg(Object obj, BindingFlags invokeAttr, Binder binder, Object[] parameters, CultureInfo culture)
  Passed OxPt.WcTests.WC004_Compare_To_Self(testId: "WCS-1520", name: "WC/WC020-FootNote-After-2.docx") [529 ms]
  Passed OxPt.HwTests.HW001(name: "T1140.html") [28 ms]
  Passed OxPt.HwTests.HW001(name: "T0480.html") [42 ms]
  Passed OxPt.HwTests.HW001(name: "T1201.html") [46 ms]
  Passed OxPt.HwTests.HW001(name: "T0390.html") [28 ms]
  Passed OxPt.HwTests.HW001(name: "T0933.html") [39 ms]
  Passed OxPt.HwTests.HW001(name: "T0927.html") [41 ms]
  Passed OxPt.HwTests.HW001(name: "T0050.html") [29 ms]
  Passed OxPt.WcTests.WC004_Compare_To_Self(testId: "WCS-1420", name: "WC/WC016-Para-Image-Para-w-Deleted-Image.docx") [276 ms]
  Passed OxPt.HwTests.HW001(name: "T0931.html") [36 ms]
  Passed OxPt.HwTests.HW001(name: "T1360.html") [42 ms]
  Passed OxPt.HwTests.HW001(name: "T0890.html") [68 ms]
  Passed OxPt.HwTests.HW001(name: "T1470.html") [36 ms]
  Passed OxPt.HwTests.HW001(name: "T0431.html") [50 ms]
  Passed OxPt.HwTests.HW001(name: "T0112.html") [29 ms]
  Passed OxPt.HwTests.HW001(name: "T0990.html") [55 ms]
  Passed OxPt.HwTests.HW001(name: "T0910.html") [47 ms]
  Passed OxPt.HwTests.HW001(name: "T0920.html") [41 ms]
  Passed OxPt.HwTests.HW001(name: "T0470.html") [40 ms]
  Passed OxPt.HwTests.HW001(name: "T0792.html") [32 ms]
  Passed OxPt.HwTests.HW001(name: "T1050.html") [30 ms]
  Passed OxPt.HwTests.HW001(name: "T0350.html") [34 ms]
  Passed OxPt.HwTests.HW001(name: "T1241.html") [58 ms]
  Passed OxPt.WcTests.WC004_Compare_To_Self(testId: "WCS-1330", name: "WC/WC014-SmartArt-After.docx") [583 ms]
  Passed OxPt.HwTests.HW001(name: "T0720.html") [29 ms]
  Passed OxPt.RpTests.RP001(name: "RP/RP052-Deleted-Para-Mark.docx") [1 s]
  Passed OxPt.HwTests.HW001(name: "T0500.html") [38 ms]
  Passed OxPt.DbTests.DB009_ImportIntoHeadersFooters(testId: "DB009-00020", src: "DB/HeadersFooters/Src/Letterhead.docx", dest: "DB/HeadersFooters/Dest/Fax.docx", insertId: "Templafy") [1 s]
  Passed OxPt.HwTests.HW001(name: "T1560.html") [32 ms]
  Passed OxPt.HwTests.HW001(name: "T1660.html") [48 ms]
  Passed OxPt.HwTests.HW001(name: "T1630.html") [85 ms]
  Passed OxPt.HwTests.HW001(name: "T0770.html") [50 ms]
  Passed OxPt.HwTests.HW001(name: "T0710.html") [31 ms]
  Passed OxPt.HwTests.HW001(name: "T0923.html") [27 ms]
  Passed OxPt.RpTests.RP001(name: "RP/RP047-Inserted-and-Deleted-Paragraph-Mark.docx") [330 ms]
  Passed OxPt.HwTests.HW001(name: "T1112.html") [159 ms]
  Passed OxPt.HwTests.HW001(name: "T0430.html") [35 ms]
  Passed OxPt.HwTests.HW001(name: "T0880.html") [25 ms]
  Passed OxPt.WcTests.WC004_Compare_To_Self(testId: "WCS-1360", name: "WC/WC014-SmartArt-With-Image-Before.docx") [565 ms]
  Passed OxPt.DbTests.DB009_ImportIntoHeadersFooters(testId: "DB009-00180", src: "DB/HeadersFooters/Src/Footer.docx", dest: "DB/HeadersFooters/Dest/Letter.docx", insertId: "Templafy") [508 ms]
  Passed OxPt.HwTests.HW001(name: "T0300.html") [33 ms]
  Passed OxPt.RpTests.RP001(name: "RP/RP039-Inserted-Paras-at-End.docx") [249 ms]
  Passed OxPt.HwTests.HW001(name: "T0795.html") [36 ms]
  Passed OxPt.HwTests.HW001(name: "T0010.html") [89 ms]
  Passed OxPt.HwTests.HW001(name: "T0230.html") [37 ms]
  Passed OxPt.HwTests.HW001(name: "T1240.html") [59 ms]
  Passed OxPt.HwTests.HW001(name: "T1610.html") [74 ms]
  Passed OxPt.WcTests.WC004_Compare_To_Self(testId: "WCS-1390", name: "WC/WC015-Three-Paragraphs.docx") [351 ms]
  Passed OxPt.HwTests.HW001(name: "T0270.html") [32 ms]
  Passed OxPt.HwTests.HW001(name: "T1460.html") [31 ms]
  Passed OxPt.HwTests.HW001(name: "T0850.html") [43 ms]
  Passed OxPt.RpTests.RP001(name: "RP/RP004-Deleted-Text-in-CC.docx") [430 ms]
  Passed OxPt.HwTests.HW001(name: "T1180.html") [41 ms]
  Passed OxPt.HwTests.HW001(name: "T1690.html") [46 ms]
  Passed OxPt.HwTests.HW001(name: "T0830.html") [41 ms]
  Passed OxPt.HwTests.HW001(name: "T0040.html") [49 ms]
  Passed OxPt.HwTests.HW001(name: "T0310.html") [42 ms]
  Passed OxPt.HwTests.HW001(name: "T0932.html") [57 ms]
  Passed OxPt.HwTests.HW001(name: "T1030.html") [29 ms]
  Passed OxPt.HwTests.HW001(name: "T1550.html") [28 ms]
  Passed OxPt.RpTests.RP001(name: "RP/RP037-Changed-Style-Para-Props.docx") [352 ms]
[xUnit.net 00:00:15.25]       System.ArgumentNullException : Value cannot be null. (Parameter 'contentType')
[xUnit.net 00:00:15.25]       Stack Trace:
[xUnit.net 00:00:15.25]            at DocumentFormat.OpenXml.Packaging.PartExtensionProvider.Register(String contentType, String extension)
[xUnit.net 00:00:15.25]            at DocumentFormat.OpenXml.Packaging.OpenXmlSupportedRelationshipExtensions.InitPart[TChild](OpenXmlPartContainer parent, TChild childPart, PartTypeInfo partType, String relId)
[xUnit.net 00:00:15.25]            at DocumentFormat.OpenXml.Packaging.OpenXmlSupportedRelationshipExtensions.AddImagePart[T](T parent, PartTypeInfo partType, String id)
[xUnit.net 00:00:15.25]         J:\repos\knilecrack\Open-Xml-PowerTools\OpenXmlPowerTools\HtmlToWmlConverterCore.cs(2317,0): at OpenXmlPowerTools.HtmlToWml.HtmlToWmlConverterCore.TransformImageToWml(XElement element, HtmlToWmlConverterSettings settings, WordprocessingDocument wDoc)
[xUnit.net 00:00:15.25]         J:\repos\knilecrack\Open-Xml-PowerTools\OpenXmlPowerTools\HtmlToWmlConverterCore.cs(924,0): at OpenXmlPowerTools.HtmlToWml.HtmlToWmlConverterCore.Transform(XNode node, HtmlToWmlConverterSettings settings, WordprocessingDocument wDoc, NextExpected nextExpected, Boolean preserveWhiteSpace)
[xUnit.net 00:00:15.25]         J:\repos\knilecrack\Open-Xml-PowerTools\OpenXmlPowerTools\HtmlToWmlConverterCore.cs(799,0): at OpenXmlPowerTools.HtmlToWml.HtmlToWmlConverterCore.<>c__DisplayClass20_0.<Transform>b__22(XNode n)
[xUnit.net 00:00:15.25]            at System.Linq.Enumerable.IEnumerableSelectIterator`2.MoveNext()
[xUnit.net 00:00:15.25]            at System.Linq.Enumerable.IEnumerableWhereSelectIterator`2.ToList()
[xUnit.net 00:00:15.25]         J:\repos\knilecrack\Open-Xml-PowerTools\OpenXmlPowerTools\HtmlToWmlConverterCore.cs(800,0): at OpenXmlPowerTools.HtmlToWml.HtmlToWmlConverterCore.Transform(XNode node, HtmlToWmlConverterSettings settings, WordprocessingDocument wDoc, NextExpected nextExpected, Boolean preserveWhiteSpace)
[xUnit.net 00:00:15.25]         J:\repos\knilecrack\Open-Xml-PowerTools\OpenXmlPowerTools\HtmlToWmlConverterCore.cs(963,0): at OpenXmlPowerTools.HtmlToWml.HtmlToWmlConverterCore.<>c__DisplayClass20_0.<Transform>b__26(XNode n)
[xUnit.net 00:00:15.25]            at System.Linq.Enumerable.IEnumerableSelectIterator`2.MoveNext()
[xUnit.net 00:00:15.25]            at System.Xml.Linq.XContainer.AddContentSkipNotify(Object content)
[xUnit.net 00:00:15.25]         J:\repos\knilecrack\Open-Xml-PowerTools\OpenXmlPowerTools\HtmlToWmlConverterCore.cs(964,0): at OpenXmlPowerTools.HtmlToWml.HtmlToWmlConverterCore.Transform(XNode node, HtmlToWmlConverterSettings settings, WordprocessingDocument wDoc, NextExpected nextExpected, Boolean preserveWhiteSpace)
[xUnit.net 00:00:15.25]         J:\repos\knilecrack\Open-Xml-PowerTools\OpenXmlPowerTools\HtmlToWmlConverterCore.cs(2236,0): at OpenXmlPowerTools.HtmlToWml.HtmlToWmlConverterCore.<>c__DisplayClass36_0.<GenerateNextExpected>b__0(XNode n)
[xUnit.net 00:00:15.25]            at System.Linq.Enumerable.IEnumerableSelectIterator`2.MoveNext()
[xUnit.net 00:00:15.25]            at System.Xml.Linq.XContainer.AddContentSkipNotify(Object content)
[xUnit.net 00:00:15.25]            at System.Xml.Linq.XContainer.AddContentSkipNotify(Object content)
[xUnit.net 00:00:15.25]         J:\repos\knilecrack\Open-Xml-PowerTools\OpenXmlPowerTools\HtmlToWmlConverterCore.cs(2234,0): at OpenXmlPowerTools.HtmlToWml.HtmlToWmlConverterCore.GenerateNextExpected(XNode node, HtmlToWmlConverterSettings settings, WordprocessingDocument wDoc, String styleName, NextExpected nextExpected, Boolean preserveWhiteSpace)
[xUnit.net 00:00:15.25]         J:\repos\knilecrack\Open-Xml-PowerTools\OpenXmlPowerTools\HtmlToWmlConverterCore.cs(939,0): at OpenXmlPowerTools.HtmlToWml.HtmlToWmlConverterCore.Transform(XNode node, HtmlToWmlConverterSettings settings, WordprocessingDocument wDoc, NextExpected nextExpected, Boolean preserveWhiteSpace)
[xUnit.net 00:00:15.25]         J:\repos\knilecrack\Open-Xml-PowerTools\OpenXmlPowerTools\HtmlToWmlConverterCore.cs(858,0): at OpenXmlPowerTools.HtmlToWml.HtmlToWmlConverterCore.<>c__DisplayClass20_0.<Transform>b__3(XNode n)
[xUnit.net 00:00:15.25]            at System.Linq.Enumerable.IEnumerableSelectIterator`2.MoveNext()
[xUnit.net 00:00:15.25]            at System.Xml.Linq.XContainer.AddContentSkipNotify(Object content)
[xUnit.net 00:00:15.25]            at System.Xml.Linq.XContainer.AddContentSkipNotify(Object content)
[xUnit.net 00:00:15.25]            at System.Xml.Linq.XContainer.AddContentSkipNotify(Object content)
[xUnit.net 00:00:15.25]            at System.Xml.Linq.XContainer.AddContentSkipNotify(Object content)
[xUnit.net 00:00:15.25]         J:\repos\knilecrack\Open-Xml-PowerTools\OpenXmlPowerTools\HtmlToWmlConverterCore.cs(313,0): at OpenXmlPowerTools.HtmlToWml.HtmlToWmlConverterCore.UpdateMainDocumentPart(WordprocessingDocument wDoc, XElement html, HtmlToWmlConverterSettings settings)
[xUnit.net 00:00:15.25]         J:\repos\knilecrack\Open-Xml-PowerTools\OpenXmlPowerTools\HtmlToWmlConverterCore.cs(188,0): at OpenXmlPowerTools.HtmlToWml.HtmlToWmlConverterCore.ConvertHtmlToWml(String defaultCss, String authorCss, String userCss, XElement xhtml, HtmlToWmlConverterSettings settings, WmlDocument emptyDocument, String annotatedHtmlDumpFileName)
[xUnit.net 00:00:15.25]         J:\repos\knilecrack\Open-Xml-PowerTools\OpenXmlPowerTools\HtmlToWmlConverter.cs(60,0): at OpenXmlPowerTools.HtmlToWmlConverter.ConvertHtmlToWml(String defaultCss, String authorCss, String userCss, XElement xhtml, HtmlToWmlConverterSettings settings, WmlDocument emptyDocument, String annotatedHtmlDumpFileName)
[xUnit.net 00:00:15.25]         J:\repos\knilecrack\Open-Xml-PowerTools\OpenXmlPowerTools.Tests\HtmlToWmlConverterTests.cs(377,0): at OxPt.HwTests.HW001(String name)
[xUnit.net 00:00:15.25]            at InvokeStub_HwTests.HW001(Object, Span`1)
[xUnit.net 00:00:15.25]            at System.Reflection.MethodBaseInvoker.InvokeWithOneArg(Object obj, BindingFlags invokeAttr, Binder binder, Object[] parameters, CultureInfo culture)
  Passed OxPt.HwTests.HW001(name: "T1250.html") [77 ms]
  Failed OxPt.HwTests.HW001(name: "T1850.html") [20 ms]
  Error Message:
   System.ArgumentNullException : Value cannot be null. (Parameter 'contentType')
  Stack Trace:
     at DocumentFormat.OpenXml.Packaging.PartExtensionProvider.Register(String contentType, String extension)
   at DocumentFormat.OpenXml.Packaging.OpenXmlSupportedRelationshipExtensions.InitPart[TChild](OpenXmlPartContainer parent, TChild childPart, PartTypeInfo partType, String relId)
   at DocumentFormat.OpenXml.Packaging.OpenXmlSupportedRelationshipExtensions.AddImagePart[T](T parent, PartTypeInfo partType, String id)
   at OpenXmlPowerTools.HtmlToWml.HtmlToWmlConverterCore.TransformImageToWml(XElement element, HtmlToWmlConverterSettings settings, WordprocessingDocument wDoc) in J:\repos\knilecrack\Open-Xml-PowerTools\OpenXmlPowerTools\HtmlToWmlConverterCore.cs:line 2317
   at OpenXmlPowerTools.HtmlToWml.HtmlToWmlConverterCore.Transform(XNode node, HtmlToWmlConverterSettings settings, WordprocessingDocument wDoc, NextExpected nextExpected, Boolean preserveWhiteSpace) in J:\repos\knilecrack\Open-Xml-PowerTools\OpenXmlPowerTools\HtmlToWmlConverterCore.cs:line 924
   at OpenXmlPowerTools.HtmlToWml.HtmlToWmlConverterCore.<>c__DisplayClass20_0.<Transform>b__22(XNode n) in J:\repos\knilecrack\Open-Xml-PowerTools\OpenXmlPowerTools\HtmlToWmlConverterCore.cs:line 799
   at System.Linq.Enumerable.IEnumerableSelectIterator`2.MoveNext()
   at System.Linq.Enumerable.IEnumerableWhereSelectIterator`2.ToList()
   at OpenXmlPowerTools.HtmlToWml.HtmlToWmlConverterCore.Transform(XNode node, HtmlToWmlConverterSettings settings, WordprocessingDocument wDoc, NextExpected nextExpected, Boolean preserveWhiteSpace) in J:\repos\knilecrack\Open-Xml-PowerTools\OpenXmlPowerTools\HtmlToWmlConverterCore.cs:line 800
   at OpenXmlPowerTools.HtmlToWml.HtmlToWmlConverterCore.<>c__DisplayClass20_0.<Transform>b__26(XNode n) in J:\repos\knilecrack\Open-Xml-PowerTools\OpenXmlPowerTools\HtmlToWmlConverterCore.cs:line 963
   at System.Linq.Enumerable.IEnumerableSelectIterator`2.MoveNext()
   at System.Xml.Linq.XContainer.AddContentSkipNotify(Object content)
   at OpenXmlPowerTools.HtmlToWml.HtmlToWmlConverterCore.Transform(XNode node, HtmlToWmlConverterSettings settings, WordprocessingDocument wDoc, NextExpected nextExpected, Boolean preserveWhiteSpace) in J:\repos\knilecrack\Open-Xml-PowerTools\OpenXmlPowerTools\HtmlToWmlConverterCore.cs:line 964
   at OpenXmlPowerTools.HtmlToWml.HtmlToWmlConverterCore.<>c__DisplayClass36_0.<GenerateNextExpected>b__0(XNode n) in J:\repos\knilecrack\Open-Xml-PowerTools\OpenXmlPowerTools\HtmlToWmlConverterCore.cs:line 2236
   at System.Linq.Enumerable.IEnumerableSelectIterator`2.MoveNext()
   at System.Xml.Linq.XContainer.AddContentSkipNotify(Object content)
   at System.Xml.Linq.XContainer.AddContentSkipNotify(Object content)
   at OpenXmlPowerTools.HtmlToWml.HtmlToWmlConverterCore.GenerateNextExpected(XNode node, HtmlToWmlConverterSettings settings, WordprocessingDocument wDoc, String styleName, NextExpected nextExpected, Boolean preserveWhiteSpace) in J:\repos\knilecrack\Open-Xml-PowerTools\OpenXmlPowerTools\HtmlToWmlConverterCore.cs:line 2234
   at OpenXmlPowerTools.HtmlToWml.HtmlToWmlConverterCore.Transform(XNode node, HtmlToWmlConverterSettings settings, WordprocessingDocument wDoc, NextExpected nextExpected, Boolean preserveWhiteSpace) in J:\repos\knilecrack\Open-Xml-PowerTools\OpenXmlPowerTools\HtmlToWmlConverterCore.cs:line 939
   at OpenXmlPowerTools.HtmlToWml.HtmlToWmlConverterCore.<>c__DisplayClass20_0.<Transform>b__3(XNode n) in J:\repos\knilecrack\Open-Xml-PowerTools\OpenXmlPowerTools\HtmlToWmlConverterCore.cs:line 858
   at System.Linq.Enumerable.IEnumerableSelectIterator`2.MoveNext()
   at System.Xml.Linq.XContainer.AddContentSkipNotify(Object content)
   at System.Xml.Linq.XContainer.AddContentSkipNotify(Object content)
   at System.Xml.Linq.XContainer.AddContentSkipNotify(Object content)
   at System.Xml.Linq.XContainer.AddContentSkipNotify(Object content)
   at OpenXmlPowerTools.HtmlToWml.HtmlToWmlConverterCore.UpdateMainDocumentPart(WordprocessingDocument wDoc, XElement html, HtmlToWmlConverterSettings settings) in J:\repos\knilecrack\Open-Xml-PowerTools\OpenXmlPowerTools\HtmlToWmlConverterCore.cs:line 313
   at OpenXmlPowerTools.HtmlToWml.HtmlToWmlConverterCore.ConvertHtmlToWml(String defaultCss, String authorCss, String userCss, XElement xhtml, HtmlToWmlConverterSettings settings, WmlDocument emptyDocument, String annotatedHtmlDumpFileName) in J:\repos\knilecrack\Open-Xml-PowerTools\OpenXmlPowerTools\HtmlToWmlConverterCore.cs:line 188
   at OpenXmlPowerTools.HtmlToWmlConverter.ConvertHtmlToWml(String defaultCss, String authorCss, String userCss, XElement xhtml, HtmlToWmlConverterSettings settings, WmlDocument emptyDocument, String annotatedHtmlDumpFileName) in J:\repos\knilecrack\Open-Xml-PowerTools\OpenXmlPowerTools\HtmlToWmlConverter.cs:line 60
   at OxPt.HwTests.HW001(String name) in J:\repos\knilecrack\Open-Xml-PowerTools\OpenXmlPowerTools.Tests\HtmlToWmlConverterTests.cs:line 377
   at InvokeStub_HwTests.HW001(Object, Span`1)
   at System.Reflection.MethodBaseInvoker.InvokeWithOneArg(Object obj, BindingFlags invokeAttr, Binder binder, Object[] parameters, CultureInfo culture)
  Passed OxPt.HwTests.HW001(name: "T1640.html") [30 ms]
  Passed OxPt.HwTests.HW001(name: "T0948.html") [37 ms]
  Passed OxPt.HwTests.HW001(name: "T0926.html") [101 ms]
  Passed OxPt.DbTests.DB009_ImportIntoHeadersFooters(testId: "DB009-00050", src: "DB/HeadersFooters/Src/Watermark-1.docx", dest: "DB/HeadersFooters/Dest/Fax.docx", insertId: "Templafy") [1 s]
  Passed OxPt.HwTests.HW001(name: "T0620.html") [64 ms]
  Passed OxPt.HwTests.HW001(name: "T1230.html") [63 ms]
  Passed OxPt.HwTests.HW001(name: "T0745.html") [59 ms]
  Passed OxPt.HwTests.HW001(name: "T0630.html") [29 ms]
  Passed OxPt.WcTests.WC004_Compare_To_Self(testId: "WCS-1570", name: "WC/WC022-Image-Math-Para-Before.docx") [937 ms]
  Passed OxPt.HwTests.HW001(name: "T1220.html") [42 ms]
  Passed OxPt.HwTests.HW001(name: "T1540.html") [29 ms]
  Passed OxPt.HwTests.HW001(name: "T0730.html") [32 ms]
  Passed OxPt.HwTests.HW001(name: "T1251.html") [40 ms]
  Passed OxPt.HwTests.HW001(name: "T1530.html") [29 ms]
  Passed OxPt.HwTests.HW001(name: "T0570.html") [25 ms]
  Passed OxPt.RpTests.RP001(name: "RP/RP038-Inserted-Paras-at-End.docx") [682 ms]
  Passed OxPt.HwTests.HW001(name: "T1680.html") [38 ms]
  Passed OxPt.HwTests.HW001(name: "T0510.html") [32 ms]
  Passed OxPt.WcTests.WC004_Compare_To_Self(testId: "WCS-1310", name: "WC/WC013-Image-Before.docx") [262 ms]
  Passed OxPt.HwTests.HW001(name: "T0934.html") [36 ms]
  Passed OxPt.DbTests.DB009_ImportIntoHeadersFooters(testId: "DB009-00160", src: "DB/HeadersFooters/Src/Watermark-2.docx", dest: "DB/HeadersFooters/Dest/Letter.docx", insertId: "Templafy") [529 ms]
  Passed OxPt.HwTests.HW001(name: "T1060.html") [53 ms]
  Passed OxPt.HwTests.HW001(name: "T0550.html") [32 ms]
  Passed OxPt.HwTests.HW001(name: "T0805.html") [37 ms]
  Passed OxPt.HwTests.HW001(name: "T1510.html") [36 ms]
  Passed OxPt.RpTests.RP001(name: "RP/RP021-Inserted-Numbering-Properties.docx") [263 ms]
  Passed OxPt.HwTests.HW001(name: "T1000.html") [47 ms]
  Passed OxPt.HwTests.HW001(name: "T0804.html") [29 ms]
  Passed OxPt.HwTests.HW001(name: "T0520.html") [40 ms]
  Passed OxPt.WcTests.WC004_Compare_To_Self(testId: "WCS-1290", name: "WC/WC013-Image-After.docx") [307 ms]
  Passed OxPt.HwTests.HW001(name: "T1210.html") [38 ms]
  Passed OxPt.HwTests.HW001(name: "T1010.html") [32 ms]
  Passed OxPt.HwTests.HW001(name: "T0680.html") [36 ms]
  Passed OxPt.HwTests.HW001(name: "T0013.html") [41 ms]
  Passed OxPt.HwTests.HW001(name: "T0030.html") [30 ms]
[xUnit.net 00:00:16.42]       System.ArgumentNullException : Value cannot be null. (Parameter 'contentType')
[xUnit.net 00:00:16.42]       Stack Trace:
[xUnit.net 00:00:16.42]            at DocumentFormat.OpenXml.Packaging.PartExtensionProvider.Register(String contentType, String extension)
[xUnit.net 00:00:16.42]            at DocumentFormat.OpenXml.Packaging.OpenXmlSupportedRelationshipExtensions.InitPart[TChild](OpenXmlPartContainer parent, TChild childPart, PartTypeInfo partType, String relId)
[xUnit.net 00:00:16.42]            at DocumentFormat.OpenXml.Packaging.OpenXmlSupportedRelationshipExtensions.AddImagePart[T](T parent, PartTypeInfo partType, String id)
[xUnit.net 00:00:16.42]         J:\repos\knilecrack\Open-Xml-PowerTools\OpenXmlPowerTools\HtmlToWmlConverterCore.cs(2317,0): at OpenXmlPowerTools.HtmlToWml.HtmlToWmlConverterCore.TransformImageToWml(XElement element, HtmlToWmlConverterSettings settings, WordprocessingDocument wDoc)
[xUnit.net 00:00:16.42]         J:\repos\knilecrack\Open-Xml-PowerTools\OpenXmlPowerTools\HtmlToWmlConverterCore.cs(924,0): at OpenXmlPowerTools.HtmlToWml.HtmlToWmlConverterCore.Transform(XNode node, HtmlToWmlConverterSettings settings, WordprocessingDocument wDoc, NextExpected nextExpected, Boolean preserveWhiteSpace)
[xUnit.net 00:00:16.42]         J:\repos\knilecrack\Open-Xml-PowerTools\OpenXmlPowerTools\HtmlToWmlConverterCore.cs(2236,0): at OpenXmlPowerTools.HtmlToWml.HtmlToWmlConverterCore.<>c__DisplayClass36_0.<GenerateNextExpected>b__0(XNode n)
[xUnit.net 00:00:16.42]            at System.Linq.Enumerable.IEnumerableSelectIterator`2.MoveNext()
[xUnit.net 00:00:16.42]            at System.Xml.Linq.XContainer.AddContentSkipNotify(Object content)
[xUnit.net 00:00:16.42]            at System.Xml.Linq.XContainer.AddContentSkipNotify(Object content)
[xUnit.net 00:00:16.42]         J:\repos\knilecrack\Open-Xml-PowerTools\OpenXmlPowerTools\HtmlToWmlConverterCore.cs(2234,0): at OpenXmlPowerTools.HtmlToWml.HtmlToWmlConverterCore.GenerateNextExpected(XNode node, HtmlToWmlConverterSettings settings, WordprocessingDocument wDoc, String styleName, NextExpected nextExpected, Boolean preserveWhiteSpace)
[xUnit.net 00:00:16.42]         J:\repos\knilecrack\Open-Xml-PowerTools\OpenXmlPowerTools\HtmlToWmlConverterCore.cs(939,0): at OpenXmlPowerTools.HtmlToWml.HtmlToWmlConverterCore.Transform(XNode node, HtmlToWmlConverterSettings settings, WordprocessingDocument wDoc, NextExpected nextExpected, Boolean preserveWhiteSpace)
[xUnit.net 00:00:16.42]         J:\repos\knilecrack\Open-Xml-PowerTools\OpenXmlPowerTools\HtmlToWmlConverterCore.cs(858,0): at OpenXmlPowerTools.HtmlToWml.HtmlToWmlConverterCore.<>c__DisplayClass20_0.<Transform>b__3(XNode n)
[xUnit.net 00:00:16.42]            at System.Linq.Enumerable.IEnumerableSelectIterator`2.MoveNext()
[xUnit.net 00:00:16.42]            at System.Xml.Linq.XContainer.AddContentSkipNotify(Object content)
[xUnit.net 00:00:16.42]            at System.Xml.Linq.XContainer.AddContentSkipNotify(Object content)
[xUnit.net 00:00:16.42]            at System.Xml.Linq.XContainer.AddContentSkipNotify(Object content)
[xUnit.net 00:00:16.42]            at System.Xml.Linq.XContainer.AddContentSkipNotify(Object content)
[xUnit.net 00:00:16.42]         J:\repos\knilecrack\Open-Xml-PowerTools\OpenXmlPowerTools\HtmlToWmlConverterCore.cs(313,0): at OpenXmlPowerTools.HtmlToWml.HtmlToWmlConverterCore.UpdateMainDocumentPart(WordprocessingDocument wDoc, XElement html, HtmlToWmlConverterSettings settings)
[xUnit.net 00:00:16.42]         J:\repos\knilecrack\Open-Xml-PowerTools\OpenXmlPowerTools\HtmlToWmlConverterCore.cs(188,0): at OpenXmlPowerTools.HtmlToWml.HtmlToWmlConverterCore.ConvertHtmlToWml(String defaultCss, String authorCss, String userCss, XElement xhtml, HtmlToWmlConverterSettings settings, WmlDocument emptyDocument, String annotatedHtmlDumpFileName)
[xUnit.net 00:00:16.42]         J:\repos\knilecrack\Open-Xml-PowerTools\OpenXmlPowerTools\HtmlToWmlConverter.cs(60,0): at OpenXmlPowerTools.HtmlToWmlConverter.ConvertHtmlToWml(String defaultCss, String authorCss, String userCss, XElement xhtml, HtmlToWmlConverterSettings settings, WmlDocument emptyDocument, String annotatedHtmlDumpFileName)
[xUnit.net 00:00:16.42]         J:\repos\knilecrack\Open-Xml-PowerTools\OpenXmlPowerTools.Tests\HtmlToWmlConverterTests.cs(377,0): at OxPt.HwTests.HW001(String name)
[xUnit.net 00:00:16.42]            at InvokeStub_HwTests.HW001(Object, Span`1)
[xUnit.net 00:00:16.42]            at System.Reflection.MethodBaseInvoker.InvokeWithOneArg(Object obj, BindingFlags invokeAttr, Binder binder, Object[] parameters, CultureInfo culture)
  Failed OxPt.HwTests.HW001(name: "T0936.html") [14 ms]
  Error Message:
   System.ArgumentNullException : Value cannot be null. (Parameter 'contentType')
  Stack Trace:
     at DocumentFormat.OpenXml.Packaging.PartExtensionProvider.Register(String contentType, String extension)
   at DocumentFormat.OpenXml.Packaging.OpenXmlSupportedRelationshipExtensions.InitPart[TChild](OpenXmlPartContainer parent, TChild childPart, PartTypeInfo partType, String relId)
   at DocumentFormat.OpenXml.Packaging.OpenXmlSupportedRelationshipExtensions.AddImagePart[T](T parent, PartTypeInfo partType, String id)
   at OpenXmlPowerTools.HtmlToWml.HtmlToWmlConverterCore.TransformImageToWml(XElement element, HtmlToWmlConverterSettings settings, WordprocessingDocument wDoc) in J:\repos\knilecrack\Open-Xml-PowerTools\OpenXmlPowerTools\HtmlToWmlConverterCore.cs:line 2317
   at OpenXmlPowerTools.HtmlToWml.HtmlToWmlConverterCore.Transform(XNode node, HtmlToWmlConverterSettings settings, WordprocessingDocument wDoc, NextExpected nextExpected, Boolean preserveWhiteSpace) in J:\repos\knilecrack\Open-Xml-PowerTools\OpenXmlPowerTools\HtmlToWmlConverterCore.cs:line 924
   at OpenXmlPowerTools.HtmlToWml.HtmlToWmlConverterCore.<>c__DisplayClass36_0.<GenerateNextExpected>b__0(XNode n) in J:\repos\knilecrack\Open-Xml-PowerTools\OpenXmlPowerTools\HtmlToWmlConverterCore.cs:line 2236
   at System.Linq.Enumerable.IEnumerableSelectIterator`2.MoveNext()
   at System.Xml.Linq.XContainer.AddContentSkipNotify(Object content)
   at System.Xml.Linq.XContainer.AddContentSkipNotify(Object content)
   at OpenXmlPowerTools.HtmlToWml.HtmlToWmlConverterCore.GenerateNextExpected(XNode node, HtmlToWmlConverterSettings settings, WordprocessingDocument wDoc, String styleName, NextExpected nextExpected, Boolean preserveWhiteSpace) in J:\repos\knilecrack\Open-Xml-PowerTools\OpenXmlPowerTools\HtmlToWmlConverterCore.cs:line 2234
   at OpenXmlPowerTools.HtmlToWml.HtmlToWmlConverterCore.Transform(XNode node, HtmlToWmlConverterSettings settings, WordprocessingDocument wDoc, NextExpected nextExpected, Boolean preserveWhiteSpace) in J:\repos\knilecrack\Open-Xml-PowerTools\OpenXmlPowerTools\HtmlToWmlConverterCore.cs:line 939
   at OpenXmlPowerTools.HtmlToWml.HtmlToWmlConverterCore.<>c__DisplayClass20_0.<Transform>b__3(XNode n) in J:\repos\knilecrack\Open-Xml-PowerTools\OpenXmlPowerTools\HtmlToWmlConverterCore.cs:line 858
   at System.Linq.Enumerable.IEnumerableSelectIterator`2.MoveNext()
   at System.Xml.Linq.XContainer.AddContentSkipNotify(Object content)
   at System.Xml.Linq.XContainer.AddContentSkipNotify(Object content)
   at System.Xml.Linq.XContainer.AddContentSkipNotify(Object content)
   at System.Xml.Linq.XContainer.AddContentSkipNotify(Object content)
   at OpenXmlPowerTools.HtmlToWml.HtmlToWmlConverterCore.UpdateMainDocumentPart(WordprocessingDocument wDoc, XElement html, HtmlToWmlConverterSettings settings) in J:\repos\knilecrack\Open-Xml-PowerTools\OpenXmlPowerTools\HtmlToWmlConverterCore.cs:line 313
   at OpenXmlPowerTools.HtmlToWml.HtmlToWmlConverterCore.ConvertHtmlToWml(String defaultCss, String authorCss, String userCss, XElement xhtml, HtmlToWmlConverterSettings settings, WmlDocument emptyDocument, String annotatedHtmlDumpFileName) in J:\repos\knilecrack\Open-Xml-PowerTools\OpenXmlPowerTools\HtmlToWmlConverterCore.cs:line 188
   at OpenXmlPowerTools.HtmlToWmlConverter.ConvertHtmlToWml(String defaultCss, String authorCss, String userCss, XElement xhtml, HtmlToWmlConverterSettings settings, WmlDocument emptyDocument, String annotatedHtmlDumpFileName) in J:\repos\knilecrack\Open-Xml-PowerTools\OpenXmlPowerTools\HtmlToWmlConverter.cs:line 60
   at OxPt.HwTests.HW001(String name) in J:\repos\knilecrack\Open-Xml-PowerTools\OpenXmlPowerTools.Tests\HtmlToWmlConverterTests.cs:line 377
   at InvokeStub_HwTests.HW001(Object, Span`1)
   at System.Reflection.MethodBaseInvoker.InvokeWithOneArg(Object obj, BindingFlags invokeAttr, Binder binder, Object[] parameters, CultureInfo culture)
  Passed OxPt.DbTests.DB009_ImportIntoHeadersFooters(testId: "DB009-00120", src: "DB/HeadersFooters/Src/Letterhead.docx", dest: "DB/HeadersFooters/Dest/Letter.docx", insertId: "Templafy") [478 ms]
  Passed OxPt.HwTests.HW001(name: "T0950.html") [29 ms]
  Passed OxPt.RpTests.RP001(name: "RP/RP046-Consecutive-Deleted-Ranges.docx") [326 ms]
  Passed OxPt.HwTests.HW001(name: "T0490.html") [33 ms]
  Passed OxPt.WcTests.WC004_Compare_To_Self(testId: "WCS-1270", name: "WC/WC012-Math-After.docx") [293 ms]
  Passed OxPt.HwTests.HW001(name: "T0851.html") [33 ms]
  Passed OxPt.HwTests.HW001(name: "T0692.html") [53 ms]
  Passed OxPt.HwTests.HW001(name: "T1111.html") [156 ms]
  Passed OxPt.HwTests.HW001(name: "T0794.html") [59 ms]
  Passed OxPt.RpTests.RP001(name: "RP/RP023-NumberingChange.docx") [356 ms]
  Passed OxPt.WcTests.WC004_Compare_To_Self(testId: "WCS-1200", name: "WC/WC007-Unmodified.docx") [309 ms]
  Passed OxPt.HwTests.HW001(name: "T1650.html") [38 ms]
[xUnit.net 00:00:16.98]       The relationship 'rId6' referenced by attribute 'http://schemas.openxmlformats.org/officeDocument/2006/relationships:embed' does not exist.
[xUnit.net 00:00:16.98]       
[xUnit.net 00:00:16.98]       Stack Trace:
[xUnit.net 00:00:16.98]         J:\repos\knilecrack\Open-Xml-PowerTools\OpenXmlPowerTools.Tests\DocumentBuilderTests.cs(881,0): at OxPt.DbTests.Validate(FileInfo fi)
[xUnit.net 00:00:16.98]         J:\repos\knilecrack\Open-Xml-PowerTools\OpenXmlPowerTools.Tests\DocumentBuilderTests.cs(328,0): at OxPt.DbTests.DB009_ImportIntoHeadersFooters(String testId, String src, String dest, String insertId)
[xUnit.net 00:00:16.98]            at InvokeStub_DbTests.DB009_ImportIntoHeadersFooters(Object, Span`1)
[xUnit.net 00:00:16.98]            at System.Reflection.MethodBaseInvoker.InvokeWithFewArgs(Object obj, BindingFlags invokeAttr, Binder binder, Object[] parameters, CultureInfo culture)
  Passed OxPt.HwTests.HW001(name: "T0090.html") [39 ms]
  Passed OxPt.HwTests.HW001(name: "T1340.html") [40 ms]
  Passed OxPt.HwTests.HW001(name: "T0250.html") [27 ms]
  Passed OxPt.HwTests.HW001(name: "T0210.html") [29 ms]
  Failed OxPt.DbTests.DB009_ImportIntoHeadersFooters(testId: "DB009-00140", src: "DB/HeadersFooters/Src/Logo.docx", dest: "DB/HeadersFooters/Dest/Letter.docx", insertId: "Templafy") [543 ms]
  Error Message:
   The relationship 'rId6' referenced by attribute 'http://schemas.openxmlformats.org/officeDocument/2006/relationships:embed' does not exist.

  Stack Trace:
     at OxPt.DbTests.Validate(FileInfo fi) in J:\repos\knilecrack\Open-Xml-PowerTools\OpenXmlPowerTools.Tests\DocumentBuilderTests.cs:line 881
   at OxPt.DbTests.DB009_ImportIntoHeadersFooters(String testId, String src, String dest, String insertId) in J:\repos\knilecrack\Open-Xml-PowerTools\OpenXmlPowerTools.Tests\DocumentBuilderTests.cs:line 328
   at InvokeStub_DbTests.DB009_ImportIntoHeadersFooters(Object, Span`1)
   at System.Reflection.MethodBaseInvoker.InvokeWithFewArgs(Object obj, BindingFlags invokeAttr, Binder binder, Object[] parameters, CultureInfo culture)
  Passed OxPt.HwTests.HW001(name: "T0180.html") [27 ms]
  Passed OxPt.HwTests.HW001(name: "T0370.html") [30 ms]
  Passed OxPt.HwTests.HW001(name: "T0432.html") [41 ms]
  Passed OxPt.HwTests.HW001(name: "T0945.html") [35 ms]
  Passed OxPt.RpTests.RP001(name: "RP/RP024-ParagraphMark-rPr-Change.docx") [294 ms]
  Passed OxPt.HwTests.HW001(name: "T0400.html") [38 ms]
  Passed OxPt.WcTests.WC004_Compare_To_Self(testId: "WCS-1500", name: "WC/WC019-Hyperlink-Before.docx") [319 ms]
  Passed OxPt.HwTests.HW001(name: "T1330.html") [56 ms]
  Passed OxPt.HwTests.HW001(name: "T1380.html") [38 ms]
  Passed OxPt.HwTests.HW001(name: "T0460.html") [34 ms]
[xUnit.net 00:00:17.49]       The relationship 'rId6' referenced by attribute 'http://schemas.openxmlformats.org/officeDocument/2006/relationships:embed' does not exist.
[xUnit.net 00:00:17.49]       
[xUnit.net 00:00:17.49]       Stack Trace:
[xUnit.net 00:00:17.49]         J:\repos\knilecrack\Open-Xml-PowerTools\OpenXmlPowerTools.Tests\DocumentBuilderTests.cs(881,0): at OxPt.DbTests.Validate(FileInfo fi)
[xUnit.net 00:00:17.49]         J:\repos\knilecrack\Open-Xml-PowerTools\OpenXmlPowerTools.Tests\DocumentBuilderTests.cs(328,0): at OxPt.DbTests.DB009_ImportIntoHeadersFooters(String testId, String src, String dest, String insertId)
[xUnit.net 00:00:17.49]            at InvokeStub_DbTests.DB009_ImportIntoHeadersFooters(Object, Span`1)
[xUnit.net 00:00:17.49]            at System.Reflection.MethodBaseInvoker.InvokeWithFewArgs(Object obj, BindingFlags invokeAttr, Binder binder, Object[] parameters, CultureInfo culture)
  Passed OxPt.HwTests.HW001(name: "T0691.html") [33 ms]
  Passed OxPt.HwTests.HW001(name: "T0440.html") [26 ms]
  Passed OxPt.HwTests.HW001(name: "T0930.html") [34 ms]
  Passed OxPt.HwTests.HW001(name: "T1131.html") [36 ms]
  Passed OxPt.HwTests.HW004(name: "E0010.html") [21 ms]
  Passed OxPt.RpTests.RP001(name: "RP/RP041-Cell-With-Empty-Paras-at-End.docx") [311 ms]
  Passed OxPt.HwTests.HW004(name: "E0020.html") [24 ms]
  Failed OxPt.DbTests.DB009_ImportIntoHeadersFooters(testId: "DB009-00110", src: "DB/HeadersFooters/Src/Content-Controls.docx", dest: "DB/HeadersFooters/Dest/Letter.docx", insertId: "Templafy") [508 ms]
  Error Message:
   The relationship 'rId6' referenced by attribute 'http://schemas.openxmlformats.org/officeDocument/2006/relationships:embed' does not exist.

  Stack Trace:
     at OxPt.DbTests.Validate(FileInfo fi) in J:\repos\knilecrack\Open-Xml-PowerTools\OpenXmlPowerTools.Tests\DocumentBuilderTests.cs:line 881
   at OxPt.DbTests.DB009_ImportIntoHeadersFooters(String testId, String src, String dest, String insertId) in J:\repos\knilecrack\Open-Xml-PowerTools\OpenXmlPowerTools.Tests\DocumentBuilderTests.cs:line 328
   at InvokeStub_DbTests.DB009_ImportIntoHeadersFooters(Object, Span`1)
   at System.Reflection.MethodBaseInvoker.InvokeWithFewArgs(Object obj, BindingFlags invokeAttr, Binder binder, Object[] parameters, CultureInfo culture)
  Passed OxPt.RpTests.RP001(name: "RP/RP005-Deleted-Paragraph-Mark.docx") [258 ms]
  Passed OxPt.WcTests.WC004_Compare_To_Self(testId: "WCS-1560", name: "WC/WC022-Image-Math-Para-After.docx") [780 ms]
  Passed OxPt.DbTests.DB009_ImportIntoHeadersFooters(testId: "DB009-00170", src: "DB/HeadersFooters/Src/Disclaimer.docx", dest: "DB/HeadersFooters/Dest/Letter.docx", insertId: "Templafy") [494 ms]
  Passed OxPt.RpTests.RP001(name: "RP/RP018-MoveFrom-MoveTo-CC.docx") [455 ms]
  Passed OxPt.WcTests.WC004_Compare_To_Self(testId: "WCS-1370", name: "WC/WC014-SmartArt-With-Image-Deleted-After.docx") [297 ms]
  Passed OxPt.RpTests.RP001(name: "RP/RP028-Table-Grid-Change.docx") [327 ms]
  Passed OxPt.WcTests.WC004_Compare_To_Self(testId: "WCS-1170", name: "WC/WC007-Deleted-at-Beginning-of-Para.docx") [307 ms]
[xUnit.net 00:00:19.01]       System.NullReferenceException : Object reference not set to an instance of an object.
[xUnit.net 00:00:19.01]       Stack Trace:
[xUnit.net 00:00:19.01]            at DocumentFormat.OpenXml.Validation.Semantic.RelationshipTypeConstraint.ValidateCore(ValidationContext context)
[xUnit.net 00:00:19.01]            at DocumentFormat.OpenXml.Validation.Semantic.SemanticConstraint.Validate(ValidationContext context)
[xUnit.net 00:00:19.01]            at DocumentFormat.OpenXml.Validation.DocumentValidator.<>c.<Validate>b__5_0(ValidationContext context)
[xUnit.net 00:00:19.01]            at DocumentFormat.OpenXml.Validation.ValidationTraverser.ValidatingTraverse(ValidationContext validationContext, Action`1 validateAction)
[xUnit.net 00:00:19.01]            at DocumentFormat.OpenXml.Validation.DocumentValidator.Validate(ValidationContext validationContext)
[xUnit.net 00:00:19.01]            at DocumentFormat.OpenXml.Validation.DocumentValidator.ValidatePart(OpenXmlPart part, ValidationContext context)
[xUnit.net 00:00:19.01]            at DocumentFormat.OpenXml.Validation.DocumentValidator.Validate(OpenXmlPackage document, ValidationSettings settings, CancellationToken token)
[xUnit.net 00:00:19.01]            at DocumentFormat.OpenXml.Validation.OpenXmlValidator.Validate(OpenXmlPackage openXmlPackage, CancellationToken token)
[xUnit.net 00:00:19.01]            at DocumentFormat.OpenXml.Validation.OpenXmlValidator.Validate(OpenXmlPackage openXmlPackage)
[xUnit.net 00:00:19.01]         J:\repos\knilecrack\Open-Xml-PowerTools\OpenXmlPowerTools.Tests\DocumentBuilderTests.cs(867,0): at OxPt.DbTests.Validate(FileInfo fi)
[xUnit.net 00:00:19.01]         J:\repos\knilecrack\Open-Xml-PowerTools\OpenXmlPowerTools.Tests\DocumentBuilderTests.cs(199,0): at OxPt.DbTests.DB007_Example_DocumentBuilder02_WhitePaper()
[xUnit.net 00:00:19.01]            at System.RuntimeMethodHandle.InvokeMethod(ObjectHandleOnStack target, Void** arguments, ObjectHandleOnStack sig, BOOL isConstructor, ObjectHandleOnStack result)
[xUnit.net 00:00:19.01]            at System.Reflection.MethodBaseInvoker.InterpretedInvoke_Method(Object obj, IntPtr* args)
[xUnit.net 00:00:19.01]            at System.Reflection.RuntimeMethodInfo.Invoke(Object obj, BindingFlags invokeAttr, Binder binder, Object[] parameters, CultureInfo culture)
[xUnit.net 00:00:19.36]       The relationship 'rId6' referenced by attribute 'http://schemas.openxmlformats.org/officeDocument/2006/relationships:embed' does not exist.
[xUnit.net 00:00:19.36]       
[xUnit.net 00:00:19.36]       Stack Trace:
[xUnit.net 00:00:19.36]         J:\repos\knilecrack\Open-Xml-PowerTools\OpenXmlPowerTools.Tests\DocumentBuilderTests.cs(881,0): at OxPt.DbTests.Validate(FileInfo fi)
[xUnit.net 00:00:19.36]         J:\repos\knilecrack\Open-Xml-PowerTools\OpenXmlPowerTools.Tests\DocumentBuilderTests.cs(236,0): at OxPt.DbTests.DB008_DeleteParasWithGivenStyle()
[xUnit.net 00:00:19.36]            at System.RuntimeMethodHandle.InvokeMethod(ObjectHandleOnStack target, Void** arguments, ObjectHandleOnStack sig, BOOL isConstructor, ObjectHandleOnStack result)
[xUnit.net 00:00:19.36]            at System.Reflection.MethodBaseInvoker.InterpretedInvoke_Method(Object obj, IntPtr* args)
[xUnit.net 00:00:19.36]            at System.Reflection.RuntimeMethodInfo.Invoke(Object obj, BindingFlags invokeAttr, Binder binder, Object[] parameters, CultureInfo culture)
  Passed OxPt.WcTests.WC004_Compare_To_Self(testId: "WCS-1000", name: "WC/WC001-Digits.docx") [286 ms]
  Passed OxPt.DbTests.DB009_ImportIntoHeadersFooters(testId: "DB009-00080", src: "DB/HeadersFooters/Src/Footer.docx", dest: "DB/HeadersFooters/Dest/Fax.docx", insertId: "Templafy") [963 ms]
  Failed OxPt.DbTests.DB007_Example_DocumentBuilder02_WhitePaper [58 ms]
  Error Message:
   System.NullReferenceException : Object reference not set to an instance of an object.
  Stack Trace:
     at DocumentFormat.OpenXml.Validation.Semantic.RelationshipTypeConstraint.ValidateCore(ValidationContext context)
   at DocumentFormat.OpenXml.Validation.Semantic.SemanticConstraint.Validate(ValidationContext context)
   at DocumentFormat.OpenXml.Validation.DocumentValidator.<>c.<Validate>b__5_0(ValidationContext context)
   at DocumentFormat.OpenXml.Validation.ValidationTraverser.ValidatingTraverse(ValidationContext validationContext, Action`1 validateAction)
   at DocumentFormat.OpenXml.Validation.DocumentValidator.Validate(ValidationContext validationContext)
   at DocumentFormat.OpenXml.Validation.DocumentValidator.ValidatePart(OpenXmlPart part, ValidationContext context)
   at DocumentFormat.OpenXml.Validation.DocumentValidator.Validate(OpenXmlPackage document, ValidationSettings settings, CancellationToken token)
   at DocumentFormat.OpenXml.Validation.OpenXmlValidator.Validate(OpenXmlPackage openXmlPackage, CancellationToken token)
   at DocumentFormat.OpenXml.Validation.OpenXmlValidator.Validate(OpenXmlPackage openXmlPackage)
   at OxPt.DbTests.Validate(FileInfo fi) in J:\repos\knilecrack\Open-Xml-PowerTools\OpenXmlPowerTools.Tests\DocumentBuilderTests.cs:line 867
   at OxPt.DbTests.DB007_Example_DocumentBuilder02_WhitePaper() in J:\repos\knilecrack\Open-Xml-PowerTools\OpenXmlPowerTools.Tests\DocumentBuilderTests.cs:line 199
   at System.RuntimeMethodHandle.InvokeMethod(ObjectHandleOnStack target, Void** arguments, ObjectHandleOnStack sig, BOOL isConstructor, ObjectHandleOnStack result)
   at System.Reflection.MethodBaseInvoker.InterpretedInvoke_Method(Object obj, IntPtr* args)
   at System.Reflection.RuntimeMethodInfo.Invoke(Object obj, BindingFlags invokeAttr, Binder binder, Object[] parameters, CultureInfo culture)
  Passed OxPt.WcTests.WC004_Compare_To_Self(testId: "WCS-1230", name: "WC/WC010-Para-Before-Table-Mod.docx") [289 ms]
  Passed OxPt.RpTests.RP001(name: "RP/RP045-One-and-Half-Deleted-Lines-at-End.docx") [668 ms]
  Failed OxPt.DbTests.DB008_DeleteParasWithGivenStyle [355 ms]
  Error Message:
   The relationship 'rId6' referenced by attribute 'http://schemas.openxmlformats.org/officeDocument/2006/relationships:embed' does not exist.

  Stack Trace:
     at OxPt.DbTests.Validate(FileInfo fi) in J:\repos\knilecrack\Open-Xml-PowerTools\OpenXmlPowerTools.Tests\DocumentBuilderTests.cs:line 881
   at OxPt.DbTests.DB008_DeleteParasWithGivenStyle() in J:\repos\knilecrack\Open-Xml-PowerTools\OpenXmlPowerTools.Tests\DocumentBuilderTests.cs:line 236
   at System.RuntimeMethodHandle.InvokeMethod(ObjectHandleOnStack target, Void** arguments, ObjectHandleOnStack sig, BOOL isConstructor, ObjectHandleOnStack result)
   at System.Reflection.MethodBaseInvoker.InterpretedInvoke_Method(Object obj, IntPtr* args)
   at System.Reflection.RuntimeMethodInfo.Invoke(Object obj, BindingFlags invokeAttr, Binder binder, Object[] parameters, CultureInfo culture)
  Passed OxPt.RpTests.RP001(name: "RP/RP016-Deleted-CC.docx") [290 ms]
[xUnit.net 00:00:20.15]       OpenXmlPowerTools.OpenXmlPowerToolsException : Internal error
[xUnit.net 00:00:20.15]       Stack Trace:
[xUnit.net 00:00:20.15]         J:\repos\knilecrack\Open-Xml-PowerTools\OpenXmlPowerTools\WmlComparer.cs(5017,0): at OpenXmlPowerTools.WmlComparer.<>c.<SetAfterUnids>b__75_1(XElement a)
[xUnit.net 00:00:20.15]            at System.Linq.Enumerable.ArrayWhereSelectIterator`2.ToArray(ReadOnlySpan`1 source, Func`2 predicate, Func`2 selector)
[xUnit.net 00:00:20.15]            at System.Linq.Enumerable.ListWhereSelectIterator`2.ToArray()
[xUnit.net 00:00:20.15]         J:\repos\knilecrack\Open-Xml-PowerTools\OpenXmlPowerTools\WmlComparer.cs(5011,0): at OpenXmlPowerTools.WmlComparer.SetAfterUnids(CorrelatedSequence unknown)
[xUnit.net 00:00:20.15]         J:\repos\knilecrack\Open-Xml-PowerTools\OpenXmlPowerTools\WmlComparer.cs(4932,0): at OpenXmlPowerTools.WmlComparer.Lcs(ComparisonUnit[] cu1, ComparisonUnit[] cu2, WmlComparerSettings settings)
[xUnit.net 00:00:20.15]         J:\repos\knilecrack\Open-Xml-PowerTools\OpenXmlPowerTools\WmlComparer.cs(2421,0): at OpenXmlPowerTools.WmlComparer.ProcessFootnoteEndnote(WmlComparerSettings settings, List`1 listOfComparisonUnitAtoms, MainDocumentPart mainDocumentPartBefore, MainDocumentPart mainDocumentPartAfter, XDocument mainDocumentXDoc)
[xUnit.net 00:00:20.15]         J:\repos\knilecrack\Open-Xml-PowerTools\OpenXmlPowerTools\WmlComparer.cs(1698,0): at OpenXmlPowerTools.WmlComparer.ProduceDocumentWithTrackedRevisions(WmlComparerSettings settings, WmlDocument wmlResult, WordprocessingDocument wDoc1, WordprocessingDocument wDoc2)
[xUnit.net 00:00:20.15]         J:\repos\knilecrack\Open-Xml-PowerTools\OpenXmlPowerTools\WmlComparer.cs(213,0): at OpenXmlPowerTools.WmlComparer.CompareInternal(WmlDocument source1, WmlDocument source2, WmlComparerSettings settings, Boolean preProcessMarkupInOriginal)
[xUnit.net 00:00:20.15]         J:\repos\knilecrack\Open-Xml-PowerTools\OpenXmlPowerTools\WmlComparer.cs(94,0): at OpenXmlPowerTools.WmlComparer.Compare(WmlDocument source1, WmlDocument source2, WmlComparerSettings settings)
[xUnit.net 00:00:20.15]         J:\repos\knilecrack\Open-Xml-PowerTools\OpenXmlPowerTools.Tests\WmlComparerTests.cs(915,0): at OxPt.WcTests.WC004_Compare_To_Self(String testId, String name)
[xUnit.net 00:00:20.15]            at InvokeStub_WcTests.WC004_Compare_To_Self(Object, Span`1)
[xUnit.net 00:00:20.15]            at System.Reflection.MethodBaseInvoker.InvokeWithFewArgs(Object obj, BindingFlags invokeAttr, Binder binder, Object[] parameters, CultureInfo culture)
  Passed OxPt.WcTests.WC004_Compare_To_Self(testId: "WCS-1340", name: "WC/WC014-SmartArt-Before.docx") [435 ms]
  Passed OxPt.RpTests.RP001(name: "RP/RP034-Deleted-Cells.docx") [250 ms]
  Passed OxPt.DbTests.WithGlossaryDocuments(testId: "DB100-00200", baseline: null, src1: "DB/GlossaryDocuments/BaseDocument.docx", src2: "DB/GlossaryDocuments/CellLevelContentControl.docx", src3: "DB/GlossaryDocuments/NestedContentControl.docx", src4: null, src5: null, src6: null) [445 ms]
  Passed OxPt.RpTests.RP001(name: "RP/RP025-Paragraph-Props-Change.docx") [255 ms]
  Passed OxPt.WcTests.WC004_Compare_To_Self(testId: "WCS-1350", name: "WC/WC014-SmartArt-With-Image-After.docx") [490 ms]
  Passed OxPt.RpTests.RP001(name: "RP/RP020-Inserted-Field-Code.docx") [194 ms]
  Failed OxPt.WcTests.WC004_Compare_To_Self(testId: "WCS-1510", name: "WC/WC020-FootNote-After-1.docx") [105 ms]
  Error Message:
   OpenXmlPowerTools.OpenXmlPowerToolsException : Internal error
  Stack Trace:
     at OpenXmlPowerTools.WmlComparer.<>c.<SetAfterUnids>b__75_1(XElement a) in J:\repos\knilecrack\Open-Xml-PowerTools\OpenXmlPowerTools\WmlComparer.cs:line 5017
   at System.Linq.Enumerable.ArrayWhereSelectIterator`2.ToArray(ReadOnlySpan`1 source, Func`2 predicate, Func`2 selector)
   at System.Linq.Enumerable.ListWhereSelectIterator`2.ToArray()
   at OpenXmlPowerTools.WmlComparer.SetAfterUnids(CorrelatedSequence unknown) in J:\repos\knilecrack\Open-Xml-PowerTools\OpenXmlPowerTools\WmlComparer.cs:line 5011
   at OpenXmlPowerTools.WmlComparer.Lcs(ComparisonUnit[] cu1, ComparisonUnit[] cu2, WmlComparerSettings settings) in J:\repos\knilecrack\Open-Xml-PowerTools\OpenXmlPowerTools\WmlComparer.cs:line 4932
   at OpenXmlPowerTools.WmlComparer.ProcessFootnoteEndnote(WmlComparerSettings settings, List`1 listOfComparisonUnitAtoms, MainDocumentPart mainDocumentPartBefore, MainDocumentPart mainDocumentPartAfter, XDocument mainDocumentXDoc) in J:\repos\knilecrack\Open-Xml-PowerTools\OpenXmlPowerTools\WmlComparer.cs:line 2421
   at OpenXmlPowerTools.WmlComparer.ProduceDocumentWithTrackedRevisions(WmlComparerSettings settings, WmlDocument wmlResult, WordprocessingDocument wDoc1, WordprocessingDocument wDoc2) in J:\repos\knilecrack\Open-Xml-PowerTools\OpenXmlPowerTools\WmlComparer.cs:line 1698
   at OpenXmlPowerTools.WmlComparer.CompareInternal(WmlDocument source1, WmlDocument source2, WmlComparerSettings settings, Boolean preProcessMarkupInOriginal) in J:\repos\knilecrack\Open-Xml-PowerTools\OpenXmlPowerTools\WmlComparer.cs:line 213
   at OpenXmlPowerTools.WmlComparer.Compare(WmlDocument source1, WmlDocument source2, WmlComparerSettings settings) in J:\repos\knilecrack\Open-Xml-PowerTools\OpenXmlPowerTools\WmlComparer.cs:line 94
   at OxPt.WcTests.WC004_Compare_To_Self(String testId, String name) in J:\repos\knilecrack\Open-Xml-PowerTools\OpenXmlPowerTools.Tests\WmlComparerTests.cs:line 915
   at InvokeStub_WcTests.WC004_Compare_To_Self(Object, Span`1)
   at System.Reflection.MethodBaseInvoker.InvokeWithFewArgs(Object obj, BindingFlags invokeAttr, Binder binder, Object[] parameters, CultureInfo culture)
  Passed OxPt.WcTests.WC004_Compare_To_Self(testId: "WCS-1250", name: "WC/WC011-After.docx") [187 ms]
  Passed OxPt.DbTests.WithGlossaryDocuments(testId: "DB100-00040", baseline: "DB/GlossaryDocuments/NestedContentControl-built.do"···, src1: "DB/GlossaryDocuments/BaseDocument.docx,0,4", src2: "DB/GlossaryDocuments/NestedContentControl.docx", src3: "DB/GlossaryDocuments/BaseDocument.docx,4", src4: null, src5: null, src6: null) [539 ms]
  Passed OxPt.RpTests.RP001(name: "RP/RP022-NumberingChange.docx") [259 ms]
  Passed OxPt.WcTests.WC004_Compare_To_Self(testId: "WCS-1240", name: "WC/WC010-Para-Before-Table-Unmodified.docx") [205 ms]
  Passed OxPt.RpTests.RP001(name: "RP/RP017-Inserted-CC.docx") [253 ms]
  Passed OxPt.WcTests.WC004_Compare_To_Self(testId: "WCS-1320", name: "WC/WC013-Image-Before2.docx") [193 ms]
  Passed OxPt.RpTests.RP001(name: "RP/RP019-Deleted-Field-Code.docx") [177 ms]
  Passed OxPt.WcTests.WC004_Compare_To_Self(testId: "WCS-1440", name: "WC/WC017-Image-After.docx") [196 ms]
  Passed OxPt.WcTests.WC004_Compare_To_Self(testId: "WCS-1110", name: "WC/WC002-Unmodified.docx") [224 ms]
  Passed OxPt.RpTests.RP001(name: "RP/RP043-MERGEFORMAT-Field-Code.docx") [400 ms]
  Passed OxPt.DbTests.WithGlossaryDocuments(testId: "DB100-00060", baseline: "DB/GlossaryDocuments/ContentControlDanishProofingL"···, src1: "DB/GlossaryDocuments/BaseDocument.docx,0,4", src2: "DB/GlossaryDocuments/ContentControlDanishProofingL"···, src3: "DB/GlossaryDocuments/BaseDocument.docx,4", src4: null, src5: null, src6: null) [1 s]
  Passed OxPt.WcTests.WC004_Compare_To_Self(testId: "WCS-1430", name: "WC/WC017-Image.docx") [244 ms]
  Passed OxPt.RpTests.RP001(name: "RP/RP013-Deleted-Math-Control-Char.docx") [224 ms]
  Passed OxPt.WcTests.WC004_Compare_To_Self(testId: "WCS-1010", name: "WC/WC001-Digits-Deleted-Paragraph.docx") [208 ms]
[xUnit.net 00:00:21.87]       The relationship 'rId6' referenced by attribute 'http://schemas.openxmlformats.org/officeDocument/2006/relationships:embed' does not exist.
[xUnit.net 00:00:21.87]       
[xUnit.net 00:00:21.87]       Stack Trace:
[xUnit.net 00:00:21.87]         J:\repos\knilecrack\Open-Xml-PowerTools\OpenXmlPowerTools.Tests\DocumentBuilderTests.cs(881,0): at OxPt.DbTests.Validate(FileInfo fi)
[xUnit.net 00:00:21.87]         J:\repos\knilecrack\Open-Xml-PowerTools\OpenXmlPowerTools.Tests\DocumentBuilderTests.cs(859,0): at OxPt.DbTests.WithGlossaryDocuments(String testId, String baseline, String src1, String src2, String src3, String src4, String src5, String src6)
[xUnit.net 00:00:21.87]            at InvokeStub_DbTests.WithGlossaryDocuments(Object, Span`1)
[xUnit.net 00:00:21.87]            at System.Reflection.MethodBaseInvoker.InvokeWithManyArgs(Object obj, BindingFlags invokeAttr, Binder binder, Object[] parameters, CultureInfo culture)
  Passed OxPt.RpTests.RP001(name: "RP/RP030-Table-Row-Props-Change.docx") [228 ms]
  Passed OxPt.WcTests.WC004_Compare_To_Self(testId: "WCS-1210", name: "WC/WC009-Table-Cell-1-1-Mod.docx") [202 ms]
  Passed OxPt.RpTests.RP001(name: "RP/RP015-MoveFrom-MoveTo.docx") [187 ms]
  Failed OxPt.DbTests.WithGlossaryDocuments(testId: "DB100-00100", baseline: "DB/GlossaryDocuments/FooterContent-built.docx", src1: "DB/GlossaryDocuments/BaseDocument.docx,0,4", src2: "DB/GlossaryDocuments/FooterContent.docx", src3: "DB/GlossaryDocuments/BaseDocument.docx,4", src4: null, src5: null, src6: null) [479 ms]
  Error Message:
   The relationship 'rId6' referenced by attribute 'http://schemas.openxmlformats.org/officeDocument/2006/relationships:embed' does not exist.

  Stack Trace:
     at OxPt.DbTests.Validate(FileInfo fi) in J:\repos\knilecrack\Open-Xml-PowerTools\OpenXmlPowerTools.Tests\DocumentBuilderTests.cs:line 881
   at OxPt.DbTests.WithGlossaryDocuments(String testId, String baseline, String src1, String src2, String src3, String src4, String src5, String src6) in J:\repos\knilecrack\Open-Xml-PowerTools\OpenXmlPowerTools.Tests\DocumentBuilderTests.cs:line 859
   at InvokeStub_DbTests.WithGlossaryDocuments(Object, Span`1)
   at System.Reflection.MethodBaseInvoker.InvokeWithManyArgs(Object obj, BindingFlags invokeAttr, Binder binder, Object[] parameters, CultureInfo culture)
  Passed OxPt.WcTests.WC004_Compare_To_Self(testId: "WCS-1040", name: "WC/WC002-DeleteAtEnd.docx") [202 ms]
  Passed OxPt.WcTests.WC004_Compare_To_Self(testId: "WCS-1070", name: "WC/WC002-DiffInMiddle.docx") [192 ms]
  Passed OxPt.RpTests.RP001(name: "RP/RP042-Deleted-Para-Mark-at-End.docx") [409 ms]
[xUnit.net 00:00:22.69]       OpenXmlPowerTools.OpenXmlPowerToolsException : Internal error
[xUnit.net 00:00:22.70]       Stack Trace:
[xUnit.net 00:00:22.70]         J:\repos\knilecrack\Open-Xml-PowerTools\OpenXmlPowerTools\WmlComparer.cs(5017,0): at OpenXmlPowerTools.WmlComparer.<>c.<SetAfterUnids>b__75_1(XElement a)
[xUnit.net 00:00:22.70]            at System.Linq.Enumerable.ArrayWhereSelectIterator`2.ToArray(ReadOnlySpan`1 source, Func`2 predicate, Func`2 selector)
[xUnit.net 00:00:22.70]            at System.Linq.Enumerable.ListWhereSelectIterator`2.ToArray()
[xUnit.net 00:00:22.70]         J:\repos\knilecrack\Open-Xml-PowerTools\OpenXmlPowerTools\WmlComparer.cs(5011,0): at OpenXmlPowerTools.WmlComparer.SetAfterUnids(CorrelatedSequence unknown)
[xUnit.net 00:00:22.70]         J:\repos\knilecrack\Open-Xml-PowerTools\OpenXmlPowerTools\WmlComparer.cs(4932,0): at OpenXmlPowerTools.WmlComparer.Lcs(ComparisonUnit[] cu1, ComparisonUnit[] cu2, WmlComparerSettings settings)
[xUnit.net 00:00:22.70]         J:\repos\knilecrack\Open-Xml-PowerTools\OpenXmlPowerTools\WmlComparer.cs(2421,0): at OpenXmlPowerTools.WmlComparer.ProcessFootnoteEndnote(WmlComparerSettings settings, List`1 listOfComparisonUnitAtoms, MainDocumentPart mainDocumentPartBefore, MainDocumentPart mainDocumentPartAfter, XDocument mainDocumentXDoc)
[xUnit.net 00:00:22.70]         J:\repos\knilecrack\Open-Xml-PowerTools\OpenXmlPowerTools\WmlComparer.cs(1698,0): at OpenXmlPowerTools.WmlComparer.ProduceDocumentWithTrackedRevisions(WmlComparerSettings settings, WmlDocument wmlResult, WordprocessingDocument wDoc1, WordprocessingDocument wDoc2)
[xUnit.net 00:00:22.70]         J:\repos\knilecrack\Open-Xml-PowerTools\OpenXmlPowerTools\WmlComparer.cs(213,0): at OpenXmlPowerTools.WmlComparer.CompareInternal(WmlDocument source1, WmlDocument source2, WmlComparerSettings settings, Boolean preProcessMarkupInOriginal)
[xUnit.net 00:00:22.70]         J:\repos\knilecrack\Open-Xml-PowerTools\OpenXmlPowerTools\WmlComparer.cs(94,0): at OpenXmlPowerTools.WmlComparer.Compare(WmlDocument source1, WmlDocument source2, WmlComparerSettings settings)
[xUnit.net 00:00:22.70]         J:\repos\knilecrack\Open-Xml-PowerTools\OpenXmlPowerTools.Tests\WmlComparerTests.cs(915,0): at OxPt.WcTests.WC004_Compare_To_Self(String testId, String name)
[xUnit.net 00:00:22.70]            at InvokeStub_WcTests.WC004_Compare_To_Self(Object, Span`1)
[xUnit.net 00:00:22.70]            at System.Reflection.MethodBaseInvoker.InvokeWithFewArgs(Object obj, BindingFlags invokeAttr, Binder binder, Object[] parameters, CultureInfo culture)
  Passed OxPt.DbTests.WithGlossaryDocuments(testId: "DB100-00090", baseline: "DB/GlossaryDocuments/ContentControlWithContent-bui"···, src1: "DB/GlossaryDocuments/BaseDocument.docx,0,4", src2: "DB/GlossaryDocuments/ContentControlWithContent.doc"···, src3: "DB/GlossaryDocuments/BaseDocument.docx,4", src4: null, src5: null, src6: null) [498 ms]
  Passed OxPt.WcTests.WC004_Compare_To_Self(testId: "WCS-1180", name: "WC/WC007-Longest-At-End.docx") [197 ms]
  Passed OxPt.RpTests.RP001(name: "RP/RP006-Inserted-Paragraph-Mark.docx") [185 ms]
  Passed OxPt.WcTests.WC004_Compare_To_Self(testId: "WCS-1080", name: "WC/WC002-InsertAtBeginning.docx") [171 ms]
  Failed OxPt.WcTests.WC004_Compare_To_Self(testId: "WCS-1530", name: "WC/WC020-FootNote-Before.docx") [117 ms]
  Error Message:
   OpenXmlPowerTools.OpenXmlPowerToolsException : Internal error
  Stack Trace:
     at OpenXmlPowerTools.WmlComparer.<>c.<SetAfterUnids>b__75_1(XElement a) in J:\repos\knilecrack\Open-Xml-PowerTools\OpenXmlPowerTools\WmlComparer.cs:line 5017
   at System.Linq.Enumerable.ArrayWhereSelectIterator`2.ToArray(ReadOnlySpan`1 source, Func`2 predicate, Func`2 selector)
   at System.Linq.Enumerable.ListWhereSelectIterator`2.ToArray()
   at OpenXmlPowerTools.WmlComparer.SetAfterUnids(CorrelatedSequence unknown) in J:\repos\knilecrack\Open-Xml-PowerTools\OpenXmlPowerTools\WmlComparer.cs:line 5011
   at OpenXmlPowerTools.WmlComparer.Lcs(ComparisonUnit[] cu1, ComparisonUnit[] cu2, WmlComparerSettings settings) in J:\repos\knilecrack\Open-Xml-PowerTools\OpenXmlPowerTools\WmlComparer.cs:line 4932
   at OpenXmlPowerTools.WmlComparer.ProcessFootnoteEndnote(WmlComparerSettings settings, List`1 listOfComparisonUnitAtoms, MainDocumentPart mainDocumentPartBefore, MainDocumentPart mainDocumentPartAfter, XDocument mainDocumentXDoc) in J:\repos\knilecrack\Open-Xml-PowerTools\OpenXmlPowerTools\WmlComparer.cs:line 2421
   at OpenXmlPowerTools.WmlComparer.ProduceDocumentWithTrackedRevisions(WmlComparerSettings settings, WmlDocument wmlResult, WordprocessingDocument wDoc1, WordprocessingDocument wDoc2) in J:\repos\knilecrack\Open-Xml-PowerTools\OpenXmlPowerTools\WmlComparer.cs:line 1698
   at OpenXmlPowerTools.WmlComparer.CompareInternal(WmlDocument source1, WmlDocument source2, WmlComparerSettings settings, Boolean preProcessMarkupInOriginal) in J:\repos\knilecrack\Open-Xml-PowerTools\OpenXmlPowerTools\WmlComparer.cs:line 213
   at OpenXmlPowerTools.WmlComparer.Compare(WmlDocument source1, WmlDocument source2, WmlComparerSettings settings) in J:\repos\knilecrack\Open-Xml-PowerTools\OpenXmlPowerTools\WmlComparer.cs:line 94
   at OxPt.WcTests.WC004_Compare_To_Self(String testId, String name) in J:\repos\knilecrack\Open-Xml-PowerTools\OpenXmlPowerTools.Tests\WmlComparerTests.cs:line 915
   at InvokeStub_WcTests.WC004_Compare_To_Self(Object, Span`1)
   at System.Reflection.MethodBaseInvoker.InvokeWithFewArgs(Object obj, BindingFlags invokeAttr, Binder binder, Object[] parameters, CultureInfo culture)
  Passed OxPt.DbTests.WithGlossaryDocuments(testId: "DB100-00020", baseline: "DB/GlossaryDocuments/InlineContentControl-built.do"···, src1: "DB/GlossaryDocuments/BaseDocument.docx,0,4", src2: "DB/GlossaryDocuments/InlineContentControl.docx", src3: "DB/GlossaryDocuments/BaseDocument.docx,4", src4: null, src5: null, src6: null) [460 ms]
  Passed OxPt.RpTests.RP001(name: "RP/RP044-MERGEFORMAT-Field-Code.docx") [445 ms]
[xUnit.net 00:00:23.08]       OpenXmlPowerTools.OpenXmlPowerToolsException : Internal error
[xUnit.net 00:00:23.08]       Stack Trace:
[xUnit.net 00:00:23.08]         J:\repos\knilecrack\Open-Xml-PowerTools\OpenXmlPowerTools\WmlComparer.cs(5017,0): at OpenXmlPowerTools.WmlComparer.<>c.<SetAfterUnids>b__75_1(XElement a)
[xUnit.net 00:00:23.08]            at System.Linq.Enumerable.ArrayWhereSelectIterator`2.ToArray(ReadOnlySpan`1 source, Func`2 predicate, Func`2 selector)
[xUnit.net 00:00:23.08]            at System.Linq.Enumerable.ListWhereSelectIterator`2.ToArray()
[xUnit.net 00:00:23.08]         J:\repos\knilecrack\Open-Xml-PowerTools\OpenXmlPowerTools\WmlComparer.cs(5011,0): at OpenXmlPowerTools.WmlComparer.SetAfterUnids(CorrelatedSequence unknown)
[xUnit.net 00:00:23.08]         J:\repos\knilecrack\Open-Xml-PowerTools\OpenXmlPowerTools\WmlComparer.cs(4932,0): at OpenXmlPowerTools.WmlComparer.Lcs(ComparisonUnit[] cu1, ComparisonUnit[] cu2, WmlComparerSettings settings)
[xUnit.net 00:00:23.08]         J:\repos\knilecrack\Open-Xml-PowerTools\OpenXmlPowerTools\WmlComparer.cs(2421,0): at OpenXmlPowerTools.WmlComparer.ProcessFootnoteEndnote(WmlComparerSettings settings, List`1 listOfComparisonUnitAtoms, MainDocumentPart mainDocumentPartBefore, MainDocumentPart mainDocumentPartAfter, XDocument mainDocumentXDoc)
[xUnit.net 00:00:23.08]         J:\repos\knilecrack\Open-Xml-PowerTools\OpenXmlPowerTools\WmlComparer.cs(1698,0): at OpenXmlPowerTools.WmlComparer.ProduceDocumentWithTrackedRevisions(WmlComparerSettings settings, WmlDocument wmlResult, WordprocessingDocument wDoc1, WordprocessingDocument wDoc2)
[xUnit.net 00:00:23.08]         J:\repos\knilecrack\Open-Xml-PowerTools\OpenXmlPowerTools\WmlComparer.cs(213,0): at OpenXmlPowerTools.WmlComparer.CompareInternal(WmlDocument source1, WmlDocument source2, WmlComparerSettings settings, Boolean preProcessMarkupInOriginal)
[xUnit.net 00:00:23.08]         J:\repos\knilecrack\Open-Xml-PowerTools\OpenXmlPowerTools\WmlComparer.cs(94,0): at OpenXmlPowerTools.WmlComparer.Compare(WmlDocument source1, WmlDocument source2, WmlComparerSettings settings)
[xUnit.net 00:00:23.08]         J:\repos\knilecrack\Open-Xml-PowerTools\OpenXmlPowerTools.Tests\RevisionProcessorTests.cs(195,0): at OxPt.RpTests.RP001(String name)
[xUnit.net 00:00:23.08]            at InvokeStub_RpTests.RP001(Object, Span`1)
[xUnit.net 00:00:23.08]            at System.Reflection.RuntimeMethodInfo.Invoke(Object obj, BindingFlags invokeAttr, Binder binder, Object[] parameters, CultureInfo culture)
[xUnit.net 00:00:23.38]       The relationship 'rId6' referenced by attribute 'http://schemas.openxmlformats.org/officeDocument/2006/relationships:embed' does not exist.
[xUnit.net 00:00:23.38]       
[xUnit.net 00:00:23.38]       Stack Trace:
[xUnit.net 00:00:23.38]         J:\repos\knilecrack\Open-Xml-PowerTools\OpenXmlPowerTools.Tests\DocumentBuilderTests.cs(881,0): at OxPt.DbTests.Validate(FileInfo fi)
[xUnit.net 00:00:23.38]         J:\repos\knilecrack\Open-Xml-PowerTools\OpenXmlPowerTools.Tests\DocumentBuilderTests.cs(859,0): at OxPt.DbTests.WithGlossaryDocuments(String testId, String baseline, String src1, String src2, String src3, String src4, String src5, String src6)
[xUnit.net 00:00:23.38]            at InvokeStub_DbTests.WithGlossaryDocuments(Object, Span`1)
[xUnit.net 00:00:23.38]            at System.Reflection.MethodBaseInvoker.InvokeWithManyArgs(Object obj, BindingFlags invokeAttr, Binder binder, Object[] parameters, CultureInfo culture)
  Passed OxPt.WcTests.WC004_Compare_To_Self(testId: "WCS-1220", name: "WC/WC009-Table-Unmodified.docx") [226 ms]
  Passed OxPt.WcTests.WC004_Compare_To_Self(testId: "WCS-1060", name: "WC/WC002-DiffAtBeginning.docx") [154 ms]
  Failed OxPt.RpTests.RP001(name: "RP/RP050-Deleted-Footnote.docx") [173 ms]
  Error Message:
   OpenXmlPowerTools.OpenXmlPowerToolsException : Internal error
  Stack Trace:
     at OpenXmlPowerTools.WmlComparer.<>c.<SetAfterUnids>b__75_1(XElement a) in J:\repos\knilecrack\Open-Xml-PowerTools\OpenXmlPowerTools\WmlComparer.cs:line 5017
   at System.Linq.Enumerable.ArrayWhereSelectIterator`2.ToArray(ReadOnlySpan`1 source, Func`2 predicate, Func`2 selector)
   at System.Linq.Enumerable.ListWhereSelectIterator`2.ToArray()
   at OpenXmlPowerTools.WmlComparer.SetAfterUnids(CorrelatedSequence unknown) in J:\repos\knilecrack\Open-Xml-PowerTools\OpenXmlPowerTools\WmlComparer.cs:line 5011
   at OpenXmlPowerTools.WmlComparer.Lcs(ComparisonUnit[] cu1, ComparisonUnit[] cu2, WmlComparerSettings settings) in J:\repos\knilecrack\Open-Xml-PowerTools\OpenXmlPowerTools\WmlComparer.cs:line 4932
   at OpenXmlPowerTools.WmlComparer.ProcessFootnoteEndnote(WmlComparerSettings settings, List`1 listOfComparisonUnitAtoms, MainDocumentPart mainDocumentPartBefore, MainDocumentPart mainDocumentPartAfter, XDocument mainDocumentXDoc) in J:\repos\knilecrack\Open-Xml-PowerTools\OpenXmlPowerTools\WmlComparer.cs:line 2421
   at OpenXmlPowerTools.WmlComparer.ProduceDocumentWithTrackedRevisions(WmlComparerSettings settings, WmlDocument wmlResult, WordprocessingDocument wDoc1, WordprocessingDocument wDoc2) in J:\repos\knilecrack\Open-Xml-PowerTools\OpenXmlPowerTools\WmlComparer.cs:line 1698
   at OpenXmlPowerTools.WmlComparer.CompareInternal(WmlDocument source1, WmlDocument source2, WmlComparerSettings settings, Boolean preProcessMarkupInOriginal) in J:\repos\knilecrack\Open-Xml-PowerTools\OpenXmlPowerTools\WmlComparer.cs:line 213
   at OpenXmlPowerTools.WmlComparer.Compare(WmlDocument source1, WmlDocument source2, WmlComparerSettings settings) in J:\repos\knilecrack\Open-Xml-PowerTools\OpenXmlPowerTools\WmlComparer.cs:line 94
   at OxPt.RpTests.RP001(String name) in J:\repos\knilecrack\Open-Xml-PowerTools\OpenXmlPowerTools.Tests\RevisionProcessorTests.cs:line 195
   at InvokeStub_RpTests.RP001(Object, Span`1)
   at System.Reflection.RuntimeMethodInfo.Invoke(Object obj, BindingFlags invokeAttr, Binder binder, Object[] parameters, CultureInfo culture)
  Passed OxPt.RpTests.RP001(name: "RP/RP014-Inserted-Math-Control-Char.docx") [112 ms]
  Passed OxPt.WcTests.WC004_Compare_To_Self(testId: "WCS-1300", name: "WC/WC013-Image-After2.docx") [125 ms]
  Passed OxPt.WcTests.WC004_Compare_To_Self(testId: "WCS-1100", name: "WC/WC002-InsertInMiddle.docx") [109 ms]
  Passed OxPt.RpTests.RP001(name: "RP/RP029-Table-Row-Props-Change.docx") [132 ms]
  Failed OxPt.DbTests.WithGlossaryDocuments(testId: "DB100-00110", baseline: "DB/GlossaryDocuments/HeaderContent-built.docx", src1: "DB/GlossaryDocuments/BaseDocument.docx,0,4", src2: "DB/GlossaryDocuments/HeaderContent.docx", src3: "DB/GlossaryDocuments/BaseDocument.docx,4", src4: null, src5: null, src6: null) [548 ms]
  Error Message:
   The relationship 'rId6' referenced by attribute 'http://schemas.openxmlformats.org/officeDocument/2006/relationships:embed' does not exist.

  Stack Trace:
     at OxPt.DbTests.Validate(FileInfo fi) in J:\repos\knilecrack\Open-Xml-PowerTools\OpenXmlPowerTools.Tests\DocumentBuilderTests.cs:line 881
   at OxPt.DbTests.WithGlossaryDocuments(String testId, String baseline, String src1, String src2, String src3, String src4, String src5, String src6) in J:\repos\knilecrack\Open-Xml-PowerTools\OpenXmlPowerTools.Tests\DocumentBuilderTests.cs:line 859
   at InvokeStub_DbTests.WithGlossaryDocuments(Object, Span`1)
   at System.Reflection.MethodBaseInvoker.InvokeWithManyArgs(Object obj, BindingFlags invokeAttr, Binder binder, Object[] parameters, CultureInfo culture)
  Passed OxPt.RpTests.RP001(name: "RP/RP007-Multiple-Deleted-Para-Mark.docx") [129 ms]
  Passed OxPt.WcTests.WC004_Compare_To_Self(testId: "WCS-1550", name: "WC/WC021-Math-Before-1.docx") [155 ms]
  Passed OxPt.WcTests.WC004_Compare_To_Self(testId: "WCS-1160", name: "WC/WC006-Table-Delete-Row.docx") [107 ms]
  Passed OxPt.RpTests.RP001(name: "RP/RP036-Vert-Merged-Cells.docx") [120 ms]
  Passed OxPt.RpTests.RP001(name: "RP/RP012-Multiple-Inserted-Rows.docx") [119 ms]
  Passed OxPt.WcTests.WC004_Compare_To_Self(testId: "WCS-1410", name: "WC/WC016-Para-Image-Para.docx") [121 ms]
  Passed OxPt.WcTests.WC004_Compare_To_Self(testId: "WCS-1050", name: "WC/WC002-DeleteInMiddle.docx") [91 ms]
[xUnit.net 00:00:23.87]       System.InvalidOperationException : Unable to extract Package from DocumentFormat.OpenXml.Packaging.PackageUriHandlingExtensions+MalformedUriHandlingPackage. The SDK returned an unexpected package type. Expected Package or MalformedUriHandlingPackage with accessible inner Package.
[xUnit.net 00:00:23.87]       Stack Trace:
[xUnit.net 00:00:23.87]         J:\repos\knilecrack\Open-Xml-PowerTools\OpenXmlPowerTools\OxPtHelpers.cs(107,0): at OpenXmlPowerTools.OpenXmlPackageExtensions.GetPackage(OpenXmlPackage package)
[xUnit.net 00:00:23.87]         J:\repos\knilecrack\Open-Xml-PowerTools\OpenXmlPowerTools\WmlComparer.cs(1343,0): at OpenXmlPowerTools.WmlComparer.AddToAnnotation(WordprocessingDocument wDocDelta, WordprocessingDocument consolidatedWDoc, XElement elementToInsertAfter, ConsolidationInfo consolidationInfo, WmlComparerSettings settings)
[xUnit.net 00:00:23.87]         J:\repos\knilecrack\Open-Xml-PowerTools\OpenXmlPowerTools\WmlComparer.cs(750,0): at OpenXmlPowerTools.WmlComparer.Consolidate(WmlDocument original, List`1 revisedDocumentInfoList, WmlComparerSettings settings, WmlComparerConsolidateSettings consolidateSettings)
[xUnit.net 00:00:23.87]         J:\repos\knilecrack\Open-Xml-PowerTools\OpenXmlPowerTools\WmlComparer.cs(530,0): at OpenXmlPowerTools.WmlComparer.Consolidate(WmlDocument original, List`1 revisedDocumentInfoList, WmlComparerSettings settings)
[xUnit.net 00:00:23.87]         J:\repos\knilecrack\Open-Xml-PowerTools\OpenXmlPowerTools.Tests\WmlComparerTests.cs(416,0): at OxPt.WcTests.WC002_Consolidate_Bulk_Test(String testId, String name1, String name2)
[xUnit.net 00:00:23.87]            at System.RuntimeMethodHandle.InvokeMethod(ObjectHandleOnStack target, Void** arguments, ObjectHandleOnStack sig, BOOL isConstructor, ObjectHandleOnStack result)
[xUnit.net 00:00:23.87]            at System.Reflection.MethodBaseInvoker.InterpretedInvoke_Method(Object obj, IntPtr* args)
[xUnit.net 00:00:23.87]            at System.Reflection.MethodBaseInvoker.InvokeDirectByRefWithFewArgs(Object obj, Span`1 copyOfArgs, BindingFlags invokeAttr)
[xUnit.net 00:00:23.97]       OpenXmlPowerTools.OpenXmlPowerToolsException : Internal error
[xUnit.net 00:00:23.97]       Stack Trace:
[xUnit.net 00:00:23.97]         J:\repos\knilecrack\Open-Xml-PowerTools\OpenXmlPowerTools\WmlComparer.cs(5017,0): at OpenXmlPowerTools.WmlComparer.<>c.<SetAfterUnids>b__75_1(XElement a)
[xUnit.net 00:00:23.97]            at System.Linq.Enumerable.ArrayWhereSelectIterator`2.ToArray(ReadOnlySpan`1 source, Func`2 predicate, Func`2 selector)
[xUnit.net 00:00:23.97]            at System.Linq.Enumerable.ListWhereSelectIterator`2.ToArray()
[xUnit.net 00:00:23.97]         J:\repos\knilecrack\Open-Xml-PowerTools\OpenXmlPowerTools\WmlComparer.cs(5011,0): at OpenXmlPowerTools.WmlComparer.SetAfterUnids(CorrelatedSequence unknown)
[xUnit.net 00:00:23.97]         J:\repos\knilecrack\Open-Xml-PowerTools\OpenXmlPowerTools\WmlComparer.cs(4932,0): at OpenXmlPowerTools.WmlComparer.Lcs(ComparisonUnit[] cu1, ComparisonUnit[] cu2, WmlComparerSettings settings)
[xUnit.net 00:00:23.97]         J:\repos\knilecrack\Open-Xml-PowerTools\OpenXmlPowerTools\WmlComparer.cs(2421,0): at OpenXmlPowerTools.WmlComparer.ProcessFootnoteEndnote(WmlComparerSettings settings, List`1 listOfComparisonUnitAtoms, MainDocumentPart mainDocumentPartBefore, MainDocumentPart mainDocumentPartAfter, XDocument mainDocumentXDoc)
[xUnit.net 00:00:23.97]         J:\repos\knilecrack\Open-Xml-PowerTools\OpenXmlPowerTools\WmlComparer.cs(1698,0): at OpenXmlPowerTools.WmlComparer.ProduceDocumentWithTrackedRevisions(WmlComparerSettings settings, WmlDocument wmlResult, WordprocessingDocument wDoc1, WordprocessingDocument wDoc2)
[xUnit.net 00:00:23.97]         J:\repos\knilecrack\Open-Xml-PowerTools\OpenXmlPowerTools\WmlComparer.cs(213,0): at OpenXmlPowerTools.WmlComparer.CompareInternal(WmlDocument source1, WmlDocument source2, WmlComparerSettings settings, Boolean preProcessMarkupInOriginal)
[xUnit.net 00:00:23.97]         J:\repos\knilecrack\Open-Xml-PowerTools\OpenXmlPowerTools\WmlComparer.cs(94,0): at OpenXmlPowerTools.WmlComparer.Compare(WmlDocument source1, WmlDocument source2, WmlComparerSettings settings)
[xUnit.net 00:00:23.97]         J:\repos\knilecrack\Open-Xml-PowerTools\OpenXmlPowerTools.Tests\WmlComparerTests.cs(404,0): at OxPt.WcTests.WC002_Consolidate_Bulk_Test(String testId, String name1, String name2)
[xUnit.net 00:00:23.97]            at InvokeStub_WcTests.WC002_Consolidate_Bulk_Test(Object, Span`1)
[xUnit.net 00:00:23.97]            at System.Reflection.MethodBaseInvoker.InvokeWithFewArgs(Object obj, BindingFlags invokeAttr, Binder binder, Object[] parameters, CultureInfo culture)
[xUnit.net 00:00:24.07]       OpenXmlPowerTools.OpenXmlPowerToolsException : Internal error
[xUnit.net 00:00:24.07]       Stack Trace:
[xUnit.net 00:00:24.07]         J:\repos\knilecrack\Open-Xml-PowerTools\OpenXmlPowerTools\WmlComparer.cs(2986,0): at OpenXmlPowerTools.WmlComparer.<>c.<AssembleAncestorUnidsInOrderToRebuildXmlTreeProperly>b__44_4(XElement ae)
[xUnit.net 00:00:24.07]            at System.Linq.Enumerable.ArraySelectIterator`2.ToArray()
[xUnit.net 00:00:24.07]         J:\repos\knilecrack\Open-Xml-PowerTools\OpenXmlPowerTools\WmlComparer.cs(2980,0): at OpenXmlPowerTools.WmlComparer.AssembleAncestorUnidsInOrderToRebuildXmlTreeProperly(List`1 comparisonUnitAtomList)
[xUnit.net 00:00:24.07]         J:\repos\knilecrack\Open-Xml-PowerTools\OpenXmlPowerTools\WmlComparer.cs(2549,0): at OpenXmlPowerTools.WmlComparer.ProcessFootnoteEndnote(WmlComparerSettings settings, List`1 listOfComparisonUnitAtoms, MainDocumentPart mainDocumentPartBefore, MainDocumentPart mainDocumentPartAfter, XDocument mainDocumentXDoc)
[xUnit.net 00:00:24.07]         J:\repos\knilecrack\Open-Xml-PowerTools\OpenXmlPowerTools\WmlComparer.cs(1698,0): at OpenXmlPowerTools.WmlComparer.ProduceDocumentWithTrackedRevisions(WmlComparerSettings settings, WmlDocument wmlResult, WordprocessingDocument wDoc1, WordprocessingDocument wDoc2)
[xUnit.net 00:00:24.07]         J:\repos\knilecrack\Open-Xml-PowerTools\OpenXmlPowerTools\WmlComparer.cs(213,0): at OpenXmlPowerTools.WmlComparer.CompareInternal(WmlDocument source1, WmlDocument source2, WmlComparerSettings settings, Boolean preProcessMarkupInOriginal)
[xUnit.net 00:00:24.07]         J:\repos\knilecrack\Open-Xml-PowerTools\OpenXmlPowerTools\WmlComparer.cs(94,0): at OpenXmlPowerTools.WmlComparer.Compare(WmlDocument source1, WmlDocument source2, WmlComparerSettings settings)
[xUnit.net 00:00:24.07]         J:\repos\knilecrack\Open-Xml-PowerTools\OpenXmlPowerTools.Tests\WmlComparerTests.cs(404,0): at OxPt.WcTests.WC002_Consolidate_Bulk_Test(String testId, String name1, String name2)
[xUnit.net 00:00:24.07]            at InvokeStub_WcTests.WC002_Consolidate_Bulk_Test(Object, Span`1)
[xUnit.net 00:00:24.07]            at System.Reflection.MethodBaseInvoker.InvokeWithFewArgs(Object obj, BindingFlags invokeAttr, Binder binder, Object[] parameters, CultureInfo culture)
[xUnit.net 00:00:24.16]       System.InvalidOperationException : Unable to extract Package from DocumentFormat.OpenXml.Packaging.PackageUriHandlingExtensions+MalformedUriHandlingPackage. The SDK returned an unexpected package type. Expected Package or MalformedUriHandlingPackage with accessible inner Package.
[xUnit.net 00:00:24.17]       Stack Trace:
[xUnit.net 00:00:24.17]         J:\repos\knilecrack\Open-Xml-PowerTools\OpenXmlPowerTools\OxPtHelpers.cs(107,0): at OpenXmlPowerTools.OpenXmlPackageExtensions.GetPackage(OpenXmlPackage package)
[xUnit.net 00:00:24.17]         J:\repos\knilecrack\Open-Xml-PowerTools\OpenXmlPowerTools\WmlComparer.cs(1343,0): at OpenXmlPowerTools.WmlComparer.AddToAnnotation(WordprocessingDocument wDocDelta, WordprocessingDocument consolidatedWDoc, XElement elementToInsertAfter, ConsolidationInfo consolidationInfo, WmlComparerSettings settings)
[xUnit.net 00:00:24.17]         J:\repos\knilecrack\Open-Xml-PowerTools\OpenXmlPowerTools\WmlComparer.cs(750,0): at OpenXmlPowerTools.WmlComparer.Consolidate(WmlDocument original, List`1 revisedDocumentInfoList, WmlComparerSettings settings, WmlComparerConsolidateSettings consolidateSettings)
[xUnit.net 00:00:24.17]         J:\repos\knilecrack\Open-Xml-PowerTools\OpenXmlPowerTools\WmlComparer.cs(530,0): at OpenXmlPowerTools.WmlComparer.Consolidate(WmlDocument original, List`1 revisedDocumentInfoList, WmlComparerSettings settings)
[xUnit.net 00:00:24.17]         J:\repos\knilecrack\Open-Xml-PowerTools\OpenXmlPowerTools.Tests\WmlComparerTests.cs(416,0): at OxPt.WcTests.WC002_Consolidate_Bulk_Test(String testId, String name1, String name2)
[xUnit.net 00:00:24.17]            at InvokeStub_WcTests.WC002_Consolidate_Bulk_Test(Object, Span`1)
[xUnit.net 00:00:24.17]            at System.Reflection.MethodBaseInvoker.InvokeWithFewArgs(Object obj, BindingFlags invokeAttr, Binder binder, Object[] parameters, CultureInfo culture)
[xUnit.net 00:00:24.25]       System.InvalidOperationException : Unable to extract Package from DocumentFormat.OpenXml.Packaging.PackageUriHandlingExtensions+MalformedUriHandlingPackage. The SDK returned an unexpected package type. Expected Package or MalformedUriHandlingPackage with accessible inner Package.
[xUnit.net 00:00:24.25]       Stack Trace:
[xUnit.net 00:00:24.25]         J:\repos\knilecrack\Open-Xml-PowerTools\OpenXmlPowerTools\OxPtHelpers.cs(107,0): at OpenXmlPowerTools.OpenXmlPackageExtensions.GetPackage(OpenXmlPackage package)
[xUnit.net 00:00:24.25]         J:\repos\knilecrack\Open-Xml-PowerTools\OpenXmlPowerTools\WmlComparer.cs(1343,0): at OpenXmlPowerTools.WmlComparer.AddToAnnotation(WordprocessingDocument wDocDelta, WordprocessingDocument consolidatedWDoc, XElement elementToInsertAfter, ConsolidationInfo consolidationInfo, WmlComparerSettings settings)
[xUnit.net 00:00:24.25]         J:\repos\knilecrack\Open-Xml-PowerTools\OpenXmlPowerTools\WmlComparer.cs(750,0): at OpenXmlPowerTools.WmlComparer.Consolidate(WmlDocument original, List`1 revisedDocumentInfoList, WmlComparerSettings settings, WmlComparerConsolidateSettings consolidateSettings)
[xUnit.net 00:00:24.25]         J:\repos\knilecrack\Open-Xml-PowerTools\OpenXmlPowerTools\WmlComparer.cs(530,0): at OpenXmlPowerTools.WmlComparer.Consolidate(WmlDocument original, List`1 revisedDocumentInfoList, WmlComparerSettings settings)
[xUnit.net 00:00:24.25]         J:\repos\knilecrack\Open-Xml-PowerTools\OpenXmlPowerTools.Tests\WmlComparerTests.cs(416,0): at OxPt.WcTests.WC002_Consolidate_Bulk_Test(String testId, String name1, String name2)
[xUnit.net 00:00:24.25]            at InvokeStub_WcTests.WC002_Consolidate_Bulk_Test(Object, Span`1)
[xUnit.net 00:00:24.25]            at System.Reflection.MethodBaseInvoker.InvokeWithFewArgs(Object obj, BindingFlags invokeAttr, Binder binder, Object[] parameters, CultureInfo culture)
[xUnit.net 00:00:24.35]       OpenXmlPowerTools.OpenXmlPowerToolsException : Internal error
[xUnit.net 00:00:24.35]       Stack Trace:
[xUnit.net 00:00:24.35]         J:\repos\knilecrack\Open-Xml-PowerTools\OpenXmlPowerTools\WmlComparer.cs(5017,0): at OpenXmlPowerTools.WmlComparer.<>c.<SetAfterUnids>b__75_1(XElement a)
[xUnit.net 00:00:24.35]            at System.Linq.Enumerable.ArrayWhereSelectIterator`2.ToArray(ReadOnlySpan`1 source, Func`2 predicate, Func`2 selector)
[xUnit.net 00:00:24.35]            at System.Linq.Enumerable.ListWhereSelectIterator`2.ToArray()
[xUnit.net 00:00:24.35]         J:\repos\knilecrack\Open-Xml-PowerTools\OpenXmlPowerTools\WmlComparer.cs(5011,0): at OpenXmlPowerTools.WmlComparer.SetAfterUnids(CorrelatedSequence unknown)
[xUnit.net 00:00:24.35]         J:\repos\knilecrack\Open-Xml-PowerTools\OpenXmlPowerTools\WmlComparer.cs(4932,0): at OpenXmlPowerTools.WmlComparer.Lcs(ComparisonUnit[] cu1, ComparisonUnit[] cu2, WmlComparerSettings settings)
[xUnit.net 00:00:24.35]         J:\repos\knilecrack\Open-Xml-PowerTools\OpenXmlPowerTools\WmlComparer.cs(2421,0): at OpenXmlPowerTools.WmlComparer.ProcessFootnoteEndnote(WmlComparerSettings settings, List`1 listOfComparisonUnitAtoms, MainDocumentPart mainDocumentPartBefore, MainDocumentPart mainDocumentPartAfter, XDocument mainDocumentXDoc)
[xUnit.net 00:00:24.35]         J:\repos\knilecrack\Open-Xml-PowerTools\OpenXmlPowerTools\WmlComparer.cs(1698,0): at OpenXmlPowerTools.WmlComparer.ProduceDocumentWithTrackedRevisions(WmlComparerSettings settings, WmlDocument wmlResult, WordprocessingDocument wDoc1, WordprocessingDocument wDoc2)
[xUnit.net 00:00:24.35]         J:\repos\knilecrack\Open-Xml-PowerTools\OpenXmlPowerTools\WmlComparer.cs(213,0): at OpenXmlPowerTools.WmlComparer.CompareInternal(WmlDocument source1, WmlDocument source2, WmlComparerSettings settings, Boolean preProcessMarkupInOriginal)
[xUnit.net 00:00:24.35]         J:\repos\knilecrack\Open-Xml-PowerTools\OpenXmlPowerTools\WmlComparer.cs(94,0): at OpenXmlPowerTools.WmlComparer.Compare(WmlDocument source1, WmlDocument source2, WmlComparerSettings settings)
[xUnit.net 00:00:24.35]         J:\repos\knilecrack\Open-Xml-PowerTools\OpenXmlPowerTools.Tests\WmlComparerTests.cs(404,0): at OxPt.WcTests.WC002_Consolidate_Bulk_Test(String testId, String name1, String name2)
[xUnit.net 00:00:24.35]            at InvokeStub_WcTests.WC002_Consolidate_Bulk_Test(Object, Span`1)
[xUnit.net 00:00:24.35]            at System.Reflection.MethodBaseInvoker.InvokeWithFewArgs(Object obj, BindingFlags invokeAttr, Binder binder, Object[] parameters, CultureInfo culture)
  Passed OxPt.RpTests.RP001(name: "RP/RP027-Change-Section.docx") [121 ms]
  Failed OxPt.WcTests.WC002_Consolidate_Bulk_Test(testId: "WCB-1190", name1: "WC/WC007-Unmodified.docx", name2: "WC/WC007-Moved-into-Table.docx") [83 ms]
  Error Message:
   System.InvalidOperationException : Unable to extract Package from DocumentFormat.OpenXml.Packaging.PackageUriHandlingExtensions+MalformedUriHandlingPackage. The SDK returned an unexpected package type. Expected Package or MalformedUriHandlingPackage with accessible inner Package.
  Stack Trace:
     at OpenXmlPowerTools.OpenXmlPackageExtensions.GetPackage(OpenXmlPackage package) in J:\repos\knilecrack\Open-Xml-PowerTools\OpenXmlPowerTools\OxPtHelpers.cs:line 107
   at OpenXmlPowerTools.WmlComparer.AddToAnnotation(WordprocessingDocument wDocDelta, WordprocessingDocument consolidatedWDoc, XElement elementToInsertAfter, ConsolidationInfo consolidationInfo, WmlComparerSettings settings) in J:\repos\knilecrack\Open-Xml-PowerTools\OpenXmlPowerTools\WmlComparer.cs:line 1343
   at OpenXmlPowerTools.WmlComparer.Consolidate(WmlDocument original, List`1 revisedDocumentInfoList, WmlComparerSettings settings, WmlComparerConsolidateSettings consolidateSettings) in J:\repos\knilecrack\Open-Xml-PowerTools\OpenXmlPowerTools\WmlComparer.cs:line 750
   at OpenXmlPowerTools.WmlComparer.Consolidate(WmlDocument original, List`1 revisedDocumentInfoList, WmlComparerSettings settings) in J:\repos\knilecrack\Open-Xml-PowerTools\OpenXmlPowerTools\WmlComparer.cs:line 530
   at OxPt.WcTests.WC002_Consolidate_Bulk_Test(String testId, String name1, String name2) in J:\repos\knilecrack\Open-Xml-PowerTools\OpenXmlPowerTools.Tests\WmlComparerTests.cs:line 416
   at System.RuntimeMethodHandle.InvokeMethod(ObjectHandleOnStack target, Void** arguments, ObjectHandleOnStack sig, BOOL isConstructor, ObjectHandleOnStack result)
   at System.Reflection.MethodBaseInvoker.InterpretedInvoke_Method(Object obj, IntPtr* args)
   at System.Reflection.MethodBaseInvoker.InvokeDirectByRefWithFewArgs(Object obj, Span`1 copyOfArgs, BindingFlags invokeAttr)
  Passed OxPt.DbTests.WithGlossaryDocuments(testId: "DB100-00010", baseline: "DB/GlossaryDocuments/CellLevelContentControl-built"···, src1: "DB/GlossaryDocuments/BaseDocument.docx,0,4", src2: "DB/GlossaryDocuments/CellLevelContentControl.docx", src3: "DB/GlossaryDocuments/BaseDocument.docx,4", src4: null, src5: null, src6: null) [588 ms]
  Failed OxPt.WcTests.WC002_Consolidate_Bulk_Test(testId: "WCB-1620", name1: "WC/WC036-Footnote-With-Table-Before.docx", name2: "WC/WC036-Footnote-With-Table-After.docx") [97 ms]
  Error Message:
   OpenXmlPowerTools.OpenXmlPowerToolsException : Internal error
  Stack Trace:
     at OpenXmlPowerTools.WmlComparer.<>c.<SetAfterUnids>b__75_1(XElement a) in J:\repos\knilecrack\Open-Xml-PowerTools\OpenXmlPowerTools\WmlComparer.cs:line 5017
   at System.Linq.Enumerable.ArrayWhereSelectIterator`2.ToArray(ReadOnlySpan`1 source, Func`2 predicate, Func`2 selector)
   at System.Linq.Enumerable.ListWhereSelectIterator`2.ToArray()
   at OpenXmlPowerTools.WmlComparer.SetAfterUnids(CorrelatedSequence unknown) in J:\repos\knilecrack\Open-Xml-PowerTools\OpenXmlPowerTools\WmlComparer.cs:line 5011
   at OpenXmlPowerTools.WmlComparer.Lcs(ComparisonUnit[] cu1, ComparisonUnit[] cu2, WmlComparerSettings settings) in J:\repos\knilecrack\Open-Xml-PowerTools\OpenXmlPowerTools\WmlComparer.cs:line 4932
   at OpenXmlPowerTools.WmlComparer.ProcessFootnoteEndnote(WmlComparerSettings settings, List`1 listOfComparisonUnitAtoms, MainDocumentPart mainDocumentPartBefore, MainDocumentPart mainDocumentPartAfter, XDocument mainDocumentXDoc) in J:\repos\knilecrack\Open-Xml-PowerTools\OpenXmlPowerTools\WmlComparer.cs:line 2421
   at OpenXmlPowerTools.WmlComparer.ProduceDocumentWithTrackedRevisions(WmlComparerSettings settings, WmlDocument wmlResult, WordprocessingDocument wDoc1, WordprocessingDocument wDoc2) in J:\repos\knilecrack\Open-Xml-PowerTools\OpenXmlPowerTools\WmlComparer.cs:line 1698
   at OpenXmlPowerTools.WmlComparer.CompareInternal(WmlDocument source1, WmlDocument source2, WmlComparerSettings settings, Boolean preProcessMarkupInOriginal) in J:\repos\knilecrack\Open-Xml-PowerTools\OpenXmlPowerTools\WmlComparer.cs:line 213
   at OpenXmlPowerTools.WmlComparer.Compare(WmlDocument source1, WmlDocument source2, WmlComparerSettings settings) in J:\repos\knilecrack\Open-Xml-PowerTools\OpenXmlPowerTools\WmlComparer.cs:line 94
   at OxPt.WcTests.WC002_Consolidate_Bulk_Test(String testId, String name1, String name2) in J:\repos\knilecrack\Open-Xml-PowerTools\OpenXmlPowerTools.Tests\WmlComparerTests.cs:line 404
   at InvokeStub_WcTests.WC002_Consolidate_Bulk_Test(Object, Span`1)
   at System.Reflection.MethodBaseInvoker.InvokeWithFewArgs(Object obj, BindingFlags invokeAttr, Binder binder, Object[] parameters, CultureInfo culture)
  Failed OxPt.WcTests.WC002_Consolidate_Bulk_Test(testId: "WCB-1600", name1: "WC/WC035-Footnote-Before.docx", name2: "WC/WC035-Footnote-After.docx") [99 ms]
  Error Message:
   OpenXmlPowerTools.OpenXmlPowerToolsException : Internal error
  Stack Trace:
     at OpenXmlPowerTools.WmlComparer.<>c.<AssembleAncestorUnidsInOrderToRebuildXmlTreeProperly>b__44_4(XElement ae) in J:\repos\knilecrack\Open-Xml-PowerTools\OpenXmlPowerTools\WmlComparer.cs:line 2986
   at System.Linq.Enumerable.ArraySelectIterator`2.ToArray()
   at OpenXmlPowerTools.WmlComparer.AssembleAncestorUnidsInOrderToRebuildXmlTreeProperly(List`1 comparisonUnitAtomList) in J:\repos\knilecrack\Open-Xml-PowerTools\OpenXmlPowerTools\WmlComparer.cs:line 2980
   at OpenXmlPowerTools.WmlComparer.ProcessFootnoteEndnote(WmlComparerSettings settings, List`1 listOfComparisonUnitAtoms, MainDocumentPart mainDocumentPartBefore, MainDocumentPart mainDocumentPartAfter, XDocument mainDocumentXDoc) in J:\repos\knilecrack\Open-Xml-PowerTools\OpenXmlPowerTools\WmlComparer.cs:line 2549
   at OpenXmlPowerTools.WmlComparer.ProduceDocumentWithTrackedRevisions(WmlComparerSettings settings, WmlDocument wmlResult, WordprocessingDocument wDoc1, WordprocessingDocument wDoc2) in J:\repos\knilecrack\Open-Xml-PowerTools\OpenXmlPowerTools\WmlComparer.cs:line 1698
   at OpenXmlPowerTools.WmlComparer.CompareInternal(WmlDocument source1, WmlDocument source2, WmlComparerSettings settings, Boolean preProcessMarkupInOriginal) in J:\repos\knilecrack\Open-Xml-PowerTools\OpenXmlPowerTools\WmlComparer.cs:line 213
   at OpenXmlPowerTools.WmlComparer.Compare(WmlDocument source1, WmlDocument source2, WmlComparerSettings settings) in J:\repos\knilecrack\Open-Xml-PowerTools\OpenXmlPowerTools\WmlComparer.cs:line 94
   at OxPt.WcTests.WC002_Consolidate_Bulk_Test(String testId, String name1, String name2) in J:\repos\knilecrack\Open-Xml-PowerTools\OpenXmlPowerTools.Tests\WmlComparerTests.cs:line 404
   at InvokeStub_WcTests.WC002_Consolidate_Bulk_Test(Object, Span`1)
   at System.Reflection.MethodBaseInvoker.InvokeWithFewArgs(Object obj, BindingFlags invokeAttr, Binder binder, Object[] parameters, CultureInfo culture)
  Failed OxPt.WcTests.WC002_Consolidate_Bulk_Test(testId: "WCB-1410", name1: "WC/WC021-Math-Before-2.docx", name2: "WC/WC021-Math-After-2.docx") [96 ms]
  Error Message:
   System.InvalidOperationException : Unable to extract Package from DocumentFormat.OpenXml.Packaging.PackageUriHandlingExtensions+MalformedUriHandlingPackage. The SDK returned an unexpected package type. Expected Package or MalformedUriHandlingPackage with accessible inner Package.
  Stack Trace:
     at OpenXmlPowerTools.OpenXmlPackageExtensions.GetPackage(OpenXmlPackage package) in J:\repos\knilecrack\Open-Xml-PowerTools\OpenXmlPowerTools\OxPtHelpers.cs:line 107
   at OpenXmlPowerTools.WmlComparer.AddToAnnotation(WordprocessingDocument wDocDelta, WordprocessingDocument consolidatedWDoc, XElement elementToInsertAfter, ConsolidationInfo consolidationInfo, WmlComparerSettings settings) in J:\repos\knilecrack\Open-Xml-PowerTools\OpenXmlPowerTools\WmlComparer.cs:line 1343
   at OpenXmlPowerTools.WmlComparer.Consolidate(WmlDocument original, List`1 revisedDocumentInfoList, WmlComparerSettings settings, WmlComparerConsolidateSettings consolidateSettings) in J:\repos\knilecrack\Open-Xml-PowerTools\OpenXmlPowerTools\WmlComparer.cs:line 750
   at OpenXmlPowerTools.WmlComparer.Consolidate(WmlDocument original, List`1 revisedDocumentInfoList, WmlComparerSettings settings) in J:\repos\knilecrack\Open-Xml-PowerTools\OpenXmlPowerTools\WmlComparer.cs:line 530
   at OxPt.WcTests.WC002_Consolidate_Bulk_Test(String testId, String name1, String name2) in J:\repos\knilecrack\Open-Xml-PowerTools\OpenXmlPowerTools.Tests\WmlComparerTests.cs:line 416
   at InvokeStub_WcTests.WC002_Consolidate_Bulk_Test(Object, Span`1)
   at System.Reflection.MethodBaseInvoker.InvokeWithFewArgs(Object obj, BindingFlags invokeAttr, Binder binder, Object[] parameters, CultureInfo culture)
  Failed OxPt.WcTests.WC002_Consolidate_Bulk_Test(testId: "WCB-1230", name1: "WC/WC012-Math-Before.docx", name2: "WC/WC012-Math-After.docx") [83 ms]
  Error Message:
   System.InvalidOperationException : Unable to extract Package from DocumentFormat.OpenXml.Packaging.PackageUriHandlingExtensions+MalformedUriHandlingPackage. The SDK returned an unexpected package type. Expected Package or MalformedUriHandlingPackage with accessible inner Package.
  Stack Trace:
     at OpenXmlPowerTools.OpenXmlPackageExtensions.GetPackage(OpenXmlPackage package) in J:\repos\knilecrack\Open-Xml-PowerTools\OpenXmlPowerTools\OxPtHelpers.cs:line 107
   at OpenXmlPowerTools.WmlComparer.AddToAnnotation(WordprocessingDocument wDocDelta, WordprocessingDocument consolidatedWDoc, XElement elementToInsertAfter, ConsolidationInfo consolidationInfo, WmlComparerSettings settings) in J:\repos\knilecrack\Open-Xml-PowerTools\OpenXmlPowerTools\WmlComparer.cs:line 1343
   at OpenXmlPowerTools.WmlComparer.Consolidate(WmlDocument original, List`1 revisedDocumentInfoList, WmlComparerSettings settings, WmlComparerConsolidateSettings consolidateSettings) in J:\repos\knilecrack\Open-Xml-PowerTools\OpenXmlPowerTools\WmlComparer.cs:line 750
   at OpenXmlPowerTools.WmlComparer.Consolidate(WmlDocument original, List`1 revisedDocumentInfoList, WmlComparerSettings settings) in J:\repos\knilecrack\Open-Xml-PowerTools\OpenXmlPowerTools\WmlComparer.cs:line 530
   at OxPt.WcTests.WC002_Consolidate_Bulk_Test(String testId, String name1, String name2) in J:\repos\knilecrack\Open-Xml-PowerTools\OpenXmlPowerTools.Tests\WmlComparerTests.cs:line 416
   at InvokeStub_WcTests.WC002_Consolidate_Bulk_Test(Object, Span`1)
   at System.Reflection.MethodBaseInvoker.InvokeWithFewArgs(Object obj, BindingFlags invokeAttr, Binder binder, Object[] parameters, CultureInfo culture)
  Failed OxPt.WcTests.WC002_Consolidate_Bulk_Test(testId: "WCB-1710", name1: "WC/WC036-Endnote-With-Table-After.docx", name2: "WC/WC036-Endnote-With-Table-Before.docx") [96 ms]
  Error Message:
   OpenXmlPowerTools.OpenXmlPowerToolsException : Internal error
  Stack Trace:
     at OpenXmlPowerTools.WmlComparer.<>c.<SetAfterUnids>b__75_1(XElement a) in J:\repos\knilecrack\Open-Xml-PowerTools\OpenXmlPowerTools\WmlComparer.cs:line 5017
   at System.Linq.Enumerable.ArrayWhereSelectIterator`2.ToArray(ReadOnlySpan`1 source, Func`2 predicate, Func`2 selector)
   at System.Linq.Enumerable.ListWhereSelectIterator`2.ToArray()
   at OpenXmlPowerTools.WmlComparer.SetAfterUnids(CorrelatedSequence unknown) in J:\repos\knilecrack\Open-Xml-PowerTools\OpenXmlPowerTools\WmlComparer.cs:line 5011
   at OpenXmlPowerTools.WmlComparer.Lcs(ComparisonUnit[] cu1, ComparisonUnit[] cu2, WmlComparerSettings settings) in J:\repos\knilecrack\Open-Xml-PowerTools\OpenXmlPowerTools\WmlComparer.cs:line 4932
   at OpenXmlPowerTools.WmlComparer.ProcessFootnoteEndnote(WmlComparerSettings settings, List`1 listOfComparisonUnitAtoms, MainDocumentPart mainDocumentPartBefore, MainDocumentPart mainDocumentPartAfter, XDocument mainDocumentXDoc) in J:\repos\knilecrack\Open-Xml-PowerTools\OpenXmlPowerTools\WmlComparer.cs:line 2421
   at OpenXmlPowerTools.WmlComparer.ProduceDocumentWithTrackedRevisions(WmlComparerSettings settings, WmlDocument wmlResult, WordprocessingDocument wDoc1, WordprocessingDocument wDoc2) in J:\repos\knilecrack\Open-Xml-PowerTools\OpenXmlPowerTools\WmlComparer.cs:line 1698
   at OpenXmlPowerTools.WmlComparer.CompareInternal(WmlDocument source1, WmlDocument source2, WmlComparerSettings settings, Boolean preProcessMarkupInOriginal) in J:\repos\knilecrack\Open-Xml-PowerTools\OpenXmlPowerTools\WmlComparer.cs:line 213
   at OpenXmlPowerTools.WmlComparer.Compare(WmlDocument source1, WmlDocument source2, WmlComparerSettings settings) in J:\repos\knilecrack\Open-Xml-PowerTools\OpenXmlPowerTools\WmlComparer.cs:line 94
   at OxPt.WcTests.WC002_Consolidate_Bulk_Test(String testId, String name1, String name2) in J:\repos\knilecrack\Open-Xml-PowerTools\OpenXmlPowerTools.Tests\WmlComparerTests.cs:line 404
   at InvokeStub_WcTests.WC002_Consolidate_Bulk_Test(Object, Span`1)
   at System.Reflection.MethodBaseInvoker.InvokeWithFewArgs(Object obj, BindingFlags invokeAttr, Binder binder, Object[] parameters, CultureInfo culture)
[xUnit.net 00:00:24.43]       System.InvalidOperationException : Unable to extract Package from DocumentFormat.OpenXml.Packaging.PackageUriHandlingExtensions+MalformedUriHandlingPackage. The SDK returned an unexpected package type. Expected Package or MalformedUriHandlingPackage with accessible inner Package.
[xUnit.net 00:00:24.43]       Stack Trace:
[xUnit.net 00:00:24.43]         J:\repos\knilecrack\Open-Xml-PowerTools\OpenXmlPowerTools\OxPtHelpers.cs(107,0): at OpenXmlPowerTools.OpenXmlPackageExtensions.GetPackage(OpenXmlPackage package)
[xUnit.net 00:00:24.43]         J:\repos\knilecrack\Open-Xml-PowerTools\OpenXmlPowerTools\WmlComparer.cs(1343,0): at OpenXmlPowerTools.WmlComparer.AddToAnnotation(WordprocessingDocument wDocDelta, WordprocessingDocument consolidatedWDoc, XElement elementToInsertAfter, ConsolidationInfo consolidationInfo, WmlComparerSettings settings)
[xUnit.net 00:00:24.43]         J:\repos\knilecrack\Open-Xml-PowerTools\OpenXmlPowerTools\WmlComparer.cs(750,0): at OpenXmlPowerTools.WmlComparer.Consolidate(WmlDocument original, List`1 revisedDocumentInfoList, WmlComparerSettings settings, WmlComparerConsolidateSettings consolidateSettings)
[xUnit.net 00:00:24.43]         J:\repos\knilecrack\Open-Xml-PowerTools\OpenXmlPowerTools\WmlComparer.cs(530,0): at OpenXmlPowerTools.WmlComparer.Consolidate(WmlDocument original, List`1 revisedDocumentInfoList, WmlComparerSettings settings)
[xUnit.net 00:00:24.44]         J:\repos\knilecrack\Open-Xml-PowerTools\OpenXmlPowerTools.Tests\WmlComparerTests.cs(416,0): at OxPt.WcTests.WC002_Consolidate_Bulk_Test(String testId, String name1, String name2)
[xUnit.net 00:00:24.44]            at InvokeStub_WcTests.WC002_Consolidate_Bulk_Test(Object, Span`1)
[xUnit.net 00:00:24.44]            at System.Reflection.MethodBaseInvoker.InvokeWithFewArgs(Object obj, BindingFlags invokeAttr, Binder binder, Object[] parameters, CultureInfo culture)
[xUnit.net 00:00:24.51]       System.InvalidOperationException : Unable to extract Package from DocumentFormat.OpenXml.Packaging.PackageUriHandlingExtensions+MalformedUriHandlingPackage. The SDK returned an unexpected package type. Expected Package or MalformedUriHandlingPackage with accessible inner Package.
[xUnit.net 00:00:24.51]       Stack Trace:
[xUnit.net 00:00:24.51]         J:\repos\knilecrack\Open-Xml-PowerTools\OpenXmlPowerTools\OxPtHelpers.cs(107,0): at OpenXmlPowerTools.OpenXmlPackageExtensions.GetPackage(OpenXmlPackage package)
[xUnit.net 00:00:24.51]         J:\repos\knilecrack\Open-Xml-PowerTools\OpenXmlPowerTools\WmlComparer.cs(1343,0): at OpenXmlPowerTools.WmlComparer.AddToAnnotation(WordprocessingDocument wDocDelta, WordprocessingDocument consolidatedWDoc, XElement elementToInsertAfter, ConsolidationInfo consolidationInfo, WmlComparerSettings settings)
[xUnit.net 00:00:24.51]         J:\repos\knilecrack\Open-Xml-PowerTools\OpenXmlPowerTools\WmlComparer.cs(750,0): at OpenXmlPowerTools.WmlComparer.Consolidate(WmlDocument original, List`1 revisedDocumentInfoList, WmlComparerSettings settings, WmlComparerConsolidateSettings consolidateSettings)
[xUnit.net 00:00:24.51]         J:\repos\knilecrack\Open-Xml-PowerTools\OpenXmlPowerTools\WmlComparer.cs(530,0): at OpenXmlPowerTools.WmlComparer.Consolidate(WmlDocument original, List`1 revisedDocumentInfoList, WmlComparerSettings settings)
[xUnit.net 00:00:24.51]         J:\repos\knilecrack\Open-Xml-PowerTools\OpenXmlPowerTools.Tests\WmlComparerTests.cs(416,0): at OxPt.WcTests.WC002_Consolidate_Bulk_Test(String testId, String name1, String name2)
[xUnit.net 00:00:24.51]            at InvokeStub_WcTests.WC002_Consolidate_Bulk_Test(Object, Span`1)
[xUnit.net 00:00:24.51]            at System.Reflection.MethodBaseInvoker.InvokeWithFewArgs(Object obj, BindingFlags invokeAttr, Binder binder, Object[] parameters, CultureInfo culture)
[xUnit.net 00:00:24.58]       System.InvalidOperationException : Unable to extract Package from DocumentFormat.OpenXml.Packaging.PackageUriHandlingExtensions+MalformedUriHandlingPackage. The SDK returned an unexpected package type. Expected Package or MalformedUriHandlingPackage with accessible inner Package.
[xUnit.net 00:00:24.58]       Stack Trace:
[xUnit.net 00:00:24.58]         J:\repos\knilecrack\Open-Xml-PowerTools\OpenXmlPowerTools\OxPtHelpers.cs(107,0): at OpenXmlPowerTools.OpenXmlPackageExtensions.GetPackage(OpenXmlPackage package)
[xUnit.net 00:00:24.58]         J:\repos\knilecrack\Open-Xml-PowerTools\OpenXmlPowerTools\WmlComparer.cs(1343,0): at OpenXmlPowerTools.WmlComparer.AddToAnnotation(WordprocessingDocument wDocDelta, WordprocessingDocument consolidatedWDoc, XElement elementToInsertAfter, ConsolidationInfo consolidationInfo, WmlComparerSettings settings)
[xUnit.net 00:00:24.58]         J:\repos\knilecrack\Open-Xml-PowerTools\OpenXmlPowerTools\WmlComparer.cs(750,0): at OpenXmlPowerTools.WmlComparer.Consolidate(WmlDocument original, List`1 revisedDocumentInfoList, WmlComparerSettings settings, WmlComparerConsolidateSettings consolidateSettings)
[xUnit.net 00:00:24.58]         J:\repos\knilecrack\Open-Xml-PowerTools\OpenXmlPowerTools\WmlComparer.cs(530,0): at OpenXmlPowerTools.WmlComparer.Consolidate(WmlDocument original, List`1 revisedDocumentInfoList, WmlComparerSettings settings)
[xUnit.net 00:00:24.58]         J:\repos\knilecrack\Open-Xml-PowerTools\OpenXmlPowerTools.Tests\WmlComparerTests.cs(416,0): at OxPt.WcTests.WC002_Consolidate_Bulk_Test(String testId, String name1, String name2)
[xUnit.net 00:00:24.58]            at InvokeStub_WcTests.WC002_Consolidate_Bulk_Test(Object, Span`1)
[xUnit.net 00:00:24.58]            at System.Reflection.MethodBaseInvoker.InvokeWithFewArgs(Object obj, BindingFlags invokeAttr, Binder binder, Object[] parameters, CultureInfo culture)
[xUnit.net 00:00:24.62]       OpenXmlPowerTools.OpenXmlPowerToolsException : Internal error
[xUnit.net 00:00:24.62]       Stack Trace:
[xUnit.net 00:00:24.62]         J:\repos\knilecrack\Open-Xml-PowerTools\OpenXmlPowerTools\WmlComparer.cs(5017,0): at OpenXmlPowerTools.WmlComparer.<>c.<SetAfterUnids>b__75_1(XElement a)
[xUnit.net 00:00:24.62]            at System.Linq.Enumerable.ArrayWhereSelectIterator`2.ToArray(ReadOnlySpan`1 source, Func`2 predicate, Func`2 selector)
[xUnit.net 00:00:24.62]            at System.Linq.Enumerable.ListWhereSelectIterator`2.ToArray()
[xUnit.net 00:00:24.62]         J:\repos\knilecrack\Open-Xml-PowerTools\OpenXmlPowerTools\WmlComparer.cs(5011,0): at OpenXmlPowerTools.WmlComparer.SetAfterUnids(CorrelatedSequence unknown)
[xUnit.net 00:00:24.62]         J:\repos\knilecrack\Open-Xml-PowerTools\OpenXmlPowerTools\WmlComparer.cs(4932,0): at OpenXmlPowerTools.WmlComparer.Lcs(ComparisonUnit[] cu1, ComparisonUnit[] cu2, WmlComparerSettings settings)
[xUnit.net 00:00:24.62]         J:\repos\knilecrack\Open-Xml-PowerTools\OpenXmlPowerTools\WmlComparer.cs(2421,0): at OpenXmlPowerTools.WmlComparer.ProcessFootnoteEndnote(WmlComparerSettings settings, List`1 listOfComparisonUnitAtoms, MainDocumentPart mainDocumentPartBefore, MainDocumentPart mainDocumentPartAfter, XDocument mainDocumentXDoc)
[xUnit.net 00:00:24.62]         J:\repos\knilecrack\Open-Xml-PowerTools\OpenXmlPowerTools\WmlComparer.cs(1698,0): at OpenXmlPowerTools.WmlComparer.ProduceDocumentWithTrackedRevisions(WmlComparerSettings settings, WmlDocument wmlResult, WordprocessingDocument wDoc1, WordprocessingDocument wDoc2)
[xUnit.net 00:00:24.62]         J:\repos\knilecrack\Open-Xml-PowerTools\OpenXmlPowerTools\WmlComparer.cs(213,0): at OpenXmlPowerTools.WmlComparer.CompareInternal(WmlDocument source1, WmlDocument source2, WmlComparerSettings settings, Boolean preProcessMarkupInOriginal)
[xUnit.net 00:00:24.62]         J:\repos\knilecrack\Open-Xml-PowerTools\OpenXmlPowerTools\WmlComparer.cs(94,0): at OpenXmlPowerTools.WmlComparer.Compare(WmlDocument source1, WmlDocument source2, WmlComparerSettings settings)
[xUnit.net 00:00:24.62]         J:\repos\knilecrack\Open-Xml-PowerTools\OpenXmlPowerTools.Tests\WmlComparerTests.cs(404,0): at OxPt.WcTests.WC002_Consolidate_Bulk_Test(String testId, String name1, String name2)
[xUnit.net 00:00:24.62]            at InvokeStub_WcTests.WC002_Consolidate_Bulk_Test(Object, Span`1)
[xUnit.net 00:00:24.62]            at System.Reflection.MethodBaseInvoker.InvokeWithFewArgs(Object obj, BindingFlags invokeAttr, Binder binder, Object[] parameters, CultureInfo culture)
[xUnit.net 00:00:24.68]       System.InvalidOperationException : Unable to extract Package from DocumentFormat.OpenXml.Packaging.PackageUriHandlingExtensions+MalformedUriHandlingPackage. The SDK returned an unexpected package type. Expected Package or MalformedUriHandlingPackage with accessible inner Package.
[xUnit.net 00:00:24.68]       Stack Trace:
[xUnit.net 00:00:24.68]         J:\repos\knilecrack\Open-Xml-PowerTools\OpenXmlPowerTools\OxPtHelpers.cs(107,0): at OpenXmlPowerTools.OpenXmlPackageExtensions.GetPackage(OpenXmlPackage package)
[xUnit.net 00:00:24.68]         J:\repos\knilecrack\Open-Xml-PowerTools\OpenXmlPowerTools\WmlComparer.cs(1343,0): at OpenXmlPowerTools.WmlComparer.AddToAnnotation(WordprocessingDocument wDocDelta, WordprocessingDocument consolidatedWDoc, XElement elementToInsertAfter, ConsolidationInfo consolidationInfo, WmlComparerSettings settings)
[xUnit.net 00:00:24.68]         J:\repos\knilecrack\Open-Xml-PowerTools\OpenXmlPowerTools\WmlComparer.cs(750,0): at OpenXmlPowerTools.WmlComparer.Consolidate(WmlDocument original, List`1 revisedDocumentInfoList, WmlComparerSettings settings, WmlComparerConsolidateSettings consolidateSettings)
[xUnit.net 00:00:24.68]         J:\repos\knilecrack\Open-Xml-PowerTools\OpenXmlPowerTools\WmlComparer.cs(530,0): at OpenXmlPowerTools.WmlComparer.Consolidate(WmlDocument original, List`1 revisedDocumentInfoList, WmlComparerSettings settings)
[xUnit.net 00:00:24.68]         J:\repos\knilecrack\Open-Xml-PowerTools\OpenXmlPowerTools.Tests\WmlComparerTests.cs(416,0): at OxPt.WcTests.WC002_Consolidate_Bulk_Test(String testId, String name1, String name2)
[xUnit.net 00:00:24.68]            at InvokeStub_WcTests.WC002_Consolidate_Bulk_Test(Object, Span`1)
[xUnit.net 00:00:24.68]            at System.Reflection.MethodBaseInvoker.InvokeWithFewArgs(Object obj, BindingFlags invokeAttr, Binder binder, Object[] parameters, CultureInfo culture)
[xUnit.net 00:00:24.76]       System.InvalidOperationException : Unable to extract Package from DocumentFormat.OpenXml.Packaging.PackageUriHandlingExtensions+MalformedUriHandlingPackage. The SDK returned an unexpected package type. Expected Package or MalformedUriHandlingPackage with accessible inner Package.
[xUnit.net 00:00:24.76]       Stack Trace:
[xUnit.net 00:00:24.76]         J:\repos\knilecrack\Open-Xml-PowerTools\OpenXmlPowerTools\OxPtHelpers.cs(107,0): at OpenXmlPowerTools.OpenXmlPackageExtensions.GetPackage(OpenXmlPackage package)
[xUnit.net 00:00:24.76]         J:\repos\knilecrack\Open-Xml-PowerTools\OpenXmlPowerTools\WmlComparer.cs(1343,0): at OpenXmlPowerTools.WmlComparer.AddToAnnotation(WordprocessingDocument wDocDelta, WordprocessingDocument consolidatedWDoc, XElement elementToInsertAfter, ConsolidationInfo consolidationInfo, WmlComparerSettings settings)
[xUnit.net 00:00:24.76]         J:\repos\knilecrack\Open-Xml-PowerTools\OpenXmlPowerTools\WmlComparer.cs(750,0): at OpenXmlPowerTools.WmlComparer.Consolidate(WmlDocument original, List`1 revisedDocumentInfoList, WmlComparerSettings settings, WmlComparerConsolidateSettings consolidateSettings)
[xUnit.net 00:00:24.76]         J:\repos\knilecrack\Open-Xml-PowerTools\OpenXmlPowerTools\WmlComparer.cs(530,0): at OpenXmlPowerTools.WmlComparer.Consolidate(WmlDocument original, List`1 revisedDocumentInfoList, WmlComparerSettings settings)
[xUnit.net 00:00:24.76]         J:\repos\knilecrack\Open-Xml-PowerTools\OpenXmlPowerTools.Tests\WmlComparerTests.cs(416,0): at OxPt.WcTests.WC002_Consolidate_Bulk_Test(String testId, String name1, String name2)
[xUnit.net 00:00:24.76]            at InvokeStub_WcTests.WC002_Consolidate_Bulk_Test(Object, Span`1)
[xUnit.net 00:00:24.76]            at System.Reflection.MethodBaseInvoker.InvokeWithFewArgs(Object obj, BindingFlags invokeAttr, Binder binder, Object[] parameters, CultureInfo culture)
[xUnit.net 00:00:24.83]       System.InvalidOperationException : Unable to extract Package from DocumentFormat.OpenXml.Packaging.PackageUriHandlingExtensions+MalformedUriHandlingPackage. The SDK returned an unexpected package type. Expected Package or MalformedUriHandlingPackage with accessible inner Package.
[xUnit.net 00:00:24.83]       Stack Trace:
[xUnit.net 00:00:24.83]         J:\repos\knilecrack\Open-Xml-PowerTools\OpenXmlPowerTools\OxPtHelpers.cs(107,0): at OpenXmlPowerTools.OpenXmlPackageExtensions.GetPackage(OpenXmlPackage package)
[xUnit.net 00:00:24.83]         J:\repos\knilecrack\Open-Xml-PowerTools\OpenXmlPowerTools\WmlComparer.cs(1343,0): at OpenXmlPowerTools.WmlComparer.AddToAnnotation(WordprocessingDocument wDocDelta, WordprocessingDocument consolidatedWDoc, XElement elementToInsertAfter, ConsolidationInfo consolidationInfo, WmlComparerSettings settings)
[xUnit.net 00:00:24.83]         J:\repos\knilecrack\Open-Xml-PowerTools\OpenXmlPowerTools\WmlComparer.cs(750,0): at OpenXmlPowerTools.WmlComparer.Consolidate(WmlDocument original, List`1 revisedDocumentInfoList, WmlComparerSettings settings, WmlComparerConsolidateSettings consolidateSettings)
[xUnit.net 00:00:24.83]         J:\repos\knilecrack\Open-Xml-PowerTools\OpenXmlPowerTools\WmlComparer.cs(530,0): at OpenXmlPowerTools.WmlComparer.Consolidate(WmlDocument original, List`1 revisedDocumentInfoList, WmlComparerSettings settings)
[xUnit.net 00:00:24.83]         J:\repos\knilecrack\Open-Xml-PowerTools\OpenXmlPowerTools.Tests\WmlComparerTests.cs(416,0): at OxPt.WcTests.WC002_Consolidate_Bulk_Test(String testId, String name1, String name2)
[xUnit.net 00:00:24.83]            at InvokeStub_WcTests.WC002_Consolidate_Bulk_Test(Object, Span`1)
[xUnit.net 00:00:24.83]            at System.Reflection.MethodBaseInvoker.InvokeWithFewArgs(Object obj, BindingFlags invokeAttr, Binder binder, Object[] parameters, CultureInfo culture)
  Failed OxPt.WcTests.WC002_Consolidate_Bulk_Test(testId: "WCB-1440", name1: "WC/WC024-Table-Before.docx", name2: "WC/WC024-Table-After.docx") [88 ms]
  Error Message:
   System.InvalidOperationException : Unable to extract Package from DocumentFormat.OpenXml.Packaging.PackageUriHandlingExtensions+MalformedUriHandlingPackage. The SDK returned an unexpected package type. Expected Package or MalformedUriHandlingPackage with accessible inner Package.
  Stack Trace:
     at OpenXmlPowerTools.OpenXmlPackageExtensions.GetPackage(OpenXmlPackage package) in J:\repos\knilecrack\Open-Xml-PowerTools\OpenXmlPowerTools\OxPtHelpers.cs:line 107
   at OpenXmlPowerTools.WmlComparer.AddToAnnotation(WordprocessingDocument wDocDelta, WordprocessingDocument consolidatedWDoc, XElement elementToInsertAfter, ConsolidationInfo consolidationInfo, WmlComparerSettings settings) in J:\repos\knilecrack\Open-Xml-PowerTools\OpenXmlPowerTools\WmlComparer.cs:line 1343
   at OpenXmlPowerTools.WmlComparer.Consolidate(WmlDocument original, List`1 revisedDocumentInfoList, WmlComparerSettings settings, WmlComparerConsolidateSettings consolidateSettings) in J:\repos\knilecrack\Open-Xml-PowerTools\OpenXmlPowerTools\WmlComparer.cs:line 750
   at OpenXmlPowerTools.WmlComparer.Consolidate(WmlDocument original, List`1 revisedDocumentInfoList, WmlComparerSettings settings) in J:\repos\knilecrack\Open-Xml-PowerTools\OpenXmlPowerTools\WmlComparer.cs:line 530
   at OxPt.WcTests.WC002_Consolidate_Bulk_Test(String testId, String name1, String name2) in J:\repos\knilecrack\Open-Xml-PowerTools\OpenXmlPowerTools.Tests\WmlComparerTests.cs:line 416
   at InvokeStub_WcTests.WC002_Consolidate_Bulk_Test(Object, Span`1)
   at System.Reflection.MethodBaseInvoker.InvokeWithFewArgs(Object obj, BindingFlags invokeAttr, Binder binder, Object[] parameters, CultureInfo culture)
  Failed OxPt.WcTests.WC002_Consolidate_Bulk_Test(testId: "WCB-1050", name1: "WC/WC002-Unmodified.docx", name2: "WC/WC002-DiffAtBeginning.docx") [70 ms]
  Error Message:
   System.InvalidOperationException : Unable to extract Package from DocumentFormat.OpenXml.Packaging.PackageUriHandlingExtensions+MalformedUriHandlingPackage. The SDK returned an unexpected package type. Expected Package or MalformedUriHandlingPackage with accessible inner Package.
  Stack Trace:
     at OpenXmlPowerTools.OpenXmlPackageExtensions.GetPackage(OpenXmlPackage package) in J:\repos\knilecrack\Open-Xml-PowerTools\OpenXmlPowerTools\OxPtHelpers.cs:line 107
   at OpenXmlPowerTools.WmlComparer.AddToAnnotation(WordprocessingDocument wDocDelta, WordprocessingDocument consolidatedWDoc, XElement elementToInsertAfter, ConsolidationInfo consolidationInfo, WmlComparerSettings settings) in J:\repos\knilecrack\Open-Xml-PowerTools\OpenXmlPowerTools\WmlComparer.cs:line 1343
   at OpenXmlPowerTools.WmlComparer.Consolidate(WmlDocument original, List`1 revisedDocumentInfoList, WmlComparerSettings settings, WmlComparerConsolidateSettings consolidateSettings) in J:\repos\knilecrack\Open-Xml-PowerTools\OpenXmlPowerTools\WmlComparer.cs:line 750
   at OpenXmlPowerTools.WmlComparer.Consolidate(WmlDocument original, List`1 revisedDocumentInfoList, WmlComparerSettings settings) in J:\repos\knilecrack\Open-Xml-PowerTools\OpenXmlPowerTools\WmlComparer.cs:line 530
   at OxPt.WcTests.WC002_Consolidate_Bulk_Test(String testId, String name1, String name2) in J:\repos\knilecrack\Open-Xml-PowerTools\OpenXmlPowerTools.Tests\WmlComparerTests.cs:line 416
   at InvokeStub_WcTests.WC002_Consolidate_Bulk_Test(Object, Span`1)
   at System.Reflection.MethodBaseInvoker.InvokeWithFewArgs(Object obj, BindingFlags invokeAttr, Binder binder, Object[] parameters, CultureInfo culture)
  Passed OxPt.DbTests.WithGlossaryDocuments(testId: "DB100-00030", baseline: "DB/GlossaryDocuments/MultilineWithBulletPoints-bui"···, src1: "DB/GlossaryDocuments/BaseDocument.docx,0,4", src2: "DB/GlossaryDocuments/MultilineWithBulletPoints.doc"···, src3: "DB/GlossaryDocuments/BaseDocument.docx,4", src4: null, src5: null, src6: null) [572 ms]
  Failed OxPt.WcTests.WC002_Consolidate_Bulk_Test(testId: "WCB-1530", name1: "WC/WC032-Para-with-Para-Props.docx", name2: "WC/WC032-Para-with-Para-Props-After.docx") [75 ms]
  Error Message:
   System.InvalidOperationException : Unable to extract Package from DocumentFormat.OpenXml.Packaging.PackageUriHandlingExtensions+MalformedUriHandlingPackage. The SDK returned an unexpected package type. Expected Package or MalformedUriHandlingPackage with accessible inner Package.
  Stack Trace:
     at OpenXmlPowerTools.OpenXmlPackageExtensions.GetPackage(OpenXmlPackage package) in J:\repos\knilecrack\Open-Xml-PowerTools\OpenXmlPowerTools\OxPtHelpers.cs:line 107
   at OpenXmlPowerTools.WmlComparer.AddToAnnotation(WordprocessingDocument wDocDelta, WordprocessingDocument consolidatedWDoc, XElement elementToInsertAfter, ConsolidationInfo consolidationInfo, WmlComparerSettings settings) in J:\repos\knilecrack\Open-Xml-PowerTools\OpenXmlPowerTools\WmlComparer.cs:line 1343
   at OpenXmlPowerTools.WmlComparer.Consolidate(WmlDocument original, List`1 revisedDocumentInfoList, WmlComparerSettings settings, WmlComparerConsolidateSettings consolidateSettings) in J:\repos\knilecrack\Open-Xml-PowerTools\OpenXmlPowerTools\WmlComparer.cs:line 750
   at OpenXmlPowerTools.WmlComparer.Consolidate(WmlDocument original, List`1 revisedDocumentInfoList, WmlComparerSettings settings) in J:\repos\knilecrack\Open-Xml-PowerTools\OpenXmlPowerTools\WmlComparer.cs:line 530
   at OxPt.WcTests.WC002_Consolidate_Bulk_Test(String testId, String name1, String name2) in J:\repos\knilecrack\Open-Xml-PowerTools\OpenXmlPowerTools.Tests\WmlComparerTests.cs:line 416
   at InvokeStub_WcTests.WC002_Consolidate_Bulk_Test(Object, Span`1)
   at System.Reflection.MethodBaseInvoker.InvokeWithFewArgs(Object obj, BindingFlags invokeAttr, Binder binder, Object[] parameters, CultureInfo culture)
  Failed OxPt.WcTests.WC002_Consolidate_Bulk_Test(testId: "WCB-1570", name1: "WC/WC034-Footnotes-Before.docx", name2: "WC/WC034-Footnotes-After2.docx") [40 ms]
  Error Message:
   OpenXmlPowerTools.OpenXmlPowerToolsException : Internal error
  Stack Trace:
     at OpenXmlPowerTools.WmlComparer.<>c.<SetAfterUnids>b__75_1(XElement a) in J:\repos\knilecrack\Open-Xml-PowerTools\OpenXmlPowerTools\WmlComparer.cs:line 5017
   at System.Linq.Enumerable.ArrayWhereSelectIterator`2.ToArray(ReadOnlySpan`1 source, Func`2 predicate, Func`2 selector)
   at System.Linq.Enumerable.ListWhereSelectIterator`2.ToArray()
   at OpenXmlPowerTools.WmlComparer.SetAfterUnids(CorrelatedSequence unknown) in J:\repos\knilecrack\Open-Xml-PowerTools\OpenXmlPowerTools\WmlComparer.cs:line 5011
   at OpenXmlPowerTools.WmlComparer.Lcs(ComparisonUnit[] cu1, ComparisonUnit[] cu2, WmlComparerSettings settings) in J:\repos\knilecrack\Open-Xml-PowerTools\OpenXmlPowerTools\WmlComparer.cs:line 4932
   at OpenXmlPowerTools.WmlComparer.ProcessFootnoteEndnote(WmlComparerSettings settings, List`1 listOfComparisonUnitAtoms, MainDocumentPart mainDocumentPartBefore, MainDocumentPart mainDocumentPartAfter, XDocument mainDocumentXDoc) in J:\repos\knilecrack\Open-Xml-PowerTools\OpenXmlPowerTools\WmlComparer.cs:line 2421
   at OpenXmlPowerTools.WmlComparer.ProduceDocumentWithTrackedRevisions(WmlComparerSettings settings, WmlDocument wmlResult, WordprocessingDocument wDoc1, WordprocessingDocument wDoc2) in J:\repos\knilecrack\Open-Xml-PowerTools\OpenXmlPowerTools\WmlComparer.cs:line 1698
   at OpenXmlPowerTools.WmlComparer.CompareInternal(WmlDocument source1, WmlDocument source2, WmlComparerSettings settings, Boolean preProcessMarkupInOriginal) in J:\repos\knilecrack\Open-Xml-PowerTools\OpenXmlPowerTools\WmlComparer.cs:line 213
   at OpenXmlPowerTools.WmlComparer.Compare(WmlDocument source1, WmlDocument source2, WmlComparerSettings settings) in J:\repos\knilecrack\Open-Xml-PowerTools\OpenXmlPowerTools\WmlComparer.cs:line 94
   at OxPt.WcTests.WC002_Consolidate_Bulk_Test(String testId, String name1, String name2) in J:\repos\knilecrack\Open-Xml-PowerTools\OpenXmlPowerTools.Tests\WmlComparerTests.cs:line 404
   at InvokeStub_WcTests.WC002_Consolidate_Bulk_Test(Object, Span`1)
   at System.Reflection.MethodBaseInvoker.InvokeWithFewArgs(Object obj, BindingFlags invokeAttr, Binder binder, Object[] parameters, CultureInfo culture)
  Failed OxPt.WcTests.WC002_Consolidate_Bulk_Test(testId: "WCB-1120", name1: "WC/WC002-DeleteInMiddle.docx", name2: "WC/WC002-Unmodified.docx") [60 ms]
  Error Message:
   System.InvalidOperationException : Unable to extract Package from DocumentFormat.OpenXml.Packaging.PackageUriHandlingExtensions+MalformedUriHandlingPackage. The SDK returned an unexpected package type. Expected Package or MalformedUriHandlingPackage with accessible inner Package.
  Stack Trace:
     at OpenXmlPowerTools.OpenXmlPackageExtensions.GetPackage(OpenXmlPackage package) in J:\repos\knilecrack\Open-Xml-PowerTools\OpenXmlPowerTools\OxPtHelpers.cs:line 107
   at OpenXmlPowerTools.WmlComparer.AddToAnnotation(WordprocessingDocument wDocDelta, WordprocessingDocument consolidatedWDoc, XElement elementToInsertAfter, ConsolidationInfo consolidationInfo, WmlComparerSettings settings) in J:\repos\knilecrack\Open-Xml-PowerTools\OpenXmlPowerTools\WmlComparer.cs:line 1343
   at OpenXmlPowerTools.WmlComparer.Consolidate(WmlDocument original, List`1 revisedDocumentInfoList, WmlComparerSettings settings, WmlComparerConsolidateSettings consolidateSettings) in J:\repos\knilecrack\Open-Xml-PowerTools\OpenXmlPowerTools\WmlComparer.cs:line 750
   at OpenXmlPowerTools.WmlComparer.Consolidate(WmlDocument original, List`1 revisedDocumentInfoList, WmlComparerSettings settings) in J:\repos\knilecrack\Open-Xml-PowerTools\OpenXmlPowerTools\WmlComparer.cs:line 530
   at OxPt.WcTests.WC002_Consolidate_Bulk_Test(String testId, String name1, String name2) in J:\repos\knilecrack\Open-Xml-PowerTools\OpenXmlPowerTools.Tests\WmlComparerTests.cs:line 416
   at InvokeStub_WcTests.WC002_Consolidate_Bulk_Test(Object, Span`1)
   at System.Reflection.MethodBaseInvoker.InvokeWithFewArgs(Object obj, BindingFlags invokeAttr, Binder binder, Object[] parameters, CultureInfo culture)
  Failed OxPt.WcTests.WC002_Consolidate_Bulk_Test(testId: "WCB-1520", name1: "WC/WC031-Two-Maths-Before.docx", name2: "WC/WC031-Two-Maths-After.docx") [77 ms]
  Error Message:
   System.InvalidOperationException : Unable to extract Package from DocumentFormat.OpenXml.Packaging.PackageUriHandlingExtensions+MalformedUriHandlingPackage. The SDK returned an unexpected package type. Expected Package or MalformedUriHandlingPackage with accessible inner Package.
  Stack Trace:
     at OpenXmlPowerTools.OpenXmlPackageExtensions.GetPackage(OpenXmlPackage package) in J:\repos\knilecrack\Open-Xml-PowerTools\OpenXmlPowerTools\OxPtHelpers.cs:line 107
   at OpenXmlPowerTools.WmlComparer.AddToAnnotation(WordprocessingDocument wDocDelta, WordprocessingDocument consolidatedWDoc, XElement elementToInsertAfter, ConsolidationInfo consolidationInfo, WmlComparerSettings settings) in J:\repos\knilecrack\Open-Xml-PowerTools\OpenXmlPowerTools\WmlComparer.cs:line 1343
   at OpenXmlPowerTools.WmlComparer.Consolidate(WmlDocument original, List`1 revisedDocumentInfoList, WmlComparerSettings settings, WmlComparerConsolidateSettings consolidateSettings) in J:\repos\knilecrack\Open-Xml-PowerTools\OpenXmlPowerTools\WmlComparer.cs:line 750
   at OpenXmlPowerTools.WmlComparer.Consolidate(WmlDocument original, List`1 revisedDocumentInfoList, WmlComparerSettings settings) in J:\repos\knilecrack\Open-Xml-PowerTools\OpenXmlPowerTools\WmlComparer.cs:line 530
   at OxPt.WcTests.WC002_Consolidate_Bulk_Test(String testId, String name1, String name2) in J:\repos\knilecrack\Open-Xml-PowerTools\OpenXmlPowerTools.Tests\WmlComparerTests.cs:line 416
   at InvokeStub_WcTests.WC002_Consolidate_Bulk_Test(Object, Span`1)
   at System.Reflection.MethodBaseInvoker.InvokeWithFewArgs(Object obj, BindingFlags invokeAttr, Binder binder, Object[] parameters, CultureInfo culture)
  Failed OxPt.WcTests.WC002_Consolidate_Bulk_Test(testId: "WCB-1340", name1: "WC/WC018-Field-Simple-Before.docx", name2: "WC/WC018-Field-Simple-After-1.docx") [68 ms]
  Error Message:
   System.InvalidOperationException : Unable to extract Package from DocumentFormat.OpenXml.Packaging.PackageUriHandlingExtensions+MalformedUriHandlingPackage. The SDK returned an unexpected package type. Expected Package or MalformedUriHandlingPackage with accessible inner Package.
  Stack Trace:
     at OpenXmlPowerTools.OpenXmlPackageExtensions.GetPackage(OpenXmlPackage package) in J:\repos\knilecrack\Open-Xml-PowerTools\OpenXmlPowerTools\OxPtHelpers.cs:line 107
   at OpenXmlPowerTools.WmlComparer.AddToAnnotation(WordprocessingDocument wDocDelta, WordprocessingDocument consolidatedWDoc, XElement elementToInsertAfter, ConsolidationInfo consolidationInfo, WmlComparerSettings settings) in J:\repos\knilecrack\Open-Xml-PowerTools\OpenXmlPowerTools\WmlComparer.cs:line 1343
   at OpenXmlPowerTools.WmlComparer.Consolidate(WmlDocument original, List`1 revisedDocumentInfoList, WmlComparerSettings settings, WmlComparerConsolidateSettings consolidateSettings) in J:\repos\knilecrack\Open-Xml-PowerTools\OpenXmlPowerTools\WmlComparer.cs:line 750
   at OpenXmlPowerTools.WmlComparer.Consolidate(WmlDocument original, List`1 revisedDocumentInfoList, WmlComparerSettings settings) in J:\repos\knilecrack\Open-Xml-PowerTools\OpenXmlPowerTools\WmlComparer.cs:line 530
   at OxPt.WcTests.WC002_Consolidate_Bulk_Test(String testId, String name1, String name2) in J:\repos\knilecrack\Open-Xml-PowerTools\OpenXmlPowerTools.Tests\WmlComparerTests.cs:line 416
   at InvokeStub_WcTests.WC002_Consolidate_Bulk_Test(Object, Span`1)
   at System.Reflection.MethodBaseInvoker.InvokeWithFewArgs(Object obj, BindingFlags invokeAttr, Binder binder, Object[] parameters, CultureInfo culture)
[xUnit.net 00:00:24.92]       System.InvalidOperationException : Unable to extract Package from DocumentFormat.OpenXml.Packaging.PackageUriHandlingExtensions+MalformedUriHandlingPackage. The SDK returned an unexpected package type. Expected Package or MalformedUriHandlingPackage with accessible inner Package.
[xUnit.net 00:00:24.92]       Stack Trace:
[xUnit.net 00:00:24.92]         J:\repos\knilecrack\Open-Xml-PowerTools\OpenXmlPowerTools\OxPtHelpers.cs(107,0): at OpenXmlPowerTools.OpenXmlPackageExtensions.GetPackage(OpenXmlPackage package)
[xUnit.net 00:00:24.92]         J:\repos\knilecrack\Open-Xml-PowerTools\OpenXmlPowerTools\WmlComparer.cs(1343,0): at OpenXmlPowerTools.WmlComparer.AddToAnnotation(WordprocessingDocument wDocDelta, WordprocessingDocument consolidatedWDoc, XElement elementToInsertAfter, ConsolidationInfo consolidationInfo, WmlComparerSettings settings)
[xUnit.net 00:00:24.92]         J:\repos\knilecrack\Open-Xml-PowerTools\OpenXmlPowerTools\WmlComparer.cs(750,0): at OpenXmlPowerTools.WmlComparer.Consolidate(WmlDocument original, List`1 revisedDocumentInfoList, WmlComparerSettings settings, WmlComparerConsolidateSettings consolidateSettings)
[xUnit.net 00:00:24.92]         J:\repos\knilecrack\Open-Xml-PowerTools\OpenXmlPowerTools\WmlComparer.cs(530,0): at OpenXmlPowerTools.WmlComparer.Consolidate(WmlDocument original, List`1 revisedDocumentInfoList, WmlComparerSettings settings)
[xUnit.net 00:00:24.92]         J:\repos\knilecrack\Open-Xml-PowerTools\OpenXmlPowerTools.Tests\WmlComparerTests.cs(416,0): at OxPt.WcTests.WC002_Consolidate_Bulk_Test(String testId, String name1, String name2)
[xUnit.net 00:00:24.92]            at InvokeStub_WcTests.WC002_Consolidate_Bulk_Test(Object, Span`1)
[xUnit.net 00:00:24.92]            at System.Reflection.MethodBaseInvoker.InvokeWithFewArgs(Object obj, BindingFlags invokeAttr, Binder binder, Object[] parameters, CultureInfo culture)
[xUnit.net 00:00:24.98]       System.InvalidOperationException : Unable to extract Package from DocumentFormat.OpenXml.Packaging.PackageUriHandlingExtensions+MalformedUriHandlingPackage. The SDK returned an unexpected package type. Expected Package or MalformedUriHandlingPackage with accessible inner Package.
[xUnit.net 00:00:24.98]       Stack Trace:
[xUnit.net 00:00:24.98]         J:\repos\knilecrack\Open-Xml-PowerTools\OpenXmlPowerTools\OxPtHelpers.cs(107,0): at OpenXmlPowerTools.OpenXmlPackageExtensions.GetPackage(OpenXmlPackage package)
[xUnit.net 00:00:24.98]         J:\repos\knilecrack\Open-Xml-PowerTools\OpenXmlPowerTools\WmlComparer.cs(1343,0): at OpenXmlPowerTools.WmlComparer.AddToAnnotation(WordprocessingDocument wDocDelta, WordprocessingDocument consolidatedWDoc, XElement elementToInsertAfter, ConsolidationInfo consolidationInfo, WmlComparerSettings settings)
[xUnit.net 00:00:24.98]         J:\repos\knilecrack\Open-Xml-PowerTools\OpenXmlPowerTools\WmlComparer.cs(750,0): at OpenXmlPowerTools.WmlComparer.Consolidate(WmlDocument original, List`1 revisedDocumentInfoList, WmlComparerSettings settings, WmlComparerConsolidateSettings consolidateSettings)
[xUnit.net 00:00:24.98]         J:\repos\knilecrack\Open-Xml-PowerTools\OpenXmlPowerTools\WmlComparer.cs(530,0): at OpenXmlPowerTools.WmlComparer.Consolidate(WmlDocument original, List`1 revisedDocumentInfoList, WmlComparerSettings settings)
[xUnit.net 00:00:24.98]         J:\repos\knilecrack\Open-Xml-PowerTools\OpenXmlPowerTools.Tests\WmlComparerTests.cs(416,0): at OxPt.WcTests.WC002_Consolidate_Bulk_Test(String testId, String name1, String name2)
[xUnit.net 00:00:24.98]            at InvokeStub_WcTests.WC002_Consolidate_Bulk_Test(Object, Span`1)
[xUnit.net 00:00:24.98]            at System.Reflection.MethodBaseInvoker.InvokeWithFewArgs(Object obj, BindingFlags invokeAttr, Binder binder, Object[] parameters, CultureInfo culture)
[xUnit.net 00:00:25.07]       System.InvalidOperationException : Unable to extract Package from DocumentFormat.OpenXml.Packaging.PackageUriHandlingExtensions+MalformedUriHandlingPackage. The SDK returned an unexpected package type. Expected Package or MalformedUriHandlingPackage with accessible inner Package.
[xUnit.net 00:00:25.07]       Stack Trace:
[xUnit.net 00:00:25.07]         J:\repos\knilecrack\Open-Xml-PowerTools\OpenXmlPowerTools\OxPtHelpers.cs(107,0): at OpenXmlPowerTools.OpenXmlPackageExtensions.GetPackage(OpenXmlPackage package)
[xUnit.net 00:00:25.07]         J:\repos\knilecrack\Open-Xml-PowerTools\OpenXmlPowerTools\WmlComparer.cs(1343,0): at OpenXmlPowerTools.WmlComparer.AddToAnnotation(WordprocessingDocument wDocDelta, WordprocessingDocument consolidatedWDoc, XElement elementToInsertAfter, ConsolidationInfo consolidationInfo, WmlComparerSettings settings)
[xUnit.net 00:00:25.07]         J:\repos\knilecrack\Open-Xml-PowerTools\OpenXmlPowerTools\WmlComparer.cs(750,0): at OpenXmlPowerTools.WmlComparer.Consolidate(WmlDocument original, List`1 revisedDocumentInfoList, WmlComparerSettings settings, WmlComparerConsolidateSettings consolidateSettings)
[xUnit.net 00:00:25.07]         J:\repos\knilecrack\Open-Xml-PowerTools\OpenXmlPowerTools\WmlComparer.cs(530,0): at OpenXmlPowerTools.WmlComparer.Consolidate(WmlDocument original, List`1 revisedDocumentInfoList, WmlComparerSettings settings)
[xUnit.net 00:00:25.07]         J:\repos\knilecrack\Open-Xml-PowerTools\OpenXmlPowerTools.Tests\WmlComparerTests.cs(416,0): at OxPt.WcTests.WC002_Consolidate_Bulk_Test(String testId, String name1, String name2)
[xUnit.net 00:00:25.07]            at InvokeStub_WcTests.WC002_Consolidate_Bulk_Test(Object, Span`1)
[xUnit.net 00:00:25.07]            at System.Reflection.MethodBaseInvoker.InvokeWithFewArgs(Object obj, BindingFlags invokeAttr, Binder binder, Object[] parameters, CultureInfo culture)
[xUnit.net 00:00:25.11]       System.InvalidOperationException : Unable to extract Package from DocumentFormat.OpenXml.Packaging.PackageUriHandlingExtensions+MalformedUriHandlingPackage. The SDK returned an unexpected package type. Expected Package or MalformedUriHandlingPackage with accessible inner Package.
[xUnit.net 00:00:25.11]       Stack Trace:
[xUnit.net 00:00:25.11]         J:\repos\knilecrack\Open-Xml-PowerTools\OpenXmlPowerTools\OxPtHelpers.cs(107,0): at OpenXmlPowerTools.OpenXmlPackageExtensions.GetPackage(OpenXmlPackage package)
[xUnit.net 00:00:25.11]         J:\repos\knilecrack\Open-Xml-PowerTools\OpenXmlPowerTools\WmlComparer.cs(4610,0): at OpenXmlPowerTools.WmlComparer.<>c__DisplayClass69_5.<CoalesceRecurse>b__17(ComparisonUnitAtom gce)
[xUnit.net 00:00:25.11]            at System.Linq.Enumerable.IEnumerableSelectIterator`2.MoveNext()
[xUnit.net 00:00:25.11]            at System.Xml.Linq.XContainer.AddContentSkipNotify(Object content)
[xUnit.net 00:00:25.11]            at System.Xml.Linq.XContainer.AddContentSkipNotify(Object content)
[xUnit.net 00:00:25.11]            at System.Xml.Linq.XContainer.AddContentSkipNotify(Object content)
[xUnit.net 00:00:25.11]            at System.Xml.Linq.XContainer.AddContentSkipNotify(Object content)
[xUnit.net 00:00:25.11]            at System.Xml.Linq.XContainer.AddContentSkipNotify(Object content)
[xUnit.net 00:00:25.11]            at System.Xml.Linq.XContainer.AddContentSkipNotify(Object content)
[xUnit.net 00:00:25.11]         J:\repos\knilecrack\Open-Xml-PowerTools\OpenXmlPowerTools\WmlComparer.cs(4558,0): at OpenXmlPowerTools.WmlComparer.<>c__DisplayClass69_0.<CoalesceRecurse>b__2(IGrouping`2 g)
[xUnit.net 00:00:25.11]            at System.Linq.Enumerable.IEnumerableWhereSelectIterator`2.ToList()
[xUnit.net 00:00:25.11]         J:\repos\knilecrack\Open-Xml-PowerTools\OpenXmlPowerTools\WmlComparer.cs(4481,0): at OpenXmlPowerTools.WmlComparer.CoalesceRecurse(OpenXmlPart part, IEnumerable`1 list, Int32 level, WmlComparerSettings settings)
[xUnit.net 00:00:25.11]         J:\repos\knilecrack\Open-Xml-PowerTools\OpenXmlPowerTools\WmlComparer.cs(4521,0): at OpenXmlPowerTools.WmlComparer.<>c__DisplayClass69_0.<CoalesceRecurse>b__5(IGrouping`2 gc)
[xUnit.net 00:00:25.11]            at System.Linq.Enumerable.ListSelectIterator`2.ToList()
[xUnit.net 00:00:25.11]         J:\repos\knilecrack\Open-Xml-PowerTools\OpenXmlPowerTools\WmlComparer.cs(4505,0): at OpenXmlPowerTools.WmlComparer.<>c__DisplayClass69_0.<CoalesceRecurse>b__2(IGrouping`2 g)
[xUnit.net 00:00:25.11]            at System.Linq.Enumerable.IEnumerableWhereSelectIterator`2.ToList()
[xUnit.net 00:00:25.11]         J:\repos\knilecrack\Open-Xml-PowerTools\OpenXmlPowerTools\WmlComparer.cs(4481,0): at OpenXmlPowerTools.WmlComparer.CoalesceRecurse(OpenXmlPart part, IEnumerable`1 list, Int32 level, WmlComparerSettings settings)
[xUnit.net 00:00:25.11]         J:\repos\knilecrack\Open-Xml-PowerTools\OpenXmlPowerTools\WmlComparer.cs(4328,0): at OpenXmlPowerTools.WmlComparer.ProduceNewWmlMarkupFromCorrelatedSequence(OpenXmlPart part, IEnumerable`1 comparisonUnitAtomList, WmlComparerSettings settings)
[xUnit.net 00:00:25.11]         J:\repos\knilecrack\Open-Xml-PowerTools\OpenXmlPowerTools\WmlComparer.cs(1686,0): at OpenXmlPowerTools.WmlComparer.ProduceDocumentWithTrackedRevisions(WmlComparerSettings settings, WmlDocument wmlResult, WordprocessingDocument wDoc1, WordprocessingDocument wDoc2)
[xUnit.net 00:00:25.11]         J:\repos\knilecrack\Open-Xml-PowerTools\OpenXmlPowerTools\WmlComparer.cs(213,0): at OpenXmlPowerTools.WmlComparer.CompareInternal(WmlDocument source1, WmlDocument source2, WmlComparerSettings settings, Boolean preProcessMarkupInOriginal)
[xUnit.net 00:00:25.11]         J:\repos\knilecrack\Open-Xml-PowerTools\OpenXmlPowerTools\WmlComparer.cs(94,0): at OpenXmlPowerTools.WmlComparer.Compare(WmlDocument source1, WmlDocument source2, WmlComparerSettings settings)
[xUnit.net 00:00:25.11]         J:\repos\knilecrack\Open-Xml-PowerTools\OpenXmlPowerTools.Tests\WmlComparerTests.cs(404,0): at OxPt.WcTests.WC002_Consolidate_Bulk_Test(String testId, String name1, String name2)
[xUnit.net 00:00:25.11]            at InvokeStub_WcTests.WC002_Consolidate_Bulk_Test(Object, Span`1)
[xUnit.net 00:00:25.11]            at System.Reflection.MethodBaseInvoker.InvokeWithFewArgs(Object obj, BindingFlags invokeAttr, Binder binder, Object[] parameters, CultureInfo culture)
[xUnit.net 00:00:25.17]       System.InvalidOperationException : Unable to extract Package from DocumentFormat.OpenXml.Packaging.PackageUriHandlingExtensions+MalformedUriHandlingPackage. The SDK returned an unexpected package type. Expected Package or MalformedUriHandlingPackage with accessible inner Package.
[xUnit.net 00:00:25.17]       Stack Trace:
[xUnit.net 00:00:25.17]         J:\repos\knilecrack\Open-Xml-PowerTools\OpenXmlPowerTools\OxPtHelpers.cs(107,0): at OpenXmlPowerTools.OpenXmlPackageExtensions.GetPackage(OpenXmlPackage package)
[xUnit.net 00:00:25.17]         J:\repos\knilecrack\Open-Xml-PowerTools\OpenXmlPowerTools\WmlComparer.cs(1343,0): at OpenXmlPowerTools.WmlComparer.AddToAnnotation(WordprocessingDocument wDocDelta, WordprocessingDocument consolidatedWDoc, XElement elementToInsertAfter, ConsolidationInfo consolidationInfo, WmlComparerSettings settings)
[xUnit.net 00:00:25.17]         J:\repos\knilecrack\Open-Xml-PowerTools\OpenXmlPowerTools\WmlComparer.cs(750,0): at OpenXmlPowerTools.WmlComparer.Consolidate(WmlDocument original, List`1 revisedDocumentInfoList, WmlComparerSettings settings, WmlComparerConsolidateSettings consolidateSettings)
[xUnit.net 00:00:25.17]         J:\repos\knilecrack\Open-Xml-PowerTools\OpenXmlPowerTools\WmlComparer.cs(530,0): at OpenXmlPowerTools.WmlComparer.Consolidate(WmlDocument original, List`1 revisedDocumentInfoList, WmlComparerSettings settings)
[xUnit.net 00:00:25.17]         J:\repos\knilecrack\Open-Xml-PowerTools\OpenXmlPowerTools.Tests\WmlComparerTests.cs(416,0): at OxPt.WcTests.WC002_Consolidate_Bulk_Test(String testId, String name1, String name2)
[xUnit.net 00:00:25.17]            at InvokeStub_WcTests.WC002_Consolidate_Bulk_Test(Object, Span`1)
[xUnit.net 00:00:25.17]            at System.Reflection.MethodBaseInvoker.InvokeWithFewArgs(Object obj, BindingFlags invokeAttr, Binder binder, Object[] parameters, CultureInfo culture)
[xUnit.net 00:00:25.29]       System.InvalidOperationException : Unable to extract Package from DocumentFormat.OpenXml.Packaging.PackageUriHandlingExtensions+MalformedUriHandlingPackage. The SDK returned an unexpected package type. Expected Package or MalformedUriHandlingPackage with accessible inner Package.
[xUnit.net 00:00:25.29]       Stack Trace:
[xUnit.net 00:00:25.29]         J:\repos\knilecrack\Open-Xml-PowerTools\OpenXmlPowerTools\OxPtHelpers.cs(107,0): at OpenXmlPowerTools.OpenXmlPackageExtensions.GetPackage(OpenXmlPackage package)
[xUnit.net 00:00:25.29]         J:\repos\knilecrack\Open-Xml-PowerTools\OpenXmlPowerTools\WmlComparer.cs(1343,0): at OpenXmlPowerTools.WmlComparer.AddToAnnotation(WordprocessingDocument wDocDelta, WordprocessingDocument consolidatedWDoc, XElement elementToInsertAfter, ConsolidationInfo consolidationInfo, WmlComparerSettings settings)
[xUnit.net 00:00:25.29]         J:\repos\knilecrack\Open-Xml-PowerTools\OpenXmlPowerTools\WmlComparer.cs(750,0): at OpenXmlPowerTools.WmlComparer.Consolidate(WmlDocument original, List`1 revisedDocumentInfoList, WmlComparerSettings settings, WmlComparerConsolidateSettings consolidateSettings)
[xUnit.net 00:00:25.29]         J:\repos\knilecrack\Open-Xml-PowerTools\OpenXmlPowerTools\WmlComparer.cs(530,0): at OpenXmlPowerTools.WmlComparer.Consolidate(WmlDocument original, List`1 revisedDocumentInfoList, WmlComparerSettings settings)
[xUnit.net 00:00:25.29]         J:\repos\knilecrack\Open-Xml-PowerTools\OpenXmlPowerTools.Tests\WmlComparerTests.cs(416,0): at OxPt.WcTests.WC002_Consolidate_Bulk_Test(String testId, String name1, String name2)
[xUnit.net 00:00:25.29]            at InvokeStub_WcTests.WC002_Consolidate_Bulk_Test(Object, Span`1)
[xUnit.net 00:00:25.29]            at System.Reflection.MethodBaseInvoker.InvokeWithFewArgs(Object obj, BindingFlags invokeAttr, Binder binder, Object[] parameters, CultureInfo culture)
  Failed OxPt.WcTests.WC002_Consolidate_Bulk_Test(testId: "WCB-1550", name1: "WC/WC033-Merged-Cells-Before.docx", name2: "WC/WC033-Merged-Cells-After2.docx") [87 ms]
  Error Message:
   System.InvalidOperationException : Unable to extract Package from DocumentFormat.OpenXml.Packaging.PackageUriHandlingExtensions+MalformedUriHandlingPackage. The SDK returned an unexpected package type. Expected Package or MalformedUriHandlingPackage with accessible inner Package.
  Stack Trace:
     at OpenXmlPowerTools.OpenXmlPackageExtensions.GetPackage(OpenXmlPackage package) in J:\repos\knilecrack\Open-Xml-PowerTools\OpenXmlPowerTools\OxPtHelpers.cs:line 107
   at OpenXmlPowerTools.WmlComparer.AddToAnnotation(WordprocessingDocument wDocDelta, WordprocessingDocument consolidatedWDoc, XElement elementToInsertAfter, ConsolidationInfo consolidationInfo, WmlComparerSettings settings) in J:\repos\knilecrack\Open-Xml-PowerTools\OpenXmlPowerTools\WmlComparer.cs:line 1343
   at OpenXmlPowerTools.WmlComparer.Consolidate(WmlDocument original, List`1 revisedDocumentInfoList, WmlComparerSettings settings, WmlComparerConsolidateSettings consolidateSettings) in J:\repos\knilecrack\Open-Xml-PowerTools\OpenXmlPowerTools\WmlComparer.cs:line 750
   at OpenXmlPowerTools.WmlComparer.Consolidate(WmlDocument original, List`1 revisedDocumentInfoList, WmlComparerSettings settings) in J:\repos\knilecrack\Open-Xml-PowerTools\OpenXmlPowerTools\WmlComparer.cs:line 530
   at OxPt.WcTests.WC002_Consolidate_Bulk_Test(String testId, String name1, String name2) in J:\repos\knilecrack\Open-Xml-PowerTools\OpenXmlPowerTools.Tests\WmlComparerTests.cs:line 416
   at InvokeStub_WcTests.WC002_Consolidate_Bulk_Test(Object, Span`1)
   at System.Reflection.MethodBaseInvoker.InvokeWithFewArgs(Object obj, BindingFlags invokeAttr, Binder binder, Object[] parameters, CultureInfo culture)
  Failed OxPt.WcTests.WC002_Consolidate_Bulk_Test(testId: "WCB-1150", name1: "WC/WC006-Table-Delete-Row.docx", name2: "WC/WC006-Table.docx") [67 ms]
  Error Message:
   System.InvalidOperationException : Unable to extract Package from DocumentFormat.OpenXml.Packaging.PackageUriHandlingExtensions+MalformedUriHandlingPackage. The SDK returned an unexpected package type. Expected Package or MalformedUriHandlingPackage with accessible inner Package.
  Stack Trace:
     at OpenXmlPowerTools.OpenXmlPackageExtensions.GetPackage(OpenXmlPackage package) in J:\repos\knilecrack\Open-Xml-PowerTools\OpenXmlPowerTools\OxPtHelpers.cs:line 107
   at OpenXmlPowerTools.WmlComparer.AddToAnnotation(WordprocessingDocument wDocDelta, WordprocessingDocument consolidatedWDoc, XElement elementToInsertAfter, ConsolidationInfo consolidationInfo, WmlComparerSettings settings) in J:\repos\knilecrack\Open-Xml-PowerTools\OpenXmlPowerTools\WmlComparer.cs:line 1343
   at OpenXmlPowerTools.WmlComparer.Consolidate(WmlDocument original, List`1 revisedDocumentInfoList, WmlComparerSettings settings, WmlComparerConsolidateSettings consolidateSettings) in J:\repos\knilecrack\Open-Xml-PowerTools\OpenXmlPowerTools\WmlComparer.cs:line 750
   at OpenXmlPowerTools.WmlComparer.Consolidate(WmlDocument original, List`1 revisedDocumentInfoList, WmlComparerSettings settings) in J:\repos\knilecrack\Open-Xml-PowerTools\OpenXmlPowerTools\WmlComparer.cs:line 530
   at OxPt.WcTests.WC002_Consolidate_Bulk_Test(String testId, String name1, String name2) in J:\repos\knilecrack\Open-Xml-PowerTools\OpenXmlPowerTools.Tests\WmlComparerTests.cs:line 416
   at InvokeStub_WcTests.WC002_Consolidate_Bulk_Test(Object, Span`1)
   at System.Reflection.MethodBaseInvoker.InvokeWithFewArgs(Object obj, BindingFlags invokeAttr, Binder binder, Object[] parameters, CultureInfo culture)
  Passed OxPt.DbTests.WithGlossaryDocuments(testId: "DB100-00070", baseline: "DB/GlossaryDocuments/ContentControlEnglishProofing"···, src1: "DB/GlossaryDocuments/BaseDocument.docx,0,4", src2: "DB/GlossaryDocuments/ContentControlEnglishProofing"···, src3: "DB/GlossaryDocuments/BaseDocument.docx,4", src4: null, src5: null, src6: null) [494 ms]
  Failed OxPt.WcTests.WC002_Consolidate_Bulk_Test(testId: "WCB-1160", name1: "WC/WC006-Table.docx", name2: "WC/WC006-Table-Delete-Contests-of-Row.docx") [84 ms]
  Error Message:
   System.InvalidOperationException : Unable to extract Package from DocumentFormat.OpenXml.Packaging.PackageUriHandlingExtensions+MalformedUriHandlingPackage. The SDK returned an unexpected package type. Expected Package or MalformedUriHandlingPackage with accessible inner Package.
  Stack Trace:
     at OpenXmlPowerTools.OpenXmlPackageExtensions.GetPackage(OpenXmlPackage package) in J:\repos\knilecrack\Open-Xml-PowerTools\OpenXmlPowerTools\OxPtHelpers.cs:line 107
   at OpenXmlPowerTools.WmlComparer.AddToAnnotation(WordprocessingDocument wDocDelta, WordprocessingDocument consolidatedWDoc, XElement elementToInsertAfter, ConsolidationInfo consolidationInfo, WmlComparerSettings settings) in J:\repos\knilecrack\Open-Xml-PowerTools\OpenXmlPowerTools\WmlComparer.cs:line 1343
   at OpenXmlPowerTools.WmlComparer.Consolidate(WmlDocument original, List`1 revisedDocumentInfoList, WmlComparerSettings settings, WmlComparerConsolidateSettings consolidateSettings) in J:\repos\knilecrack\Open-Xml-PowerTools\OpenXmlPowerTools\WmlComparer.cs:line 750
   at OpenXmlPowerTools.WmlComparer.Consolidate(WmlDocument original, List`1 revisedDocumentInfoList, WmlComparerSettings settings) in J:\repos\knilecrack\Open-Xml-PowerTools\OpenXmlPowerTools\WmlComparer.cs:line 530
   at OxPt.WcTests.WC002_Consolidate_Bulk_Test(String testId, String name1, String name2) in J:\repos\knilecrack\Open-Xml-PowerTools\OpenXmlPowerTools.Tests\WmlComparerTests.cs:line 416
   at InvokeStub_WcTests.WC002_Consolidate_Bulk_Test(Object, Span`1)
   at System.Reflection.MethodBaseInvoker.InvokeWithFewArgs(Object obj, BindingFlags invokeAttr, Binder binder, Object[] parameters, CultureInfo culture)
  Failed OxPt.WcTests.WC002_Consolidate_Bulk_Test(testId: "WCB-1510", name1: "WC/WC030-Image-Math-Before.docx", name2: "WC/WC030-Image-Math-After.docx") [37 ms]
  Error Message:
   System.InvalidOperationException : Unable to extract Package from DocumentFormat.OpenXml.Packaging.PackageUriHandlingExtensions+MalformedUriHandlingPackage. The SDK returned an unexpected package type. Expected Package or MalformedUriHandlingPackage with accessible inner Package.
  Stack Trace:
     at OpenXmlPowerTools.OpenXmlPackageExtensions.GetPackage(OpenXmlPackage package) in J:\repos\knilecrack\Open-Xml-PowerTools\OpenXmlPowerTools\OxPtHelpers.cs:line 107
   at OpenXmlPowerTools.WmlComparer.<>c__DisplayClass69_5.<CoalesceRecurse>b__17(ComparisonUnitAtom gce) in J:\repos\knilecrack\Open-Xml-PowerTools\OpenXmlPowerTools\WmlComparer.cs:line 4610
   at System.Linq.Enumerable.IEnumerableSelectIterator`2.MoveNext()
   at System.Xml.Linq.XContainer.AddContentSkipNotify(Object content)
   at System.Xml.Linq.XContainer.AddContentSkipNotify(Object content)
   at System.Xml.Linq.XContainer.AddContentSkipNotify(Object content)
   at System.Xml.Linq.XContainer.AddContentSkipNotify(Object content)
   at System.Xml.Linq.XContainer.AddContentSkipNotify(Object content)
   at System.Xml.Linq.XContainer.AddContentSkipNotify(Object content)
   at OpenXmlPowerTools.WmlComparer.<>c__DisplayClass69_0.<CoalesceRecurse>b__2(IGrouping`2 g) in J:\repos\knilecrack\Open-Xml-PowerTools\OpenXmlPowerTools\WmlComparer.cs:line 4558
   at System.Linq.Enumerable.IEnumerableWhereSelectIterator`2.ToList()
   at OpenXmlPowerTools.WmlComparer.CoalesceRecurse(OpenXmlPart part, IEnumerable`1 list, Int32 level, WmlComparerSettings settings) in J:\repos\knilecrack\Open-Xml-PowerTools\OpenXmlPowerTools\WmlComparer.cs:line 4481
   at OpenXmlPowerTools.WmlComparer.<>c__DisplayClass69_0.<CoalesceRecurse>b__5(IGrouping`2 gc) in J:\repos\knilecrack\Open-Xml-PowerTools\OpenXmlPowerTools\WmlComparer.cs:line 4521
   at System.Linq.Enumerable.ListSelectIterator`2.ToList()
   at OpenXmlPowerTools.WmlComparer.<>c__DisplayClass69_0.<CoalesceRecurse>b__2(IGrouping`2 g) in J:\repos\knilecrack\Open-Xml-PowerTools\OpenXmlPowerTools\WmlComparer.cs:line 4505
   at System.Linq.Enumerable.IEnumerableWhereSelectIterator`2.ToList()
   at OpenXmlPowerTools.WmlComparer.CoalesceRecurse(OpenXmlPart part, IEnumerable`1 list, Int32 level, WmlComparerSettings settings) in J:\repos\knilecrack\Open-Xml-PowerTools\OpenXmlPowerTools\WmlComparer.cs:line 4481
   at OpenXmlPowerTools.WmlComparer.ProduceNewWmlMarkupFromCorrelatedSequence(OpenXmlPart part, IEnumerable`1 comparisonUnitAtomList, WmlComparerSettings settings) in J:\repos\knilecrack\Open-Xml-PowerTools\OpenXmlPowerTools\WmlComparer.cs:line 4328
   at OpenXmlPowerTools.WmlComparer.ProduceDocumentWithTrackedRevisions(WmlComparerSettings settings, WmlDocument wmlResult, WordprocessingDocument wDoc1, WordprocessingDocument wDoc2) in J:\repos\knilecrack\Open-Xml-PowerTools\OpenXmlPowerTools\WmlComparer.cs:line 1686
   at OpenXmlPowerTools.WmlComparer.CompareInternal(WmlDocument source1, WmlDocument source2, WmlComparerSettings settings, Boolean preProcessMarkupInOriginal) in J:\repos\knilecrack\Open-Xml-PowerTools\OpenXmlPowerTools\WmlComparer.cs:line 213
   at OpenXmlPowerTools.WmlComparer.Compare(WmlDocument source1, WmlDocument source2, WmlComparerSettings settings) in J:\repos\knilecrack\Open-Xml-PowerTools\OpenXmlPowerTools\WmlComparer.cs:line 94
   at OxPt.WcTests.WC002_Consolidate_Bulk_Test(String testId, String name1, String name2) in J:\repos\knilecrack\Open-Xml-PowerTools\OpenXmlPowerTools.Tests\WmlComparerTests.cs:line 404
   at InvokeStub_WcTests.WC002_Consolidate_Bulk_Test(Object, Span`1)
   at System.Reflection.MethodBaseInvoker.InvokeWithFewArgs(Object obj, BindingFlags invokeAttr, Binder binder, Object[] parameters, CultureInfo culture)
  Failed OxPt.WcTests.WC002_Consolidate_Bulk_Test(testId: "WCB-1310", name1: "WC/WC015-Three-Paragraphs.docx", name2: "WC/WC015-Three-Paragraphs-After.docx") [66 ms]
  Error Message:
   System.InvalidOperationException : Unable to extract Package from DocumentFormat.OpenXml.Packaging.PackageUriHandlingExtensions+MalformedUriHandlingPackage. The SDK returned an unexpected package type. Expected Package or MalformedUriHandlingPackage with accessible inner Package.
  Stack Trace:
     at OpenXmlPowerTools.OpenXmlPackageExtensions.GetPackage(OpenXmlPackage package) in J:\repos\knilecrack\Open-Xml-PowerTools\OpenXmlPowerTools\OxPtHelpers.cs:line 107
   at OpenXmlPowerTools.WmlComparer.AddToAnnotation(WordprocessingDocument wDocDelta, WordprocessingDocument consolidatedWDoc, XElement elementToInsertAfter, ConsolidationInfo consolidationInfo, WmlComparerSettings settings) in J:\repos\knilecrack\Open-Xml-PowerTools\OpenXmlPowerTools\WmlComparer.cs:line 1343
   at OpenXmlPowerTools.WmlComparer.Consolidate(WmlDocument original, List`1 revisedDocumentInfoList, WmlComparerSettings settings, WmlComparerConsolidateSettings consolidateSettings) in J:\repos\knilecrack\Open-Xml-PowerTools\OpenXmlPowerTools\WmlComparer.cs:line 750
   at OpenXmlPowerTools.WmlComparer.Consolidate(WmlDocument original, List`1 revisedDocumentInfoList, WmlComparerSettings settings) in J:\repos\knilecrack\Open-Xml-PowerTools\OpenXmlPowerTools\WmlComparer.cs:line 530
   at OxPt.WcTests.WC002_Consolidate_Bulk_Test(String testId, String name1, String name2) in J:\repos\knilecrack\Open-Xml-PowerTools\OpenXmlPowerTools.Tests\WmlComparerTests.cs:line 416
   at InvokeStub_WcTests.WC002_Consolidate_Bulk_Test(Object, Span`1)
   at System.Reflection.MethodBaseInvoker.InvokeWithFewArgs(Object obj, BindingFlags invokeAttr, Binder binder, Object[] parameters, CultureInfo culture)
  Passed OxPt.DbTests.WithGlossaryDocuments(testId: "DB100-00050", baseline: "DB/GlossaryDocuments/RowLevelContentControl-built."···, src1: "DB/GlossaryDocuments/BaseDocument.docx,0,4", src2: "DB/GlossaryDocuments/RowLevelContentControl.docx", src3: "DB/GlossaryDocuments/BaseDocument.docx,4", src4: null, src5: null, src6: null) [159 ms]
  Failed OxPt.WcTests.WC002_Consolidate_Bulk_Test(testId: "WCB-1260", name1: "WC/WC013-Image-Before2.docx", name2: "WC/WC013-Image-After2.docx") [113 ms]
  Error Message:
   System.InvalidOperationException : Unable to extract Package from DocumentFormat.OpenXml.Packaging.PackageUriHandlingExtensions+MalformedUriHandlingPackage. The SDK returned an unexpected package type. Expected Package or MalformedUriHandlingPackage with accessible inner Package.
  Stack Trace:
     at OpenXmlPowerTools.OpenXmlPackageExtensions.GetPackage(OpenXmlPackage package) in J:\repos\knilecrack\Open-Xml-PowerTools\OpenXmlPowerTools\OxPtHelpers.cs:line 107
   at OpenXmlPowerTools.WmlComparer.AddToAnnotation(WordprocessingDocument wDocDelta, WordprocessingDocument consolidatedWDoc, XElement elementToInsertAfter, ConsolidationInfo consolidationInfo, WmlComparerSettings settings) in J:\repos\knilecrack\Open-Xml-PowerTools\OpenXmlPowerTools\WmlComparer.cs:line 1343
   at OpenXmlPowerTools.WmlComparer.Consolidate(WmlDocument original, List`1 revisedDocumentInfoList, WmlComparerSettings settings, WmlComparerConsolidateSettings consolidateSettings) in J:\repos\knilecrack\Open-Xml-PowerTools\OpenXmlPowerTools\WmlComparer.cs:line 750
   at OpenXmlPowerTools.WmlComparer.Consolidate(WmlDocument original, List`1 revisedDocumentInfoList, WmlComparerSettings settings) in J:\repos\knilecrack\Open-Xml-PowerTools\OpenXmlPowerTools\WmlComparer.cs:line 530
   at OxPt.WcTests.WC002_Consolidate_Bulk_Test(String testId, String name1, String name2) in J:\repos\knilecrack\Open-Xml-PowerTools\OpenXmlPowerTools.Tests\WmlComparerTests.cs:line 416
   at InvokeStub_WcTests.WC002_Consolidate_Bulk_Test(Object, Span`1)
   at System.Reflection.MethodBaseInvoker.InvokeWithFewArgs(Object obj, BindingFlags invokeAttr, Binder binder, Object[] parameters, CultureInfo culture)
[xUnit.net 00:00:25.33]       System.InvalidOperationException : Unable to extract Package from DocumentFormat.OpenXml.Packaging.PackageUriHandlingExtensions+MalformedUriHandlingPackage. The SDK returned an unexpected package type. Expected Package or MalformedUriHandlingPackage with accessible inner Package.
[xUnit.net 00:00:25.33]       Stack Trace:
[xUnit.net 00:00:25.33]         J:\repos\knilecrack\Open-Xml-PowerTools\OpenXmlPowerTools\OxPtHelpers.cs(107,0): at OpenXmlPowerTools.OpenXmlPackageExtensions.GetPackage(OpenXmlPackage package)
[xUnit.net 00:00:25.33]         J:\repos\knilecrack\Open-Xml-PowerTools\OpenXmlPowerTools\WmlComparer.cs(4610,0): at OpenXmlPowerTools.WmlComparer.<>c__DisplayClass69_5.<CoalesceRecurse>b__17(ComparisonUnitAtom gce)
[xUnit.net 00:00:25.33]            at System.Linq.Enumerable.IEnumerableSelectIterator`2.MoveNext()
[xUnit.net 00:00:25.33]            at System.Xml.Linq.XContainer.AddContentSkipNotify(Object content)
[xUnit.net 00:00:25.33]            at System.Xml.Linq.XContainer.AddContentSkipNotify(Object content)
[xUnit.net 00:00:25.33]            at System.Xml.Linq.XContainer.AddContentSkipNotify(Object content)
[xUnit.net 00:00:25.33]            at System.Xml.Linq.XContainer.AddContentSkipNotify(Object content)
[xUnit.net 00:00:25.33]            at System.Xml.Linq.XContainer.AddContentSkipNotify(Object content)
[xUnit.net 00:00:25.33]            at System.Xml.Linq.XContainer.AddContentSkipNotify(Object content)
[xUnit.net 00:00:25.33]         J:\repos\knilecrack\Open-Xml-PowerTools\OpenXmlPowerTools\WmlComparer.cs(4558,0): at OpenXmlPowerTools.WmlComparer.<>c__DisplayClass69_0.<CoalesceRecurse>b__2(IGrouping`2 g)
[xUnit.net 00:00:25.33]            at System.Linq.Enumerable.IEnumerableWhereSelectIterator`2.ToList()
[xUnit.net 00:00:25.33]         J:\repos\knilecrack\Open-Xml-PowerTools\OpenXmlPowerTools\WmlComparer.cs(4481,0): at OpenXmlPowerTools.WmlComparer.CoalesceRecurse(OpenXmlPart part, IEnumerable`1 list, Int32 level, WmlComparerSettings settings)
[xUnit.net 00:00:25.33]         J:\repos\knilecrack\Open-Xml-PowerTools\OpenXmlPowerTools\WmlComparer.cs(4521,0): at OpenXmlPowerTools.WmlComparer.<>c__DisplayClass69_0.<CoalesceRecurse>b__5(IGrouping`2 gc)
[xUnit.net 00:00:25.33]            at System.Linq.Enumerable.ListSelectIterator`2.ToList()
[xUnit.net 00:00:25.33]         J:\repos\knilecrack\Open-Xml-PowerTools\OpenXmlPowerTools\WmlComparer.cs(4505,0): at OpenXmlPowerTools.WmlComparer.<>c__DisplayClass69_0.<CoalesceRecurse>b__2(IGrouping`2 g)
[xUnit.net 00:00:25.33]            at System.Linq.Enumerable.IEnumerableWhereSelectIterator`2.ToList()
[xUnit.net 00:00:25.33]         J:\repos\knilecrack\Open-Xml-PowerTools\OpenXmlPowerTools\WmlComparer.cs(4481,0): at OpenXmlPowerTools.WmlComparer.CoalesceRecurse(OpenXmlPart part, IEnumerable`1 list, Int32 level, WmlComparerSettings settings)
[xUnit.net 00:00:25.33]         J:\repos\knilecrack\Open-Xml-PowerTools\OpenXmlPowerTools\WmlComparer.cs(4328,0): at OpenXmlPowerTools.WmlComparer.ProduceNewWmlMarkupFromCorrelatedSequence(OpenXmlPart part, IEnumerable`1 comparisonUnitAtomList, WmlComparerSettings settings)
[xUnit.net 00:00:25.33]         J:\repos\knilecrack\Open-Xml-PowerTools\OpenXmlPowerTools\WmlComparer.cs(1686,0): at OpenXmlPowerTools.WmlComparer.ProduceDocumentWithTrackedRevisions(WmlComparerSettings settings, WmlDocument wmlResult, WordprocessingDocument wDoc1, WordprocessingDocument wDoc2)
[xUnit.net 00:00:25.33]         J:\repos\knilecrack\Open-Xml-PowerTools\OpenXmlPowerTools\WmlComparer.cs(213,0): at OpenXmlPowerTools.WmlComparer.CompareInternal(WmlDocument source1, WmlDocument source2, WmlComparerSettings settings, Boolean preProcessMarkupInOriginal)
[xUnit.net 00:00:25.33]         J:\repos\knilecrack\Open-Xml-PowerTools\OpenXmlPowerTools\WmlComparer.cs(94,0): at OpenXmlPowerTools.WmlComparer.Compare(WmlDocument source1, WmlDocument source2, WmlComparerSettings settings)
[xUnit.net 00:00:25.33]         J:\repos\knilecrack\Open-Xml-PowerTools\OpenXmlPowerTools.Tests\WmlComparerTests.cs(404,0): at OxPt.WcTests.WC002_Consolidate_Bulk_Test(String testId, String name1, String name2)
[xUnit.net 00:00:25.33]            at InvokeStub_WcTests.WC002_Consolidate_Bulk_Test(Object, Span`1)
[xUnit.net 00:00:25.33]            at System.Reflection.MethodBaseInvoker.InvokeWithFewArgs(Object obj, BindingFlags invokeAttr, Binder binder, Object[] parameters, CultureInfo culture)
[xUnit.net 00:00:25.40]       System.InvalidOperationException : Unable to extract Package from DocumentFormat.OpenXml.Packaging.PackageUriHandlingExtensions+MalformedUriHandlingPackage. The SDK returned an unexpected package type. Expected Package or MalformedUriHandlingPackage with accessible inner Package.
[xUnit.net 00:00:25.40]       Stack Trace:
[xUnit.net 00:00:25.40]         J:\repos\knilecrack\Open-Xml-PowerTools\OpenXmlPowerTools\OxPtHelpers.cs(107,0): at OpenXmlPowerTools.OpenXmlPackageExtensions.GetPackage(OpenXmlPackage package)
[xUnit.net 00:00:25.40]         J:\repos\knilecrack\Open-Xml-PowerTools\OpenXmlPowerTools\WmlComparer.cs(1343,0): at OpenXmlPowerTools.WmlComparer.AddToAnnotation(WordprocessingDocument wDocDelta, WordprocessingDocument consolidatedWDoc, XElement elementToInsertAfter, ConsolidationInfo consolidationInfo, WmlComparerSettings settings)
[xUnit.net 00:00:25.40]         J:\repos\knilecrack\Open-Xml-PowerTools\OpenXmlPowerTools\WmlComparer.cs(750,0): at OpenXmlPowerTools.WmlComparer.Consolidate(WmlDocument original, List`1 revisedDocumentInfoList, WmlComparerSettings settings, WmlComparerConsolidateSettings consolidateSettings)
[xUnit.net 00:00:25.40]         J:\repos\knilecrack\Open-Xml-PowerTools\OpenXmlPowerTools\WmlComparer.cs(530,0): at OpenXmlPowerTools.WmlComparer.Consolidate(WmlDocument original, List`1 revisedDocumentInfoList, WmlComparerSettings settings)
[xUnit.net 00:00:25.40]         J:\repos\knilecrack\Open-Xml-PowerTools\OpenXmlPowerTools.Tests\WmlComparerTests.cs(416,0): at OxPt.WcTests.WC002_Consolidate_Bulk_Test(String testId, String name1, String name2)
[xUnit.net 00:00:25.40]            at InvokeStub_WcTests.WC002_Consolidate_Bulk_Test(Object, Span`1)
[xUnit.net 00:00:25.40]            at System.Reflection.MethodBaseInvoker.InvokeWithFewArgs(Object obj, BindingFlags invokeAttr, Binder binder, Object[] parameters, CultureInfo culture)
[xUnit.net 00:00:25.48]       OpenXmlPowerTools.OpenXmlPowerToolsException : Internal error
[xUnit.net 00:00:25.48]       Stack Trace:
[xUnit.net 00:00:25.48]         J:\repos\knilecrack\Open-Xml-PowerTools\OpenXmlPowerTools\WmlComparer.cs(2986,0): at OpenXmlPowerTools.WmlComparer.<>c.<AssembleAncestorUnidsInOrderToRebuildXmlTreeProperly>b__44_4(XElement ae)
[xUnit.net 00:00:25.48]            at System.Linq.Enumerable.ArraySelectIterator`2.ToArray()
[xUnit.net 00:00:25.48]         J:\repos\knilecrack\Open-Xml-PowerTools\OpenXmlPowerTools\WmlComparer.cs(2980,0): at OpenXmlPowerTools.WmlComparer.AssembleAncestorUnidsInOrderToRebuildXmlTreeProperly(List`1 comparisonUnitAtomList)
[xUnit.net 00:00:25.48]         J:\repos\knilecrack\Open-Xml-PowerTools\OpenXmlPowerTools\WmlComparer.cs(2549,0): at OpenXmlPowerTools.WmlComparer.ProcessFootnoteEndnote(WmlComparerSettings settings, List`1 listOfComparisonUnitAtoms, MainDocumentPart mainDocumentPartBefore, MainDocumentPart mainDocumentPartAfter, XDocument mainDocumentXDoc)
[xUnit.net 00:00:25.48]         J:\repos\knilecrack\Open-Xml-PowerTools\OpenXmlPowerTools\WmlComparer.cs(1698,0): at OpenXmlPowerTools.WmlComparer.ProduceDocumentWithTrackedRevisions(WmlComparerSettings settings, WmlDocument wmlResult, WordprocessingDocument wDoc1, WordprocessingDocument wDoc2)
[xUnit.net 00:00:25.48]         J:\repos\knilecrack\Open-Xml-PowerTools\OpenXmlPowerTools\WmlComparer.cs(213,0): at OpenXmlPowerTools.WmlComparer.CompareInternal(WmlDocument source1, WmlDocument source2, WmlComparerSettings settings, Boolean preProcessMarkupInOriginal)
[xUnit.net 00:00:25.48]         J:\repos\knilecrack\Open-Xml-PowerTools\OpenXmlPowerTools\WmlComparer.cs(94,0): at OpenXmlPowerTools.WmlComparer.Compare(WmlDocument source1, WmlDocument source2, WmlComparerSettings settings)
[xUnit.net 00:00:25.48]         J:\repos\knilecrack\Open-Xml-PowerTools\OpenXmlPowerTools.Tests\WmlComparerTests.cs(404,0): at OxPt.WcTests.WC002_Consolidate_Bulk_Test(String testId, String name1, String name2)
[xUnit.net 00:00:25.48]            at InvokeStub_WcTests.WC002_Consolidate_Bulk_Test(Object, Span`1)
[xUnit.net 00:00:25.48]            at System.Reflection.MethodBaseInvoker.InvokeWithFewArgs(Object obj, BindingFlags invokeAttr, Binder binder, Object[] parameters, CultureInfo culture)
[xUnit.net 00:00:25.55]       System.InvalidOperationException : Unable to extract Package from DocumentFormat.OpenXml.Packaging.PackageUriHandlingExtensions+MalformedUriHandlingPackage. The SDK returned an unexpected package type. Expected Package or MalformedUriHandlingPackage with accessible inner Package.
[xUnit.net 00:00:25.56]       Stack Trace:
[xUnit.net 00:00:25.56]         J:\repos\knilecrack\Open-Xml-PowerTools\OpenXmlPowerTools\OxPtHelpers.cs(107,0): at OpenXmlPowerTools.OpenXmlPackageExtensions.GetPackage(OpenXmlPackage package)
[xUnit.net 00:00:25.56]         J:\repos\knilecrack\Open-Xml-PowerTools\OpenXmlPowerTools\WmlComparer.cs(1343,0): at OpenXmlPowerTools.WmlComparer.AddToAnnotation(WordprocessingDocument wDocDelta, WordprocessingDocument consolidatedWDoc, XElement elementToInsertAfter, ConsolidationInfo consolidationInfo, WmlComparerSettings settings)
[xUnit.net 00:00:25.56]         J:\repos\knilecrack\Open-Xml-PowerTools\OpenXmlPowerTools\WmlComparer.cs(750,0): at OpenXmlPowerTools.WmlComparer.Consolidate(WmlDocument original, List`1 revisedDocumentInfoList, WmlComparerSettings settings, WmlComparerConsolidateSettings consolidateSettings)
[xUnit.net 00:00:25.56]         J:\repos\knilecrack\Open-Xml-PowerTools\OpenXmlPowerTools\WmlComparer.cs(530,0): at OpenXmlPowerTools.WmlComparer.Consolidate(WmlDocument original, List`1 revisedDocumentInfoList, WmlComparerSettings settings)
[xUnit.net 00:00:25.56]         J:\repos\knilecrack\Open-Xml-PowerTools\OpenXmlPowerTools.Tests\WmlComparerTests.cs(416,0): at OxPt.WcTests.WC002_Consolidate_Bulk_Test(String testId, String name1, String name2)
[xUnit.net 00:00:25.56]            at InvokeStub_WcTests.WC002_Consolidate_Bulk_Test(Object, Span`1)
[xUnit.net 00:00:25.56]            at System.Reflection.MethodBaseInvoker.InvokeWithFewArgs(Object obj, BindingFlags invokeAttr, Binder binder, Object[] parameters, CultureInfo culture)
[xUnit.net 00:00:25.61]       System.InvalidOperationException : Unable to extract Package from DocumentFormat.OpenXml.Packaging.PackageUriHandlingExtensions+MalformedUriHandlingPackage. The SDK returned an unexpected package type. Expected Package or MalformedUriHandlingPackage with accessible inner Package.
[xUnit.net 00:00:25.61]       Stack Trace:
[xUnit.net 00:00:25.61]         J:\repos\knilecrack\Open-Xml-PowerTools\OpenXmlPowerTools\OxPtHelpers.cs(107,0): at OpenXmlPowerTools.OpenXmlPackageExtensions.GetPackage(OpenXmlPackage package)
[xUnit.net 00:00:25.61]         J:\repos\knilecrack\Open-Xml-PowerTools\OpenXmlPowerTools\WmlComparer.cs(1343,0): at OpenXmlPowerTools.WmlComparer.AddToAnnotation(WordprocessingDocument wDocDelta, WordprocessingDocument consolidatedWDoc, XElement elementToInsertAfter, ConsolidationInfo consolidationInfo, WmlComparerSettings settings)
[xUnit.net 00:00:25.61]         J:\repos\knilecrack\Open-Xml-PowerTools\OpenXmlPowerTools\WmlComparer.cs(750,0): at OpenXmlPowerTools.WmlComparer.Consolidate(WmlDocument original, List`1 revisedDocumentInfoList, WmlComparerSettings settings, WmlComparerConsolidateSettings consolidateSettings)
[xUnit.net 00:00:25.61]         J:\repos\knilecrack\Open-Xml-PowerTools\OpenXmlPowerTools\WmlComparer.cs(530,0): at OpenXmlPowerTools.WmlComparer.Consolidate(WmlDocument original, List`1 revisedDocumentInfoList, WmlComparerSettings settings)
[xUnit.net 00:00:25.61]         J:\repos\knilecrack\Open-Xml-PowerTools\OpenXmlPowerTools.Tests\WmlComparerTests.cs(416,0): at OxPt.WcTests.WC002_Consolidate_Bulk_Test(String testId, String name1, String name2)
[xUnit.net 00:00:25.61]            at InvokeStub_WcTests.WC002_Consolidate_Bulk_Test(Object, Span`1)
[xUnit.net 00:00:25.61]            at System.Reflection.MethodBaseInvoker.InvokeWithFewArgs(Object obj, BindingFlags invokeAttr, Binder binder, Object[] parameters, CultureInfo culture)
[xUnit.net 00:00:25.72]       System.InvalidOperationException : Unable to extract Package from DocumentFormat.OpenXml.Packaging.PackageUriHandlingExtensions+MalformedUriHandlingPackage. The SDK returned an unexpected package type. Expected Package or MalformedUriHandlingPackage with accessible inner Package.
[xUnit.net 00:00:25.72]       Stack Trace:
[xUnit.net 00:00:25.72]         J:\repos\knilecrack\Open-Xml-PowerTools\OpenXmlPowerTools\OxPtHelpers.cs(107,0): at OpenXmlPowerTools.OpenXmlPackageExtensions.GetPackage(OpenXmlPackage package)
[xUnit.net 00:00:25.72]         J:\repos\knilecrack\Open-Xml-PowerTools\OpenXmlPowerTools\WmlComparer.cs(1343,0): at OpenXmlPowerTools.WmlComparer.AddToAnnotation(WordprocessingDocument wDocDelta, WordprocessingDocument consolidatedWDoc, XElement elementToInsertAfter, ConsolidationInfo consolidationInfo, WmlComparerSettings settings)
[xUnit.net 00:00:25.72]         J:\repos\knilecrack\Open-Xml-PowerTools\OpenXmlPowerTools\WmlComparer.cs(750,0): at OpenXmlPowerTools.WmlComparer.Consolidate(WmlDocument original, List`1 revisedDocumentInfoList, WmlComparerSettings settings, WmlComparerConsolidateSettings consolidateSettings)
[xUnit.net 00:00:25.72]         J:\repos\knilecrack\Open-Xml-PowerTools\OpenXmlPowerTools\WmlComparer.cs(530,0): at OpenXmlPowerTools.WmlComparer.Consolidate(WmlDocument original, List`1 revisedDocumentInfoList, WmlComparerSettings settings)
[xUnit.net 00:00:25.72]         J:\repos\knilecrack\Open-Xml-PowerTools\OpenXmlPowerTools.Tests\WmlComparerTests.cs(416,0): at OxPt.WcTests.WC002_Consolidate_Bulk_Test(String testId, String name1, String name2)
[xUnit.net 00:00:25.72]            at InvokeStub_WcTests.WC002_Consolidate_Bulk_Test(Object, Span`1)
[xUnit.net 00:00:25.72]            at System.Reflection.MethodBaseInvoker.InvokeWithFewArgs(Object obj, BindingFlags invokeAttr, Binder binder, Object[] parameters, CultureInfo culture)
  Failed OxPt.WcTests.WC002_Consolidate_Bulk_Test(testId: "WCB-1320", name1: "WC/WC016-Para-Image-Para.docx", name2: "WC/WC016-Para-Image-Para-w-Deleted-Image.docx") [43 ms]
  Error Message:
   System.InvalidOperationException : Unable to extract Package from DocumentFormat.OpenXml.Packaging.PackageUriHandlingExtensions+MalformedUriHandlingPackage. The SDK returned an unexpected package type. Expected Package or MalformedUriHandlingPackage with accessible inner Package.
  Stack Trace:
     at OpenXmlPowerTools.OpenXmlPackageExtensions.GetPackage(OpenXmlPackage package) in J:\repos\knilecrack\Open-Xml-PowerTools\OpenXmlPowerTools\OxPtHelpers.cs:line 107
   at OpenXmlPowerTools.WmlComparer.<>c__DisplayClass69_5.<CoalesceRecurse>b__17(ComparisonUnitAtom gce) in J:\repos\knilecrack\Open-Xml-PowerTools\OpenXmlPowerTools\WmlComparer.cs:line 4610
   at System.Linq.Enumerable.IEnumerableSelectIterator`2.MoveNext()
   at System.Xml.Linq.XContainer.AddContentSkipNotify(Object content)
   at System.Xml.Linq.XContainer.AddContentSkipNotify(Object content)
   at System.Xml.Linq.XContainer.AddContentSkipNotify(Object content)
   at System.Xml.Linq.XContainer.AddContentSkipNotify(Object content)
   at System.Xml.Linq.XContainer.AddContentSkipNotify(Object content)
   at System.Xml.Linq.XContainer.AddContentSkipNotify(Object content)
   at OpenXmlPowerTools.WmlComparer.<>c__DisplayClass69_0.<CoalesceRecurse>b__2(IGrouping`2 g) in J:\repos\knilecrack\Open-Xml-PowerTools\OpenXmlPowerTools\WmlComparer.cs:line 4558
   at System.Linq.Enumerable.IEnumerableWhereSelectIterator`2.ToList()
   at OpenXmlPowerTools.WmlComparer.CoalesceRecurse(OpenXmlPart part, IEnumerable`1 list, Int32 level, WmlComparerSettings settings) in J:\repos\knilecrack\Open-Xml-PowerTools\OpenXmlPowerTools\WmlComparer.cs:line 4481
   at OpenXmlPowerTools.WmlComparer.<>c__DisplayClass69_0.<CoalesceRecurse>b__5(IGrouping`2 gc) in J:\repos\knilecrack\Open-Xml-PowerTools\OpenXmlPowerTools\WmlComparer.cs:line 4521
   at System.Linq.Enumerable.ListSelectIterator`2.ToList()
   at OpenXmlPowerTools.WmlComparer.<>c__DisplayClass69_0.<CoalesceRecurse>b__2(IGrouping`2 g) in J:\repos\knilecrack\Open-Xml-PowerTools\OpenXmlPowerTools\WmlComparer.cs:line 4505
   at System.Linq.Enumerable.IEnumerableWhereSelectIterator`2.ToList()
   at OpenXmlPowerTools.WmlComparer.CoalesceRecurse(OpenXmlPart part, IEnumerable`1 list, Int32 level, WmlComparerSettings settings) in J:\repos\knilecrack\Open-Xml-PowerTools\OpenXmlPowerTools\WmlComparer.cs:line 4481
   at OpenXmlPowerTools.WmlComparer.ProduceNewWmlMarkupFromCorrelatedSequence(OpenXmlPart part, IEnumerable`1 comparisonUnitAtomList, WmlComparerSettings settings) in J:\repos\knilecrack\Open-Xml-PowerTools\OpenXmlPowerTools\WmlComparer.cs:line 4328
   at OpenXmlPowerTools.WmlComparer.ProduceDocumentWithTrackedRevisions(WmlComparerSettings settings, WmlDocument wmlResult, WordprocessingDocument wDoc1, WordprocessingDocument wDoc2) in J:\repos\knilecrack\Open-Xml-PowerTools\OpenXmlPowerTools\WmlComparer.cs:line 1686
   at OpenXmlPowerTools.WmlComparer.CompareInternal(WmlDocument source1, WmlDocument source2, WmlComparerSettings settings, Boolean preProcessMarkupInOriginal) in J:\repos\knilecrack\Open-Xml-PowerTools\OpenXmlPowerTools\WmlComparer.cs:line 213
   at OpenXmlPowerTools.WmlComparer.Compare(WmlDocument source1, WmlDocument source2, WmlComparerSettings settings) in J:\repos\knilecrack\Open-Xml-PowerTools\OpenXmlPowerTools\WmlComparer.cs:line 94
   at OxPt.WcTests.WC002_Consolidate_Bulk_Test(String testId, String name1, String name2) in J:\repos\knilecrack\Open-Xml-PowerTools\OpenXmlPowerTools.Tests\WmlComparerTests.cs:line 404
   at InvokeStub_WcTests.WC002_Consolidate_Bulk_Test(Object, Span`1)
   at System.Reflection.MethodBaseInvoker.InvokeWithFewArgs(Object obj, BindingFlags invokeAttr, Binder binder, Object[] parameters, CultureInfo culture)
  Failed OxPt.WcTests.WC002_Consolidate_Bulk_Test(testId: "WCB-1210", name1: "WC/WC010-Para-Before-Table-Unmodified.docx", name2: "WC/WC010-Para-Before-Table-Mod.docx") [68 ms]
  Error Message:
   System.InvalidOperationException : Unable to extract Package from DocumentFormat.OpenXml.Packaging.PackageUriHandlingExtensions+MalformedUriHandlingPackage. The SDK returned an unexpected package type. Expected Package or MalformedUriHandlingPackage with accessible inner Package.
  Stack Trace:
     at OpenXmlPowerTools.OpenXmlPackageExtensions.GetPackage(OpenXmlPackage package) in J:\repos\knilecrack\Open-Xml-PowerTools\OpenXmlPowerTools\OxPtHelpers.cs:line 107
   at OpenXmlPowerTools.WmlComparer.AddToAnnotation(WordprocessingDocument wDocDelta, WordprocessingDocument consolidatedWDoc, XElement elementToInsertAfter, ConsolidationInfo consolidationInfo, WmlComparerSettings settings) in J:\repos\knilecrack\Open-Xml-PowerTools\OpenXmlPowerTools\WmlComparer.cs:line 1343
   at OpenXmlPowerTools.WmlComparer.Consolidate(WmlDocument original, List`1 revisedDocumentInfoList, WmlComparerSettings settings, WmlComparerConsolidateSettings consolidateSettings) in J:\repos\knilecrack\Open-Xml-PowerTools\OpenXmlPowerTools\WmlComparer.cs:line 750
   at OpenXmlPowerTools.WmlComparer.Consolidate(WmlDocument original, List`1 revisedDocumentInfoList, WmlComparerSettings settings) in J:\repos\knilecrack\Open-Xml-PowerTools\OpenXmlPowerTools\WmlComparer.cs:line 530
   at OxPt.WcTests.WC002_Consolidate_Bulk_Test(String testId, String name1, String name2) in J:\repos\knilecrack\Open-Xml-PowerTools\OpenXmlPowerTools.Tests\WmlComparerTests.cs:line 416
   at InvokeStub_WcTests.WC002_Consolidate_Bulk_Test(Object, Span`1)
   at System.Reflection.MethodBaseInvoker.InvokeWithFewArgs(Object obj, BindingFlags invokeAttr, Binder binder, Object[] parameters, CultureInfo culture)
  Failed OxPt.WcTests.WC002_Consolidate_Bulk_Test(testId: "WCB-1680", name1: "WC/WC035-Endnote-Before.docx", name2: "WC/WC035-Endnote-After.docx") [78 ms]
  Error Message:
   OpenXmlPowerTools.OpenXmlPowerToolsException : Internal error
  Stack Trace:
     at OpenXmlPowerTools.WmlComparer.<>c.<AssembleAncestorUnidsInOrderToRebuildXmlTreeProperly>b__44_4(XElement ae) in J:\repos\knilecrack\Open-Xml-PowerTools\OpenXmlPowerTools\WmlComparer.cs:line 2986
   at System.Linq.Enumerable.ArraySelectIterator`2.ToArray()
   at OpenXmlPowerTools.WmlComparer.AssembleAncestorUnidsInOrderToRebuildXmlTreeProperly(List`1 comparisonUnitAtomList) in J:\repos\knilecrack\Open-Xml-PowerTools\OpenXmlPowerTools\WmlComparer.cs:line 2980
   at OpenXmlPowerTools.WmlComparer.ProcessFootnoteEndnote(WmlComparerSettings settings, List`1 listOfComparisonUnitAtoms, MainDocumentPart mainDocumentPartBefore, MainDocumentPart mainDocumentPartAfter, XDocument mainDocumentXDoc) in J:\repos\knilecrack\Open-Xml-PowerTools\OpenXmlPowerTools\WmlComparer.cs:line 2549
   at OpenXmlPowerTools.WmlComparer.ProduceDocumentWithTrackedRevisions(WmlComparerSettings settings, WmlDocument wmlResult, WordprocessingDocument wDoc1, WordprocessingDocument wDoc2) in J:\repos\knilecrack\Open-Xml-PowerTools\OpenXmlPowerTools\WmlComparer.cs:line 1698
   at OpenXmlPowerTools.WmlComparer.CompareInternal(WmlDocument source1, WmlDocument source2, WmlComparerSettings settings, Boolean preProcessMarkupInOriginal) in J:\repos\knilecrack\Open-Xml-PowerTools\OpenXmlPowerTools\WmlComparer.cs:line 213
   at OpenXmlPowerTools.WmlComparer.Compare(WmlDocument source1, WmlDocument source2, WmlComparerSettings settings) in J:\repos\knilecrack\Open-Xml-PowerTools\OpenXmlPowerTools\WmlComparer.cs:line 94
   at OxPt.WcTests.WC002_Consolidate_Bulk_Test(String testId, String name1, String name2) in J:\repos\knilecrack\Open-Xml-PowerTools\OpenXmlPowerTools.Tests\WmlComparerTests.cs:line 404
   at InvokeStub_WcTests.WC002_Consolidate_Bulk_Test(Object, Span`1)
   at System.Reflection.MethodBaseInvoker.InvokeWithFewArgs(Object obj, BindingFlags invokeAttr, Binder binder, Object[] parameters, CultureInfo culture)
  Failed OxPt.WcTests.WC002_Consolidate_Bulk_Test(testId: "WCB-1460", name1: "WC/WC025-Simple-Table-Before.docx", name2: "WC/WC025-Simple-Table-After.docx") [76 ms]
  Error Message:
   System.InvalidOperationException : Unable to extract Package from DocumentFormat.OpenXml.Packaging.PackageUriHandlingExtensions+MalformedUriHandlingPackage. The SDK returned an unexpected package type. Expected Package or MalformedUriHandlingPackage with accessible inner Package.
  Stack Trace:
     at OpenXmlPowerTools.OpenXmlPackageExtensions.GetPackage(OpenXmlPackage package) in J:\repos\knilecrack\Open-Xml-PowerTools\OpenXmlPowerTools\OxPtHelpers.cs:line 107
   at OpenXmlPowerTools.WmlComparer.AddToAnnotation(WordprocessingDocument wDocDelta, WordprocessingDocument consolidatedWDoc, XElement elementToInsertAfter, ConsolidationInfo consolidationInfo, WmlComparerSettings settings) in J:\repos\knilecrack\Open-Xml-PowerTools\OpenXmlPowerTools\WmlComparer.cs:line 1343
   at OpenXmlPowerTools.WmlComparer.Consolidate(WmlDocument original, List`1 revisedDocumentInfoList, WmlComparerSettings settings, WmlComparerConsolidateSettings consolidateSettings) in J:\repos\knilecrack\Open-Xml-PowerTools\OpenXmlPowerTools\WmlComparer.cs:line 750
   at OpenXmlPowerTools.WmlComparer.Consolidate(WmlDocument original, List`1 revisedDocumentInfoList, WmlComparerSettings settings) in J:\repos\knilecrack\Open-Xml-PowerTools\OpenXmlPowerTools\WmlComparer.cs:line 530
   at OxPt.WcTests.WC002_Consolidate_Bulk_Test(String testId, String name1, String name2) in J:\repos\knilecrack\Open-Xml-PowerTools\OpenXmlPowerTools.Tests\WmlComparerTests.cs:line 416
   at InvokeStub_WcTests.WC002_Consolidate_Bulk_Test(Object, Span`1)
   at System.Reflection.MethodBaseInvoker.InvokeWithFewArgs(Object obj, BindingFlags invokeAttr, Binder binder, Object[] parameters, CultureInfo culture)
  Failed OxPt.WcTests.WC002_Consolidate_Bulk_Test(testId: "WCB-1090", name1: "WC/WC002-Unmodified.docx", name2: "WC/WC002-DeleteAtEnd.docx") [59 ms]
  Error Message:
   System.InvalidOperationException : Unable to extract Package from DocumentFormat.OpenXml.Packaging.PackageUriHandlingExtensions+MalformedUriHandlingPackage. The SDK returned an unexpected package type. Expected Package or MalformedUriHandlingPackage with accessible inner Package.
  Stack Trace:
     at OpenXmlPowerTools.OpenXmlPackageExtensions.GetPackage(OpenXmlPackage package) in J:\repos\knilecrack\Open-Xml-PowerTools\OpenXmlPowerTools\OxPtHelpers.cs:line 107
   at OpenXmlPowerTools.WmlComparer.AddToAnnotation(WordprocessingDocument wDocDelta, WordprocessingDocument consolidatedWDoc, XElement elementToInsertAfter, ConsolidationInfo consolidationInfo, WmlComparerSettings settings) in J:\repos\knilecrack\Open-Xml-PowerTools\OpenXmlPowerTools\WmlComparer.cs:line 1343
   at OpenXmlPowerTools.WmlComparer.Consolidate(WmlDocument original, List`1 revisedDocumentInfoList, WmlComparerSettings settings, WmlComparerConsolidateSettings consolidateSettings) in J:\repos\knilecrack\Open-Xml-PowerTools\OpenXmlPowerTools\WmlComparer.cs:line 750
   at OpenXmlPowerTools.WmlComparer.Consolidate(WmlDocument original, List`1 revisedDocumentInfoList, WmlComparerSettings settings) in J:\repos\knilecrack\Open-Xml-PowerTools\OpenXmlPowerTools\WmlComparer.cs:line 530
   at OxPt.WcTests.WC002_Consolidate_Bulk_Test(String testId, String name1, String name2) in J:\repos\knilecrack\Open-Xml-PowerTools\OpenXmlPowerTools.Tests\WmlComparerTests.cs:line 416
   at InvokeStub_WcTests.WC002_Consolidate_Bulk_Test(Object, Span`1)
   at System.Reflection.MethodBaseInvoker.InvokeWithFewArgs(Object obj, BindingFlags invokeAttr, Binder binder, Object[] parameters, CultureInfo culture)
  Passed OxPt.DbTests.WithGlossaryDocuments(testId: "DB100-00080", baseline: "DB/GlossaryDocuments/ContentControlMixedProofingLa"···, src1: "DB/GlossaryDocuments/BaseDocument.docx,0,4", src2: "DB/GlossaryDocuments/ContentControlMixedProofingLa"···, src3: "DB/GlossaryDocuments/BaseDocument.docx,4", src4: null, src5: null, src6: null) [491 ms]
  Passed OxPt.DbTests.DB005_HeadersWithRefsToImages [25 ms]
  Failed OxPt.WcTests.WC002_Consolidate_Bulk_Test(testId: "WCB-1270", name1: "WC/WC014-SmartArt-Before.docx", name2: "WC/WC014-SmartArt-After.docx") [103 ms]
  Error Message:
   System.InvalidOperationException : Unable to extract Package from DocumentFormat.OpenXml.Packaging.PackageUriHandlingExtensions+MalformedUriHandlingPackage. The SDK returned an unexpected package type. Expected Package or MalformedUriHandlingPackage with accessible inner Package.
  Stack Trace:
     at OpenXmlPowerTools.OpenXmlPackageExtensions.GetPackage(OpenXmlPackage package) in J:\repos\knilecrack\Open-Xml-PowerTools\OpenXmlPowerTools\OxPtHelpers.cs:line 107
   at OpenXmlPowerTools.WmlComparer.AddToAnnotation(WordprocessingDocument wDocDelta, WordprocessingDocument consolidatedWDoc, XElement elementToInsertAfter, ConsolidationInfo consolidationInfo, WmlComparerSettings settings) in J:\repos\knilecrack\Open-Xml-PowerTools\OpenXmlPowerTools\WmlComparer.cs:line 1343
   at OpenXmlPowerTools.WmlComparer.Consolidate(WmlDocument original, List`1 revisedDocumentInfoList, WmlComparerSettings settings, WmlComparerConsolidateSettings consolidateSettings) in J:\repos\knilecrack\Open-Xml-PowerTools\OpenXmlPowerTools\WmlComparer.cs:line 750
   at OpenXmlPowerTools.WmlComparer.Consolidate(WmlDocument original, List`1 revisedDocumentInfoList, WmlComparerSettings settings) in J:\repos\knilecrack\Open-Xml-PowerTools\OpenXmlPowerTools\WmlComparer.cs:line 530
   at OxPt.WcTests.WC002_Consolidate_Bulk_Test(String testId, String name1, String name2) in J:\repos\knilecrack\Open-Xml-PowerTools\OpenXmlPowerTools.Tests\WmlComparerTests.cs:line 416
   at InvokeStub_WcTests.WC002_Consolidate_Bulk_Test(Object, Span`1)
   at System.Reflection.MethodBaseInvoker.InvokeWithFewArgs(Object obj, BindingFlags invokeAttr, Binder binder, Object[] parameters, CultureInfo culture)
[xUnit.net 00:00:25.99]       System.InvalidOperationException : Unable to extract Package from DocumentFormat.OpenXml.Packaging.PackageUriHandlingExtensions+MalformedUriHandlingPackage. The SDK returned an unexpected package type. Expected Package or MalformedUriHandlingPackage with accessible inner Package.
[xUnit.net 00:00:25.99]       Stack Trace:
[xUnit.net 00:00:25.99]         J:\repos\knilecrack\Open-Xml-PowerTools\OpenXmlPowerTools\OxPtHelpers.cs(107,0): at OpenXmlPowerTools.OpenXmlPackageExtensions.GetPackage(OpenXmlPackage package)
[xUnit.net 00:00:25.99]         J:\repos\knilecrack\Open-Xml-PowerTools\OpenXmlPowerTools\WmlComparer.cs(4610,0): at OpenXmlPowerTools.WmlComparer.<>c__DisplayClass69_5.<CoalesceRecurse>b__17(ComparisonUnitAtom gce)
[xUnit.net 00:00:25.99]            at System.Linq.Enumerable.IEnumerableSelectIterator`2.MoveNext()
[xUnit.net 00:00:25.99]            at System.Xml.Linq.XContainer.AddContentSkipNotify(Object content)
[xUnit.net 00:00:25.99]            at System.Xml.Linq.XContainer.AddContentSkipNotify(Object content)
[xUnit.net 00:00:25.99]            at System.Xml.Linq.XContainer.AddContentSkipNotify(Object content)
[xUnit.net 00:00:25.99]            at System.Xml.Linq.XContainer.AddContentSkipNotify(Object content)
[xUnit.net 00:00:25.99]            at System.Xml.Linq.XContainer.AddContentSkipNotify(Object content)
[xUnit.net 00:00:25.99]            at System.Xml.Linq.XContainer.AddContentSkipNotify(Object content)
[xUnit.net 00:00:25.99]         J:\repos\knilecrack\Open-Xml-PowerTools\OpenXmlPowerTools\WmlComparer.cs(4558,0): at OpenXmlPowerTools.WmlComparer.<>c__DisplayClass69_0.<CoalesceRecurse>b__2(IGrouping`2 g)
[xUnit.net 00:00:25.99]            at System.Linq.Enumerable.IEnumerableWhereSelectIterator`2.ToList()
[xUnit.net 00:00:25.99]         J:\repos\knilecrack\Open-Xml-PowerTools\OpenXmlPowerTools\WmlComparer.cs(4481,0): at OpenXmlPowerTools.WmlComparer.CoalesceRecurse(OpenXmlPart part, IEnumerable`1 list, Int32 level, WmlComparerSettings settings)
[xUnit.net 00:00:25.99]         J:\repos\knilecrack\Open-Xml-PowerTools\OpenXmlPowerTools\WmlComparer.cs(4521,0): at OpenXmlPowerTools.WmlComparer.<>c__DisplayClass69_0.<CoalesceRecurse>b__5(IGrouping`2 gc)
[xUnit.net 00:00:25.99]            at System.Linq.Enumerable.ListSelectIterator`2.ToList()
[xUnit.net 00:00:25.99]         J:\repos\knilecrack\Open-Xml-PowerTools\OpenXmlPowerTools\WmlComparer.cs(4505,0): at OpenXmlPowerTools.WmlComparer.<>c__DisplayClass69_0.<CoalesceRecurse>b__2(IGrouping`2 g)
[xUnit.net 00:00:25.99]            at System.Linq.Enumerable.IEnumerableWhereSelectIterator`2.ToList()
[xUnit.net 00:00:25.99]         J:\repos\knilecrack\Open-Xml-PowerTools\OpenXmlPowerTools\WmlComparer.cs(4481,0): at OpenXmlPowerTools.WmlComparer.CoalesceRecurse(OpenXmlPart part, IEnumerable`1 list, Int32 level, WmlComparerSettings settings)
[xUnit.net 00:00:25.99]         J:\repos\knilecrack\Open-Xml-PowerTools\OpenXmlPowerTools\WmlComparer.cs(4328,0): at OpenXmlPowerTools.WmlComparer.ProduceNewWmlMarkupFromCorrelatedSequence(OpenXmlPart part, IEnumerable`1 comparisonUnitAtomList, WmlComparerSettings settings)
[xUnit.net 00:00:25.99]         J:\repos\knilecrack\Open-Xml-PowerTools\OpenXmlPowerTools\WmlComparer.cs(1686,0): at OpenXmlPowerTools.WmlComparer.ProduceDocumentWithTrackedRevisions(WmlComparerSettings settings, WmlDocument wmlResult, WordprocessingDocument wDoc1, WordprocessingDocument wDoc2)
[xUnit.net 00:00:25.99]         J:\repos\knilecrack\Open-Xml-PowerTools\OpenXmlPowerTools\WmlComparer.cs(213,0): at OpenXmlPowerTools.WmlComparer.CompareInternal(WmlDocument source1, WmlDocument source2, WmlComparerSettings settings, Boolean preProcessMarkupInOriginal)
[xUnit.net 00:00:25.99]         J:\repos\knilecrack\Open-Xml-PowerTools\OpenXmlPowerTools\WmlComparer.cs(94,0): at OpenXmlPowerTools.WmlComparer.Compare(WmlDocument source1, WmlDocument source2, WmlComparerSettings settings)
[xUnit.net 00:00:25.99]         J:\repos\knilecrack\Open-Xml-PowerTools\OpenXmlPowerTools.Tests\WmlComparerTests.cs(404,0): at OxPt.WcTests.WC002_Consolidate_Bulk_Test(String testId, String name1, String name2)
[xUnit.net 00:00:25.99]            at InvokeStub_WcTests.WC002_Consolidate_Bulk_Test(Object, Span`1)
[xUnit.net 00:00:25.99]            at System.Reflection.MethodBaseInvoker.InvokeWithFewArgs(Object obj, BindingFlags invokeAttr, Binder binder, Object[] parameters, CultureInfo culture)
[xUnit.net 00:00:26.10]       OpenXmlPowerTools.OpenXmlPowerToolsException : Internal error
[xUnit.net 00:00:26.10]       Stack Trace:
[xUnit.net 00:00:26.10]         J:\repos\knilecrack\Open-Xml-PowerTools\OpenXmlPowerTools\WmlComparer.cs(5017,0): at OpenXmlPowerTools.WmlComparer.<>c.<SetAfterUnids>b__75_1(XElement a)
[xUnit.net 00:00:26.10]            at System.Linq.Enumerable.ArrayWhereSelectIterator`2.ToArray(ReadOnlySpan`1 source, Func`2 predicate, Func`2 selector)
[xUnit.net 00:00:26.10]            at System.Linq.Enumerable.ListWhereSelectIterator`2.ToArray()
[xUnit.net 00:00:26.10]         J:\repos\knilecrack\Open-Xml-PowerTools\OpenXmlPowerTools\WmlComparer.cs(5011,0): at OpenXmlPowerTools.WmlComparer.SetAfterUnids(CorrelatedSequence unknown)
[xUnit.net 00:00:26.10]         J:\repos\knilecrack\Open-Xml-PowerTools\OpenXmlPowerTools\WmlComparer.cs(4932,0): at OpenXmlPowerTools.WmlComparer.Lcs(ComparisonUnit[] cu1, ComparisonUnit[] cu2, WmlComparerSettings settings)
[xUnit.net 00:00:26.10]         J:\repos\knilecrack\Open-Xml-PowerTools\OpenXmlPowerTools\WmlComparer.cs(2421,0): at OpenXmlPowerTools.WmlComparer.ProcessFootnoteEndnote(WmlComparerSettings settings, List`1 listOfComparisonUnitAtoms, MainDocumentPart mainDocumentPartBefore, MainDocumentPart mainDocumentPartAfter, XDocument mainDocumentXDoc)
[xUnit.net 00:00:26.10]         J:\repos\knilecrack\Open-Xml-PowerTools\OpenXmlPowerTools\WmlComparer.cs(1698,0): at OpenXmlPowerTools.WmlComparer.ProduceDocumentWithTrackedRevisions(WmlComparerSettings settings, WmlDocument wmlResult, WordprocessingDocument wDoc1, WordprocessingDocument wDoc2)
[xUnit.net 00:00:26.10]         J:\repos\knilecrack\Open-Xml-PowerTools\OpenXmlPowerTools\WmlComparer.cs(213,0): at OpenXmlPowerTools.WmlComparer.CompareInternal(WmlDocument source1, WmlDocument source2, WmlComparerSettings settings, Boolean preProcessMarkupInOriginal)
[xUnit.net 00:00:26.10]         J:\repos\knilecrack\Open-Xml-PowerTools\OpenXmlPowerTools\WmlComparer.cs(94,0): at OpenXmlPowerTools.WmlComparer.Compare(WmlDocument source1, WmlDocument source2, WmlComparerSettings settings)
[xUnit.net 00:00:26.10]         J:\repos\knilecrack\Open-Xml-PowerTools\OpenXmlPowerTools.Tests\WmlComparerTests.cs(404,0): at OxPt.WcTests.WC002_Consolidate_Bulk_Test(String testId, String name1, String name2)
[xUnit.net 00:00:26.10]            at InvokeStub_WcTests.WC002_Consolidate_Bulk_Test(Object, Span`1)
[xUnit.net 00:00:26.10]            at System.Reflection.MethodBaseInvoker.InvokeWithFewArgs(Object obj, BindingFlags invokeAttr, Binder binder, Object[] parameters, CultureInfo culture)
[xUnit.net 00:00:26.18]       System.InvalidOperationException : Unable to extract Package from DocumentFormat.OpenXml.Packaging.PackageUriHandlingExtensions+MalformedUriHandlingPackage. The SDK returned an unexpected package type. Expected Package or MalformedUriHandlingPackage with accessible inner Package.
[xUnit.net 00:00:26.18]       Stack Trace:
[xUnit.net 00:00:26.18]         J:\repos\knilecrack\Open-Xml-PowerTools\OpenXmlPowerTools\OxPtHelpers.cs(107,0): at OpenXmlPowerTools.OpenXmlPackageExtensions.GetPackage(OpenXmlPackage package)
[xUnit.net 00:00:26.18]         J:\repos\knilecrack\Open-Xml-PowerTools\OpenXmlPowerTools\WmlComparer.cs(1343,0): at OpenXmlPowerTools.WmlComparer.AddToAnnotation(WordprocessingDocument wDocDelta, WordprocessingDocument consolidatedWDoc, XElement elementToInsertAfter, ConsolidationInfo consolidationInfo, WmlComparerSettings settings)
[xUnit.net 00:00:26.18]         J:\repos\knilecrack\Open-Xml-PowerTools\OpenXmlPowerTools\WmlComparer.cs(750,0): at OpenXmlPowerTools.WmlComparer.Consolidate(WmlDocument original, List`1 revisedDocumentInfoList, WmlComparerSettings settings, WmlComparerConsolidateSettings consolidateSettings)
[xUnit.net 00:00:26.18]         J:\repos\knilecrack\Open-Xml-PowerTools\OpenXmlPowerTools\WmlComparer.cs(530,0): at OpenXmlPowerTools.WmlComparer.Consolidate(WmlDocument original, List`1 revisedDocumentInfoList, WmlComparerSettings settings)
[xUnit.net 00:00:26.18]         J:\repos\knilecrack\Open-Xml-PowerTools\OpenXmlPowerTools.Tests\WmlComparerTests.cs(416,0): at OxPt.WcTests.WC002_Consolidate_Bulk_Test(String testId, String name1, String name2)
[xUnit.net 00:00:26.18]            at InvokeStub_WcTests.WC002_Consolidate_Bulk_Test(Object, Span`1)
[xUnit.net 00:00:26.18]            at System.Reflection.MethodBaseInvoker.InvokeWithFewArgs(Object obj, BindingFlags invokeAttr, Binder binder, Object[] parameters, CultureInfo culture)
[xUnit.net 00:00:26.24]       System.InvalidOperationException : Unable to extract Package from DocumentFormat.OpenXml.Packaging.PackageUriHandlingExtensions+MalformedUriHandlingPackage. The SDK returned an unexpected package type. Expected Package or MalformedUriHandlingPackage with accessible inner Package.
[xUnit.net 00:00:26.24]       Stack Trace:
[xUnit.net 00:00:26.24]         J:\repos\knilecrack\Open-Xml-PowerTools\OpenXmlPowerTools\OxPtHelpers.cs(107,0): at OpenXmlPowerTools.OpenXmlPackageExtensions.GetPackage(OpenXmlPackage package)
[xUnit.net 00:00:26.24]         J:\repos\knilecrack\Open-Xml-PowerTools\OpenXmlPowerTools\WmlComparer.cs(1343,0): at OpenXmlPowerTools.WmlComparer.AddToAnnotation(WordprocessingDocument wDocDelta, WordprocessingDocument consolidatedWDoc, XElement elementToInsertAfter, ConsolidationInfo consolidationInfo, WmlComparerSettings settings)
[xUnit.net 00:00:26.24]         J:\repos\knilecrack\Open-Xml-PowerTools\OpenXmlPowerTools\WmlComparer.cs(750,0): at OpenXmlPowerTools.WmlComparer.Consolidate(WmlDocument original, List`1 revisedDocumentInfoList, WmlComparerSettings settings, WmlComparerConsolidateSettings consolidateSettings)
[xUnit.net 00:00:26.24]         J:\repos\knilecrack\Open-Xml-PowerTools\OpenXmlPowerTools\WmlComparer.cs(530,0): at OpenXmlPowerTools.WmlComparer.Consolidate(WmlDocument original, List`1 revisedDocumentInfoList, WmlComparerSettings settings)
[xUnit.net 00:00:26.24]         J:\repos\knilecrack\Open-Xml-PowerTools\OpenXmlPowerTools.Tests\WmlComparerTests.cs(416,0): at OxPt.WcTests.WC002_Consolidate_Bulk_Test(String testId, String name1, String name2)
[xUnit.net 00:00:26.24]            at InvokeStub_WcTests.WC002_Consolidate_Bulk_Test(Object, Span`1)
[xUnit.net 00:00:26.24]            at System.Reflection.MethodBaseInvoker.InvokeWithFewArgs(Object obj, BindingFlags invokeAttr, Binder binder, Object[] parameters, CultureInfo culture)
[xUnit.net 00:00:26.28]       OpenXmlPowerTools.OpenXmlPowerToolsException : Internal error
[xUnit.net 00:00:26.28]       Stack Trace:
[xUnit.net 00:00:26.28]         J:\repos\knilecrack\Open-Xml-PowerTools\OpenXmlPowerTools\WmlComparer.cs(2986,0): at OpenXmlPowerTools.WmlComparer.<>c.<AssembleAncestorUnidsInOrderToRebuildXmlTreeProperly>b__44_4(XElement ae)
[xUnit.net 00:00:26.28]            at System.Linq.Enumerable.ArraySelectIterator`2.ToArray()
[xUnit.net 00:00:26.28]         J:\repos\knilecrack\Open-Xml-PowerTools\OpenXmlPowerTools\WmlComparer.cs(2980,0): at OpenXmlPowerTools.WmlComparer.AssembleAncestorUnidsInOrderToRebuildXmlTreeProperly(List`1 comparisonUnitAtomList)
[xUnit.net 00:00:26.28]         J:\repos\knilecrack\Open-Xml-PowerTools\OpenXmlPowerTools\WmlComparer.cs(2647,0): at OpenXmlPowerTools.WmlComparer.ProcessFootnoteEndnote(WmlComparerSettings settings, List`1 listOfComparisonUnitAtoms, MainDocumentPart mainDocumentPartBefore, MainDocumentPart mainDocumentPartAfter, XDocument mainDocumentXDoc)
[xUnit.net 00:00:26.28]         J:\repos\knilecrack\Open-Xml-PowerTools\OpenXmlPowerTools\WmlComparer.cs(1698,0): at OpenXmlPowerTools.WmlComparer.ProduceDocumentWithTrackedRevisions(WmlComparerSettings settings, WmlDocument wmlResult, WordprocessingDocument wDoc1, WordprocessingDocument wDoc2)
[xUnit.net 00:00:26.28]         J:\repos\knilecrack\Open-Xml-PowerTools\OpenXmlPowerTools\WmlComparer.cs(213,0): at OpenXmlPowerTools.WmlComparer.CompareInternal(WmlDocument source1, WmlDocument source2, WmlComparerSettings settings, Boolean preProcessMarkupInOriginal)
[xUnit.net 00:00:26.28]         J:\repos\knilecrack\Open-Xml-PowerTools\OpenXmlPowerTools\WmlComparer.cs(94,0): at OpenXmlPowerTools.WmlComparer.Compare(WmlDocument source1, WmlDocument source2, WmlComparerSettings settings)
[xUnit.net 00:00:26.28]         J:\repos\knilecrack\Open-Xml-PowerTools\OpenXmlPowerTools.Tests\WmlComparerTests.cs(404,0): at OxPt.WcTests.WC002_Consolidate_Bulk_Test(String testId, String name1, String name2)
[xUnit.net 00:00:26.28]            at InvokeStub_WcTests.WC002_Consolidate_Bulk_Test(Object, Span`1)
[xUnit.net 00:00:26.28]            at System.Reflection.MethodBaseInvoker.InvokeWithFewArgs(Object obj, BindingFlags invokeAttr, Binder binder, Object[] parameters, CultureInfo culture)
  Passed OxPt.DbTests.DB0016_DocDefaultStyles [68 ms]
  Failed OxPt.WcTests.WC002_Consolidate_Bulk_Test(testId: "WCB-1420", name1: "WC/WC022-Image-Math-Para-Before.docx", name2: "WC/WC022-Image-Math-Para-After.docx") [267 ms]
  Error Message:
   System.InvalidOperationException : Unable to extract Package from DocumentFormat.OpenXml.Packaging.PackageUriHandlingExtensions+MalformedUriHandlingPackage. The SDK returned an unexpected package type. Expected Package or MalformedUriHandlingPackage with accessible inner Package.
  Stack Trace:
     at OpenXmlPowerTools.OpenXmlPackageExtensions.GetPackage(OpenXmlPackage package) in J:\repos\knilecrack\Open-Xml-PowerTools\OpenXmlPowerTools\OxPtHelpers.cs:line 107
   at OpenXmlPowerTools.WmlComparer.<>c__DisplayClass69_5.<CoalesceRecurse>b__17(ComparisonUnitAtom gce) in J:\repos\knilecrack\Open-Xml-PowerTools\OpenXmlPowerTools\WmlComparer.cs:line 4610
   at System.Linq.Enumerable.IEnumerableSelectIterator`2.MoveNext()
   at System.Xml.Linq.XContainer.AddContentSkipNotify(Object content)
   at System.Xml.Linq.XContainer.AddContentSkipNotify(Object content)
   at System.Xml.Linq.XContainer.AddContentSkipNotify(Object content)
   at System.Xml.Linq.XContainer.AddContentSkipNotify(Object content)
   at System.Xml.Linq.XContainer.AddContentSkipNotify(Object content)
   at System.Xml.Linq.XContainer.AddContentSkipNotify(Object content)
   at OpenXmlPowerTools.WmlComparer.<>c__DisplayClass69_0.<CoalesceRecurse>b__2(IGrouping`2 g) in J:\repos\knilecrack\Open-Xml-PowerTools\OpenXmlPowerTools\WmlComparer.cs:line 4558
   at System.Linq.Enumerable.IEnumerableWhereSelectIterator`2.ToList()
   at OpenXmlPowerTools.WmlComparer.CoalesceRecurse(OpenXmlPart part, IEnumerable`1 list, Int32 level, WmlComparerSettings settings) in J:\repos\knilecrack\Open-Xml-PowerTools\OpenXmlPowerTools\WmlComparer.cs:line 4481
   at OpenXmlPowerTools.WmlComparer.<>c__DisplayClass69_0.<CoalesceRecurse>b__5(IGrouping`2 gc) in J:\repos\knilecrack\Open-Xml-PowerTools\OpenXmlPowerTools\WmlComparer.cs:line 4521
   at System.Linq.Enumerable.ListSelectIterator`2.ToList()
   at OpenXmlPowerTools.WmlComparer.<>c__DisplayClass69_0.<CoalesceRecurse>b__2(IGrouping`2 g) in J:\repos\knilecrack\Open-Xml-PowerTools\OpenXmlPowerTools\WmlComparer.cs:line 4505
   at System.Linq.Enumerable.IEnumerableWhereSelectIterator`2.ToList()
   at OpenXmlPowerTools.WmlComparer.CoalesceRecurse(OpenXmlPart part, IEnumerable`1 list, Int32 level, WmlComparerSettings settings) in J:\repos\knilecrack\Open-Xml-PowerTools\OpenXmlPowerTools\WmlComparer.cs:line 4481
   at OpenXmlPowerTools.WmlComparer.ProduceNewWmlMarkupFromCorrelatedSequence(OpenXmlPart part, IEnumerable`1 comparisonUnitAtomList, WmlComparerSettings settings) in J:\repos\knilecrack\Open-Xml-PowerTools\OpenXmlPowerTools\WmlComparer.cs:line 4328
   at OpenXmlPowerTools.WmlComparer.ProduceDocumentWithTrackedRevisions(WmlComparerSettings settings, WmlDocument wmlResult, WordprocessingDocument wDoc1, WordprocessingDocument wDoc2) in J:\repos\knilecrack\Open-Xml-PowerTools\OpenXmlPowerTools\WmlComparer.cs:line 1686
   at OpenXmlPowerTools.WmlComparer.CompareInternal(WmlDocument source1, WmlDocument source2, WmlComparerSettings settings, Boolean preProcessMarkupInOriginal) in J:\repos\knilecrack\Open-Xml-PowerTools\OpenXmlPowerTools\WmlComparer.cs:line 213
   at OpenXmlPowerTools.WmlComparer.Compare(WmlDocument source1, WmlDocument source2, WmlComparerSettings settings) in J:\repos\knilecrack\Open-Xml-PowerTools\OpenXmlPowerTools\WmlComparer.cs:line 94
   at OxPt.WcTests.WC002_Consolidate_Bulk_Test(String testId, String name1, String name2) in J:\repos\knilecrack\Open-Xml-PowerTools\OpenXmlPowerTools.Tests\WmlComparerTests.cs:line 404
   at InvokeStub_WcTests.WC002_Consolidate_Bulk_Test(Object, Span`1)
   at System.Reflection.MethodBaseInvoker.InvokeWithFewArgs(Object obj, BindingFlags invokeAttr, Binder binder, Object[] parameters, CultureInfo culture)
  Failed OxPt.WcTests.WC002_Consolidate_Bulk_Test(testId: "WCB-1380", name1: "WC/WC020-FootNote-Before.docx", name2: "WC/WC020-FootNote-After-1.docx") [111 ms]
  Error Message:
   OpenXmlPowerTools.OpenXmlPowerToolsException : Internal error
  Stack Trace:
     at OpenXmlPowerTools.WmlComparer.<>c.<SetAfterUnids>b__75_1(XElement a) in J:\repos\knilecrack\Open-Xml-PowerTools\OpenXmlPowerTools\WmlComparer.cs:line 5017
   at System.Linq.Enumerable.ArrayWhereSelectIterator`2.ToArray(ReadOnlySpan`1 source, Func`2 predicate, Func`2 selector)
   at System.Linq.Enumerable.ListWhereSelectIterator`2.ToArray()
   at OpenXmlPowerTools.WmlComparer.SetAfterUnids(CorrelatedSequence unknown) in J:\repos\knilecrack\Open-Xml-PowerTools\OpenXmlPowerTools\WmlComparer.cs:line 5011
   at OpenXmlPowerTools.WmlComparer.Lcs(ComparisonUnit[] cu1, ComparisonUnit[] cu2, WmlComparerSettings settings) in J:\repos\knilecrack\Open-Xml-PowerTools\OpenXmlPowerTools\WmlComparer.cs:line 4932
   at OpenXmlPowerTools.WmlComparer.ProcessFootnoteEndnote(WmlComparerSettings settings, List`1 listOfComparisonUnitAtoms, MainDocumentPart mainDocumentPartBefore, MainDocumentPart mainDocumentPartAfter, XDocument mainDocumentXDoc) in J:\repos\knilecrack\Open-Xml-PowerTools\OpenXmlPowerTools\WmlComparer.cs:line 2421
   at OpenXmlPowerTools.WmlComparer.ProduceDocumentWithTrackedRevisions(WmlComparerSettings settings, WmlDocument wmlResult, WordprocessingDocument wDoc1, WordprocessingDocument wDoc2) in J:\repos\knilecrack\Open-Xml-PowerTools\OpenXmlPowerTools\WmlComparer.cs:line 1698
   at OpenXmlPowerTools.WmlComparer.CompareInternal(WmlDocument source1, WmlDocument source2, WmlComparerSettings settings, Boolean preProcessMarkupInOriginal) in J:\repos\knilecrack\Open-Xml-PowerTools\OpenXmlPowerTools\WmlComparer.cs:line 213
   at OpenXmlPowerTools.WmlComparer.Compare(WmlDocument source1, WmlDocument source2, WmlComparerSettings settings) in J:\repos\knilecrack\Open-Xml-PowerTools\OpenXmlPowerTools\WmlComparer.cs:line 94
   at OxPt.WcTests.WC002_Consolidate_Bulk_Test(String testId, String name1, String name2) in J:\repos\knilecrack\Open-Xml-PowerTools\OpenXmlPowerTools.Tests\WmlComparerTests.cs:line 404
   at InvokeStub_WcTests.WC002_Consolidate_Bulk_Test(Object, Span`1)
   at System.Reflection.MethodBaseInvoker.InvokeWithFewArgs(Object obj, BindingFlags invokeAttr, Binder binder, Object[] parameters, CultureInfo culture)
  Failed OxPt.WcTests.WC002_Consolidate_Bulk_Test(testId: "WCB-1480", name1: "WC/WC027-Twenty-Paras-Before.docx", name2: "WC/WC027-Twenty-Paras-After-1.docx") [79 ms]
  Error Message:
   System.InvalidOperationException : Unable to extract Package from DocumentFormat.OpenXml.Packaging.PackageUriHandlingExtensions+MalformedUriHandlingPackage. The SDK returned an unexpected package type. Expected Package or MalformedUriHandlingPackage with accessible inner Package.
  Stack Trace:
     at OpenXmlPowerTools.OpenXmlPackageExtensions.GetPackage(OpenXmlPackage package) in J:\repos\knilecrack\Open-Xml-PowerTools\OpenXmlPowerTools\OxPtHelpers.cs:line 107
   at OpenXmlPowerTools.WmlComparer.AddToAnnotation(WordprocessingDocument wDocDelta, WordprocessingDocument consolidatedWDoc, XElement elementToInsertAfter, ConsolidationInfo consolidationInfo, WmlComparerSettings settings) in J:\repos\knilecrack\Open-Xml-PowerTools\OpenXmlPowerTools\WmlComparer.cs:line 1343
   at OpenXmlPowerTools.WmlComparer.Consolidate(WmlDocument original, List`1 revisedDocumentInfoList, WmlComparerSettings settings, WmlComparerConsolidateSettings consolidateSettings) in J:\repos\knilecrack\Open-Xml-PowerTools\OpenXmlPowerTools\WmlComparer.cs:line 750
   at OpenXmlPowerTools.WmlComparer.Consolidate(WmlDocument original, List`1 revisedDocumentInfoList, WmlComparerSettings settings) in J:\repos\knilecrack\Open-Xml-PowerTools\OpenXmlPowerTools\WmlComparer.cs:line 530
   at OxPt.WcTests.WC002_Consolidate_Bulk_Test(String testId, String name1, String name2) in J:\repos\knilecrack\Open-Xml-PowerTools\OpenXmlPowerTools.Tests\WmlComparerTests.cs:line 416
   at InvokeStub_WcTests.WC002_Consolidate_Bulk_Test(Object, Span`1)
   at System.Reflection.MethodBaseInvoker.InvokeWithFewArgs(Object obj, BindingFlags invokeAttr, Binder binder, Object[] parameters, CultureInfo culture)
  Failed OxPt.WcTests.WC002_Consolidate_Bulk_Test(testId: "WCB-1180", name1: "WC/WC007-Unmodified.docx", name2: "WC/WC007-Deleted-at-Beginning-of-Para.docx") [65 ms]
  Error Message:
   System.InvalidOperationException : Unable to extract Package from DocumentFormat.OpenXml.Packaging.PackageUriHandlingExtensions+MalformedUriHandlingPackage. The SDK returned an unexpected package type. Expected Package or MalformedUriHandlingPackage with accessible inner Package.
  Stack Trace:
     at OpenXmlPowerTools.OpenXmlPackageExtensions.GetPackage(OpenXmlPackage package) in J:\repos\knilecrack\Open-Xml-PowerTools\OpenXmlPowerTools\OxPtHelpers.cs:line 107
   at OpenXmlPowerTools.WmlComparer.AddToAnnotation(WordprocessingDocument wDocDelta, WordprocessingDocument consolidatedWDoc, XElement elementToInsertAfter, ConsolidationInfo consolidationInfo, WmlComparerSettings settings) in J:\repos\knilecrack\Open-Xml-PowerTools\OpenXmlPowerTools\WmlComparer.cs:line 1343
   at OpenXmlPowerTools.WmlComparer.Consolidate(WmlDocument original, List`1 revisedDocumentInfoList, WmlComparerSettings settings, WmlComparerConsolidateSettings consolidateSettings) in J:\repos\knilecrack\Open-Xml-PowerTools\OpenXmlPowerTools\WmlComparer.cs:line 750
   at OpenXmlPowerTools.WmlComparer.Consolidate(WmlDocument original, List`1 revisedDocumentInfoList, WmlComparerSettings settings) in J:\repos\knilecrack\Open-Xml-PowerTools\OpenXmlPowerTools\WmlComparer.cs:line 530
   at OxPt.WcTests.WC002_Consolidate_Bulk_Test(String testId, String name1, String name2) in J:\repos\knilecrack\Open-Xml-PowerTools\OpenXmlPowerTools.Tests\WmlComparerTests.cs:line 416
   at InvokeStub_WcTests.WC002_Consolidate_Bulk_Test(Object, Span`1)
   at System.Reflection.MethodBaseInvoker.InvokeWithFewArgs(Object obj, BindingFlags invokeAttr, Binder binder, Object[] parameters, CultureInfo culture)
  Failed OxPt.WcTests.WC002_Consolidate_Bulk_Test(testId: "WCB-1590", name1: "WC/WC034-Footnotes-After3.docx", name2: "WC/WC034-Footnotes-Before.docx") [33 ms]
  Error Message:
   OpenXmlPowerTools.OpenXmlPowerToolsException : Internal error
  Stack Trace:
     at OpenXmlPowerTools.WmlComparer.<>c.<AssembleAncestorUnidsInOrderToRebuildXmlTreeProperly>b__44_4(XElement ae) in J:\repos\knilecrack\Open-Xml-PowerTools\OpenXmlPowerTools\WmlComparer.cs:line 2986
   at System.Linq.Enumerable.ArraySelectIterator`2.ToArray()
   at OpenXmlPowerTools.WmlComparer.AssembleAncestorUnidsInOrderToRebuildXmlTreeProperly(List`1 comparisonUnitAtomList) in J:\repos\knilecrack\Open-Xml-PowerTools\OpenXmlPowerTools\WmlComparer.cs:line 2980
   at OpenXmlPowerTools.WmlComparer.ProcessFootnoteEndnote(WmlComparerSettings settings, List`1 listOfComparisonUnitAtoms, MainDocumentPart mainDocumentPartBefore, MainDocumentPart mainDocumentPartAfter, XDocument mainDocumentXDoc) in J:\repos\knilecrack\Open-Xml-PowerTools\OpenXmlPowerTools\WmlComparer.cs:line 2647
   at OpenXmlPowerTools.WmlComparer.ProduceDocumentWithTrackedRevisions(WmlComparerSettings settings, WmlDocument wmlResult, WordprocessingDocument wDoc1, WordprocessingDocument wDoc2) in J:\repos\knilecrack\Open-Xml-PowerTools\OpenXmlPowerTools\WmlComparer.cs:line 1698
   at OpenXmlPowerTools.WmlComparer.CompareInternal(WmlDocument source1, WmlDocument source2, WmlComparerSettings settings, Boolean preProcessMarkupInOriginal) in J:\repos\knilecrack\Open-Xml-PowerTools\OpenXmlPowerTools\WmlComparer.cs:line 213
   at OpenXmlPowerTools.WmlComparer.Compare(WmlDocument source1, WmlDocument source2, WmlComparerSettings settings) in J:\repos\knilecrack\Open-Xml-PowerTools\OpenXmlPowerTools\WmlComparer.cs:line 94
   at OxPt.WcTests.WC002_Consolidate_Bulk_Test(String testId, String name1, String name2) in J:\repos\knilecrack\Open-Xml-PowerTools\OpenXmlPowerTools.Tests\WmlComparerTests.cs:line 404
   at InvokeStub_WcTests.WC002_Consolidate_Bulk_Test(Object, Span`1)
   at System.Reflection.MethodBaseInvoker.InvokeWithFewArgs(Object obj, BindingFlags invokeAttr, Binder binder, Object[] parameters, CultureInfo culture)
  Passed OxPt.DbTests.DB014_KeepWebExtensions [539 ms]
  Passed OxPt.DbTests.DB015_LatentStyles [21 ms]
[xUnit.net 00:00:26.35]       OpenXmlPowerTools.OpenXmlPowerToolsException : Internal error
[xUnit.net 00:00:26.35]       Stack Trace:
[xUnit.net 00:00:26.35]         J:\repos\knilecrack\Open-Xml-PowerTools\OpenXmlPowerTools\WmlComparer.cs(5017,0): at OpenXmlPowerTools.WmlComparer.<>c.<SetAfterUnids>b__75_1(XElement a)
[xUnit.net 00:00:26.35]            at System.Linq.Enumerable.ArrayWhereSelectIterator`2.ToArray(ReadOnlySpan`1 source, Func`2 predicate, Func`2 selector)
[xUnit.net 00:00:26.35]            at System.Linq.Enumerable.ListWhereSelectIterator`2.ToArray()
[xUnit.net 00:00:26.35]         J:\repos\knilecrack\Open-Xml-PowerTools\OpenXmlPowerTools\WmlComparer.cs(5011,0): at OpenXmlPowerTools.WmlComparer.SetAfterUnids(CorrelatedSequence unknown)
[xUnit.net 00:00:26.35]         J:\repos\knilecrack\Open-Xml-PowerTools\OpenXmlPowerTools\WmlComparer.cs(4932,0): at OpenXmlPowerTools.WmlComparer.Lcs(ComparisonUnit[] cu1, ComparisonUnit[] cu2, WmlComparerSettings settings)
[xUnit.net 00:00:26.35]         J:\repos\knilecrack\Open-Xml-PowerTools\OpenXmlPowerTools\WmlComparer.cs(2421,0): at OpenXmlPowerTools.WmlComparer.ProcessFootnoteEndnote(WmlComparerSettings settings, List`1 listOfComparisonUnitAtoms, MainDocumentPart mainDocumentPartBefore, MainDocumentPart mainDocumentPartAfter, XDocument mainDocumentXDoc)
[xUnit.net 00:00:26.35]         J:\repos\knilecrack\Open-Xml-PowerTools\OpenXmlPowerTools\WmlComparer.cs(1698,0): at OpenXmlPowerTools.WmlComparer.ProduceDocumentWithTrackedRevisions(WmlComparerSettings settings, WmlDocument wmlResult, WordprocessingDocument wDoc1, WordprocessingDocument wDoc2)
[xUnit.net 00:00:26.35]         J:\repos\knilecrack\Open-Xml-PowerTools\OpenXmlPowerTools\WmlComparer.cs(213,0): at OpenXmlPowerTools.WmlComparer.CompareInternal(WmlDocument source1, WmlDocument source2, WmlComparerSettings settings, Boolean preProcessMarkupInOriginal)
[xUnit.net 00:00:26.35]         J:\repos\knilecrack\Open-Xml-PowerTools\OpenXmlPowerTools\WmlComparer.cs(94,0): at OpenXmlPowerTools.WmlComparer.Compare(WmlDocument source1, WmlDocument source2, WmlComparerSettings settings)
[xUnit.net 00:00:26.35]         J:\repos\knilecrack\Open-Xml-PowerTools\OpenXmlPowerTools.Tests\WmlComparerTests.cs(404,0): at OxPt.WcTests.WC002_Consolidate_Bulk_Test(String testId, String name1, String name2)
[xUnit.net 00:00:26.35]            at InvokeStub_WcTests.WC002_Consolidate_Bulk_Test(Object, Span`1)
[xUnit.net 00:00:26.35]            at System.Reflection.MethodBaseInvoker.InvokeWithFewArgs(Object obj, BindingFlags invokeAttr, Binder binder, Object[] parameters, CultureInfo culture)
[xUnit.net 00:00:26.39]       OpenXmlPowerTools.OpenXmlPowerToolsException : Internal error
[xUnit.net 00:00:26.39]       Stack Trace:
[xUnit.net 00:00:26.39]         J:\repos\knilecrack\Open-Xml-PowerTools\OpenXmlPowerTools\WmlComparer.cs(2986,0): at OpenXmlPowerTools.WmlComparer.<>c.<AssembleAncestorUnidsInOrderToRebuildXmlTreeProperly>b__44_4(XElement ae)
[xUnit.net 00:00:26.39]            at System.Linq.Enumerable.ArraySelectIterator`2.ToArray()
[xUnit.net 00:00:26.39]         J:\repos\knilecrack\Open-Xml-PowerTools\OpenXmlPowerTools\WmlComparer.cs(2980,0): at OpenXmlPowerTools.WmlComparer.AssembleAncestorUnidsInOrderToRebuildXmlTreeProperly(List`1 comparisonUnitAtomList)
[xUnit.net 00:00:26.39]         J:\repos\knilecrack\Open-Xml-PowerTools\OpenXmlPowerTools\WmlComparer.cs(2549,0): at OpenXmlPowerTools.WmlComparer.ProcessFootnoteEndnote(WmlComparerSettings settings, List`1 listOfComparisonUnitAtoms, MainDocumentPart mainDocumentPartBefore, MainDocumentPart mainDocumentPartAfter, XDocument mainDocumentXDoc)
[xUnit.net 00:00:26.39]         J:\repos\knilecrack\Open-Xml-PowerTools\OpenXmlPowerTools\WmlComparer.cs(1698,0): at OpenXmlPowerTools.WmlComparer.ProduceDocumentWithTrackedRevisions(WmlComparerSettings settings, WmlDocument wmlResult, WordprocessingDocument wDoc1, WordprocessingDocument wDoc2)
[xUnit.net 00:00:26.39]         J:\repos\knilecrack\Open-Xml-PowerTools\OpenXmlPowerTools\WmlComparer.cs(213,0): at OpenXmlPowerTools.WmlComparer.CompareInternal(WmlDocument source1, WmlDocument source2, WmlComparerSettings settings, Boolean preProcessMarkupInOriginal)
[xUnit.net 00:00:26.39]         J:\repos\knilecrack\Open-Xml-PowerTools\OpenXmlPowerTools\WmlComparer.cs(94,0): at OpenXmlPowerTools.WmlComparer.Compare(WmlDocument source1, WmlDocument source2, WmlComparerSettings settings)
[xUnit.net 00:00:26.39]         J:\repos\knilecrack\Open-Xml-PowerTools\OpenXmlPowerTools.Tests\WmlComparerTests.cs(404,0): at OxPt.WcTests.WC002_Consolidate_Bulk_Test(String testId, String name1, String name2)
[xUnit.net 00:00:26.39]            at InvokeStub_WcTests.WC002_Consolidate_Bulk_Test(Object, Span`1)
[xUnit.net 00:00:26.39]            at System.Reflection.MethodBaseInvoker.InvokeWithFewArgs(Object obj, BindingFlags invokeAttr, Binder binder, Object[] parameters, CultureInfo culture)
[xUnit.net 00:00:26.44]       System.InvalidOperationException : Unable to extract Package from DocumentFormat.OpenXml.Packaging.PackageUriHandlingExtensions+MalformedUriHandlingPackage. The SDK returned an unexpected package type. Expected Package or MalformedUriHandlingPackage with accessible inner Package.
[xUnit.net 00:00:26.44]       Stack Trace:
[xUnit.net 00:00:26.44]         J:\repos\knilecrack\Open-Xml-PowerTools\OpenXmlPowerTools\OxPtHelpers.cs(107,0): at OpenXmlPowerTools.OpenXmlPackageExtensions.GetPackage(OpenXmlPackage package)
[xUnit.net 00:00:26.44]         J:\repos\knilecrack\Open-Xml-PowerTools\OpenXmlPowerTools\WmlComparer.cs(4610,0): at OpenXmlPowerTools.WmlComparer.<>c__DisplayClass69_5.<CoalesceRecurse>b__17(ComparisonUnitAtom gce)
[xUnit.net 00:00:26.44]            at System.Linq.Enumerable.IEnumerableSelectIterator`2.MoveNext()
[xUnit.net 00:00:26.44]            at System.Xml.Linq.XContainer.AddContentSkipNotify(Object content)
[xUnit.net 00:00:26.44]            at System.Xml.Linq.XContainer.AddContentSkipNotify(Object content)
[xUnit.net 00:00:26.44]            at System.Xml.Linq.XContainer.AddContentSkipNotify(Object content)
[xUnit.net 00:00:26.44]            at System.Xml.Linq.XContainer.AddContentSkipNotify(Object content)
[xUnit.net 00:00:26.44]            at System.Xml.Linq.XContainer.AddContentSkipNotify(Object content)
[xUnit.net 00:00:26.44]            at System.Xml.Linq.XContainer.AddContentSkipNotify(Object content)
[xUnit.net 00:00:26.44]         J:\repos\knilecrack\Open-Xml-PowerTools\OpenXmlPowerTools\WmlComparer.cs(4558,0): at OpenXmlPowerTools.WmlComparer.<>c__DisplayClass69_0.<CoalesceRecurse>b__2(IGrouping`2 g)
[xUnit.net 00:00:26.44]            at System.Linq.Enumerable.IEnumerableWhereSelectIterator`2.ToList()
[xUnit.net 00:00:26.44]         J:\repos\knilecrack\Open-Xml-PowerTools\OpenXmlPowerTools\WmlComparer.cs(4481,0): at OpenXmlPowerTools.WmlComparer.CoalesceRecurse(OpenXmlPart part, IEnumerable`1 list, Int32 level, WmlComparerSettings settings)
[xUnit.net 00:00:26.44]         J:\repos\knilecrack\Open-Xml-PowerTools\OpenXmlPowerTools\WmlComparer.cs(4521,0): at OpenXmlPowerTools.WmlComparer.<>c__DisplayClass69_0.<CoalesceRecurse>b__5(IGrouping`2 gc)
[xUnit.net 00:00:26.44]            at System.Linq.Enumerable.ListSelectIterator`2.ToList()
[xUnit.net 00:00:26.44]         J:\repos\knilecrack\Open-Xml-PowerTools\OpenXmlPowerTools\WmlComparer.cs(4505,0): at OpenXmlPowerTools.WmlComparer.<>c__DisplayClass69_0.<CoalesceRecurse>b__2(IGrouping`2 g)
[xUnit.net 00:00:26.44]            at System.Linq.Enumerable.IEnumerableWhereSelectIterator`2.ToList()
[xUnit.net 00:00:26.44]         J:\repos\knilecrack\Open-Xml-PowerTools\OpenXmlPowerTools\WmlComparer.cs(4481,0): at OpenXmlPowerTools.WmlComparer.CoalesceRecurse(OpenXmlPart part, IEnumerable`1 list, Int32 level, WmlComparerSettings settings)
[xUnit.net 00:00:26.44]         J:\repos\knilecrack\Open-Xml-PowerTools\OpenXmlPowerTools\WmlComparer.cs(4328,0): at OpenXmlPowerTools.WmlComparer.ProduceNewWmlMarkupFromCorrelatedSequence(OpenXmlPart part, IEnumerable`1 comparisonUnitAtomList, WmlComparerSettings settings)
[xUnit.net 00:00:26.44]         J:\repos\knilecrack\Open-Xml-PowerTools\OpenXmlPowerTools\WmlComparer.cs(1686,0): at OpenXmlPowerTools.WmlComparer.ProduceDocumentWithTrackedRevisions(WmlComparerSettings settings, WmlDocument wmlResult, WordprocessingDocument wDoc1, WordprocessingDocument wDoc2)
[xUnit.net 00:00:26.44]         J:\repos\knilecrack\Open-Xml-PowerTools\OpenXmlPowerTools\WmlComparer.cs(213,0): at OpenXmlPowerTools.WmlComparer.CompareInternal(WmlDocument source1, WmlDocument source2, WmlComparerSettings settings, Boolean preProcessMarkupInOriginal)
[xUnit.net 00:00:26.44]         J:\repos\knilecrack\Open-Xml-PowerTools\OpenXmlPowerTools\WmlComparer.cs(94,0): at OpenXmlPowerTools.WmlComparer.Compare(WmlDocument source1, WmlDocument source2, WmlComparerSettings settings)
[xUnit.net 00:00:26.44]         J:\repos\knilecrack\Open-Xml-PowerTools\OpenXmlPowerTools.Tests\WmlComparerTests.cs(404,0): at OxPt.WcTests.WC002_Consolidate_Bulk_Test(String testId, String name1, String name2)
[xUnit.net 00:00:26.44]            at InvokeStub_WcTests.WC002_Consolidate_Bulk_Test(Object, Span`1)
[xUnit.net 00:00:26.44]            at System.Reflection.MethodBaseInvoker.InvokeWithFewArgs(Object obj, BindingFlags invokeAttr, Binder binder, Object[] parameters, CultureInfo culture)
[xUnit.net 00:00:26.54]       OpenXmlPowerTools.OpenXmlPowerToolsException : Internal error
[xUnit.net 00:00:26.54]       Stack Trace:
[xUnit.net 00:00:26.54]         J:\repos\knilecrack\Open-Xml-PowerTools\OpenXmlPowerTools\WmlComparer.cs(2986,0): at OpenXmlPowerTools.WmlComparer.<>c.<AssembleAncestorUnidsInOrderToRebuildXmlTreeProperly>b__44_4(XElement ae)
[xUnit.net 00:00:26.54]            at System.Linq.Enumerable.ArraySelectIterator`2.ToArray()
[xUnit.net 00:00:26.54]         J:\repos\knilecrack\Open-Xml-PowerTools\OpenXmlPowerTools\WmlComparer.cs(2980,0): at OpenXmlPowerTools.WmlComparer.AssembleAncestorUnidsInOrderToRebuildXmlTreeProperly(List`1 comparisonUnitAtomList)
[xUnit.net 00:00:26.54]         J:\repos\knilecrack\Open-Xml-PowerTools\OpenXmlPowerTools\WmlComparer.cs(2647,0): at OpenXmlPowerTools.WmlComparer.ProcessFootnoteEndnote(WmlComparerSettings settings, List`1 listOfComparisonUnitAtoms, MainDocumentPart mainDocumentPartBefore, MainDocumentPart mainDocumentPartAfter, XDocument mainDocumentXDoc)
[xUnit.net 00:00:26.54]         J:\repos\knilecrack\Open-Xml-PowerTools\OpenXmlPowerTools\WmlComparer.cs(1698,0): at OpenXmlPowerTools.WmlComparer.ProduceDocumentWithTrackedRevisions(WmlComparerSettings settings, WmlDocument wmlResult, WordprocessingDocument wDoc1, WordprocessingDocument wDoc2)
[xUnit.net 00:00:26.54]         J:\repos\knilecrack\Open-Xml-PowerTools\OpenXmlPowerTools\WmlComparer.cs(213,0): at OpenXmlPowerTools.WmlComparer.CompareInternal(WmlDocument source1, WmlDocument source2, WmlComparerSettings settings, Boolean preProcessMarkupInOriginal)
[xUnit.net 00:00:26.54]         J:\repos\knilecrack\Open-Xml-PowerTools\OpenXmlPowerTools\WmlComparer.cs(94,0): at OpenXmlPowerTools.WmlComparer.Compare(WmlDocument source1, WmlDocument source2, WmlComparerSettings settings)
[xUnit.net 00:00:26.54]         J:\repos\knilecrack\Open-Xml-PowerTools\OpenXmlPowerTools.Tests\WmlComparerTests.cs(404,0): at OxPt.WcTests.WC002_Consolidate_Bulk_Test(String testId, String name1, String name2)
[xUnit.net 00:00:26.54]            at InvokeStub_WcTests.WC002_Consolidate_Bulk_Test(Object, Span`1)
[xUnit.net 00:00:26.54]            at System.Reflection.MethodBaseInvoker.InvokeWithFewArgs(Object obj, BindingFlags invokeAttr, Binder binder, Object[] parameters, CultureInfo culture)
  Failed OxPt.WcTests.WC002_Consolidate_Bulk_Test(testId: "WCB-1630", name1: "WC/WC036-Footnote-With-Table-After.docx", name2: "WC/WC036-Footnote-With-Table-Before.docx") [65 ms]
  Error Message:
   OpenXmlPowerTools.OpenXmlPowerToolsException : Internal error
  Stack Trace:
     at OpenXmlPowerTools.WmlComparer.<>c.<SetAfterUnids>b__75_1(XElement a) in J:\repos\knilecrack\Open-Xml-PowerTools\OpenXmlPowerTools\WmlComparer.cs:line 5017
   at System.Linq.Enumerable.ArrayWhereSelectIterator`2.ToArray(ReadOnlySpan`1 source, Func`2 predicate, Func`2 selector)
   at System.Linq.Enumerable.ListWhereSelectIterator`2.ToArray()
   at OpenXmlPowerTools.WmlComparer.SetAfterUnids(CorrelatedSequence unknown) in J:\repos\knilecrack\Open-Xml-PowerTools\OpenXmlPowerTools\WmlComparer.cs:line 5011
   at OpenXmlPowerTools.WmlComparer.Lcs(ComparisonUnit[] cu1, ComparisonUnit[] cu2, WmlComparerSettings settings) in J:\repos\knilecrack\Open-Xml-PowerTools\OpenXmlPowerTools\WmlComparer.cs:line 4932
   at OpenXmlPowerTools.WmlComparer.ProcessFootnoteEndnote(WmlComparerSettings settings, List`1 listOfComparisonUnitAtoms, MainDocumentPart mainDocumentPartBefore, MainDocumentPart mainDocumentPartAfter, XDocument mainDocumentXDoc) in J:\repos\knilecrack\Open-Xml-PowerTools\OpenXmlPowerTools\WmlComparer.cs:line 2421
   at OpenXmlPowerTools.WmlComparer.ProduceDocumentWithTrackedRevisions(WmlComparerSettings settings, WmlDocument wmlResult, WordprocessingDocument wDoc1, WordprocessingDocument wDoc2) in J:\repos\knilecrack\Open-Xml-PowerTools\OpenXmlPowerTools\WmlComparer.cs:line 1698
   at OpenXmlPowerTools.WmlComparer.CompareInternal(WmlDocument source1, WmlDocument source2, WmlComparerSettings settings, Boolean preProcessMarkupInOriginal) in J:\repos\knilecrack\Open-Xml-PowerTools\OpenXmlPowerTools\WmlComparer.cs:line 213
   at OpenXmlPowerTools.WmlComparer.Compare(WmlDocument source1, WmlDocument source2, WmlComparerSettings settings) in J:\repos\knilecrack\Open-Xml-PowerTools\OpenXmlPowerTools\WmlComparer.cs:line 94
   at OxPt.WcTests.WC002_Consolidate_Bulk_Test(String testId, String name1, String name2) in J:\repos\knilecrack\Open-Xml-PowerTools\OpenXmlPowerTools.Tests\WmlComparerTests.cs:line 404
   at InvokeStub_WcTests.WC002_Consolidate_Bulk_Test(Object, Span`1)
   at System.Reflection.MethodBaseInvoker.InvokeWithFewArgs(Object obj, BindingFlags invokeAttr, Binder binder, Object[] parameters, CultureInfo culture)
  Passed OxPt.DbTests.DB004_DocumentBuilderNoHeaders [17 ms]
  Passed OxPt.DbTests.DB012_NumberingsWithSameAbstractNumbering [14 ms]
  Passed OxPt.DbTests.DB001_DocumentBuilderKeepSections [11 ms]
  Failed OxPt.WcTests.WC002_Consolidate_Bulk_Test(testId: "WCB-1580", name1: "WC/WC034-Footnotes-Before.docx", name2: "WC/WC034-Footnotes-After3.docx") [43 ms]
  Error Message:
   OpenXmlPowerTools.OpenXmlPowerToolsException : Internal error
  Stack Trace:
     at OpenXmlPowerTools.WmlComparer.<>c.<AssembleAncestorUnidsInOrderToRebuildXmlTreeProperly>b__44_4(XElement ae) in J:\repos\knilecrack\Open-Xml-PowerTools\OpenXmlPowerTools\WmlComparer.cs:line 2986
   at System.Linq.Enumerable.ArraySelectIterator`2.ToArray()
   at OpenXmlPowerTools.WmlComparer.AssembleAncestorUnidsInOrderToRebuildXmlTreeProperly(List`1 comparisonUnitAtomList) in J:\repos\knilecrack\Open-Xml-PowerTools\OpenXmlPowerTools\WmlComparer.cs:line 2980
   at OpenXmlPowerTools.WmlComparer.ProcessFootnoteEndnote(WmlComparerSettings settings, List`1 listOfComparisonUnitAtoms, MainDocumentPart mainDocumentPartBefore, MainDocumentPart mainDocumentPartAfter, XDocument mainDocumentXDoc) in J:\repos\knilecrack\Open-Xml-PowerTools\OpenXmlPowerTools\WmlComparer.cs:line 2549
   at OpenXmlPowerTools.WmlComparer.ProduceDocumentWithTrackedRevisions(WmlComparerSettings settings, WmlDocument wmlResult, WordprocessingDocument wDoc1, WordprocessingDocument wDoc2) in J:\repos\knilecrack\Open-Xml-PowerTools\OpenXmlPowerTools\WmlComparer.cs:line 1698
   at OpenXmlPowerTools.WmlComparer.CompareInternal(WmlDocument source1, WmlDocument source2, WmlComparerSettings settings, Boolean preProcessMarkupInOriginal) in J:\repos\knilecrack\Open-Xml-PowerTools\OpenXmlPowerTools\WmlComparer.cs:line 213
   at OpenXmlPowerTools.WmlComparer.Compare(WmlDocument source1, WmlDocument source2, WmlComparerSettings settings) in J:\repos\knilecrack\Open-Xml-PowerTools\OpenXmlPowerTools\WmlComparer.cs:line 94
   at OxPt.WcTests.WC002_Consolidate_Bulk_Test(String testId, String name1, String name2) in J:\repos\knilecrack\Open-Xml-PowerTools\OpenXmlPowerTools.Tests\WmlComparerTests.cs:line 404
   at InvokeStub_WcTests.WC002_Consolidate_Bulk_Test(Object, Span`1)
   at System.Reflection.MethodBaseInvoker.InvokeWithFewArgs(Object obj, BindingFlags invokeAttr, Binder binder, Object[] parameters, CultureInfo culture)
  Failed OxPt.WcTests.WC002_Consolidate_Bulk_Test(testId: "WCB-1290", name1: "WC/WC014-SmartArt-With-Image-Before.docx", name2: "WC/WC014-SmartArt-With-Image-Deleted-After.docx") [53 ms]
  Error Message:
   System.InvalidOperationException : Unable to extract Package from DocumentFormat.OpenXml.Packaging.PackageUriHandlingExtensions+MalformedUriHandlingPackage. The SDK returned an unexpected package type. Expected Package or MalformedUriHandlingPackage with accessible inner Package.
  Stack Trace:
     at OpenXmlPowerTools.OpenXmlPackageExtensions.GetPackage(OpenXmlPackage package) in J:\repos\knilecrack\Open-Xml-PowerTools\OpenXmlPowerTools\OxPtHelpers.cs:line 107
   at OpenXmlPowerTools.WmlComparer.<>c__DisplayClass69_5.<CoalesceRecurse>b__17(ComparisonUnitAtom gce) in J:\repos\knilecrack\Open-Xml-PowerTools\OpenXmlPowerTools\WmlComparer.cs:line 4610
   at System.Linq.Enumerable.IEnumerableSelectIterator`2.MoveNext()
   at System.Xml.Linq.XContainer.AddContentSkipNotify(Object content)
   at System.Xml.Linq.XContainer.AddContentSkipNotify(Object content)
   at System.Xml.Linq.XContainer.AddContentSkipNotify(Object content)
   at System.Xml.Linq.XContainer.AddContentSkipNotify(Object content)
   at System.Xml.Linq.XContainer.AddContentSkipNotify(Object content)
   at System.Xml.Linq.XContainer.AddContentSkipNotify(Object content)
   at OpenXmlPowerTools.WmlComparer.<>c__DisplayClass69_0.<CoalesceRecurse>b__2(IGrouping`2 g) in J:\repos\knilecrack\Open-Xml-PowerTools\OpenXmlPowerTools\WmlComparer.cs:line 4558
   at System.Linq.Enumerable.IEnumerableWhereSelectIterator`2.ToList()
   at OpenXmlPowerTools.WmlComparer.CoalesceRecurse(OpenXmlPart part, IEnumerable`1 list, Int32 level, WmlComparerSettings settings) in J:\repos\knilecrack\Open-Xml-PowerTools\OpenXmlPowerTools\WmlComparer.cs:line 4481
   at OpenXmlPowerTools.WmlComparer.<>c__DisplayClass69_0.<CoalesceRecurse>b__5(IGrouping`2 gc) in J:\repos\knilecrack\Open-Xml-PowerTools\OpenXmlPowerTools\WmlComparer.cs:line 4521
   at System.Linq.Enumerable.ListSelectIterator`2.ToList()
   at OpenXmlPowerTools.WmlComparer.<>c__DisplayClass69_0.<CoalesceRecurse>b__2(IGrouping`2 g) in J:\repos\knilecrack\Open-Xml-PowerTools\OpenXmlPowerTools\WmlComparer.cs:line 4505
   at System.Linq.Enumerable.IEnumerableWhereSelectIterator`2.ToList()
   at OpenXmlPowerTools.WmlComparer.CoalesceRecurse(OpenXmlPart part, IEnumerable`1 list, Int32 level, WmlComparerSettings settings) in J:\repos\knilecrack\Open-Xml-PowerTools\OpenXmlPowerTools\WmlComparer.cs:line 4481
   at OpenXmlPowerTools.WmlComparer.ProduceNewWmlMarkupFromCorrelatedSequence(OpenXmlPart part, IEnumerable`1 comparisonUnitAtomList, WmlComparerSettings settings) in J:\repos\knilecrack\Open-Xml-PowerTools\OpenXmlPowerTools\WmlComparer.cs:line 4328
   at OpenXmlPowerTools.WmlComparer.ProduceDocumentWithTrackedRevisions(WmlComparerSettings settings, WmlDocument wmlResult, WordprocessingDocument wDoc1, WordprocessingDocument wDoc2) in J:\repos\knilecrack\Open-Xml-PowerTools\OpenXmlPowerTools\WmlComparer.cs:line 1686
   at OpenXmlPowerTools.WmlComparer.CompareInternal(WmlDocument source1, WmlDocument source2, WmlComparerSettings settings, Boolean preProcessMarkupInOriginal) in J:\repos\knilecrack\Open-Xml-PowerTools\OpenXmlPowerTools\WmlComparer.cs:line 213
   at OpenXmlPowerTools.WmlComparer.Compare(WmlDocument source1, WmlDocument source2, WmlComparerSettings settings) in J:\repos\knilecrack\Open-Xml-PowerTools\OpenXmlPowerTools\WmlComparer.cs:line 94
   at OxPt.WcTests.WC002_Consolidate_Bulk_Test(String testId, String name1, String name2) in J:\repos\knilecrack\Open-Xml-PowerTools\OpenXmlPowerTools.Tests\WmlComparerTests.cs:line 404
   at InvokeStub_WcTests.WC002_Consolidate_Bulk_Test(Object, Span`1)
   at System.Reflection.MethodBaseInvoker.InvokeWithFewArgs(Object obj, BindingFlags invokeAttr, Binder binder, Object[] parameters, CultureInfo culture)
  Failed OxPt.WcTests.WC002_Consolidate_Bulk_Test(testId: "WCB-1610", name1: "WC/WC035-Footnote-After.docx", name2: "WC/WC035-Footnote-Before.docx") [95 ms]
  Error Message:
   OpenXmlPowerTools.OpenXmlPowerToolsException : Internal error
  Stack Trace:
     at OpenXmlPowerTools.WmlComparer.<>c.<AssembleAncestorUnidsInOrderToRebuildXmlTreeProperly>b__44_4(XElement ae) in J:\repos\knilecrack\Open-Xml-PowerTools\OpenXmlPowerTools\WmlComparer.cs:line 2986
   at System.Linq.Enumerable.ArraySelectIterator`2.ToArray()
   at OpenXmlPowerTools.WmlComparer.AssembleAncestorUnidsInOrderToRebuildXmlTreeProperly(List`1 comparisonUnitAtomList) in J:\repos\knilecrack\Open-Xml-PowerTools\OpenXmlPowerTools\WmlComparer.cs:line 2980
   at OpenXmlPowerTools.WmlComparer.ProcessFootnoteEndnote(WmlComparerSettings settings, List`1 listOfComparisonUnitAtoms, MainDocumentPart mainDocumentPartBefore, MainDocumentPart mainDocumentPartAfter, XDocument mainDocumentXDoc) in J:\repos\knilecrack\Open-Xml-PowerTools\OpenXmlPowerTools\WmlComparer.cs:line 2647
   at OpenXmlPowerTools.WmlComparer.ProduceDocumentWithTrackedRevisions(WmlComparerSettings settings, WmlDocument wmlResult, WordprocessingDocument wDoc1, WordprocessingDocument wDoc2) in J:\repos\knilecrack\Open-Xml-PowerTools\OpenXmlPowerTools\WmlComparer.cs:line 1698
   at OpenXmlPowerTools.WmlComparer.CompareInternal(WmlDocument source1, WmlDocument source2, WmlComparerSettings settings, Boolean preProcessMarkupInOriginal) in J:\repos\knilecrack\Open-Xml-PowerTools\OpenXmlPowerTools\WmlComparer.cs:line 213
   at OpenXmlPowerTools.WmlComparer.Compare(WmlDocument source1, WmlDocument source2, WmlComparerSettings settings) in J:\repos\knilecrack\Open-Xml-PowerTools\OpenXmlPowerTools\WmlComparer.cs:line 94
   at OxPt.WcTests.WC002_Consolidate_Bulk_Test(String testId, String name1, String name2) in J:\repos\knilecrack\Open-Xml-PowerTools\OpenXmlPowerTools.Tests\WmlComparerTests.cs:line 404
   at InvokeStub_WcTests.WC002_Consolidate_Bulk_Test(Object, Span`1)
   at System.Reflection.MethodBaseInvoker.InvokeWithFewArgs(Object obj, BindingFlags invokeAttr, Binder binder, Object[] parameters, CultureInfo culture)
  Passed OxPt.DbTests.DB009_ShredDocument [207 ms]
[xUnit.net 00:00:26.60]       OpenXmlPowerTools.OpenXmlPowerToolsException : Internal error
[xUnit.net 00:00:26.60]       Stack Trace:
[xUnit.net 00:00:26.60]         J:\repos\knilecrack\Open-Xml-PowerTools\OpenXmlPowerTools\WmlComparer.cs(5017,0): at OpenXmlPowerTools.WmlComparer.<>c.<SetAfterUnids>b__75_1(XElement a)
[xUnit.net 00:00:26.60]            at System.Linq.Enumerable.ArrayWhereSelectIterator`2.ToArray(ReadOnlySpan`1 source, Func`2 predicate, Func`2 selector)
[xUnit.net 00:00:26.60]            at System.Linq.Enumerable.ListWhereSelectIterator`2.ToArray()
[xUnit.net 00:00:26.60]         J:\repos\knilecrack\Open-Xml-PowerTools\OpenXmlPowerTools\WmlComparer.cs(5011,0): at OpenXmlPowerTools.WmlComparer.SetAfterUnids(CorrelatedSequence unknown)
[xUnit.net 00:00:26.60]         J:\repos\knilecrack\Open-Xml-PowerTools\OpenXmlPowerTools\WmlComparer.cs(4932,0): at OpenXmlPowerTools.WmlComparer.Lcs(ComparisonUnit[] cu1, ComparisonUnit[] cu2, WmlComparerSettings settings)
[xUnit.net 00:00:26.60]         J:\repos\knilecrack\Open-Xml-PowerTools\OpenXmlPowerTools\WmlComparer.cs(2421,0): at OpenXmlPowerTools.WmlComparer.ProcessFootnoteEndnote(WmlComparerSettings settings, List`1 listOfComparisonUnitAtoms, MainDocumentPart mainDocumentPartBefore, MainDocumentPart mainDocumentPartAfter, XDocument mainDocumentXDoc)
[xUnit.net 00:00:26.60]         J:\repos\knilecrack\Open-Xml-PowerTools\OpenXmlPowerTools\WmlComparer.cs(1698,0): at OpenXmlPowerTools.WmlComparer.ProduceDocumentWithTrackedRevisions(WmlComparerSettings settings, WmlDocument wmlResult, WordprocessingDocument wDoc1, WordprocessingDocument wDoc2)
[xUnit.net 00:00:26.60]         J:\repos\knilecrack\Open-Xml-PowerTools\OpenXmlPowerTools\WmlComparer.cs(213,0): at OpenXmlPowerTools.WmlComparer.CompareInternal(WmlDocument source1, WmlDocument source2, WmlComparerSettings settings, Boolean preProcessMarkupInOriginal)
[xUnit.net 00:00:26.60]         J:\repos\knilecrack\Open-Xml-PowerTools\OpenXmlPowerTools\WmlComparer.cs(94,0): at OpenXmlPowerTools.WmlComparer.Compare(WmlDocument source1, WmlDocument source2, WmlComparerSettings settings)
[xUnit.net 00:00:26.60]         J:\repos\knilecrack\Open-Xml-PowerTools\OpenXmlPowerTools.Tests\WmlComparerTests.cs(404,0): at OxPt.WcTests.WC002_Consolidate_Bulk_Test(String testId, String name1, String name2)
[xUnit.net 00:00:26.60]            at InvokeStub_WcTests.WC002_Consolidate_Bulk_Test(Object, Span`1)
[xUnit.net 00:00:26.60]            at System.Reflection.MethodBaseInvoker.InvokeWithFewArgs(Object obj, BindingFlags invokeAttr, Binder binder, Object[] parameters, CultureInfo culture)
[xUnit.net 00:00:26.68]       OpenXmlPowerTools.OpenXmlPowerToolsException : Internal error
[xUnit.net 00:00:26.68]       Stack Trace:
[xUnit.net 00:00:26.68]         J:\repos\knilecrack\Open-Xml-PowerTools\OpenXmlPowerTools\WmlComparer.cs(2986,0): at OpenXmlPowerTools.WmlComparer.<>c.<AssembleAncestorUnidsInOrderToRebuildXmlTreeProperly>b__44_4(XElement ae)
[xUnit.net 00:00:26.68]            at System.Linq.Enumerable.ArraySelectIterator`2.ToArray()
[xUnit.net 00:00:26.68]         J:\repos\knilecrack\Open-Xml-PowerTools\OpenXmlPowerTools\WmlComparer.cs(2980,0): at OpenXmlPowerTools.WmlComparer.AssembleAncestorUnidsInOrderToRebuildXmlTreeProperly(List`1 comparisonUnitAtomList)
[xUnit.net 00:00:26.68]         J:\repos\knilecrack\Open-Xml-PowerTools\OpenXmlPowerTools\WmlComparer.cs(2549,0): at OpenXmlPowerTools.WmlComparer.ProcessFootnoteEndnote(WmlComparerSettings settings, List`1 listOfComparisonUnitAtoms, MainDocumentPart mainDocumentPartBefore, MainDocumentPart mainDocumentPartAfter, XDocument mainDocumentXDoc)
[xUnit.net 00:00:26.68]         J:\repos\knilecrack\Open-Xml-PowerTools\OpenXmlPowerTools\WmlComparer.cs(1698,0): at OpenXmlPowerTools.WmlComparer.ProduceDocumentWithTrackedRevisions(WmlComparerSettings settings, WmlDocument wmlResult, WordprocessingDocument wDoc1, WordprocessingDocument wDoc2)
[xUnit.net 00:00:26.68]         J:\repos\knilecrack\Open-Xml-PowerTools\OpenXmlPowerTools\WmlComparer.cs(213,0): at OpenXmlPowerTools.WmlComparer.CompareInternal(WmlDocument source1, WmlDocument source2, WmlComparerSettings settings, Boolean preProcessMarkupInOriginal)
[xUnit.net 00:00:26.68]         J:\repos\knilecrack\Open-Xml-PowerTools\OpenXmlPowerTools\WmlComparer.cs(94,0): at OpenXmlPowerTools.WmlComparer.Compare(WmlDocument source1, WmlDocument source2, WmlComparerSettings settings)
[xUnit.net 00:00:26.68]         J:\repos\knilecrack\Open-Xml-PowerTools\OpenXmlPowerTools.Tests\WmlComparerTests.cs(404,0): at OxPt.WcTests.WC002_Consolidate_Bulk_Test(String testId, String name1, String name2)
[xUnit.net 00:00:26.68]            at InvokeStub_WcTests.WC002_Consolidate_Bulk_Test(Object, Span`1)
[xUnit.net 00:00:26.68]            at System.Reflection.MethodBaseInvoker.InvokeWithFewArgs(Object obj, BindingFlags invokeAttr, Binder binder, Object[] parameters, CultureInfo culture)
[xUnit.net 00:00:26.80]       System.InvalidOperationException : Unable to extract Package from DocumentFormat.OpenXml.Packaging.PackageUriHandlingExtensions+MalformedUriHandlingPackage. The SDK returned an unexpected package type. Expected Package or MalformedUriHandlingPackage with accessible inner Package.
[xUnit.net 00:00:26.80]       Stack Trace:
[xUnit.net 00:00:26.80]         J:\repos\knilecrack\Open-Xml-PowerTools\OpenXmlPowerTools\OxPtHelpers.cs(107,0): at OpenXmlPowerTools.OpenXmlPackageExtensions.GetPackage(OpenXmlPackage package)
[xUnit.net 00:00:26.80]         J:\repos\knilecrack\Open-Xml-PowerTools\OpenXmlPowerTools\WmlComparer.cs(1343,0): at OpenXmlPowerTools.WmlComparer.AddToAnnotation(WordprocessingDocument wDocDelta, WordprocessingDocument consolidatedWDoc, XElement elementToInsertAfter, ConsolidationInfo consolidationInfo, WmlComparerSettings settings)
[xUnit.net 00:00:26.80]         J:\repos\knilecrack\Open-Xml-PowerTools\OpenXmlPowerTools\WmlComparer.cs(750,0): at OpenXmlPowerTools.WmlComparer.Consolidate(WmlDocument original, List`1 revisedDocumentInfoList, WmlComparerSettings settings, WmlComparerConsolidateSettings consolidateSettings)
[xUnit.net 00:00:26.80]         J:\repos\knilecrack\Open-Xml-PowerTools\OpenXmlPowerTools\WmlComparer.cs(530,0): at OpenXmlPowerTools.WmlComparer.Consolidate(WmlDocument original, List`1 revisedDocumentInfoList, WmlComparerSettings settings)
[xUnit.net 00:00:26.80]         J:\repos\knilecrack\Open-Xml-PowerTools\OpenXmlPowerTools.Tests\WmlComparerTests.cs(416,0): at OxPt.WcTests.WC002_Consolidate_Bulk_Test(String testId, String name1, String name2)
[xUnit.net 00:00:26.80]            at InvokeStub_WcTests.WC002_Consolidate_Bulk_Test(Object, Span`1)
[xUnit.net 00:00:26.80]            at System.Reflection.MethodBaseInvoker.InvokeWithFewArgs(Object obj, BindingFlags invokeAttr, Binder binder, Object[] parameters, CultureInfo culture)
[xUnit.net 00:00:26.85]       OpenXmlPowerTools.OpenXmlPowerToolsException : Internal error
[xUnit.net 00:00:26.85]       Stack Trace:
[xUnit.net 00:00:26.85]         J:\repos\knilecrack\Open-Xml-PowerTools\OpenXmlPowerTools\WmlComparer.cs(5017,0): at OpenXmlPowerTools.WmlComparer.<>c.<SetAfterUnids>b__75_1(XElement a)
[xUnit.net 00:00:26.85]            at System.Linq.Enumerable.ArrayWhereSelectIterator`2.ToArray(ReadOnlySpan`1 source, Func`2 predicate, Func`2 selector)
[xUnit.net 00:00:26.85]            at System.Linq.Enumerable.ListWhereSelectIterator`2.ToArray()
[xUnit.net 00:00:26.85]         J:\repos\knilecrack\Open-Xml-PowerTools\OpenXmlPowerTools\WmlComparer.cs(5011,0): at OpenXmlPowerTools.WmlComparer.SetAfterUnids(CorrelatedSequence unknown)
[xUnit.net 00:00:26.85]         J:\repos\knilecrack\Open-Xml-PowerTools\OpenXmlPowerTools\WmlComparer.cs(4932,0): at OpenXmlPowerTools.WmlComparer.Lcs(ComparisonUnit[] cu1, ComparisonUnit[] cu2, WmlComparerSettings settings)
[xUnit.net 00:00:26.85]         J:\repos\knilecrack\Open-Xml-PowerTools\OpenXmlPowerTools\WmlComparer.cs(2421,0): at OpenXmlPowerTools.WmlComparer.ProcessFootnoteEndnote(WmlComparerSettings settings, List`1 listOfComparisonUnitAtoms, MainDocumentPart mainDocumentPartBefore, MainDocumentPart mainDocumentPartAfter, XDocument mainDocumentXDoc)
[xUnit.net 00:00:26.85]         J:\repos\knilecrack\Open-Xml-PowerTools\OpenXmlPowerTools\WmlComparer.cs(1698,0): at OpenXmlPowerTools.WmlComparer.ProduceDocumentWithTrackedRevisions(WmlComparerSettings settings, WmlDocument wmlResult, WordprocessingDocument wDoc1, WordprocessingDocument wDoc2)
[xUnit.net 00:00:26.85]         J:\repos\knilecrack\Open-Xml-PowerTools\OpenXmlPowerTools\WmlComparer.cs(213,0): at OpenXmlPowerTools.WmlComparer.CompareInternal(WmlDocument source1, WmlDocument source2, WmlComparerSettings settings, Boolean preProcessMarkupInOriginal)
[xUnit.net 00:00:26.85]         J:\repos\knilecrack\Open-Xml-PowerTools\OpenXmlPowerTools\WmlComparer.cs(94,0): at OpenXmlPowerTools.WmlComparer.Compare(WmlDocument source1, WmlDocument source2, WmlComparerSettings settings)
[xUnit.net 00:00:26.85]         J:\repos\knilecrack\Open-Xml-PowerTools\OpenXmlPowerTools.Tests\WmlComparerTests.cs(404,0): at OxPt.WcTests.WC002_Consolidate_Bulk_Test(String testId, String name1, String name2)
[xUnit.net 00:00:26.85]            at InvokeStub_WcTests.WC002_Consolidate_Bulk_Test(Object, Span`1)
[xUnit.net 00:00:26.85]            at System.Reflection.MethodBaseInvoker.InvokeWithFewArgs(Object obj, BindingFlags invokeAttr, Binder binder, Object[] parameters, CultureInfo culture)
[xUnit.net 00:00:26.91]       OpenXmlPowerTools.OpenXmlPowerToolsException : Internal error
[xUnit.net 00:00:26.91]       Stack Trace:
[xUnit.net 00:00:26.91]         J:\repos\knilecrack\Open-Xml-PowerTools\OpenXmlPowerTools\WmlComparer.cs(5017,0): at OpenXmlPowerTools.WmlComparer.<>c.<SetAfterUnids>b__75_1(XElement a)
[xUnit.net 00:00:26.91]            at System.Linq.Enumerable.ArrayWhereSelectIterator`2.ToArray(ReadOnlySpan`1 source, Func`2 predicate, Func`2 selector)
[xUnit.net 00:00:26.91]            at System.Linq.Enumerable.ListWhereSelectIterator`2.ToArray()
[xUnit.net 00:00:26.91]         J:\repos\knilecrack\Open-Xml-PowerTools\OpenXmlPowerTools\WmlComparer.cs(5011,0): at OpenXmlPowerTools.WmlComparer.SetAfterUnids(CorrelatedSequence unknown)
[xUnit.net 00:00:26.91]         J:\repos\knilecrack\Open-Xml-PowerTools\OpenXmlPowerTools\WmlComparer.cs(4932,0): at OpenXmlPowerTools.WmlComparer.Lcs(ComparisonUnit[] cu1, ComparisonUnit[] cu2, WmlComparerSettings settings)
[xUnit.net 00:00:26.91]         J:\repos\knilecrack\Open-Xml-PowerTools\OpenXmlPowerTools\WmlComparer.cs(2421,0): at OpenXmlPowerTools.WmlComparer.ProcessFootnoteEndnote(WmlComparerSettings settings, List`1 listOfComparisonUnitAtoms, MainDocumentPart mainDocumentPartBefore, MainDocumentPart mainDocumentPartAfter, XDocument mainDocumentXDoc)
[xUnit.net 00:00:26.91]         J:\repos\knilecrack\Open-Xml-PowerTools\OpenXmlPowerTools\WmlComparer.cs(1698,0): at OpenXmlPowerTools.WmlComparer.ProduceDocumentWithTrackedRevisions(WmlComparerSettings settings, WmlDocument wmlResult, WordprocessingDocument wDoc1, WordprocessingDocument wDoc2)
[xUnit.net 00:00:26.91]         J:\repos\knilecrack\Open-Xml-PowerTools\OpenXmlPowerTools\WmlComparer.cs(213,0): at OpenXmlPowerTools.WmlComparer.CompareInternal(WmlDocument source1, WmlDocument source2, WmlComparerSettings settings, Boolean preProcessMarkupInOriginal)
[xUnit.net 00:00:26.91]         J:\repos\knilecrack\Open-Xml-PowerTools\OpenXmlPowerTools\WmlComparer.cs(94,0): at OpenXmlPowerTools.WmlComparer.Compare(WmlDocument source1, WmlDocument source2, WmlComparerSettings settings)
[xUnit.net 00:00:26.91]         J:\repos\knilecrack\Open-Xml-PowerTools\OpenXmlPowerTools.Tests\WmlComparerTests.cs(404,0): at OxPt.WcTests.WC002_Consolidate_Bulk_Test(String testId, String name1, String name2)
[xUnit.net 00:00:26.91]            at InvokeStub_WcTests.WC002_Consolidate_Bulk_Test(Object, Span`1)
[xUnit.net 00:00:26.91]            at System.Reflection.MethodBaseInvoker.InvokeWithFewArgs(Object obj, BindingFlags invokeAttr, Binder binder, Object[] parameters, CultureInfo culture)
[xUnit.net 00:00:26.98]       OpenXmlPowerTools.OpenXmlPowerToolsException : Internal error
[xUnit.net 00:00:26.98]       Stack Trace:
[xUnit.net 00:00:26.98]         J:\repos\knilecrack\Open-Xml-PowerTools\OpenXmlPowerTools\WmlComparer.cs(5017,0): at OpenXmlPowerTools.WmlComparer.<>c.<SetAfterUnids>b__75_1(XElement a)
[xUnit.net 00:00:26.98]            at System.Linq.Enumerable.ArrayWhereSelectIterator`2.ToArray(ReadOnlySpan`1 source, Func`2 predicate, Func`2 selector)
[xUnit.net 00:00:26.98]            at System.Linq.Enumerable.ListWhereSelectIterator`2.ToArray()
[xUnit.net 00:00:26.98]         J:\repos\knilecrack\Open-Xml-PowerTools\OpenXmlPowerTools\WmlComparer.cs(5011,0): at OpenXmlPowerTools.WmlComparer.SetAfterUnids(CorrelatedSequence unknown)
[xUnit.net 00:00:26.98]         J:\repos\knilecrack\Open-Xml-PowerTools\OpenXmlPowerTools\WmlComparer.cs(4932,0): at OpenXmlPowerTools.WmlComparer.Lcs(ComparisonUnit[] cu1, ComparisonUnit[] cu2, WmlComparerSettings settings)
[xUnit.net 00:00:26.98]         J:\repos\knilecrack\Open-Xml-PowerTools\OpenXmlPowerTools\WmlComparer.cs(2421,0): at OpenXmlPowerTools.WmlComparer.ProcessFootnoteEndnote(WmlComparerSettings settings, List`1 listOfComparisonUnitAtoms, MainDocumentPart mainDocumentPartBefore, MainDocumentPart mainDocumentPartAfter, XDocument mainDocumentXDoc)
[xUnit.net 00:00:26.98]         J:\repos\knilecrack\Open-Xml-PowerTools\OpenXmlPowerTools\WmlComparer.cs(1698,0): at OpenXmlPowerTools.WmlComparer.ProduceDocumentWithTrackedRevisions(WmlComparerSettings settings, WmlDocument wmlResult, WordprocessingDocument wDoc1, WordprocessingDocument wDoc2)
[xUnit.net 00:00:26.98]         J:\repos\knilecrack\Open-Xml-PowerTools\OpenXmlPowerTools\WmlComparer.cs(213,0): at OpenXmlPowerTools.WmlComparer.CompareInternal(WmlDocument source1, WmlDocument source2, WmlComparerSettings settings, Boolean preProcessMarkupInOriginal)
[xUnit.net 00:00:26.98]         J:\repos\knilecrack\Open-Xml-PowerTools\OpenXmlPowerTools\WmlComparer.cs(94,0): at OpenXmlPowerTools.WmlComparer.Compare(WmlDocument source1, WmlDocument source2, WmlComparerSettings settings)
[xUnit.net 00:00:26.98]         J:\repos\knilecrack\Open-Xml-PowerTools\OpenXmlPowerTools.Tests\WmlComparerTests.cs(404,0): at OxPt.WcTests.WC002_Consolidate_Bulk_Test(String testId, String name1, String name2)
[xUnit.net 00:00:26.98]            at InvokeStub_WcTests.WC002_Consolidate_Bulk_Test(Object, Span`1)
[xUnit.net 00:00:26.98]            at System.Reflection.MethodBaseInvoker.InvokeWithFewArgs(Object obj, BindingFlags invokeAttr, Binder binder, Object[] parameters, CultureInfo culture)
[xUnit.net 00:00:27.02]       OpenXmlPowerTools.OpenXmlPowerToolsException : Internal error
[xUnit.net 00:00:27.02]       Stack Trace:
[xUnit.net 00:00:27.02]         J:\repos\knilecrack\Open-Xml-PowerTools\OpenXmlPowerTools\WmlComparer.cs(2986,0): at OpenXmlPowerTools.WmlComparer.<>c.<AssembleAncestorUnidsInOrderToRebuildXmlTreeProperly>b__44_4(XElement ae)
[xUnit.net 00:00:27.02]            at System.Linq.Enumerable.ArraySelectIterator`2.ToArray()
[xUnit.net 00:00:27.02]         J:\repos\knilecrack\Open-Xml-PowerTools\OpenXmlPowerTools\WmlComparer.cs(2980,0): at OpenXmlPowerTools.WmlComparer.AssembleAncestorUnidsInOrderToRebuildXmlTreeProperly(List`1 comparisonUnitAtomList)
[xUnit.net 00:00:27.02]         J:\repos\knilecrack\Open-Xml-PowerTools\OpenXmlPowerTools\WmlComparer.cs(2647,0): at OpenXmlPowerTools.WmlComparer.ProcessFootnoteEndnote(WmlComparerSettings settings, List`1 listOfComparisonUnitAtoms, MainDocumentPart mainDocumentPartBefore, MainDocumentPart mainDocumentPartAfter, XDocument mainDocumentXDoc)
[xUnit.net 00:00:27.02]         J:\repos\knilecrack\Open-Xml-PowerTools\OpenXmlPowerTools\WmlComparer.cs(1698,0): at OpenXmlPowerTools.WmlComparer.ProduceDocumentWithTrackedRevisions(WmlComparerSettings settings, WmlDocument wmlResult, WordprocessingDocument wDoc1, WordprocessingDocument wDoc2)
[xUnit.net 00:00:27.02]         J:\repos\knilecrack\Open-Xml-PowerTools\OpenXmlPowerTools\WmlComparer.cs(213,0): at OpenXmlPowerTools.WmlComparer.CompareInternal(WmlDocument source1, WmlDocument source2, WmlComparerSettings settings, Boolean preProcessMarkupInOriginal)
[xUnit.net 00:00:27.02]         J:\repos\knilecrack\Open-Xml-PowerTools\OpenXmlPowerTools\WmlComparer.cs(94,0): at OpenXmlPowerTools.WmlComparer.Compare(WmlDocument source1, WmlDocument source2, WmlComparerSettings settings)
[xUnit.net 00:00:27.02]         J:\repos\knilecrack\Open-Xml-PowerTools\OpenXmlPowerTools.Tests\WmlComparerTests.cs(404,0): at OxPt.WcTests.WC002_Consolidate_Bulk_Test(String testId, String name1, String name2)
[xUnit.net 00:00:27.02]            at InvokeStub_WcTests.WC002_Consolidate_Bulk_Test(Object, Span`1)
[xUnit.net 00:00:27.02]            at System.Reflection.MethodBaseInvoker.InvokeWithFewArgs(Object obj, BindingFlags invokeAttr, Binder binder, Object[] parameters, CultureInfo culture)
  Failed OxPt.WcTests.WC002_Consolidate_Bulk_Test(testId: "WCB-1650", name1: "WC/WC034-Endnotes-Before.docx", name2: "WC/WC034-Endnotes-After2.docx") [62 ms]
  Error Message:
   OpenXmlPowerTools.OpenXmlPowerToolsException : Internal error
  Stack Trace:
     at OpenXmlPowerTools.WmlComparer.<>c.<SetAfterUnids>b__75_1(XElement a) in J:\repos\knilecrack\Open-Xml-PowerTools\OpenXmlPowerTools\WmlComparer.cs:line 5017
   at System.Linq.Enumerable.ArrayWhereSelectIterator`2.ToArray(ReadOnlySpan`1 source, Func`2 predicate, Func`2 selector)
   at System.Linq.Enumerable.ListWhereSelectIterator`2.ToArray()
   at OpenXmlPowerTools.WmlComparer.SetAfterUnids(CorrelatedSequence unknown) in J:\repos\knilecrack\Open-Xml-PowerTools\OpenXmlPowerTools\WmlComparer.cs:line 5011
   at OpenXmlPowerTools.WmlComparer.Lcs(ComparisonUnit[] cu1, ComparisonUnit[] cu2, WmlComparerSettings settings) in J:\repos\knilecrack\Open-Xml-PowerTools\OpenXmlPowerTools\WmlComparer.cs:line 4932
   at OpenXmlPowerTools.WmlComparer.ProcessFootnoteEndnote(WmlComparerSettings settings, List`1 listOfComparisonUnitAtoms, MainDocumentPart mainDocumentPartBefore, MainDocumentPart mainDocumentPartAfter, XDocument mainDocumentXDoc) in J:\repos\knilecrack\Open-Xml-PowerTools\OpenXmlPowerTools\WmlComparer.cs:line 2421
   at OpenXmlPowerTools.WmlComparer.ProduceDocumentWithTrackedRevisions(WmlComparerSettings settings, WmlDocument wmlResult, WordprocessingDocument wDoc1, WordprocessingDocument wDoc2) in J:\repos\knilecrack\Open-Xml-PowerTools\OpenXmlPowerTools\WmlComparer.cs:line 1698
   at OpenXmlPowerTools.WmlComparer.CompareInternal(WmlDocument source1, WmlDocument source2, WmlComparerSettings settings, Boolean preProcessMarkupInOriginal) in J:\repos\knilecrack\Open-Xml-PowerTools\OpenXmlPowerTools\WmlComparer.cs:line 213
   at OpenXmlPowerTools.WmlComparer.Compare(WmlDocument source1, WmlDocument source2, WmlComparerSettings settings) in J:\repos\knilecrack\Open-Xml-PowerTools\OpenXmlPowerTools\WmlComparer.cs:line 94
   at OxPt.WcTests.WC002_Consolidate_Bulk_Test(String testId, String name1, String name2) in J:\repos\knilecrack\Open-Xml-PowerTools\OpenXmlPowerTools.Tests\WmlComparerTests.cs:line 404
   at InvokeStub_WcTests.WC002_Consolidate_Bulk_Test(Object, Span`1)
   at System.Reflection.MethodBaseInvoker.InvokeWithFewArgs(Object obj, BindingFlags invokeAttr, Binder binder, Object[] parameters, CultureInfo culture)
  Passed OxPt.DbTests.DB011_BodyAndHeaderWithShapes [51 ms]
  Failed OxPt.WcTests.WC002_Consolidate_Bulk_Test(testId: "WCB-1660", name1: "WC/WC034-Endnotes-Before.docx", name2: "WC/WC034-Endnotes-After3.docx") [75 ms]
  Error Message:
   OpenXmlPowerTools.OpenXmlPowerToolsException : Internal error
  Stack Trace:
     at OpenXmlPowerTools.WmlComparer.<>c.<AssembleAncestorUnidsInOrderToRebuildXmlTreeProperly>b__44_4(XElement ae) in J:\repos\knilecrack\Open-Xml-PowerTools\OpenXmlPowerTools\WmlComparer.cs:line 2986
   at System.Linq.Enumerable.ArraySelectIterator`2.ToArray()
   at OpenXmlPowerTools.WmlComparer.AssembleAncestorUnidsInOrderToRebuildXmlTreeProperly(List`1 comparisonUnitAtomList) in J:\repos\knilecrack\Open-Xml-PowerTools\OpenXmlPowerTools\WmlComparer.cs:line 2980
   at OpenXmlPowerTools.WmlComparer.ProcessFootnoteEndnote(WmlComparerSettings settings, List`1 listOfComparisonUnitAtoms, MainDocumentPart mainDocumentPartBefore, MainDocumentPart mainDocumentPartAfter, XDocument mainDocumentXDoc) in J:\repos\knilecrack\Open-Xml-PowerTools\OpenXmlPowerTools\WmlComparer.cs:line 2549
   at OpenXmlPowerTools.WmlComparer.ProduceDocumentWithTrackedRevisions(WmlComparerSettings settings, WmlDocument wmlResult, WordprocessingDocument wDoc1, WordprocessingDocument wDoc2) in J:\repos\knilecrack\Open-Xml-PowerTools\OpenXmlPowerTools\WmlComparer.cs:line 1698
   at OpenXmlPowerTools.WmlComparer.CompareInternal(WmlDocument source1, WmlDocument source2, WmlComparerSettings settings, Boolean preProcessMarkupInOriginal) in J:\repos\knilecrack\Open-Xml-PowerTools\OpenXmlPowerTools\WmlComparer.cs:line 213
   at OpenXmlPowerTools.WmlComparer.Compare(WmlDocument source1, WmlDocument source2, WmlComparerSettings settings) in J:\repos\knilecrack\Open-Xml-PowerTools\OpenXmlPowerTools\WmlComparer.cs:line 94
   at OxPt.WcTests.WC002_Consolidate_Bulk_Test(String testId, String name1, String name2) in J:\repos\knilecrack\Open-Xml-PowerTools\OpenXmlPowerTools.Tests\WmlComparerTests.cs:line 404
   at InvokeStub_WcTests.WC002_Consolidate_Bulk_Test(Object, Span`1)
   at System.Reflection.MethodBaseInvoker.InvokeWithFewArgs(Object obj, BindingFlags invokeAttr, Binder binder, Object[] parameters, CultureInfo culture)
  Failed OxPt.WcTests.WC002_Consolidate_Bulk_Test(testId: "WCB-1040", name1: "WC/WC002-Unmodified.docx", name2: "WC/WC002-DiffInMiddle.docx") [119 ms]
  Error Message:
   System.InvalidOperationException : Unable to extract Package from DocumentFormat.OpenXml.Packaging.PackageUriHandlingExtensions+MalformedUriHandlingPackage. The SDK returned an unexpected package type. Expected Package or MalformedUriHandlingPackage with accessible inner Package.
  Stack Trace:
     at OpenXmlPowerTools.OpenXmlPackageExtensions.GetPackage(OpenXmlPackage package) in J:\repos\knilecrack\Open-Xml-PowerTools\OpenXmlPowerTools\OxPtHelpers.cs:line 107
   at OpenXmlPowerTools.WmlComparer.AddToAnnotation(WordprocessingDocument wDocDelta, WordprocessingDocument consolidatedWDoc, XElement elementToInsertAfter, ConsolidationInfo consolidationInfo, WmlComparerSettings settings) in J:\repos\knilecrack\Open-Xml-PowerTools\OpenXmlPowerTools\WmlComparer.cs:line 1343
   at OpenXmlPowerTools.WmlComparer.Consolidate(WmlDocument original, List`1 revisedDocumentInfoList, WmlComparerSettings settings, WmlComparerConsolidateSettings consolidateSettings) in J:\repos\knilecrack\Open-Xml-PowerTools\OpenXmlPowerTools\WmlComparer.cs:line 750
   at OpenXmlPowerTools.WmlComparer.Consolidate(WmlDocument original, List`1 revisedDocumentInfoList, WmlComparerSettings settings) in J:\repos\knilecrack\Open-Xml-PowerTools\OpenXmlPowerTools\WmlComparer.cs:line 530
   at OxPt.WcTests.WC002_Consolidate_Bulk_Test(String testId, String name1, String name2) in J:\repos\knilecrack\Open-Xml-PowerTools\OpenXmlPowerTools.Tests\WmlComparerTests.cs:line 416
   at InvokeStub_WcTests.WC002_Consolidate_Bulk_Test(Object, Span`1)
   at System.Reflection.MethodBaseInvoker.InvokeWithFewArgs(Object obj, BindingFlags invokeAttr, Binder binder, Object[] parameters, CultureInfo culture)
  Failed OxPt.WcTests.WC002_Consolidate_Bulk_Test(testId: "WCB-1560", name1: "WC/WC034-Footnotes-Before.docx", name2: "WC/WC034-Footnotes-After1.docx") [49 ms]
  Error Message:
   OpenXmlPowerTools.OpenXmlPowerToolsException : Internal error
  Stack Trace:
     at OpenXmlPowerTools.WmlComparer.<>c.<SetAfterUnids>b__75_1(XElement a) in J:\repos\knilecrack\Open-Xml-PowerTools\OpenXmlPowerTools\WmlComparer.cs:line 5017
   at System.Linq.Enumerable.ArrayWhereSelectIterator`2.ToArray(ReadOnlySpan`1 source, Func`2 predicate, Func`2 selector)
   at System.Linq.Enumerable.ListWhereSelectIterator`2.ToArray()
   at OpenXmlPowerTools.WmlComparer.SetAfterUnids(CorrelatedSequence unknown) in J:\repos\knilecrack\Open-Xml-PowerTools\OpenXmlPowerTools\WmlComparer.cs:line 5011
   at OpenXmlPowerTools.WmlComparer.Lcs(ComparisonUnit[] cu1, ComparisonUnit[] cu2, WmlComparerSettings settings) in J:\repos\knilecrack\Open-Xml-PowerTools\OpenXmlPowerTools\WmlComparer.cs:line 4932
   at OpenXmlPowerTools.WmlComparer.ProcessFootnoteEndnote(WmlComparerSettings settings, List`1 listOfComparisonUnitAtoms, MainDocumentPart mainDocumentPartBefore, MainDocumentPart mainDocumentPartAfter, XDocument mainDocumentXDoc) in J:\repos\knilecrack\Open-Xml-PowerTools\OpenXmlPowerTools\WmlComparer.cs:line 2421
   at OpenXmlPowerTools.WmlComparer.ProduceDocumentWithTrackedRevisions(WmlComparerSettings settings, WmlDocument wmlResult, WordprocessingDocument wDoc1, WordprocessingDocument wDoc2) in J:\repos\knilecrack\Open-Xml-PowerTools\OpenXmlPowerTools\WmlComparer.cs:line 1698
   at OpenXmlPowerTools.WmlComparer.CompareInternal(WmlDocument source1, WmlDocument source2, WmlComparerSettings settings, Boolean preProcessMarkupInOriginal) in J:\repos\knilecrack\Open-Xml-PowerTools\OpenXmlPowerTools\WmlComparer.cs:line 213
   at OpenXmlPowerTools.WmlComparer.Compare(WmlDocument source1, WmlDocument source2, WmlComparerSettings settings) in J:\repos\knilecrack\Open-Xml-PowerTools\OpenXmlPowerTools\WmlComparer.cs:line 94
   at OxPt.WcTests.WC002_Consolidate_Bulk_Test(String testId, String name1, String name2) in J:\repos\knilecrack\Open-Xml-PowerTools\OpenXmlPowerTools.Tests\WmlComparerTests.cs:line 404
   at InvokeStub_WcTests.WC002_Consolidate_Bulk_Test(Object, Span`1)
   at System.Reflection.MethodBaseInvoker.InvokeWithFewArgs(Object obj, BindingFlags invokeAttr, Binder binder, Object[] parameters, CultureInfo culture)
  Failed OxPt.WcTests.WC002_Consolidate_Bulk_Test(testId: "WCB-1640", name1: "WC/WC034-Endnotes-Before.docx", name2: "WC/WC034-Endnotes-After1.docx") [60 ms]
  Error Message:
   OpenXmlPowerTools.OpenXmlPowerToolsException : Internal error
  Stack Trace:
     at OpenXmlPowerTools.WmlComparer.<>c.<SetAfterUnids>b__75_1(XElement a) in J:\repos\knilecrack\Open-Xml-PowerTools\OpenXmlPowerTools\WmlComparer.cs:line 5017
   at System.Linq.Enumerable.ArrayWhereSelectIterator`2.ToArray(ReadOnlySpan`1 source, Func`2 predicate, Func`2 selector)
   at System.Linq.Enumerable.ListWhereSelectIterator`2.ToArray()
   at OpenXmlPowerTools.WmlComparer.SetAfterUnids(CorrelatedSequence unknown) in J:\repos\knilecrack\Open-Xml-PowerTools\OpenXmlPowerTools\WmlComparer.cs:line 5011
   at OpenXmlPowerTools.WmlComparer.Lcs(ComparisonUnit[] cu1, ComparisonUnit[] cu2, WmlComparerSettings settings) in J:\repos\knilecrack\Open-Xml-PowerTools\OpenXmlPowerTools\WmlComparer.cs:line 4932
   at OpenXmlPowerTools.WmlComparer.ProcessFootnoteEndnote(WmlComparerSettings settings, List`1 listOfComparisonUnitAtoms, MainDocumentPart mainDocumentPartBefore, MainDocumentPart mainDocumentPartAfter, XDocument mainDocumentXDoc) in J:\repos\knilecrack\Open-Xml-PowerTools\OpenXmlPowerTools\WmlComparer.cs:line 2421
   at OpenXmlPowerTools.WmlComparer.ProduceDocumentWithTrackedRevisions(WmlComparerSettings settings, WmlDocument wmlResult, WordprocessingDocument wDoc1, WordprocessingDocument wDoc2) in J:\repos\knilecrack\Open-Xml-PowerTools\OpenXmlPowerTools\WmlComparer.cs:line 1698
   at OpenXmlPowerTools.WmlComparer.CompareInternal(WmlDocument source1, WmlDocument source2, WmlComparerSettings settings, Boolean preProcessMarkupInOriginal) in J:\repos\knilecrack\Open-Xml-PowerTools\OpenXmlPowerTools\WmlComparer.cs:line 213
   at OpenXmlPowerTools.WmlComparer.Compare(WmlDocument source1, WmlDocument source2, WmlComparerSettings settings) in J:\repos\knilecrack\Open-Xml-PowerTools\OpenXmlPowerTools\WmlComparer.cs:line 94
   at OxPt.WcTests.WC002_Consolidate_Bulk_Test(String testId, String name1, String name2) in J:\repos\knilecrack\Open-Xml-PowerTools\OpenXmlPowerTools.Tests\WmlComparerTests.cs:line 404
   at InvokeStub_WcTests.WC002_Consolidate_Bulk_Test(Object, Span`1)
   at System.Reflection.MethodBaseInvoker.InvokeWithFewArgs(Object obj, BindingFlags invokeAttr, Binder binder, Object[] parameters, CultureInfo culture)
  Failed OxPt.WcTests.WC002_Consolidate_Bulk_Test(testId: "WCB-1700", name1: "WC/WC036-Endnote-With-Table-Before.docx", name2: "WC/WC036-Endnote-With-Table-After.docx") [74 ms]
  Error Message:
   OpenXmlPowerTools.OpenXmlPowerToolsException : Internal error
  Stack Trace:
     at OpenXmlPowerTools.WmlComparer.<>c.<SetAfterUnids>b__75_1(XElement a) in J:\repos\knilecrack\Open-Xml-PowerTools\OpenXmlPowerTools\WmlComparer.cs:line 5017
   at System.Linq.Enumerable.ArrayWhereSelectIterator`2.ToArray(ReadOnlySpan`1 source, Func`2 predicate, Func`2 selector)
   at System.Linq.Enumerable.ListWhereSelectIterator`2.ToArray()
   at OpenXmlPowerTools.WmlComparer.SetAfterUnids(CorrelatedSequence unknown) in J:\repos\knilecrack\Open-Xml-PowerTools\OpenXmlPowerTools\WmlComparer.cs:line 5011
   at OpenXmlPowerTools.WmlComparer.Lcs(ComparisonUnit[] cu1, ComparisonUnit[] cu2, WmlComparerSettings settings) in J:\repos\knilecrack\Open-Xml-PowerTools\OpenXmlPowerTools\WmlComparer.cs:line 4932
   at OpenXmlPowerTools.WmlComparer.ProcessFootnoteEndnote(WmlComparerSettings settings, List`1 listOfComparisonUnitAtoms, MainDocumentPart mainDocumentPartBefore, MainDocumentPart mainDocumentPartAfter, XDocument mainDocumentXDoc) in J:\repos\knilecrack\Open-Xml-PowerTools\OpenXmlPowerTools\WmlComparer.cs:line 2421
   at OpenXmlPowerTools.WmlComparer.ProduceDocumentWithTrackedRevisions(WmlComparerSettings settings, WmlDocument wmlResult, WordprocessingDocument wDoc1, WordprocessingDocument wDoc2) in J:\repos\knilecrack\Open-Xml-PowerTools\OpenXmlPowerTools\WmlComparer.cs:line 1698
   at OpenXmlPowerTools.WmlComparer.CompareInternal(WmlDocument source1, WmlDocument source2, WmlComparerSettings settings, Boolean preProcessMarkupInOriginal) in J:\repos\knilecrack\Open-Xml-PowerTools\OpenXmlPowerTools\WmlComparer.cs:line 213
   at OpenXmlPowerTools.WmlComparer.Compare(WmlDocument source1, WmlDocument source2, WmlComparerSettings settings) in J:\repos\knilecrack\Open-Xml-PowerTools\OpenXmlPowerTools\WmlComparer.cs:line 94
   at OxPt.WcTests.WC002_Consolidate_Bulk_Test(String testId, String name1, String name2) in J:\repos\knilecrack\Open-Xml-PowerTools\OpenXmlPowerTools.Tests\WmlComparerTests.cs:line 404
   at InvokeStub_WcTests.WC002_Consolidate_Bulk_Test(Object, Span`1)
   at System.Reflection.MethodBaseInvoker.InvokeWithFewArgs(Object obj, BindingFlags invokeAttr, Binder binder, Object[] parameters, CultureInfo culture)
  Failed OxPt.WcTests.WC002_Consolidate_Bulk_Test(testId: "WCB-1670", name1: "WC/WC034-Endnotes-After3.docx", name2: "WC/WC034-Endnotes-Before.docx") [36 ms]
  Error Message:
   OpenXmlPowerTools.OpenXmlPowerToolsException : Internal error
  Stack Trace:
     at OpenXmlPowerTools.WmlComparer.<>c.<AssembleAncestorUnidsInOrderToRebuildXmlTreeProperly>b__44_4(XElement ae) in J:\repos\knilecrack\Open-Xml-PowerTools\OpenXmlPowerTools\WmlComparer.cs:line 2986
   at System.Linq.Enumerable.ArraySelectIterator`2.ToArray()
   at OpenXmlPowerTools.WmlComparer.AssembleAncestorUnidsInOrderToRebuildXmlTreeProperly(List`1 comparisonUnitAtomList) in J:\repos\knilecrack\Open-Xml-PowerTools\OpenXmlPowerTools\WmlComparer.cs:line 2980
   at OpenXmlPowerTools.WmlComparer.ProcessFootnoteEndnote(WmlComparerSettings settings, List`1 listOfComparisonUnitAtoms, MainDocumentPart mainDocumentPartBefore, MainDocumentPart mainDocumentPartAfter, XDocument mainDocumentXDoc) in J:\repos\knilecrack\Open-Xml-PowerTools\OpenXmlPowerTools\WmlComparer.cs:line 2647
   at OpenXmlPowerTools.WmlComparer.ProduceDocumentWithTrackedRevisions(WmlComparerSettings settings, WmlDocument wmlResult, WordprocessingDocument wDoc1, WordprocessingDocument wDoc2) in J:\repos\knilecrack\Open-Xml-PowerTools\OpenXmlPowerTools\WmlComparer.cs:line 1698
   at OpenXmlPowerTools.WmlComparer.CompareInternal(WmlDocument source1, WmlDocument source2, WmlComparerSettings settings, Boolean preProcessMarkupInOriginal) in J:\repos\knilecrack\Open-Xml-PowerTools\OpenXmlPowerTools\WmlComparer.cs:line 213
   at OpenXmlPowerTools.WmlComparer.Compare(WmlDocument source1, WmlDocument source2, WmlComparerSettings settings) in J:\repos\knilecrack\Open-Xml-PowerTools\OpenXmlPowerTools\WmlComparer.cs:line 94
   at OxPt.WcTests.WC002_Consolidate_Bulk_Test(String testId, String name1, String name2) in J:\repos\knilecrack\Open-Xml-PowerTools\OpenXmlPowerTools.Tests\WmlComparerTests.cs:line 404
   at InvokeStub_WcTests.WC002_Consolidate_Bulk_Test(Object, Span`1)
   at System.Reflection.MethodBaseInvoker.InvokeWithFewArgs(Object obj, BindingFlags invokeAttr, Binder binder, Object[] parameters, CultureInfo culture)
[xUnit.net 00:00:27.08]       System.InvalidOperationException : Unable to extract Package from DocumentFormat.OpenXml.Packaging.PackageUriHandlingExtensions+MalformedUriHandlingPackage. The SDK returned an unexpected package type. Expected Package or MalformedUriHandlingPackage with accessible inner Package.
[xUnit.net 00:00:27.08]       Stack Trace:
[xUnit.net 00:00:27.08]         J:\repos\knilecrack\Open-Xml-PowerTools\OpenXmlPowerTools\OxPtHelpers.cs(107,0): at OpenXmlPowerTools.OpenXmlPackageExtensions.GetPackage(OpenXmlPackage package)
[xUnit.net 00:00:27.08]         J:\repos\knilecrack\Open-Xml-PowerTools\OpenXmlPowerTools\WmlComparer.cs(1343,0): at OpenXmlPowerTools.WmlComparer.AddToAnnotation(WordprocessingDocument wDocDelta, WordprocessingDocument consolidatedWDoc, XElement elementToInsertAfter, ConsolidationInfo consolidationInfo, WmlComparerSettings settings)
[xUnit.net 00:00:27.08]         J:\repos\knilecrack\Open-Xml-PowerTools\OpenXmlPowerTools\WmlComparer.cs(750,0): at OpenXmlPowerTools.WmlComparer.Consolidate(WmlDocument original, List`1 revisedDocumentInfoList, WmlComparerSettings settings, WmlComparerConsolidateSettings consolidateSettings)
[xUnit.net 00:00:27.08]         J:\repos\knilecrack\Open-Xml-PowerTools\OpenXmlPowerTools\WmlComparer.cs(530,0): at OpenXmlPowerTools.WmlComparer.Consolidate(WmlDocument original, List`1 revisedDocumentInfoList, WmlComparerSettings settings)
[xUnit.net 00:00:27.08]         J:\repos\knilecrack\Open-Xml-PowerTools\OpenXmlPowerTools.Tests\WmlComparerTests.cs(416,0): at OxPt.WcTests.WC002_Consolidate_Bulk_Test(String testId, String name1, String name2)
[xUnit.net 00:00:27.08]            at InvokeStub_WcTests.WC002_Consolidate_Bulk_Test(Object, Span`1)
[xUnit.net 00:00:27.08]            at System.Reflection.MethodBaseInvoker.InvokeWithFewArgs(Object obj, BindingFlags invokeAttr, Binder binder, Object[] parameters, CultureInfo culture)
[xUnit.net 00:00:27.15]       The relationship 'rId11' referenced by attribute 'http://schemas.openxmlformats.org/officeDocument/2006/relationships:embed' does not exist.
[xUnit.net 00:00:27.15]       The relationship 'rId10' referenced by attribute 'http://schemas.openxmlformats.org/officeDocument/2006/relationships:embed' does not exist.
[xUnit.net 00:00:27.15]       
[xUnit.net 00:00:27.15]       Stack Trace:
[xUnit.net 00:00:27.15]         J:\repos\knilecrack\Open-Xml-PowerTools\OpenXmlPowerTools.Tests\DocumentBuilderTests.cs(881,0): at OxPt.DbTests.Validate(FileInfo fi)
[xUnit.net 00:00:27.15]         J:\repos\knilecrack\Open-Xml-PowerTools\OpenXmlPowerTools.Tests\DocumentBuilderTests.cs(151,0): at OxPt.DbTests.DB006_Example_DocumentBuilder01()
[xUnit.net 00:00:27.15]            at System.RuntimeMethodHandle.InvokeMethod(ObjectHandleOnStack target, Void** arguments, ObjectHandleOnStack sig, BOOL isConstructor, ObjectHandleOnStack result)
[xUnit.net 00:00:27.15]            at System.Reflection.MethodBaseInvoker.InterpretedInvoke_Method(Object obj, IntPtr* args)
[xUnit.net 00:00:27.15]            at System.Reflection.MethodBaseInvoker.InvokeWithNoArgs(Object obj, BindingFlags invokeAttr)
[xUnit.net 00:00:27.18]       The relationship 'rId5' referenced by attribute 'http://schemas.openxmlformats.org/officeDocument/2006/relationships:embed' does not exist.
[xUnit.net 00:00:27.18]       The relationship 'rId5' referenced by attribute 'http://schemas.openxmlformats.org/officeDocument/2006/relationships:embed' does not exist.
[xUnit.net 00:00:27.18]       
[xUnit.net 00:00:27.18]       Stack Trace:
[xUnit.net 00:00:27.18]         J:\repos\knilecrack\Open-Xml-PowerTools\OpenXmlPowerTools.Tests\DocumentBuilderTests.cs(881,0): at OxPt.DbTests.Validate(FileInfo fi)
[xUnit.net 00:00:27.18]         J:\repos\knilecrack\Open-Xml-PowerTools\OpenXmlPowerTools.Tests\DocumentBuilderTests.cs(588,0): at OxPt.DbTests.DB010_InsertUsingInsertId()
[xUnit.net 00:00:27.18]            at System.RuntimeMethodHandle.InvokeMethod(ObjectHandleOnStack target, Void** arguments, ObjectHandleOnStack sig, BOOL isConstructor, ObjectHandleOnStack result)
[xUnit.net 00:00:27.18]            at System.Reflection.MethodBaseInvoker.InterpretedInvoke_Method(Object obj, IntPtr* args)
[xUnit.net 00:00:27.18]            at System.Reflection.MethodBaseInvoker.InvokeWithNoArgs(Object obj, BindingFlags invokeAttr)
[xUnit.net 00:00:27.19]       System.InvalidOperationException : Unable to extract Package from DocumentFormat.OpenXml.Packaging.PackageUriHandlingExtensions+MalformedUriHandlingPackage. The SDK returned an unexpected package type. Expected Package or MalformedUriHandlingPackage with accessible inner Package.
[xUnit.net 00:00:27.19]       Stack Trace:
[xUnit.net 00:00:27.19]         J:\repos\knilecrack\Open-Xml-PowerTools\OpenXmlPowerTools\OxPtHelpers.cs(107,0): at OpenXmlPowerTools.OpenXmlPackageExtensions.GetPackage(OpenXmlPackage package)
[xUnit.net 00:00:27.19]         J:\repos\knilecrack\Open-Xml-PowerTools\OpenXmlPowerTools\WmlComparer.cs(1343,0): at OpenXmlPowerTools.WmlComparer.AddToAnnotation(WordprocessingDocument wDocDelta, WordprocessingDocument consolidatedWDoc, XElement elementToInsertAfter, ConsolidationInfo consolidationInfo, WmlComparerSettings settings)
[xUnit.net 00:00:27.19]         J:\repos\knilecrack\Open-Xml-PowerTools\OpenXmlPowerTools\WmlComparer.cs(750,0): at OpenXmlPowerTools.WmlComparer.Consolidate(WmlDocument original, List`1 revisedDocumentInfoList, WmlComparerSettings settings, WmlComparerConsolidateSettings consolidateSettings)
[xUnit.net 00:00:27.19]         J:\repos\knilecrack\Open-Xml-PowerTools\OpenXmlPowerTools\WmlComparer.cs(530,0): at OpenXmlPowerTools.WmlComparer.Consolidate(WmlDocument original, List`1 revisedDocumentInfoList, WmlComparerSettings settings)
[xUnit.net 00:00:27.19]         J:\repos\knilecrack\Open-Xml-PowerTools\OpenXmlPowerTools.Tests\WmlComparerTests.cs(416,0): at OxPt.WcTests.WC002_Consolidate_Bulk_Test(String testId, String name1, String name2)
[xUnit.net 00:00:27.19]            at InvokeStub_WcTests.WC002_Consolidate_Bulk_Test(Object, Span`1)
[xUnit.net 00:00:27.19]            at System.Reflection.MethodBaseInvoker.InvokeWithFewArgs(Object obj, BindingFlags invokeAttr, Binder binder, Object[] parameters, CultureInfo culture)
[xUnit.net 00:00:27.28]       System.InvalidOperationException : Unable to extract Package from DocumentFormat.OpenXml.Packaging.PackageUriHandlingExtensions+MalformedUriHandlingPackage. The SDK returned an unexpected package type. Expected Package or MalformedUriHandlingPackage with accessible inner Package.
[xUnit.net 00:00:27.28]       Stack Trace:
[xUnit.net 00:00:27.28]         J:\repos\knilecrack\Open-Xml-PowerTools\OpenXmlPowerTools\OxPtHelpers.cs(107,0): at OpenXmlPowerTools.OpenXmlPackageExtensions.GetPackage(OpenXmlPackage package)
[xUnit.net 00:00:27.28]         J:\repos\knilecrack\Open-Xml-PowerTools\OpenXmlPowerTools\WmlComparer.cs(1343,0): at OpenXmlPowerTools.WmlComparer.AddToAnnotation(WordprocessingDocument wDocDelta, WordprocessingDocument consolidatedWDoc, XElement elementToInsertAfter, ConsolidationInfo consolidationInfo, WmlComparerSettings settings)
[xUnit.net 00:00:27.28]         J:\repos\knilecrack\Open-Xml-PowerTools\OpenXmlPowerTools\WmlComparer.cs(750,0): at OpenXmlPowerTools.WmlComparer.Consolidate(WmlDocument original, List`1 revisedDocumentInfoList, WmlComparerSettings settings, WmlComparerConsolidateSettings consolidateSettings)
[xUnit.net 00:00:27.28]         J:\repos\knilecrack\Open-Xml-PowerTools\OpenXmlPowerTools\WmlComparer.cs(530,0): at OpenXmlPowerTools.WmlComparer.Consolidate(WmlDocument original, List`1 revisedDocumentInfoList, WmlComparerSettings settings)
[xUnit.net 00:00:27.28]         J:\repos\knilecrack\Open-Xml-PowerTools\OpenXmlPowerTools.Tests\WmlComparerTests.cs(416,0): at OxPt.WcTests.WC002_Consolidate_Bulk_Test(String testId, String name1, String name2)
[xUnit.net 00:00:27.28]            at InvokeStub_WcTests.WC002_Consolidate_Bulk_Test(Object, Span`1)
[xUnit.net 00:00:27.28]            at System.Reflection.MethodBaseInvoker.InvokeWithFewArgs(Object obj, BindingFlags invokeAttr, Binder binder, Object[] parameters, CultureInfo culture)
  Failed OxPt.WcTests.WC002_Consolidate_Bulk_Test(testId: "WCB-1020", name1: "WC/WC001-Digits.docx", name2: "WC/WC001-Digits-Deleted-Paragraph.docx") [64 ms]
  Error Message:
   System.InvalidOperationException : Unable to extract Package from DocumentFormat.OpenXml.Packaging.PackageUriHandlingExtensions+MalformedUriHandlingPackage. The SDK returned an unexpected package type. Expected Package or MalformedUriHandlingPackage with accessible inner Package.
  Stack Trace:
     at OpenXmlPowerTools.OpenXmlPackageExtensions.GetPackage(OpenXmlPackage package) in J:\repos\knilecrack\Open-Xml-PowerTools\OpenXmlPowerTools\OxPtHelpers.cs:line 107
   at OpenXmlPowerTools.WmlComparer.AddToAnnotation(WordprocessingDocument wDocDelta, WordprocessingDocument consolidatedWDoc, XElement elementToInsertAfter, ConsolidationInfo consolidationInfo, WmlComparerSettings settings) in J:\repos\knilecrack\Open-Xml-PowerTools\OpenXmlPowerTools\WmlComparer.cs:line 1343
   at OpenXmlPowerTools.WmlComparer.Consolidate(WmlDocument original, List`1 revisedDocumentInfoList, WmlComparerSettings settings, WmlComparerConsolidateSettings consolidateSettings) in J:\repos\knilecrack\Open-Xml-PowerTools\OpenXmlPowerTools\WmlComparer.cs:line 750
   at OpenXmlPowerTools.WmlComparer.Consolidate(WmlDocument original, List`1 revisedDocumentInfoList, WmlComparerSettings settings) in J:\repos\knilecrack\Open-Xml-PowerTools\OpenXmlPowerTools\WmlComparer.cs:line 530
   at OxPt.WcTests.WC002_Consolidate_Bulk_Test(String testId, String name1, String name2) in J:\repos\knilecrack\Open-Xml-PowerTools\OpenXmlPowerTools.Tests\WmlComparerTests.cs:line 416
   at InvokeStub_WcTests.WC002_Consolidate_Bulk_Test(Object, Span`1)
   at System.Reflection.MethodBaseInvoker.InvokeWithFewArgs(Object obj, BindingFlags invokeAttr, Binder binder, Object[] parameters, CultureInfo culture)
  Failed OxPt.DbTests.DB006_Example_DocumentBuilder01 [506 ms]
  Error Message:
   The relationship 'rId11' referenced by attribute 'http://schemas.openxmlformats.org/officeDocument/2006/relationships:embed' does not exist.
The relationship 'rId10' referenced by attribute 'http://schemas.openxmlformats.org/officeDocument/2006/relationships:embed' does not exist.

  Stack Trace:
     at OxPt.DbTests.Validate(FileInfo fi) in J:\repos\knilecrack\Open-Xml-PowerTools\OpenXmlPowerTools.Tests\DocumentBuilderTests.cs:line 881
   at OxPt.DbTests.DB006_Example_DocumentBuilder01() in J:\repos\knilecrack\Open-Xml-PowerTools\OpenXmlPowerTools.Tests\DocumentBuilderTests.cs:line 151
   at System.RuntimeMethodHandle.InvokeMethod(ObjectHandleOnStack target, Void** arguments, ObjectHandleOnStack sig, BOOL isConstructor, ObjectHandleOnStack result)
   at System.Reflection.MethodBaseInvoker.InterpretedInvoke_Method(Object obj, IntPtr* args)
   at System.Reflection.MethodBaseInvoker.InvokeWithNoArgs(Object obj, BindingFlags invokeAttr)
  Failed OxPt.DbTests.DB010_InsertUsingInsertId [25 ms]
  Error Message:
   The relationship 'rId5' referenced by attribute 'http://schemas.openxmlformats.org/officeDocument/2006/relationships:embed' does not exist.
The relationship 'rId5' referenced by attribute 'http://schemas.openxmlformats.org/officeDocument/2006/relationships:embed' does not exist.

  Stack Trace:
     at OxPt.DbTests.Validate(FileInfo fi) in J:\repos\knilecrack\Open-Xml-PowerTools\OpenXmlPowerTools.Tests\DocumentBuilderTests.cs:line 881
   at OxPt.DbTests.DB010_InsertUsingInsertId() in J:\repos\knilecrack\Open-Xml-PowerTools\OpenXmlPowerTools.Tests\DocumentBuilderTests.cs:line 588
   at System.RuntimeMethodHandle.InvokeMethod(ObjectHandleOnStack target, Void** arguments, ObjectHandleOnStack sig, BOOL isConstructor, ObjectHandleOnStack result)
   at System.Reflection.MethodBaseInvoker.InterpretedInvoke_Method(Object obj, IntPtr* args)
   at System.Reflection.MethodBaseInvoker.InvokeWithNoArgs(Object obj, BindingFlags invokeAttr)
  Failed OxPt.WcTests.WC002_Consolidate_Bulk_Test(testId: "WCB-1400", name1: "WC/WC021-Math-Before-1.docx", name2: "WC/WC021-Math-After-1.docx") [110 ms]
  Error Message:
   System.InvalidOperationException : Unable to extract Package from DocumentFormat.OpenXml.Packaging.PackageUriHandlingExtensions+MalformedUriHandlingPackage. The SDK returned an unexpected package type. Expected Package or MalformedUriHandlingPackage with accessible inner Package.
  Stack Trace:
     at OpenXmlPowerTools.OpenXmlPackageExtensions.GetPackage(OpenXmlPackage package) in J:\repos\knilecrack\Open-Xml-PowerTools\OpenXmlPowerTools\OxPtHelpers.cs:line 107
   at OpenXmlPowerTools.WmlComparer.AddToAnnotation(WordprocessingDocument wDocDelta, WordprocessingDocument consolidatedWDoc, XElement elementToInsertAfter, ConsolidationInfo consolidationInfo, WmlComparerSettings settings) in J:\repos\knilecrack\Open-Xml-PowerTools\OpenXmlPowerTools\WmlComparer.cs:line 1343
   at OpenXmlPowerTools.WmlComparer.Consolidate(WmlDocument original, List`1 revisedDocumentInfoList, WmlComparerSettings settings, WmlComparerConsolidateSettings consolidateSettings) in J:\repos\knilecrack\Open-Xml-PowerTools\OpenXmlPowerTools\WmlComparer.cs:line 750
   at OpenXmlPowerTools.WmlComparer.Consolidate(WmlDocument original, List`1 revisedDocumentInfoList, WmlComparerSettings settings) in J:\repos\knilecrack\Open-Xml-PowerTools\OpenXmlPowerTools\WmlComparer.cs:line 530
   at OxPt.WcTests.WC002_Consolidate_Bulk_Test(String testId, String name1, String name2) in J:\repos\knilecrack\Open-Xml-PowerTools\OpenXmlPowerTools.Tests\WmlComparerTests.cs:line 416
   at InvokeStub_WcTests.WC002_Consolidate_Bulk_Test(Object, Span`1)
   at System.Reflection.MethodBaseInvoker.InvokeWithFewArgs(Object obj, BindingFlags invokeAttr, Binder binder, Object[] parameters, CultureInfo culture)
  Passed OxPt.DbTests.DB002_DocumentBuilderKeepSectionsDiscardHeaders [18 ms]
  Passed OxPt.DbTests.DB003_DocumentBuilderOnlyDefaultHeader [18 ms]
  Passed OxPt.DbTests.DB013b_LocalizedStyleIds_List [20 ms]
  Passed OxPt.DbTests.DB013a_LocalizedStyleIds_Heading [17 ms]
  Failed OxPt.WcTests.WC002_Consolidate_Bulk_Test(testId: "WCB-1200", name1: "WC/WC009-Table-Unmodified.docx", name2: "WC/WC009-Table-Cell-1-1-Mod.docx") [86 ms]
  Error Message:
   System.InvalidOperationException : Unable to extract Package from DocumentFormat.OpenXml.Packaging.PackageUriHandlingExtensions+MalformedUriHandlingPackage. The SDK returned an unexpected package type. Expected Package or MalformedUriHandlingPackage with accessible inner Package.
  Stack Trace:
     at OpenXmlPowerTools.OpenXmlPackageExtensions.GetPackage(OpenXmlPackage package) in J:\repos\knilecrack\Open-Xml-PowerTools\OpenXmlPowerTools\OxPtHelpers.cs:line 107
   at OpenXmlPowerTools.WmlComparer.AddToAnnotation(WordprocessingDocument wDocDelta, WordprocessingDocument consolidatedWDoc, XElement elementToInsertAfter, ConsolidationInfo consolidationInfo, WmlComparerSettings settings) in J:\repos\knilecrack\Open-Xml-PowerTools\OpenXmlPowerTools\WmlComparer.cs:line 1343
   at OpenXmlPowerTools.WmlComparer.Consolidate(WmlDocument original, List`1 revisedDocumentInfoList, WmlComparerSettings settings, WmlComparerConsolidateSettings consolidateSettings) in J:\repos\knilecrack\Open-Xml-PowerTools\OpenXmlPowerTools\WmlComparer.cs:line 750
   at OpenXmlPowerTools.WmlComparer.Consolidate(WmlDocument original, List`1 revisedDocumentInfoList, WmlComparerSettings settings) in J:\repos\knilecrack\Open-Xml-PowerTools\OpenXmlPowerTools\WmlComparer.cs:line 530
   at OxPt.WcTests.WC002_Consolidate_Bulk_Test(String testId, String name1, String name2) in J:\repos\knilecrack\Open-Xml-PowerTools\OpenXmlPowerTools.Tests\WmlComparerTests.cs:line 416
   at InvokeStub_WcTests.WC002_Consolidate_Bulk_Test(Object, Span`1)
   at System.Reflection.MethodBaseInvoker.InvokeWithFewArgs(Object obj, BindingFlags invokeAttr, Binder binder, Object[] parameters, CultureInfo culture)
[xUnit.net 00:00:27.35]       System.InvalidOperationException : Unable to extract Package from DocumentFormat.OpenXml.Packaging.PackageUriHandlingExtensions+MalformedUriHandlingPackage. The SDK returned an unexpected package type. Expected Package or MalformedUriHandlingPackage with accessible inner Package.
[xUnit.net 00:00:27.35]       Stack Trace:
[xUnit.net 00:00:27.35]         J:\repos\knilecrack\Open-Xml-PowerTools\OpenXmlPowerTools\OxPtHelpers.cs(107,0): at OpenXmlPowerTools.OpenXmlPackageExtensions.GetPackage(OpenXmlPackage package)
[xUnit.net 00:00:27.35]         J:\repos\knilecrack\Open-Xml-PowerTools\OpenXmlPowerTools\WmlComparer.cs(1343,0): at OpenXmlPowerTools.WmlComparer.AddToAnnotation(WordprocessingDocument wDocDelta, WordprocessingDocument consolidatedWDoc, XElement elementToInsertAfter, ConsolidationInfo consolidationInfo, WmlComparerSettings settings)
[xUnit.net 00:00:27.35]         J:\repos\knilecrack\Open-Xml-PowerTools\OpenXmlPowerTools\WmlComparer.cs(750,0): at OpenXmlPowerTools.WmlComparer.Consolidate(WmlDocument original, List`1 revisedDocumentInfoList, WmlComparerSettings settings, WmlComparerConsolidateSettings consolidateSettings)
[xUnit.net 00:00:27.35]         J:\repos\knilecrack\Open-Xml-PowerTools\OpenXmlPowerTools\WmlComparer.cs(530,0): at OpenXmlPowerTools.WmlComparer.Consolidate(WmlDocument original, List`1 revisedDocumentInfoList, WmlComparerSettings settings)
[xUnit.net 00:00:27.35]         J:\repos\knilecrack\Open-Xml-PowerTools\OpenXmlPowerTools.Tests\WmlComparerTests.cs(416,0): at OxPt.WcTests.WC002_Consolidate_Bulk_Test(String testId, String name1, String name2)
[xUnit.net 00:00:27.35]            at InvokeStub_WcTests.WC002_Consolidate_Bulk_Test(Object, Span`1)
[xUnit.net 00:00:27.35]            at System.Reflection.MethodBaseInvoker.InvokeWithFewArgs(Object obj, BindingFlags invokeAttr, Binder binder, Object[] parameters, CultureInfo culture)
[xUnit.net 00:00:27.41]       System.InvalidOperationException : Unable to extract Package from DocumentFormat.OpenXml.Packaging.PackageUriHandlingExtensions+MalformedUriHandlingPackage. The SDK returned an unexpected package type. Expected Package or MalformedUriHandlingPackage with accessible inner Package.
[xUnit.net 00:00:27.41]       Stack Trace:
[xUnit.net 00:00:27.41]         J:\repos\knilecrack\Open-Xml-PowerTools\OpenXmlPowerTools\OxPtHelpers.cs(107,0): at OpenXmlPowerTools.OpenXmlPackageExtensions.GetPackage(OpenXmlPackage package)
[xUnit.net 00:00:27.41]         J:\repos\knilecrack\Open-Xml-PowerTools\OpenXmlPowerTools\WmlComparer.cs(1343,0): at OpenXmlPowerTools.WmlComparer.AddToAnnotation(WordprocessingDocument wDocDelta, WordprocessingDocument consolidatedWDoc, XElement elementToInsertAfter, ConsolidationInfo consolidationInfo, WmlComparerSettings settings)
[xUnit.net 00:00:27.41]         J:\repos\knilecrack\Open-Xml-PowerTools\OpenXmlPowerTools\WmlComparer.cs(750,0): at OpenXmlPowerTools.WmlComparer.Consolidate(WmlDocument original, List`1 revisedDocumentInfoList, WmlComparerSettings settings, WmlComparerConsolidateSettings consolidateSettings)
[xUnit.net 00:00:27.41]         J:\repos\knilecrack\Open-Xml-PowerTools\OpenXmlPowerTools\WmlComparer.cs(530,0): at OpenXmlPowerTools.WmlComparer.Consolidate(WmlDocument original, List`1 revisedDocumentInfoList, WmlComparerSettings settings)
[xUnit.net 00:00:27.41]         J:\repos\knilecrack\Open-Xml-PowerTools\OpenXmlPowerTools.Tests\WmlComparerTests.cs(416,0): at OxPt.WcTests.WC002_Consolidate_Bulk_Test(String testId, String name1, String name2)
[xUnit.net 00:00:27.41]            at InvokeStub_WcTests.WC002_Consolidate_Bulk_Test(Object, Span`1)
[xUnit.net 00:00:27.41]            at System.Reflection.MethodBaseInvoker.InvokeWithFewArgs(Object obj, BindingFlags invokeAttr, Binder binder, Object[] parameters, CultureInfo culture)
[xUnit.net 00:00:27.49]       System.InvalidOperationException : Unable to extract Package from DocumentFormat.OpenXml.Packaging.PackageUriHandlingExtensions+MalformedUriHandlingPackage. The SDK returned an unexpected package type. Expected Package or MalformedUriHandlingPackage with accessible inner Package.
[xUnit.net 00:00:27.49]       Stack Trace:
[xUnit.net 00:00:27.49]         J:\repos\knilecrack\Open-Xml-PowerTools\OpenXmlPowerTools\OxPtHelpers.cs(107,0): at OpenXmlPowerTools.OpenXmlPackageExtensions.GetPackage(OpenXmlPackage package)
[xUnit.net 00:00:27.49]         J:\repos\knilecrack\Open-Xml-PowerTools\OpenXmlPowerTools\WmlComparer.cs(4610,0): at OpenXmlPowerTools.WmlComparer.<>c__DisplayClass69_5.<CoalesceRecurse>b__17(ComparisonUnitAtom gce)
[xUnit.net 00:00:27.49]            at System.Linq.Enumerable.IEnumerableSelectIterator`2.MoveNext()
[xUnit.net 00:00:27.49]            at System.Xml.Linq.XContainer.AddContentSkipNotify(Object content)
[xUnit.net 00:00:27.49]            at System.Xml.Linq.XContainer.AddContentSkipNotify(Object content)
[xUnit.net 00:00:27.49]            at System.Xml.Linq.XContainer.AddContentSkipNotify(Object content)
[xUnit.net 00:00:27.49]            at System.Xml.Linq.XContainer.AddContentSkipNotify(Object content)
[xUnit.net 00:00:27.49]            at System.Xml.Linq.XContainer.AddContentSkipNotify(Object content)
[xUnit.net 00:00:27.49]            at System.Xml.Linq.XContainer.AddContentSkipNotify(Object content)
[xUnit.net 00:00:27.49]         J:\repos\knilecrack\Open-Xml-PowerTools\OpenXmlPowerTools\WmlComparer.cs(4558,0): at OpenXmlPowerTools.WmlComparer.<>c__DisplayClass69_0.<CoalesceRecurse>b__2(IGrouping`2 g)
[xUnit.net 00:00:27.49]            at System.Linq.Enumerable.IEnumerableWhereSelectIterator`2.ToList()
[xUnit.net 00:00:27.49]         J:\repos\knilecrack\Open-Xml-PowerTools\OpenXmlPowerTools\WmlComparer.cs(4481,0): at OpenXmlPowerTools.WmlComparer.CoalesceRecurse(OpenXmlPart part, IEnumerable`1 list, Int32 level, WmlComparerSettings settings)
[xUnit.net 00:00:27.49]         J:\repos\knilecrack\Open-Xml-PowerTools\OpenXmlPowerTools\WmlComparer.cs(4521,0): at OpenXmlPowerTools.WmlComparer.<>c__DisplayClass69_0.<CoalesceRecurse>b__5(IGrouping`2 gc)
[xUnit.net 00:00:27.49]            at System.Linq.Enumerable.ListSelectIterator`2.ToList()
[xUnit.net 00:00:27.49]         J:\repos\knilecrack\Open-Xml-PowerTools\OpenXmlPowerTools\WmlComparer.cs(4505,0): at OpenXmlPowerTools.WmlComparer.<>c__DisplayClass69_0.<CoalesceRecurse>b__2(IGrouping`2 g)
[xUnit.net 00:00:27.49]            at System.Linq.Enumerable.IEnumerableWhereSelectIterator`2.ToList()
[xUnit.net 00:00:27.49]         J:\repos\knilecrack\Open-Xml-PowerTools\OpenXmlPowerTools\WmlComparer.cs(4481,0): at OpenXmlPowerTools.WmlComparer.CoalesceRecurse(OpenXmlPart part, IEnumerable`1 list, Int32 level, WmlComparerSettings settings)
[xUnit.net 00:00:27.49]         J:\repos\knilecrack\Open-Xml-PowerTools\OpenXmlPowerTools\WmlComparer.cs(4842,0): at OpenXmlPowerTools.WmlComparer.ReconstructElement(OpenXmlPart part, IGrouping`2 g, XElement ancestorBeingConstructed, XName props1XName, XName props2XName, XName props3XName, Int32 level, WmlComparerSettings settings)
[xUnit.net 00:00:27.49]         J:\repos\knilecrack\Open-Xml-PowerTools\OpenXmlPowerTools\WmlComparer.cs(4728,0): at OpenXmlPowerTools.WmlComparer.<>c__DisplayClass69_0.<CoalesceRecurse>b__2(IGrouping`2 g)
[xUnit.net 00:00:27.49]            at System.Linq.Enumerable.IEnumerableWhereSelectIterator`2.ToList()
[xUnit.net 00:00:27.49]         J:\repos\knilecrack\Open-Xml-PowerTools\OpenXmlPowerTools\WmlComparer.cs(4481,0): at OpenXmlPowerTools.WmlComparer.CoalesceRecurse(OpenXmlPart part, IEnumerable`1 list, Int32 level, WmlComparerSettings settings)
[xUnit.net 00:00:27.49]         J:\repos\knilecrack\Open-Xml-PowerTools\OpenXmlPowerTools\WmlComparer.cs(4842,0): at OpenXmlPowerTools.WmlComparer.ReconstructElement(OpenXmlPart part, IGrouping`2 g, XElement ancestorBeingConstructed, XName props1XName, XName props2XName, XName props3XName, Int32 level, WmlComparerSettings settings)
[xUnit.net 00:00:27.49]         J:\repos\knilecrack\Open-Xml-PowerTools\OpenXmlPowerTools\WmlComparer.cs(4726,0): at OpenXmlPowerTools.WmlComparer.<>c__DisplayClass69_0.<CoalesceRecurse>b__2(IGrouping`2 g)
[xUnit.net 00:00:27.49]            at System.Linq.Enumerable.IEnumerableWhereSelectIterator`2.ToList()
[xUnit.net 00:00:27.49]         J:\repos\knilecrack\Open-Xml-PowerTools\OpenXmlPowerTools\WmlComparer.cs(4481,0): at OpenXmlPowerTools.WmlComparer.CoalesceRecurse(OpenXmlPart part, IEnumerable`1 list, Int32 level, WmlComparerSettings settings)
[xUnit.net 00:00:27.49]         J:\repos\knilecrack\Open-Xml-PowerTools\OpenXmlPowerTools\WmlComparer.cs(4842,0): at OpenXmlPowerTools.WmlComparer.ReconstructElement(OpenXmlPart part, IGrouping`2 g, XElement ancestorBeingConstructed, XName props1XName, XName props2XName, XName props3XName, Int32 level, WmlComparerSettings settings)
[xUnit.net 00:00:27.49]         J:\repos\knilecrack\Open-Xml-PowerTools\OpenXmlPowerTools\WmlComparer.cs(4724,0): at OpenXmlPowerTools.WmlComparer.<>c__DisplayClass69_0.<CoalesceRecurse>b__2(IGrouping`2 g)
[xUnit.net 00:00:27.49]            at System.Linq.Enumerable.IEnumerableWhereSelectIterator`2.ToList()
[xUnit.net 00:00:27.49]         J:\repos\knilecrack\Open-Xml-PowerTools\OpenXmlPowerTools\WmlComparer.cs(4481,0): at OpenXmlPowerTools.WmlComparer.CoalesceRecurse(OpenXmlPart part, IEnumerable`1 list, Int32 level, WmlComparerSettings settings)
[xUnit.net 00:00:27.49]         J:\repos\knilecrack\Open-Xml-PowerTools\OpenXmlPowerTools\WmlComparer.cs(4328,0): at OpenXmlPowerTools.WmlComparer.ProduceNewWmlMarkupFromCorrelatedSequence(OpenXmlPart part, IEnumerable`1 comparisonUnitAtomList, WmlComparerSettings settings)
[xUnit.net 00:00:27.49]         J:\repos\knilecrack\Open-Xml-PowerTools\OpenXmlPowerTools\WmlComparer.cs(1686,0): at OpenXmlPowerTools.WmlComparer.ProduceDocumentWithTrackedRevisions(WmlComparerSettings settings, WmlDocument wmlResult, WordprocessingDocument wDoc1, WordprocessingDocument wDoc2)
[xUnit.net 00:00:27.49]         J:\repos\knilecrack\Open-Xml-PowerTools\OpenXmlPowerTools\WmlComparer.cs(213,0): at OpenXmlPowerTools.WmlComparer.CompareInternal(WmlDocument source1, WmlDocument source2, WmlComparerSettings settings, Boolean preProcessMarkupInOriginal)
[xUnit.net 00:00:27.49]         J:\repos\knilecrack\Open-Xml-PowerTools\OpenXmlPowerTools\WmlComparer.cs(94,0): at OpenXmlPowerTools.WmlComparer.Compare(WmlDocument source1, WmlDocument source2, WmlComparerSettings settings)
[xUnit.net 00:00:27.49]         J:\repos\knilecrack\Open-Xml-PowerTools\OpenXmlPowerTools.Tests\WmlComparerTests.cs(404,0): at OxPt.WcTests.WC002_Consolidate_Bulk_Test(String testId, String name1, String name2)
[xUnit.net 00:00:27.49]            at InvokeStub_WcTests.WC002_Consolidate_Bulk_Test(Object, Span`1)
[xUnit.net 00:00:27.49]            at System.Reflection.MethodBaseInvoker.InvokeWithFewArgs(Object obj, BindingFlags invokeAttr, Binder binder, Object[] parameters, CultureInfo culture)
[xUnit.net 00:00:27.54]       System.InvalidOperationException : Unable to extract Package from DocumentFormat.OpenXml.Packaging.PackageUriHandlingExtensions+MalformedUriHandlingPackage. The SDK returned an unexpected package type. Expected Package or MalformedUriHandlingPackage with accessible inner Package.
[xUnit.net 00:00:27.54]       Stack Trace:
[xUnit.net 00:00:27.54]         J:\repos\knilecrack\Open-Xml-PowerTools\OpenXmlPowerTools\OxPtHelpers.cs(107,0): at OpenXmlPowerTools.OpenXmlPackageExtensions.GetPackage(OpenXmlPackage package)
[xUnit.net 00:00:27.54]         J:\repos\knilecrack\Open-Xml-PowerTools\OpenXmlPowerTools\WmlComparer.cs(1343,0): at OpenXmlPowerTools.WmlComparer.AddToAnnotation(WordprocessingDocument wDocDelta, WordprocessingDocument consolidatedWDoc, XElement elementToInsertAfter, ConsolidationInfo consolidationInfo, WmlComparerSettings settings)
[xUnit.net 00:00:27.54]         J:\repos\knilecrack\Open-Xml-PowerTools\OpenXmlPowerTools\WmlComparer.cs(750,0): at OpenXmlPowerTools.WmlComparer.Consolidate(WmlDocument original, List`1 revisedDocumentInfoList, WmlComparerSettings settings, WmlComparerConsolidateSettings consolidateSettings)
[xUnit.net 00:00:27.54]         J:\repos\knilecrack\Open-Xml-PowerTools\OpenXmlPowerTools\WmlComparer.cs(530,0): at OpenXmlPowerTools.WmlComparer.Consolidate(WmlDocument original, List`1 revisedDocumentInfoList, WmlComparerSettings settings)
[xUnit.net 00:00:27.54]         J:\repos\knilecrack\Open-Xml-PowerTools\OpenXmlPowerTools.Tests\WmlComparerTests.cs(416,0): at OxPt.WcTests.WC002_Consolidate_Bulk_Test(String testId, String name1, String name2)
[xUnit.net 00:00:27.54]            at InvokeStub_WcTests.WC002_Consolidate_Bulk_Test(Object, Span`1)
[xUnit.net 00:00:27.54]            at System.Reflection.MethodBaseInvoker.InvokeWithFewArgs(Object obj, BindingFlags invokeAttr, Binder binder, Object[] parameters, CultureInfo culture)
[xUnit.net 00:00:27.58]       System.InvalidOperationException : Unable to extract Package from DocumentFormat.OpenXml.Packaging.PackageUriHandlingExtensions+MalformedUriHandlingPackage. The SDK returned an unexpected package type. Expected Package or MalformedUriHandlingPackage with accessible inner Package.
[xUnit.net 00:00:27.58]       Stack Trace:
[xUnit.net 00:00:27.58]         J:\repos\knilecrack\Open-Xml-PowerTools\OpenXmlPowerTools\OxPtHelpers.cs(107,0): at OpenXmlPowerTools.OpenXmlPackageExtensions.GetPackage(OpenXmlPackage package)
[xUnit.net 00:00:27.58]         J:\repos\knilecrack\Open-Xml-PowerTools\OpenXmlPowerTools\WmlComparer.cs(4610,0): at OpenXmlPowerTools.WmlComparer.<>c__DisplayClass69_5.<CoalesceRecurse>b__17(ComparisonUnitAtom gce)
[xUnit.net 00:00:27.58]            at System.Linq.Enumerable.IEnumerableSelectIterator`2.MoveNext()
[xUnit.net 00:00:27.58]            at System.Xml.Linq.XContainer.AddContentSkipNotify(Object content)
[xUnit.net 00:00:27.58]            at System.Xml.Linq.XContainer.AddContentSkipNotify(Object content)
[xUnit.net 00:00:27.58]            at System.Xml.Linq.XContainer.AddContentSkipNotify(Object content)
[xUnit.net 00:00:27.58]            at System.Xml.Linq.XContainer.AddContentSkipNotify(Object content)
[xUnit.net 00:00:27.58]            at System.Xml.Linq.XContainer.AddContentSkipNotify(Object content)
[xUnit.net 00:00:27.58]            at System.Xml.Linq.XContainer.AddContentSkipNotify(Object content)
[xUnit.net 00:00:27.58]         J:\repos\knilecrack\Open-Xml-PowerTools\OpenXmlPowerTools\WmlComparer.cs(4558,0): at OpenXmlPowerTools.WmlComparer.<>c__DisplayClass69_0.<CoalesceRecurse>b__2(IGrouping`2 g)
[xUnit.net 00:00:27.58]            at System.Linq.Enumerable.IEnumerableWhereSelectIterator`2.ToList()
[xUnit.net 00:00:27.58]         J:\repos\knilecrack\Open-Xml-PowerTools\OpenXmlPowerTools\WmlComparer.cs(4481,0): at OpenXmlPowerTools.WmlComparer.CoalesceRecurse(OpenXmlPart part, IEnumerable`1 list, Int32 level, WmlComparerSettings settings)
[xUnit.net 00:00:27.58]         J:\repos\knilecrack\Open-Xml-PowerTools\OpenXmlPowerTools\WmlComparer.cs(4521,0): at OpenXmlPowerTools.WmlComparer.<>c__DisplayClass69_0.<CoalesceRecurse>b__5(IGrouping`2 gc)
[xUnit.net 00:00:27.58]            at System.Linq.Enumerable.ListSelectIterator`2.ToList()
[xUnit.net 00:00:27.58]         J:\repos\knilecrack\Open-Xml-PowerTools\OpenXmlPowerTools\WmlComparer.cs(4505,0): at OpenXmlPowerTools.WmlComparer.<>c__DisplayClass69_0.<CoalesceRecurse>b__2(IGrouping`2 g)
[xUnit.net 00:00:27.58]            at System.Linq.Enumerable.IEnumerableWhereSelectIterator`2.ToList()
[xUnit.net 00:00:27.58]         J:\repos\knilecrack\Open-Xml-PowerTools\OpenXmlPowerTools\WmlComparer.cs(4481,0): at OpenXmlPowerTools.WmlComparer.CoalesceRecurse(OpenXmlPart part, IEnumerable`1 list, Int32 level, WmlComparerSettings settings)
[xUnit.net 00:00:27.58]         J:\repos\knilecrack\Open-Xml-PowerTools\OpenXmlPowerTools\WmlComparer.cs(4328,0): at OpenXmlPowerTools.WmlComparer.ProduceNewWmlMarkupFromCorrelatedSequence(OpenXmlPart part, IEnumerable`1 comparisonUnitAtomList, WmlComparerSettings settings)
[xUnit.net 00:00:27.58]         J:\repos\knilecrack\Open-Xml-PowerTools\OpenXmlPowerTools\WmlComparer.cs(1686,0): at OpenXmlPowerTools.WmlComparer.ProduceDocumentWithTrackedRevisions(WmlComparerSettings settings, WmlDocument wmlResult, WordprocessingDocument wDoc1, WordprocessingDocument wDoc2)
[xUnit.net 00:00:27.58]         J:\repos\knilecrack\Open-Xml-PowerTools\OpenXmlPowerTools\WmlComparer.cs(213,0): at OpenXmlPowerTools.WmlComparer.CompareInternal(WmlDocument source1, WmlDocument source2, WmlComparerSettings settings, Boolean preProcessMarkupInOriginal)
[xUnit.net 00:00:27.58]         J:\repos\knilecrack\Open-Xml-PowerTools\OpenXmlPowerTools\WmlComparer.cs(94,0): at OpenXmlPowerTools.WmlComparer.Compare(WmlDocument source1, WmlDocument source2, WmlComparerSettings settings)
[xUnit.net 00:00:27.58]         J:\repos\knilecrack\Open-Xml-PowerTools\OpenXmlPowerTools.Tests\WmlComparerTests.cs(404,0): at OxPt.WcTests.WC002_Consolidate_Bulk_Test(String testId, String name1, String name2)
[xUnit.net 00:00:27.58]            at InvokeStub_WcTests.WC002_Consolidate_Bulk_Test(Object, Span`1)
[xUnit.net 00:00:27.58]            at System.Reflection.MethodBaseInvoker.InvokeWithFewArgs(Object obj, BindingFlags invokeAttr, Binder binder, Object[] parameters, CultureInfo culture)
[xUnit.net 00:00:27.65]       System.InvalidOperationException : Unable to extract Package from DocumentFormat.OpenXml.Packaging.PackageUriHandlingExtensions+MalformedUriHandlingPackage. The SDK returned an unexpected package type. Expected Package or MalformedUriHandlingPackage with accessible inner Package.
[xUnit.net 00:00:27.65]       Stack Trace:
[xUnit.net 00:00:27.65]         J:\repos\knilecrack\Open-Xml-PowerTools\OpenXmlPowerTools\OxPtHelpers.cs(107,0): at OpenXmlPowerTools.OpenXmlPackageExtensions.GetPackage(OpenXmlPackage package)
[xUnit.net 00:00:27.65]         J:\repos\knilecrack\Open-Xml-PowerTools\OpenXmlPowerTools\WmlComparer.cs(1343,0): at OpenXmlPowerTools.WmlComparer.AddToAnnotation(WordprocessingDocument wDocDelta, WordprocessingDocument consolidatedWDoc, XElement elementToInsertAfter, ConsolidationInfo consolidationInfo, WmlComparerSettings settings)
[xUnit.net 00:00:27.65]         J:\repos\knilecrack\Open-Xml-PowerTools\OpenXmlPowerTools\WmlComparer.cs(750,0): at OpenXmlPowerTools.WmlComparer.Consolidate(WmlDocument original, List`1 revisedDocumentInfoList, WmlComparerSettings settings, WmlComparerConsolidateSettings consolidateSettings)
[xUnit.net 00:00:27.65]         J:\repos\knilecrack\Open-Xml-PowerTools\OpenXmlPowerTools\WmlComparer.cs(530,0): at OpenXmlPowerTools.WmlComparer.Consolidate(WmlDocument original, List`1 revisedDocumentInfoList, WmlComparerSettings settings)
[xUnit.net 00:00:27.65]         J:\repos\knilecrack\Open-Xml-PowerTools\OpenXmlPowerTools.Tests\WmlComparerTests.cs(416,0): at OxPt.WcTests.WC002_Consolidate_Bulk_Test(String testId, String name1, String name2)
[xUnit.net 00:00:27.65]            at InvokeStub_WcTests.WC002_Consolidate_Bulk_Test(Object, Span`1)
[xUnit.net 00:00:27.65]            at System.Reflection.MethodBaseInvoker.InvokeWithFewArgs(Object obj, BindingFlags invokeAttr, Binder binder, Object[] parameters, CultureInfo culture)
[xUnit.net 00:00:27.71]       System.InvalidOperationException : Unable to extract Package from DocumentFormat.OpenXml.Packaging.PackageUriHandlingExtensions+MalformedUriHandlingPackage. The SDK returned an unexpected package type. Expected Package or MalformedUriHandlingPackage with accessible inner Package.
[xUnit.net 00:00:27.71]       Stack Trace:
[xUnit.net 00:00:27.71]         J:\repos\knilecrack\Open-Xml-PowerTools\OpenXmlPowerTools\OxPtHelpers.cs(107,0): at OpenXmlPowerTools.OpenXmlPackageExtensions.GetPackage(OpenXmlPackage package)
[xUnit.net 00:00:27.71]         J:\repos\knilecrack\Open-Xml-PowerTools\OpenXmlPowerTools\WmlComparer.cs(1343,0): at OpenXmlPowerTools.WmlComparer.AddToAnnotation(WordprocessingDocument wDocDelta, WordprocessingDocument consolidatedWDoc, XElement elementToInsertAfter, ConsolidationInfo consolidationInfo, WmlComparerSettings settings)
[xUnit.net 00:00:27.71]         J:\repos\knilecrack\Open-Xml-PowerTools\OpenXmlPowerTools\WmlComparer.cs(750,0): at OpenXmlPowerTools.WmlComparer.Consolidate(WmlDocument original, List`1 revisedDocumentInfoList, WmlComparerSettings settings, WmlComparerConsolidateSettings consolidateSettings)
[xUnit.net 00:00:27.71]         J:\repos\knilecrack\Open-Xml-PowerTools\OpenXmlPowerTools\WmlComparer.cs(530,0): at OpenXmlPowerTools.WmlComparer.Consolidate(WmlDocument original, List`1 revisedDocumentInfoList, WmlComparerSettings settings)
[xUnit.net 00:00:27.71]         J:\repos\knilecrack\Open-Xml-PowerTools\OpenXmlPowerTools.Tests\WmlComparerTests.cs(416,0): at OxPt.WcTests.WC002_Consolidate_Bulk_Test(String testId, String name1, String name2)
[xUnit.net 00:00:27.71]            at InvokeStub_WcTests.WC002_Consolidate_Bulk_Test(Object, Span`1)
[xUnit.net 00:00:27.71]            at System.Reflection.MethodBaseInvoker.InvokeWithFewArgs(Object obj, BindingFlags invokeAttr, Binder binder, Object[] parameters, CultureInfo culture)
[xUnit.net 00:00:27.77]       System.InvalidOperationException : Unable to extract Package from DocumentFormat.OpenXml.Packaging.PackageUriHandlingExtensions+MalformedUriHandlingPackage. The SDK returned an unexpected package type. Expected Package or MalformedUriHandlingPackage with accessible inner Package.
[xUnit.net 00:00:27.77]       Stack Trace:
[xUnit.net 00:00:27.77]         J:\repos\knilecrack\Open-Xml-PowerTools\OpenXmlPowerTools\OxPtHelpers.cs(107,0): at OpenXmlPowerTools.OpenXmlPackageExtensions.GetPackage(OpenXmlPackage package)
[xUnit.net 00:00:27.77]         J:\repos\knilecrack\Open-Xml-PowerTools\OpenXmlPowerTools\WmlComparer.cs(1343,0): at OpenXmlPowerTools.WmlComparer.AddToAnnotation(WordprocessingDocument wDocDelta, WordprocessingDocument consolidatedWDoc, XElement elementToInsertAfter, ConsolidationInfo consolidationInfo, WmlComparerSettings settings)
[xUnit.net 00:00:27.77]         J:\repos\knilecrack\Open-Xml-PowerTools\OpenXmlPowerTools\WmlComparer.cs(750,0): at OpenXmlPowerTools.WmlComparer.Consolidate(WmlDocument original, List`1 revisedDocumentInfoList, WmlComparerSettings settings, WmlComparerConsolidateSettings consolidateSettings)
[xUnit.net 00:00:27.77]         J:\repos\knilecrack\Open-Xml-PowerTools\OpenXmlPowerTools\WmlComparer.cs(530,0): at OpenXmlPowerTools.WmlComparer.Consolidate(WmlDocument original, List`1 revisedDocumentInfoList, WmlComparerSettings settings)
[xUnit.net 00:00:27.77]         J:\repos\knilecrack\Open-Xml-PowerTools\OpenXmlPowerTools.Tests\WmlComparerTests.cs(416,0): at OxPt.WcTests.WC002_Consolidate_Bulk_Test(String testId, String name1, String name2)
[xUnit.net 00:00:27.77]            at InvokeStub_WcTests.WC002_Consolidate_Bulk_Test(Object, Span`1)
[xUnit.net 00:00:27.77]            at System.Reflection.MethodBaseInvoker.InvokeWithFewArgs(Object obj, BindingFlags invokeAttr, Binder binder, Object[] parameters, CultureInfo culture)
[xUnit.net 00:00:27.83]       System.InvalidOperationException : Unable to extract Package from DocumentFormat.OpenXml.Packaging.PackageUriHandlingExtensions+MalformedUriHandlingPackage. The SDK returned an unexpected package type. Expected Package or MalformedUriHandlingPackage with accessible inner Package.
[xUnit.net 00:00:27.83]       Stack Trace:
[xUnit.net 00:00:27.83]         J:\repos\knilecrack\Open-Xml-PowerTools\OpenXmlPowerTools\OxPtHelpers.cs(107,0): at OpenXmlPowerTools.OpenXmlPackageExtensions.GetPackage(OpenXmlPackage package)
[xUnit.net 00:00:27.83]         J:\repos\knilecrack\Open-Xml-PowerTools\OpenXmlPowerTools\WmlComparer.cs(1343,0): at OpenXmlPowerTools.WmlComparer.AddToAnnotation(WordprocessingDocument wDocDelta, WordprocessingDocument consolidatedWDoc, XElement elementToInsertAfter, ConsolidationInfo consolidationInfo, WmlComparerSettings settings)
[xUnit.net 00:00:27.83]         J:\repos\knilecrack\Open-Xml-PowerTools\OpenXmlPowerTools\WmlComparer.cs(750,0): at OpenXmlPowerTools.WmlComparer.Consolidate(WmlDocument original, List`1 revisedDocumentInfoList, WmlComparerSettings settings, WmlComparerConsolidateSettings consolidateSettings)
[xUnit.net 00:00:27.83]         J:\repos\knilecrack\Open-Xml-PowerTools\OpenXmlPowerTools\WmlComparer.cs(530,0): at OpenXmlPowerTools.WmlComparer.Consolidate(WmlDocument original, List`1 revisedDocumentInfoList, WmlComparerSettings settings)
[xUnit.net 00:00:27.83]         J:\repos\knilecrack\Open-Xml-PowerTools\OpenXmlPowerTools.Tests\WmlComparerTests.cs(416,0): at OxPt.WcTests.WC002_Consolidate_Bulk_Test(String testId, String name1, String name2)
[xUnit.net 00:00:27.83]            at InvokeStub_WcTests.WC002_Consolidate_Bulk_Test(Object, Span`1)
[xUnit.net 00:00:27.83]            at System.Reflection.MethodBaseInvoker.InvokeWithFewArgs(Object obj, BindingFlags invokeAttr, Binder binder, Object[] parameters, CultureInfo culture)
  Failed OxPt.WcTests.WC002_Consolidate_Bulk_Test(testId: "WCB-1140", name1: "WC/WC006-Table.docx", name2: "WC/WC006-Table-Delete-Row.docx") [67 ms]
  Error Message:
   System.InvalidOperationException : Unable to extract Package from DocumentFormat.OpenXml.Packaging.PackageUriHandlingExtensions+MalformedUriHandlingPackage. The SDK returned an unexpected package type. Expected Package or MalformedUriHandlingPackage with accessible inner Package.
  Stack Trace:
     at OpenXmlPowerTools.OpenXmlPackageExtensions.GetPackage(OpenXmlPackage package) in J:\repos\knilecrack\Open-Xml-PowerTools\OpenXmlPowerTools\OxPtHelpers.cs:line 107
   at OpenXmlPowerTools.WmlComparer.AddToAnnotation(WordprocessingDocument wDocDelta, WordprocessingDocument consolidatedWDoc, XElement elementToInsertAfter, ConsolidationInfo consolidationInfo, WmlComparerSettings settings) in J:\repos\knilecrack\Open-Xml-PowerTools\OpenXmlPowerTools\WmlComparer.cs:line 1343
   at OpenXmlPowerTools.WmlComparer.Consolidate(WmlDocument original, List`1 revisedDocumentInfoList, WmlComparerSettings settings, WmlComparerConsolidateSettings consolidateSettings) in J:\repos\knilecrack\Open-Xml-PowerTools\OpenXmlPowerTools\WmlComparer.cs:line 750
   at OpenXmlPowerTools.WmlComparer.Consolidate(WmlDocument original, List`1 revisedDocumentInfoList, WmlComparerSettings settings) in J:\repos\knilecrack\Open-Xml-PowerTools\OpenXmlPowerTools\WmlComparer.cs:line 530
   at OxPt.WcTests.WC002_Consolidate_Bulk_Test(String testId, String name1, String name2) in J:\repos\knilecrack\Open-Xml-PowerTools\OpenXmlPowerTools.Tests\WmlComparerTests.cs:line 416
   at InvokeStub_WcTests.WC002_Consolidate_Bulk_Test(Object, Span`1)
   at System.Reflection.MethodBaseInvoker.InvokeWithFewArgs(Object obj, BindingFlags invokeAttr, Binder binder, Object[] parameters, CultureInfo culture)
  Failed OxPt.WcTests.WC002_Consolidate_Bulk_Test(testId: "WCB-1060", name1: "WC/WC002-Unmodified.docx", name2: "WC/WC002-DeleteAtBeginning.docx") [57 ms]
  Error Message:
   System.InvalidOperationException : Unable to extract Package from DocumentFormat.OpenXml.Packaging.PackageUriHandlingExtensions+MalformedUriHandlingPackage. The SDK returned an unexpected package type. Expected Package or MalformedUriHandlingPackage with accessible inner Package.
  Stack Trace:
     at OpenXmlPowerTools.OpenXmlPackageExtensions.GetPackage(OpenXmlPackage package) in J:\repos\knilecrack\Open-Xml-PowerTools\OpenXmlPowerTools\OxPtHelpers.cs:line 107
   at OpenXmlPowerTools.WmlComparer.AddToAnnotation(WordprocessingDocument wDocDelta, WordprocessingDocument consolidatedWDoc, XElement elementToInsertAfter, ConsolidationInfo consolidationInfo, WmlComparerSettings settings) in J:\repos\knilecrack\Open-Xml-PowerTools\OpenXmlPowerTools\WmlComparer.cs:line 1343
   at OpenXmlPowerTools.WmlComparer.Consolidate(WmlDocument original, List`1 revisedDocumentInfoList, WmlComparerSettings settings, WmlComparerConsolidateSettings consolidateSettings) in J:\repos\knilecrack\Open-Xml-PowerTools\OpenXmlPowerTools\WmlComparer.cs:line 750
   at OpenXmlPowerTools.WmlComparer.Consolidate(WmlDocument original, List`1 revisedDocumentInfoList, WmlComparerSettings settings) in J:\repos\knilecrack\Open-Xml-PowerTools\OpenXmlPowerTools\WmlComparer.cs:line 530
   at OxPt.WcTests.WC002_Consolidate_Bulk_Test(String testId, String name1, String name2) in J:\repos\knilecrack\Open-Xml-PowerTools\OpenXmlPowerTools.Tests\WmlComparerTests.cs:line 416
   at InvokeStub_WcTests.WC002_Consolidate_Bulk_Test(Object, Span`1)
   at System.Reflection.MethodBaseInvoker.InvokeWithFewArgs(Object obj, BindingFlags invokeAttr, Binder binder, Object[] parameters, CultureInfo culture)
  Failed OxPt.WcTests.WC002_Consolidate_Bulk_Test(testId: "WCB-1430", name1: "WC/WC023-Table-4-Row-Image-Before.docx", name2: "WC/WC023-Table-4-Row-Image-After-Delete-1-Row.docx") [79 ms]
  Error Message:
   System.InvalidOperationException : Unable to extract Package from DocumentFormat.OpenXml.Packaging.PackageUriHandlingExtensions+MalformedUriHandlingPackage. The SDK returned an unexpected package type. Expected Package or MalformedUriHandlingPackage with accessible inner Package.
  Stack Trace:
     at OpenXmlPowerTools.OpenXmlPackageExtensions.GetPackage(OpenXmlPackage package) in J:\repos\knilecrack\Open-Xml-PowerTools\OpenXmlPowerTools\OxPtHelpers.cs:line 107
   at OpenXmlPowerTools.WmlComparer.<>c__DisplayClass69_5.<CoalesceRecurse>b__17(ComparisonUnitAtom gce) in J:\repos\knilecrack\Open-Xml-PowerTools\OpenXmlPowerTools\WmlComparer.cs:line 4610
   at System.Linq.Enumerable.IEnumerableSelectIterator`2.MoveNext()
   at System.Xml.Linq.XContainer.AddContentSkipNotify(Object content)
   at System.Xml.Linq.XContainer.AddContentSkipNotify(Object content)
   at System.Xml.Linq.XContainer.AddContentSkipNotify(Object content)
   at System.Xml.Linq.XContainer.AddContentSkipNotify(Object content)
   at System.Xml.Linq.XContainer.AddContentSkipNotify(Object content)
   at System.Xml.Linq.XContainer.AddContentSkipNotify(Object content)
   at OpenXmlPowerTools.WmlComparer.<>c__DisplayClass69_0.<CoalesceRecurse>b__2(IGrouping`2 g) in J:\repos\knilecrack\Open-Xml-PowerTools\OpenXmlPowerTools\WmlComparer.cs:line 4558
   at System.Linq.Enumerable.IEnumerableWhereSelectIterator`2.ToList()
   at OpenXmlPowerTools.WmlComparer.CoalesceRecurse(OpenXmlPart part, IEnumerable`1 list, Int32 level, WmlComparerSettings settings) in J:\repos\knilecrack\Open-Xml-PowerTools\OpenXmlPowerTools\WmlComparer.cs:line 4481
   at OpenXmlPowerTools.WmlComparer.<>c__DisplayClass69_0.<CoalesceRecurse>b__5(IGrouping`2 gc) in J:\repos\knilecrack\Open-Xml-PowerTools\OpenXmlPowerTools\WmlComparer.cs:line 4521
   at System.Linq.Enumerable.ListSelectIterator`2.ToList()
   at OpenXmlPowerTools.WmlComparer.<>c__DisplayClass69_0.<CoalesceRecurse>b__2(IGrouping`2 g) in J:\repos\knilecrack\Open-Xml-PowerTools\OpenXmlPowerTools\WmlComparer.cs:line 4505
   at System.Linq.Enumerable.IEnumerableWhereSelectIterator`2.ToList()
   at OpenXmlPowerTools.WmlComparer.CoalesceRecurse(OpenXmlPart part, IEnumerable`1 list, Int32 level, WmlComparerSettings settings) in J:\repos\knilecrack\Open-Xml-PowerTools\OpenXmlPowerTools\WmlComparer.cs:line 4481
   at OpenXmlPowerTools.WmlComparer.ReconstructElement(OpenXmlPart part, IGrouping`2 g, XElement ancestorBeingConstructed, XName props1XName, XName props2XName, XName props3XName, Int32 level, WmlComparerSettings settings) in J:\repos\knilecrack\Open-Xml-PowerTools\OpenXmlPowerTools\WmlComparer.cs:line 4842
   at OpenXmlPowerTools.WmlComparer.<>c__DisplayClass69_0.<CoalesceRecurse>b__2(IGrouping`2 g) in J:\repos\knilecrack\Open-Xml-PowerTools\OpenXmlPowerTools\WmlComparer.cs:line 4728
   at System.Linq.Enumerable.IEnumerableWhereSelectIterator`2.ToList()
   at OpenXmlPowerTools.WmlComparer.CoalesceRecurse(OpenXmlPart part, IEnumerable`1 list, Int32 level, WmlComparerSettings settings) in J:\repos\knilecrack\Open-Xml-PowerTools\OpenXmlPowerTools\WmlComparer.cs:line 4481
   at OpenXmlPowerTools.WmlComparer.ReconstructElement(OpenXmlPart part, IGrouping`2 g, XElement ancestorBeingConstructed, XName props1XName, XName props2XName, XName props3XName, Int32 level, WmlComparerSettings settings) in J:\repos\knilecrack\Open-Xml-PowerTools\OpenXmlPowerTools\WmlComparer.cs:line 4842
   at OpenXmlPowerTools.WmlComparer.<>c__DisplayClass69_0.<CoalesceRecurse>b__2(IGrouping`2 g) in J:\repos\knilecrack\Open-Xml-PowerTools\OpenXmlPowerTools\WmlComparer.cs:line 4726
   at System.Linq.Enumerable.IEnumerableWhereSelectIterator`2.ToList()
   at OpenXmlPowerTools.WmlComparer.CoalesceRecurse(OpenXmlPart part, IEnumerable`1 list, Int32 level, WmlComparerSettings settings) in J:\repos\knilecrack\Open-Xml-PowerTools\OpenXmlPowerTools\WmlComparer.cs:line 4481
   at OpenXmlPowerTools.WmlComparer.ReconstructElement(OpenXmlPart part, IGrouping`2 g, XElement ancestorBeingConstructed, XName props1XName, XName props2XName, XName props3XName, Int32 level, WmlComparerSettings settings) in J:\repos\knilecrack\Open-Xml-PowerTools\OpenXmlPowerTools\WmlComparer.cs:line 4842
   at OpenXmlPowerTools.WmlComparer.<>c__DisplayClass69_0.<CoalesceRecurse>b__2(IGrouping`2 g) in J:\repos\knilecrack\Open-Xml-PowerTools\OpenXmlPowerTools\WmlComparer.cs:line 4724
   at System.Linq.Enumerable.IEnumerableWhereSelectIterator`2.ToList()
   at OpenXmlPowerTools.WmlComparer.CoalesceRecurse(OpenXmlPart part, IEnumerable`1 list, Int32 level, WmlComparerSettings settings) in J:\repos\knilecrack\Open-Xml-PowerTools\OpenXmlPowerTools\WmlComparer.cs:line 4481
   at OpenXmlPowerTools.WmlComparer.ProduceNewWmlMarkupFromCorrelatedSequence(OpenXmlPart part, IEnumerable`1 comparisonUnitAtomList, WmlComparerSettings settings) in J:\repos\knilecrack\Open-Xml-PowerTools\OpenXmlPowerTools\WmlComparer.cs:line 4328
   at OpenXmlPowerTools.WmlComparer.ProduceDocumentWithTrackedRevisions(WmlComparerSettings settings, WmlDocument wmlResult, WordprocessingDocument wDoc1, WordprocessingDocument wDoc2) in J:\repos\knilecrack\Open-Xml-PowerTools\OpenXmlPowerTools\WmlComparer.cs:line 1686
   at OpenXmlPowerTools.WmlComparer.CompareInternal(WmlDocument source1, WmlDocument source2, WmlComparerSettings settings, Boolean preProcessMarkupInOriginal) in J:\repos\knilecrack\Open-Xml-PowerTools\OpenXmlPowerTools\WmlComparer.cs:line 213
   at OpenXmlPowerTools.WmlComparer.Compare(WmlDocument source1, WmlDocument source2, WmlComparerSettings settings) in J:\repos\knilecrack\Open-Xml-PowerTools\OpenXmlPowerTools\WmlComparer.cs:line 94
   at OxPt.WcTests.WC002_Consolidate_Bulk_Test(String testId, String name1, String name2) in J:\repos\knilecrack\Open-Xml-PowerTools\OpenXmlPowerTools.Tests\WmlComparerTests.cs:line 404
   at InvokeStub_WcTests.WC002_Consolidate_Bulk_Test(Object, Span`1)
   at System.Reflection.MethodBaseInvoker.InvokeWithFewArgs(Object obj, BindingFlags invokeAttr, Binder binder, Object[] parameters, CultureInfo culture)
  Failed OxPt.WcTests.WC002_Consolidate_Bulk_Test(testId: "WCB-1030", name1: "WC/WC001-Digits-Deleted-Paragraph.docx", name2: "WC/WC001-Digits.docx") [56 ms]
  Error Message:
   System.InvalidOperationException : Unable to extract Package from DocumentFormat.OpenXml.Packaging.PackageUriHandlingExtensions+MalformedUriHandlingPackage. The SDK returned an unexpected package type. Expected Package or MalformedUriHandlingPackage with accessible inner Package.
  Stack Trace:
     at OpenXmlPowerTools.OpenXmlPackageExtensions.GetPackage(OpenXmlPackage package) in J:\repos\knilecrack\Open-Xml-PowerTools\OpenXmlPowerTools\OxPtHelpers.cs:line 107
   at OpenXmlPowerTools.WmlComparer.AddToAnnotation(WordprocessingDocument wDocDelta, WordprocessingDocument consolidatedWDoc, XElement elementToInsertAfter, ConsolidationInfo consolidationInfo, WmlComparerSettings settings) in J:\repos\knilecrack\Open-Xml-PowerTools\OpenXmlPowerTools\WmlComparer.cs:line 1343
   at OpenXmlPowerTools.WmlComparer.Consolidate(WmlDocument original, List`1 revisedDocumentInfoList, WmlComparerSettings settings, WmlComparerConsolidateSettings consolidateSettings) in J:\repos\knilecrack\Open-Xml-PowerTools\OpenXmlPowerTools\WmlComparer.cs:line 750
   at OpenXmlPowerTools.WmlComparer.Consolidate(WmlDocument original, List`1 revisedDocumentInfoList, WmlComparerSettings settings) in J:\repos\knilecrack\Open-Xml-PowerTools\OpenXmlPowerTools\WmlComparer.cs:line 530
   at OxPt.WcTests.WC002_Consolidate_Bulk_Test(String testId, String name1, String name2) in J:\repos\knilecrack\Open-Xml-PowerTools\OpenXmlPowerTools.Tests\WmlComparerTests.cs:line 416
   at InvokeStub_WcTests.WC002_Consolidate_Bulk_Test(Object, Span`1)
   at System.Reflection.MethodBaseInvoker.InvokeWithFewArgs(Object obj, BindingFlags invokeAttr, Binder binder, Object[] parameters, CultureInfo culture)
  Failed OxPt.WcTests.WC002_Consolidate_Bulk_Test(testId: "WCB-1300", name1: "WC/WC014-SmartArt-With-Image-Before.docx", name2: "WC/WC014-SmartArt-With-Image-Deleted-After2.docx") [38 ms]
  Error Message:
   System.InvalidOperationException : Unable to extract Package from DocumentFormat.OpenXml.Packaging.PackageUriHandlingExtensions+MalformedUriHandlingPackage. The SDK returned an unexpected package type. Expected Package or MalformedUriHandlingPackage with accessible inner Package.
  Stack Trace:
     at OpenXmlPowerTools.OpenXmlPackageExtensions.GetPackage(OpenXmlPackage package) in J:\repos\knilecrack\Open-Xml-PowerTools\OpenXmlPowerTools\OxPtHelpers.cs:line 107
   at OpenXmlPowerTools.WmlComparer.<>c__DisplayClass69_5.<CoalesceRecurse>b__17(ComparisonUnitAtom gce) in J:\repos\knilecrack\Open-Xml-PowerTools\OpenXmlPowerTools\WmlComparer.cs:line 4610
   at System.Linq.Enumerable.IEnumerableSelectIterator`2.MoveNext()
   at System.Xml.Linq.XContainer.AddContentSkipNotify(Object content)
   at System.Xml.Linq.XContainer.AddContentSkipNotify(Object content)
   at System.Xml.Linq.XContainer.AddContentSkipNotify(Object content)
   at System.Xml.Linq.XContainer.AddContentSkipNotify(Object content)
   at System.Xml.Linq.XContainer.AddContentSkipNotify(Object content)
   at System.Xml.Linq.XContainer.AddContentSkipNotify(Object content)
   at OpenXmlPowerTools.WmlComparer.<>c__DisplayClass69_0.<CoalesceRecurse>b__2(IGrouping`2 g) in J:\repos\knilecrack\Open-Xml-PowerTools\OpenXmlPowerTools\WmlComparer.cs:line 4558
   at System.Linq.Enumerable.IEnumerableWhereSelectIterator`2.ToList()
   at OpenXmlPowerTools.WmlComparer.CoalesceRecurse(OpenXmlPart part, IEnumerable`1 list, Int32 level, WmlComparerSettings settings) in J:\repos\knilecrack\Open-Xml-PowerTools\OpenXmlPowerTools\WmlComparer.cs:line 4481
   at OpenXmlPowerTools.WmlComparer.<>c__DisplayClass69_0.<CoalesceRecurse>b__5(IGrouping`2 gc) in J:\repos\knilecrack\Open-Xml-PowerTools\OpenXmlPowerTools\WmlComparer.cs:line 4521
   at System.Linq.Enumerable.ListSelectIterator`2.ToList()
   at OpenXmlPowerTools.WmlComparer.<>c__DisplayClass69_0.<CoalesceRecurse>b__2(IGrouping`2 g) in J:\repos\knilecrack\Open-Xml-PowerTools\OpenXmlPowerTools\WmlComparer.cs:line 4505
   at System.Linq.Enumerable.IEnumerableWhereSelectIterator`2.ToList()
   at OpenXmlPowerTools.WmlComparer.CoalesceRecurse(OpenXmlPart part, IEnumerable`1 list, Int32 level, WmlComparerSettings settings) in J:\repos\knilecrack\Open-Xml-PowerTools\OpenXmlPowerTools\WmlComparer.cs:line 4481
   at OpenXmlPowerTools.WmlComparer.ProduceNewWmlMarkupFromCorrelatedSequence(OpenXmlPart part, IEnumerable`1 comparisonUnitAtomList, WmlComparerSettings settings) in J:\repos\knilecrack\Open-Xml-PowerTools\OpenXmlPowerTools\WmlComparer.cs:line 4328
   at OpenXmlPowerTools.WmlComparer.ProduceDocumentWithTrackedRevisions(WmlComparerSettings settings, WmlDocument wmlResult, WordprocessingDocument wDoc1, WordprocessingDocument wDoc2) in J:\repos\knilecrack\Open-Xml-PowerTools\OpenXmlPowerTools\WmlComparer.cs:line 1686
   at OpenXmlPowerTools.WmlComparer.CompareInternal(WmlDocument source1, WmlDocument source2, WmlComparerSettings settings, Boolean preProcessMarkupInOriginal) in J:\repos\knilecrack\Open-Xml-PowerTools\OpenXmlPowerTools\WmlComparer.cs:line 213
   at OpenXmlPowerTools.WmlComparer.Compare(WmlDocument source1, WmlDocument source2, WmlComparerSettings settings) in J:\repos\knilecrack\Open-Xml-PowerTools\OpenXmlPowerTools\WmlComparer.cs:line 94
   at OxPt.WcTests.WC002_Consolidate_Bulk_Test(String testId, String name1, String name2) in J:\repos\knilecrack\Open-Xml-PowerTools\OpenXmlPowerTools.Tests\WmlComparerTests.cs:line 404
   at InvokeStub_WcTests.WC002_Consolidate_Bulk_Test(Object, Span`1)
   at System.Reflection.MethodBaseInvoker.InvokeWithFewArgs(Object obj, BindingFlags invokeAttr, Binder binder, Object[] parameters, CultureInfo culture)
  Failed OxPt.WcTests.WC002_Consolidate_Bulk_Test(testId: "WCB-1110", name1: "WC/WC002-Unmodified.docx", name2: "WC/WC002-InsertInMiddle.docx") [71 ms]
  Error Message:
   System.InvalidOperationException : Unable to extract Package from DocumentFormat.OpenXml.Packaging.PackageUriHandlingExtensions+MalformedUriHandlingPackage. The SDK returned an unexpected package type. Expected Package or MalformedUriHandlingPackage with accessible inner Package.
  Stack Trace:
     at OpenXmlPowerTools.OpenXmlPackageExtensions.GetPackage(OpenXmlPackage package) in J:\repos\knilecrack\Open-Xml-PowerTools\OpenXmlPowerTools\OxPtHelpers.cs:line 107
   at OpenXmlPowerTools.WmlComparer.AddToAnnotation(WordprocessingDocument wDocDelta, WordprocessingDocument consolidatedWDoc, XElement elementToInsertAfter, ConsolidationInfo consolidationInfo, WmlComparerSettings settings) in J:\repos\knilecrack\Open-Xml-PowerTools\OpenXmlPowerTools\WmlComparer.cs:line 1343
   at OpenXmlPowerTools.WmlComparer.Consolidate(WmlDocument original, List`1 revisedDocumentInfoList, WmlComparerSettings settings, WmlComparerConsolidateSettings consolidateSettings) in J:\repos\knilecrack\Open-Xml-PowerTools\OpenXmlPowerTools\WmlComparer.cs:line 750
   at OpenXmlPowerTools.WmlComparer.Consolidate(WmlDocument original, List`1 revisedDocumentInfoList, WmlComparerSettings settings) in J:\repos\knilecrack\Open-Xml-PowerTools\OpenXmlPowerTools\WmlComparer.cs:line 530
   at OxPt.WcTests.WC002_Consolidate_Bulk_Test(String testId, String name1, String name2) in J:\repos\knilecrack\Open-Xml-PowerTools\OpenXmlPowerTools.Tests\WmlComparerTests.cs:line 416
   at InvokeStub_WcTests.WC002_Consolidate_Bulk_Test(Object, Span`1)
   at System.Reflection.MethodBaseInvoker.InvokeWithFewArgs(Object obj, BindingFlags invokeAttr, Binder binder, Object[] parameters, CultureInfo culture)
  Failed OxPt.WcTests.WC002_Consolidate_Bulk_Test(testId: "WCB-1170", name1: "WC/WC007-Unmodified.docx", name2: "WC/WC007-Longest-At-End.docx") [57 ms]
  Error Message:
   System.InvalidOperationException : Unable to extract Package from DocumentFormat.OpenXml.Packaging.PackageUriHandlingExtensions+MalformedUriHandlingPackage. The SDK returned an unexpected package type. Expected Package or MalformedUriHandlingPackage with accessible inner Package.
  Stack Trace:
     at OpenXmlPowerTools.OpenXmlPackageExtensions.GetPackage(OpenXmlPackage package) in J:\repos\knilecrack\Open-Xml-PowerTools\OpenXmlPowerTools\OxPtHelpers.cs:line 107
   at OpenXmlPowerTools.WmlComparer.AddToAnnotation(WordprocessingDocument wDocDelta, WordprocessingDocument consolidatedWDoc, XElement elementToInsertAfter, ConsolidationInfo consolidationInfo, WmlComparerSettings settings) in J:\repos\knilecrack\Open-Xml-PowerTools\OpenXmlPowerTools\WmlComparer.cs:line 1343
   at OpenXmlPowerTools.WmlComparer.Consolidate(WmlDocument original, List`1 revisedDocumentInfoList, WmlComparerSettings settings, WmlComparerConsolidateSettings consolidateSettings) in J:\repos\knilecrack\Open-Xml-PowerTools\OpenXmlPowerTools\WmlComparer.cs:line 750
   at OpenXmlPowerTools.WmlComparer.Consolidate(WmlDocument original, List`1 revisedDocumentInfoList, WmlComparerSettings settings) in J:\repos\knilecrack\Open-Xml-PowerTools\OpenXmlPowerTools\WmlComparer.cs:line 530
   at OxPt.WcTests.WC002_Consolidate_Bulk_Test(String testId, String name1, String name2) in J:\repos\knilecrack\Open-Xml-PowerTools\OpenXmlPowerTools.Tests\WmlComparerTests.cs:line 416
   at InvokeStub_WcTests.WC002_Consolidate_Bulk_Test(Object, Span`1)
   at System.Reflection.MethodBaseInvoker.InvokeWithFewArgs(Object obj, BindingFlags invokeAttr, Binder binder, Object[] parameters, CultureInfo culture)
  Failed OxPt.WcTests.WC002_Consolidate_Bulk_Test(testId: "WCB-1220", name1: "WC/WC011-Before.docx", name2: "WC/WC011-After.docx") [57 ms]
  Error Message:
   System.InvalidOperationException : Unable to extract Package from DocumentFormat.OpenXml.Packaging.PackageUriHandlingExtensions+MalformedUriHandlingPackage. The SDK returned an unexpected package type. Expected Package or MalformedUriHandlingPackage with accessible inner Package.
  Stack Trace:
     at OpenXmlPowerTools.OpenXmlPackageExtensions.GetPackage(OpenXmlPackage package) in J:\repos\knilecrack\Open-Xml-PowerTools\OpenXmlPowerTools\OxPtHelpers.cs:line 107
   at OpenXmlPowerTools.WmlComparer.AddToAnnotation(WordprocessingDocument wDocDelta, WordprocessingDocument consolidatedWDoc, XElement elementToInsertAfter, ConsolidationInfo consolidationInfo, WmlComparerSettings settings) in J:\repos\knilecrack\Open-Xml-PowerTools\OpenXmlPowerTools\WmlComparer.cs:line 1343
   at OpenXmlPowerTools.WmlComparer.Consolidate(WmlDocument original, List`1 revisedDocumentInfoList, WmlComparerSettings settings, WmlComparerConsolidateSettings consolidateSettings) in J:\repos\knilecrack\Open-Xml-PowerTools\OpenXmlPowerTools\WmlComparer.cs:line 750
   at OpenXmlPowerTools.WmlComparer.Consolidate(WmlDocument original, List`1 revisedDocumentInfoList, WmlComparerSettings settings) in J:\repos\knilecrack\Open-Xml-PowerTools\OpenXmlPowerTools\WmlComparer.cs:line 530
   at OxPt.WcTests.WC002_Consolidate_Bulk_Test(String testId, String name1, String name2) in J:\repos\knilecrack\Open-Xml-PowerTools\OpenXmlPowerTools.Tests\WmlComparerTests.cs:line 416
   at InvokeStub_WcTests.WC002_Consolidate_Bulk_Test(Object, Span`1)
   at System.Reflection.MethodBaseInvoker.InvokeWithFewArgs(Object obj, BindingFlags invokeAttr, Binder binder, Object[] parameters, CultureInfo culture)
  Failed OxPt.WcTests.WC002_Consolidate_Bulk_Test(testId: "WCB-1000", name1: "CA/CA001-Plain.docx", name2: "CA/CA001-Plain-Mod.docx") [64 ms]
  Error Message:
   System.InvalidOperationException : Unable to extract Package from DocumentFormat.OpenXml.Packaging.PackageUriHandlingExtensions+MalformedUriHandlingPackage. The SDK returned an unexpected package type. Expected Package or MalformedUriHandlingPackage with accessible inner Package.
  Stack Trace:
     at OpenXmlPowerTools.OpenXmlPackageExtensions.GetPackage(OpenXmlPackage package) in J:\repos\knilecrack\Open-Xml-PowerTools\OpenXmlPowerTools\OxPtHelpers.cs:line 107
   at OpenXmlPowerTools.WmlComparer.AddToAnnotation(WordprocessingDocument wDocDelta, WordprocessingDocument consolidatedWDoc, XElement elementToInsertAfter, ConsolidationInfo consolidationInfo, WmlComparerSettings settings) in J:\repos\knilecrack\Open-Xml-PowerTools\OpenXmlPowerTools\WmlComparer.cs:line 1343
   at OpenXmlPowerTools.WmlComparer.Consolidate(WmlDocument original, List`1 revisedDocumentInfoList, WmlComparerSettings settings, WmlComparerConsolidateSettings consolidateSettings) in J:\repos\knilecrack\Open-Xml-PowerTools\OpenXmlPowerTools\WmlComparer.cs:line 750
   at OpenXmlPowerTools.WmlComparer.Consolidate(WmlDocument original, List`1 revisedDocumentInfoList, WmlComparerSettings settings) in J:\repos\knilecrack\Open-Xml-PowerTools\OpenXmlPowerTools\WmlComparer.cs:line 530
   at OxPt.WcTests.WC002_Consolidate_Bulk_Test(String testId, String name1, String name2) in J:\repos\knilecrack\Open-Xml-PowerTools\OpenXmlPowerTools.Tests\WmlComparerTests.cs:line 416
   at InvokeStub_WcTests.WC002_Consolidate_Bulk_Test(Object, Span`1)
   at System.Reflection.MethodBaseInvoker.InvokeWithFewArgs(Object obj, BindingFlags invokeAttr, Binder binder, Object[] parameters, CultureInfo culture)
[xUnit.net 00:00:27.87]       System.InvalidOperationException : Unable to extract Package from DocumentFormat.OpenXml.Packaging.PackageUriHandlingExtensions+MalformedUriHandlingPackage. The SDK returned an unexpected package type. Expected Package or MalformedUriHandlingPackage with accessible inner Package.
[xUnit.net 00:00:27.87]       Stack Trace:
[xUnit.net 00:00:27.87]         J:\repos\knilecrack\Open-Xml-PowerTools\OpenXmlPowerTools\OxPtHelpers.cs(107,0): at OpenXmlPowerTools.OpenXmlPackageExtensions.GetPackage(OpenXmlPackage package)
[xUnit.net 00:00:27.87]         J:\repos\knilecrack\Open-Xml-PowerTools\OpenXmlPowerTools\WmlComparer.cs(4629,0): at OpenXmlPowerTools.WmlComparer.<>c__DisplayClass69_6.<CoalesceRecurse>b__18(ComparisonUnitAtom gce)
[xUnit.net 00:00:27.87]            at System.Linq.Enumerable.IEnumerableSelectIterator`2.MoveNext()
[xUnit.net 00:00:27.87]            at System.Xml.Linq.XContainer.AddContentSkipNotify(Object content)
[xUnit.net 00:00:27.87]            at System.Xml.Linq.XContainer.AddContentSkipNotify(Object content)
[xUnit.net 00:00:27.87]            at System.Xml.Linq.XContainer.AddContentSkipNotify(Object content)
[xUnit.net 00:00:27.87]            at System.Xml.Linq.XContainer.AddContentSkipNotify(Object content)
[xUnit.net 00:00:27.87]            at System.Xml.Linq.XContainer.AddContentSkipNotify(Object content)
[xUnit.net 00:00:27.87]            at System.Xml.Linq.XContainer.AddContentSkipNotify(Object content)
[xUnit.net 00:00:27.87]         J:\repos\knilecrack\Open-Xml-PowerTools\OpenXmlPowerTools\WmlComparer.cs(4558,0): at OpenXmlPowerTools.WmlComparer.<>c__DisplayClass69_0.<CoalesceRecurse>b__2(IGrouping`2 g)
[xUnit.net 00:00:27.87]            at System.Linq.Enumerable.IEnumerableWhereSelectIterator`2.ToList()
[xUnit.net 00:00:27.87]         J:\repos\knilecrack\Open-Xml-PowerTools\OpenXmlPowerTools\WmlComparer.cs(4481,0): at OpenXmlPowerTools.WmlComparer.CoalesceRecurse(OpenXmlPart part, IEnumerable`1 list, Int32 level, WmlComparerSettings settings)
[xUnit.net 00:00:27.87]         J:\repos\knilecrack\Open-Xml-PowerTools\OpenXmlPowerTools\WmlComparer.cs(4521,0): at OpenXmlPowerTools.WmlComparer.<>c__DisplayClass69_0.<CoalesceRecurse>b__5(IGrouping`2 gc)
[xUnit.net 00:00:27.87]            at System.Linq.Enumerable.ListSelectIterator`2.ToList()
[xUnit.net 00:00:27.87]         J:\repos\knilecrack\Open-Xml-PowerTools\OpenXmlPowerTools\WmlComparer.cs(4505,0): at OpenXmlPowerTools.WmlComparer.<>c__DisplayClass69_0.<CoalesceRecurse>b__2(IGrouping`2 g)
[xUnit.net 00:00:27.87]            at System.Linq.Enumerable.IEnumerableWhereSelectIterator`2.ToList()
[xUnit.net 00:00:27.87]         J:\repos\knilecrack\Open-Xml-PowerTools\OpenXmlPowerTools\WmlComparer.cs(4481,0): at OpenXmlPowerTools.WmlComparer.CoalesceRecurse(OpenXmlPart part, IEnumerable`1 list, Int32 level, WmlComparerSettings settings)
[xUnit.net 00:00:27.87]         J:\repos\knilecrack\Open-Xml-PowerTools\OpenXmlPowerTools\WmlComparer.cs(4328,0): at OpenXmlPowerTools.WmlComparer.ProduceNewWmlMarkupFromCorrelatedSequence(OpenXmlPart part, IEnumerable`1 comparisonUnitAtomList, WmlComparerSettings settings)
[xUnit.net 00:00:27.87]         J:\repos\knilecrack\Open-Xml-PowerTools\OpenXmlPowerTools\WmlComparer.cs(1686,0): at OpenXmlPowerTools.WmlComparer.ProduceDocumentWithTrackedRevisions(WmlComparerSettings settings, WmlDocument wmlResult, WordprocessingDocument wDoc1, WordprocessingDocument wDoc2)
[xUnit.net 00:00:27.87]         J:\repos\knilecrack\Open-Xml-PowerTools\OpenXmlPowerTools\WmlComparer.cs(213,0): at OpenXmlPowerTools.WmlComparer.CompareInternal(WmlDocument source1, WmlDocument source2, WmlComparerSettings settings, Boolean preProcessMarkupInOriginal)
[xUnit.net 00:00:27.87]         J:\repos\knilecrack\Open-Xml-PowerTools\OpenXmlPowerTools\WmlComparer.cs(94,0): at OpenXmlPowerTools.WmlComparer.Compare(WmlDocument source1, WmlDocument source2, WmlComparerSettings settings)
[xUnit.net 00:00:27.87]         J:\repos\knilecrack\Open-Xml-PowerTools\OpenXmlPowerTools.Tests\WmlComparerTests.cs(404,0): at OxPt.WcTests.WC002_Consolidate_Bulk_Test(String testId, String name1, String name2)
[xUnit.net 00:00:27.87]            at InvokeStub_WcTests.WC002_Consolidate_Bulk_Test(Object, Span`1)
[xUnit.net 00:00:27.87]            at System.Reflection.MethodBaseInvoker.InvokeWithFewArgs(Object obj, BindingFlags invokeAttr, Binder binder, Object[] parameters, CultureInfo culture)
[xUnit.net 00:00:27.94]       System.InvalidOperationException : Unable to extract Package from DocumentFormat.OpenXml.Packaging.PackageUriHandlingExtensions+MalformedUriHandlingPackage. The SDK returned an unexpected package type. Expected Package or MalformedUriHandlingPackage with accessible inner Package.
[xUnit.net 00:00:27.94]       Stack Trace:
[xUnit.net 00:00:27.94]         J:\repos\knilecrack\Open-Xml-PowerTools\OpenXmlPowerTools\OxPtHelpers.cs(107,0): at OpenXmlPowerTools.OpenXmlPackageExtensions.GetPackage(OpenXmlPackage package)
[xUnit.net 00:00:27.94]         J:\repos\knilecrack\Open-Xml-PowerTools\OpenXmlPowerTools\WmlComparer.cs(1343,0): at OpenXmlPowerTools.WmlComparer.AddToAnnotation(WordprocessingDocument wDocDelta, WordprocessingDocument consolidatedWDoc, XElement elementToInsertAfter, ConsolidationInfo consolidationInfo, WmlComparerSettings settings)
[xUnit.net 00:00:27.94]         J:\repos\knilecrack\Open-Xml-PowerTools\OpenXmlPowerTools\WmlComparer.cs(750,0): at OpenXmlPowerTools.WmlComparer.Consolidate(WmlDocument original, List`1 revisedDocumentInfoList, WmlComparerSettings settings, WmlComparerConsolidateSettings consolidateSettings)
[xUnit.net 00:00:27.94]         J:\repos\knilecrack\Open-Xml-PowerTools\OpenXmlPowerTools\WmlComparer.cs(530,0): at OpenXmlPowerTools.WmlComparer.Consolidate(WmlDocument original, List`1 revisedDocumentInfoList, WmlComparerSettings settings)
[xUnit.net 00:00:27.94]         J:\repos\knilecrack\Open-Xml-PowerTools\OpenXmlPowerTools.Tests\WmlComparerTests.cs(416,0): at OxPt.WcTests.WC002_Consolidate_Bulk_Test(String testId, String name1, String name2)
[xUnit.net 00:00:27.94]            at InvokeStub_WcTests.WC002_Consolidate_Bulk_Test(Object, Span`1)
[xUnit.net 00:00:27.94]            at System.Reflection.MethodBaseInvoker.InvokeWithFewArgs(Object obj, BindingFlags invokeAttr, Binder binder, Object[] parameters, CultureInfo culture)
[xUnit.net 00:00:27.99]       System.InvalidOperationException : Unable to extract Package from DocumentFormat.OpenXml.Packaging.PackageUriHandlingExtensions+MalformedUriHandlingPackage. The SDK returned an unexpected package type. Expected Package or MalformedUriHandlingPackage with accessible inner Package.
[xUnit.net 00:00:28.00]       Stack Trace:
[xUnit.net 00:00:28.00]         J:\repos\knilecrack\Open-Xml-PowerTools\OpenXmlPowerTools\OxPtHelpers.cs(107,0): at OpenXmlPowerTools.OpenXmlPackageExtensions.GetPackage(OpenXmlPackage package)
[xUnit.net 00:00:28.00]         J:\repos\knilecrack\Open-Xml-PowerTools\OpenXmlPowerTools\WmlComparer.cs(1343,0): at OpenXmlPowerTools.WmlComparer.AddToAnnotation(WordprocessingDocument wDocDelta, WordprocessingDocument consolidatedWDoc, XElement elementToInsertAfter, ConsolidationInfo consolidationInfo, WmlComparerSettings settings)
[xUnit.net 00:00:28.00]         J:\repos\knilecrack\Open-Xml-PowerTools\OpenXmlPowerTools\WmlComparer.cs(750,0): at OpenXmlPowerTools.WmlComparer.Consolidate(WmlDocument original, List`1 revisedDocumentInfoList, WmlComparerSettings settings, WmlComparerConsolidateSettings consolidateSettings)
[xUnit.net 00:00:28.00]         J:\repos\knilecrack\Open-Xml-PowerTools\OpenXmlPowerTools\WmlComparer.cs(530,0): at OpenXmlPowerTools.WmlComparer.Consolidate(WmlDocument original, List`1 revisedDocumentInfoList, WmlComparerSettings settings)
[xUnit.net 00:00:28.00]         J:\repos\knilecrack\Open-Xml-PowerTools\OpenXmlPowerTools.Tests\WmlComparerTests.cs(416,0): at OxPt.WcTests.WC002_Consolidate_Bulk_Test(String testId, String name1, String name2)
[xUnit.net 00:00:28.00]            at InvokeStub_WcTests.WC002_Consolidate_Bulk_Test(Object, Span`1)
[xUnit.net 00:00:28.00]            at System.Reflection.MethodBaseInvoker.InvokeWithFewArgs(Object obj, BindingFlags invokeAttr, Binder binder, Object[] parameters, CultureInfo culture)
[xUnit.net 00:00:28.03]       OpenXmlPowerTools.OpenXmlPowerToolsException : Internal error
[xUnit.net 00:00:28.03]       Stack Trace:
[xUnit.net 00:00:28.03]         J:\repos\knilecrack\Open-Xml-PowerTools\OpenXmlPowerTools\WmlComparer.cs(2986,0): at OpenXmlPowerTools.WmlComparer.<>c.<AssembleAncestorUnidsInOrderToRebuildXmlTreeProperly>b__44_4(XElement ae)
[xUnit.net 00:00:28.03]            at System.Linq.Enumerable.ArraySelectIterator`2.ToArray()
[xUnit.net 00:00:28.03]         J:\repos\knilecrack\Open-Xml-PowerTools\OpenXmlPowerTools\WmlComparer.cs(2980,0): at OpenXmlPowerTools.WmlComparer.AssembleAncestorUnidsInOrderToRebuildXmlTreeProperly(List`1 comparisonUnitAtomList)
[xUnit.net 00:00:28.03]         J:\repos\knilecrack\Open-Xml-PowerTools\OpenXmlPowerTools\WmlComparer.cs(2647,0): at OpenXmlPowerTools.WmlComparer.ProcessFootnoteEndnote(WmlComparerSettings settings, List`1 listOfComparisonUnitAtoms, MainDocumentPart mainDocumentPartBefore, MainDocumentPart mainDocumentPartAfter, XDocument mainDocumentXDoc)
[xUnit.net 00:00:28.03]         J:\repos\knilecrack\Open-Xml-PowerTools\OpenXmlPowerTools\WmlComparer.cs(1698,0): at OpenXmlPowerTools.WmlComparer.ProduceDocumentWithTrackedRevisions(WmlComparerSettings settings, WmlDocument wmlResult, WordprocessingDocument wDoc1, WordprocessingDocument wDoc2)
[xUnit.net 00:00:28.03]         J:\repos\knilecrack\Open-Xml-PowerTools\OpenXmlPowerTools\WmlComparer.cs(213,0): at OpenXmlPowerTools.WmlComparer.CompareInternal(WmlDocument source1, WmlDocument source2, WmlComparerSettings settings, Boolean preProcessMarkupInOriginal)
[xUnit.net 00:00:28.03]         J:\repos\knilecrack\Open-Xml-PowerTools\OpenXmlPowerTools\WmlComparer.cs(94,0): at OpenXmlPowerTools.WmlComparer.Compare(WmlDocument source1, WmlDocument source2, WmlComparerSettings settings)
[xUnit.net 00:00:28.03]         J:\repos\knilecrack\Open-Xml-PowerTools\OpenXmlPowerTools.Tests\WmlComparerTests.cs(404,0): at OxPt.WcTests.WC002_Consolidate_Bulk_Test(String testId, String name1, String name2)
[xUnit.net 00:00:28.03]            at InvokeStub_WcTests.WC002_Consolidate_Bulk_Test(Object, Span`1)
[xUnit.net 00:00:28.03]            at System.Reflection.MethodBaseInvoker.InvokeWithFewArgs(Object obj, BindingFlags invokeAttr, Binder binder, Object[] parameters, CultureInfo culture)
[xUnit.net 00:00:28.10]       System.InvalidOperationException : Unable to extract Package from DocumentFormat.OpenXml.Packaging.PackageUriHandlingExtensions+MalformedUriHandlingPackage. The SDK returned an unexpected package type. Expected Package or MalformedUriHandlingPackage with accessible inner Package.
[xUnit.net 00:00:28.10]       Stack Trace:
[xUnit.net 00:00:28.10]         J:\repos\knilecrack\Open-Xml-PowerTools\OpenXmlPowerTools\OxPtHelpers.cs(107,0): at OpenXmlPowerTools.OpenXmlPackageExtensions.GetPackage(OpenXmlPackage package)
[xUnit.net 00:00:28.10]         J:\repos\knilecrack\Open-Xml-PowerTools\OpenXmlPowerTools\WmlComparer.cs(1343,0): at OpenXmlPowerTools.WmlComparer.AddToAnnotation(WordprocessingDocument wDocDelta, WordprocessingDocument consolidatedWDoc, XElement elementToInsertAfter, ConsolidationInfo consolidationInfo, WmlComparerSettings settings)
[xUnit.net 00:00:28.10]         J:\repos\knilecrack\Open-Xml-PowerTools\OpenXmlPowerTools\WmlComparer.cs(750,0): at OpenXmlPowerTools.WmlComparer.Consolidate(WmlDocument original, List`1 revisedDocumentInfoList, WmlComparerSettings settings, WmlComparerConsolidateSettings consolidateSettings)
[xUnit.net 00:00:28.10]         J:\repos\knilecrack\Open-Xml-PowerTools\OpenXmlPowerTools\WmlComparer.cs(530,0): at OpenXmlPowerTools.WmlComparer.Consolidate(WmlDocument original, List`1 revisedDocumentInfoList, WmlComparerSettings settings)
[xUnit.net 00:00:28.10]         J:\repos\knilecrack\Open-Xml-PowerTools\OpenXmlPowerTools.Tests\WmlComparerTests.cs(416,0): at OxPt.WcTests.WC002_Consolidate_Bulk_Test(String testId, String name1, String name2)
[xUnit.net 00:00:28.10]            at InvokeStub_WcTests.WC002_Consolidate_Bulk_Test(Object, Span`1)
[xUnit.net 00:00:28.10]            at System.Reflection.MethodBaseInvoker.InvokeWithFewArgs(Object obj, BindingFlags invokeAttr, Binder binder, Object[] parameters, CultureInfo culture)
[xUnit.net 00:00:28.17]       System.InvalidOperationException : Unable to extract Package from DocumentFormat.OpenXml.Packaging.PackageUriHandlingExtensions+MalformedUriHandlingPackage. The SDK returned an unexpected package type. Expected Package or MalformedUriHandlingPackage with accessible inner Package.
[xUnit.net 00:00:28.17]       Stack Trace:
[xUnit.net 00:00:28.17]         J:\repos\knilecrack\Open-Xml-PowerTools\OpenXmlPowerTools\OxPtHelpers.cs(107,0): at OpenXmlPowerTools.OpenXmlPackageExtensions.GetPackage(OpenXmlPackage package)
[xUnit.net 00:00:28.17]         J:\repos\knilecrack\Open-Xml-PowerTools\OpenXmlPowerTools\WmlComparer.cs(1343,0): at OpenXmlPowerTools.WmlComparer.AddToAnnotation(WordprocessingDocument wDocDelta, WordprocessingDocument consolidatedWDoc, XElement elementToInsertAfter, ConsolidationInfo consolidationInfo, WmlComparerSettings settings)
[xUnit.net 00:00:28.17]         J:\repos\knilecrack\Open-Xml-PowerTools\OpenXmlPowerTools\WmlComparer.cs(750,0): at OpenXmlPowerTools.WmlComparer.Consolidate(WmlDocument original, List`1 revisedDocumentInfoList, WmlComparerSettings settings, WmlComparerConsolidateSettings consolidateSettings)
[xUnit.net 00:00:28.17]         J:\repos\knilecrack\Open-Xml-PowerTools\OpenXmlPowerTools\WmlComparer.cs(530,0): at OpenXmlPowerTools.WmlComparer.Consolidate(WmlDocument original, List`1 revisedDocumentInfoList, WmlComparerSettings settings)
[xUnit.net 00:00:28.17]         J:\repos\knilecrack\Open-Xml-PowerTools\OpenXmlPowerTools.Tests\WmlComparerTests.cs(416,0): at OxPt.WcTests.WC002_Consolidate_Bulk_Test(String testId, String name1, String name2)
[xUnit.net 00:00:28.17]            at InvokeStub_WcTests.WC002_Consolidate_Bulk_Test(Object, Span`1)
[xUnit.net 00:00:28.17]            at System.Reflection.MethodBaseInvoker.InvokeWithFewArgs(Object obj, BindingFlags invokeAttr, Binder binder, Object[] parameters, CultureInfo culture)
[xUnit.net 00:00:28.23]       System.InvalidOperationException : Unable to extract Package from DocumentFormat.OpenXml.Packaging.PackageUriHandlingExtensions+MalformedUriHandlingPackage. The SDK returned an unexpected package type. Expected Package or MalformedUriHandlingPackage with accessible inner Package.
[xUnit.net 00:00:28.23]       Stack Trace:
[xUnit.net 00:00:28.23]         J:\repos\knilecrack\Open-Xml-PowerTools\OpenXmlPowerTools\OxPtHelpers.cs(107,0): at OpenXmlPowerTools.OpenXmlPackageExtensions.GetPackage(OpenXmlPackage package)
[xUnit.net 00:00:28.23]         J:\repos\knilecrack\Open-Xml-PowerTools\OpenXmlPowerTools\WmlComparer.cs(1343,0): at OpenXmlPowerTools.WmlComparer.AddToAnnotation(WordprocessingDocument wDocDelta, WordprocessingDocument consolidatedWDoc, XElement elementToInsertAfter, ConsolidationInfo consolidationInfo, WmlComparerSettings settings)
[xUnit.net 00:00:28.23]         J:\repos\knilecrack\Open-Xml-PowerTools\OpenXmlPowerTools\WmlComparer.cs(750,0): at OpenXmlPowerTools.WmlComparer.Consolidate(WmlDocument original, List`1 revisedDocumentInfoList, WmlComparerSettings settings, WmlComparerConsolidateSettings consolidateSettings)
[xUnit.net 00:00:28.23]         J:\repos\knilecrack\Open-Xml-PowerTools\OpenXmlPowerTools\WmlComparer.cs(530,0): at OpenXmlPowerTools.WmlComparer.Consolidate(WmlDocument original, List`1 revisedDocumentInfoList, WmlComparerSettings settings)
[xUnit.net 00:00:28.23]         J:\repos\knilecrack\Open-Xml-PowerTools\OpenXmlPowerTools.Tests\WmlComparerTests.cs(416,0): at OxPt.WcTests.WC002_Consolidate_Bulk_Test(String testId, String name1, String name2)
[xUnit.net 00:00:28.23]            at InvokeStub_WcTests.WC002_Consolidate_Bulk_Test(Object, Span`1)
[xUnit.net 00:00:28.23]            at System.Reflection.MethodBaseInvoker.InvokeWithFewArgs(Object obj, BindingFlags invokeAttr, Binder binder, Object[] parameters, CultureInfo culture)
[xUnit.net 00:00:28.27]       System.InvalidOperationException : Unable to extract Package from DocumentFormat.OpenXml.Packaging.PackageUriHandlingExtensions+MalformedUriHandlingPackage. The SDK returned an unexpected package type. Expected Package or MalformedUriHandlingPackage with accessible inner Package.
[xUnit.net 00:00:28.27]       Stack Trace:
[xUnit.net 00:00:28.27]         J:\repos\knilecrack\Open-Xml-PowerTools\OpenXmlPowerTools\OxPtHelpers.cs(107,0): at OpenXmlPowerTools.OpenXmlPackageExtensions.GetPackage(OpenXmlPackage package)
[xUnit.net 00:00:28.27]         J:\repos\knilecrack\Open-Xml-PowerTools\OpenXmlPowerTools\WmlComparer.cs(4610,0): at OpenXmlPowerTools.WmlComparer.<>c__DisplayClass69_5.<CoalesceRecurse>b__17(ComparisonUnitAtom gce)
[xUnit.net 00:00:28.27]            at System.Linq.Enumerable.IEnumerableSelectIterator`2.MoveNext()
[xUnit.net 00:00:28.27]            at System.Xml.Linq.XContainer.AddContentSkipNotify(Object content)
[xUnit.net 00:00:28.27]            at System.Xml.Linq.XContainer.AddContentSkipNotify(Object content)
[xUnit.net 00:00:28.28]            at System.Xml.Linq.XContainer.AddContentSkipNotify(Object content)
[xUnit.net 00:00:28.28]            at System.Xml.Linq.XContainer.AddContentSkipNotify(Object content)
[xUnit.net 00:00:28.28]            at System.Xml.Linq.XContainer.AddContentSkipNotify(Object content)
[xUnit.net 00:00:28.28]            at System.Xml.Linq.XContainer.AddContentSkipNotify(Object content)
[xUnit.net 00:00:28.28]         J:\repos\knilecrack\Open-Xml-PowerTools\OpenXmlPowerTools\WmlComparer.cs(4558,0): at OpenXmlPowerTools.WmlComparer.<>c__DisplayClass69_0.<CoalesceRecurse>b__2(IGrouping`2 g)
[xUnit.net 00:00:28.28]            at System.Linq.Enumerable.IEnumerableWhereSelectIterator`2.ToList()
[xUnit.net 00:00:28.28]         J:\repos\knilecrack\Open-Xml-PowerTools\OpenXmlPowerTools\WmlComparer.cs(4481,0): at OpenXmlPowerTools.WmlComparer.CoalesceRecurse(OpenXmlPart part, IEnumerable`1 list, Int32 level, WmlComparerSettings settings)
[xUnit.net 00:00:28.28]         J:\repos\knilecrack\Open-Xml-PowerTools\OpenXmlPowerTools\WmlComparer.cs(4521,0): at OpenXmlPowerTools.WmlComparer.<>c__DisplayClass69_0.<CoalesceRecurse>b__5(IGrouping`2 gc)
[xUnit.net 00:00:28.28]            at System.Linq.Enumerable.ListSelectIterator`2.ToList()
[xUnit.net 00:00:28.28]         J:\repos\knilecrack\Open-Xml-PowerTools\OpenXmlPowerTools\WmlComparer.cs(4505,0): at OpenXmlPowerTools.WmlComparer.<>c__DisplayClass69_0.<CoalesceRecurse>b__2(IGrouping`2 g)
[xUnit.net 00:00:28.28]            at System.Linq.Enumerable.IEnumerableWhereSelectIterator`2.ToList()
[xUnit.net 00:00:28.28]         J:\repos\knilecrack\Open-Xml-PowerTools\OpenXmlPowerTools\WmlComparer.cs(4481,0): at OpenXmlPowerTools.WmlComparer.CoalesceRecurse(OpenXmlPart part, IEnumerable`1 list, Int32 level, WmlComparerSettings settings)
[xUnit.net 00:00:28.28]         J:\repos\knilecrack\Open-Xml-PowerTools\OpenXmlPowerTools\WmlComparer.cs(4328,0): at OpenXmlPowerTools.WmlComparer.ProduceNewWmlMarkupFromCorrelatedSequence(OpenXmlPart part, IEnumerable`1 comparisonUnitAtomList, WmlComparerSettings settings)
[xUnit.net 00:00:28.28]         J:\repos\knilecrack\Open-Xml-PowerTools\OpenXmlPowerTools\WmlComparer.cs(1686,0): at OpenXmlPowerTools.WmlComparer.ProduceDocumentWithTrackedRevisions(WmlComparerSettings settings, WmlDocument wmlResult, WordprocessingDocument wDoc1, WordprocessingDocument wDoc2)
[xUnit.net 00:00:28.28]         J:\repos\knilecrack\Open-Xml-PowerTools\OpenXmlPowerTools\WmlComparer.cs(213,0): at OpenXmlPowerTools.WmlComparer.CompareInternal(WmlDocument source1, WmlDocument source2, WmlComparerSettings settings, Boolean preProcessMarkupInOriginal)
[xUnit.net 00:00:28.28]         J:\repos\knilecrack\Open-Xml-PowerTools\OpenXmlPowerTools\WmlComparer.cs(94,0): at OpenXmlPowerTools.WmlComparer.Compare(WmlDocument source1, WmlDocument source2, WmlComparerSettings settings)
[xUnit.net 00:00:28.28]         J:\repos\knilecrack\Open-Xml-PowerTools\OpenXmlPowerTools.Tests\WmlComparerTests.cs(404,0): at OxPt.WcTests.WC002_Consolidate_Bulk_Test(String testId, String name1, String name2)
[xUnit.net 00:00:28.28]            at InvokeStub_WcTests.WC002_Consolidate_Bulk_Test(Object, Span`1)
[xUnit.net 00:00:28.28]            at System.Reflection.MethodBaseInvoker.InvokeWithFewArgs(Object obj, BindingFlags invokeAttr, Binder binder, Object[] parameters, CultureInfo culture)
[xUnit.net 00:00:28.33]       System.InvalidOperationException : Unable to extract Package from DocumentFormat.OpenXml.Packaging.PackageUriHandlingExtensions+MalformedUriHandlingPackage. The SDK returned an unexpected package type. Expected Package or MalformedUriHandlingPackage with accessible inner Package.
[xUnit.net 00:00:28.33]       Stack Trace:
[xUnit.net 00:00:28.34]         J:\repos\knilecrack\Open-Xml-PowerTools\OpenXmlPowerTools\OxPtHelpers.cs(107,0): at OpenXmlPowerTools.OpenXmlPackageExtensions.GetPackage(OpenXmlPackage package)
[xUnit.net 00:00:28.34]         J:\repos\knilecrack\Open-Xml-PowerTools\OpenXmlPowerTools\WmlComparer.cs(1343,0): at OpenXmlPowerTools.WmlComparer.AddToAnnotation(WordprocessingDocument wDocDelta, WordprocessingDocument consolidatedWDoc, XElement elementToInsertAfter, ConsolidationInfo consolidationInfo, WmlComparerSettings settings)
[xUnit.net 00:00:28.34]         J:\repos\knilecrack\Open-Xml-PowerTools\OpenXmlPowerTools\WmlComparer.cs(750,0): at OpenXmlPowerTools.WmlComparer.Consolidate(WmlDocument original, List`1 revisedDocumentInfoList, WmlComparerSettings settings, WmlComparerConsolidateSettings consolidateSettings)
[xUnit.net 00:00:28.34]         J:\repos\knilecrack\Open-Xml-PowerTools\OpenXmlPowerTools\WmlComparer.cs(530,0): at OpenXmlPowerTools.WmlComparer.Consolidate(WmlDocument original, List`1 revisedDocumentInfoList, WmlComparerSettings settings)
[xUnit.net 00:00:28.34]         J:\repos\knilecrack\Open-Xml-PowerTools\OpenXmlPowerTools.Tests\WmlComparerTests.cs(416,0): at OxPt.WcTests.WC002_Consolidate_Bulk_Test(String testId, String name1, String name2)
[xUnit.net 00:00:28.34]            at InvokeStub_WcTests.WC002_Consolidate_Bulk_Test(Object, Span`1)
[xUnit.net 00:00:28.34]            at System.Reflection.MethodBaseInvoker.InvokeWithFewArgs(Object obj, BindingFlags invokeAttr, Binder binder, Object[] parameters, CultureInfo culture)
  Failed OxPt.WcTests.WC002_Consolidate_Bulk_Test(testId: "WCB-1740", name1: "RC/RC002-Image.docx", name2: "RC/RC002-Image-After1.docx") [33 ms]
  Error Message:
   System.InvalidOperationException : Unable to extract Package from DocumentFormat.OpenXml.Packaging.PackageUriHandlingExtensions+MalformedUriHandlingPackage. The SDK returned an unexpected package type. Expected Package or MalformedUriHandlingPackage with accessible inner Package.
  Stack Trace:
     at OpenXmlPowerTools.OpenXmlPackageExtensions.GetPackage(OpenXmlPackage package) in J:\repos\knilecrack\Open-Xml-PowerTools\OpenXmlPowerTools\OxPtHelpers.cs:line 107
   at OpenXmlPowerTools.WmlComparer.<>c__DisplayClass69_6.<CoalesceRecurse>b__18(ComparisonUnitAtom gce) in J:\repos\knilecrack\Open-Xml-PowerTools\OpenXmlPowerTools\WmlComparer.cs:line 4629
   at System.Linq.Enumerable.IEnumerableSelectIterator`2.MoveNext()
   at System.Xml.Linq.XContainer.AddContentSkipNotify(Object content)
   at System.Xml.Linq.XContainer.AddContentSkipNotify(Object content)
   at System.Xml.Linq.XContainer.AddContentSkipNotify(Object content)
   at System.Xml.Linq.XContainer.AddContentSkipNotify(Object content)
   at System.Xml.Linq.XContainer.AddContentSkipNotify(Object content)
   at System.Xml.Linq.XContainer.AddContentSkipNotify(Object content)
   at OpenXmlPowerTools.WmlComparer.<>c__DisplayClass69_0.<CoalesceRecurse>b__2(IGrouping`2 g) in J:\repos\knilecrack\Open-Xml-PowerTools\OpenXmlPowerTools\WmlComparer.cs:line 4558
   at System.Linq.Enumerable.IEnumerableWhereSelectIterator`2.ToList()
   at OpenXmlPowerTools.WmlComparer.CoalesceRecurse(OpenXmlPart part, IEnumerable`1 list, Int32 level, WmlComparerSettings settings) in J:\repos\knilecrack\Open-Xml-PowerTools\OpenXmlPowerTools\WmlComparer.cs:line 4481
   at OpenXmlPowerTools.WmlComparer.<>c__DisplayClass69_0.<CoalesceRecurse>b__5(IGrouping`2 gc) in J:\repos\knilecrack\Open-Xml-PowerTools\OpenXmlPowerTools\WmlComparer.cs:line 4521
   at System.Linq.Enumerable.ListSelectIterator`2.ToList()
   at OpenXmlPowerTools.WmlComparer.<>c__DisplayClass69_0.<CoalesceRecurse>b__2(IGrouping`2 g) in J:\repos\knilecrack\Open-Xml-PowerTools\OpenXmlPowerTools\WmlComparer.cs:line 4505
   at System.Linq.Enumerable.IEnumerableWhereSelectIterator`2.ToList()
   at OpenXmlPowerTools.WmlComparer.CoalesceRecurse(OpenXmlPart part, IEnumerable`1 list, Int32 level, WmlComparerSettings settings) in J:\repos\knilecrack\Open-Xml-PowerTools\OpenXmlPowerTools\WmlComparer.cs:line 4481
   at OpenXmlPowerTools.WmlComparer.ProduceNewWmlMarkupFromCorrelatedSequence(OpenXmlPart part, IEnumerable`1 comparisonUnitAtomList, WmlComparerSettings settings) in J:\repos\knilecrack\Open-Xml-PowerTools\OpenXmlPowerTools\WmlComparer.cs:line 4328
   at OpenXmlPowerTools.WmlComparer.ProduceDocumentWithTrackedRevisions(WmlComparerSettings settings, WmlDocument wmlResult, WordprocessingDocument wDoc1, WordprocessingDocument wDoc2) in J:\repos\knilecrack\Open-Xml-PowerTools\OpenXmlPowerTools\WmlComparer.cs:line 1686
   at OpenXmlPowerTools.WmlComparer.CompareInternal(WmlDocument source1, WmlDocument source2, WmlComparerSettings settings, Boolean preProcessMarkupInOriginal) in J:\repos\knilecrack\Open-Xml-PowerTools\OpenXmlPowerTools\WmlComparer.cs:line 213
   at OpenXmlPowerTools.WmlComparer.Compare(WmlDocument source1, WmlDocument source2, WmlComparerSettings settings) in J:\repos\knilecrack\Open-Xml-PowerTools\OpenXmlPowerTools\WmlComparer.cs:line 94
   at OxPt.WcTests.WC002_Consolidate_Bulk_Test(String testId, String name1, String name2) in J:\repos\knilecrack\Open-Xml-PowerTools\OpenXmlPowerTools.Tests\WmlComparerTests.cs:line 404
   at InvokeStub_WcTests.WC002_Consolidate_Bulk_Test(Object, Span`1)
   at System.Reflection.MethodBaseInvoker.InvokeWithFewArgs(Object obj, BindingFlags invokeAttr, Binder binder, Object[] parameters, CultureInfo culture)
  Failed OxPt.WcTests.WC002_Consolidate_Bulk_Test(testId: "WCB-1010", name1: "WC/WC001-Digits.docx", name2: "WC/WC001-Digits-Mod.docx") [68 ms]
  Error Message:
   System.InvalidOperationException : Unable to extract Package from DocumentFormat.OpenXml.Packaging.PackageUriHandlingExtensions+MalformedUriHandlingPackage. The SDK returned an unexpected package type. Expected Package or MalformedUriHandlingPackage with accessible inner Package.
  Stack Trace:
     at OpenXmlPowerTools.OpenXmlPackageExtensions.GetPackage(OpenXmlPackage package) in J:\repos\knilecrack\Open-Xml-PowerTools\OpenXmlPowerTools\OxPtHelpers.cs:line 107
   at OpenXmlPowerTools.WmlComparer.AddToAnnotation(WordprocessingDocument wDocDelta, WordprocessingDocument consolidatedWDoc, XElement elementToInsertAfter, ConsolidationInfo consolidationInfo, WmlComparerSettings settings) in J:\repos\knilecrack\Open-Xml-PowerTools\OpenXmlPowerTools\WmlComparer.cs:line 1343
   at OpenXmlPowerTools.WmlComparer.Consolidate(WmlDocument original, List`1 revisedDocumentInfoList, WmlComparerSettings settings, WmlComparerConsolidateSettings consolidateSettings) in J:\repos\knilecrack\Open-Xml-PowerTools\OpenXmlPowerTools\WmlComparer.cs:line 750
   at OpenXmlPowerTools.WmlComparer.Consolidate(WmlDocument original, List`1 revisedDocumentInfoList, WmlComparerSettings settings) in J:\repos\knilecrack\Open-Xml-PowerTools\OpenXmlPowerTools\WmlComparer.cs:line 530
   at OxPt.WcTests.WC002_Consolidate_Bulk_Test(String testId, String name1, String name2) in J:\repos\knilecrack\Open-Xml-PowerTools\OpenXmlPowerTools.Tests\WmlComparerTests.cs:line 416
   at InvokeStub_WcTests.WC002_Consolidate_Bulk_Test(Object, Span`1)
   at System.Reflection.MethodBaseInvoker.InvokeWithFewArgs(Object obj, BindingFlags invokeAttr, Binder binder, Object[] parameters, CultureInfo culture)
  Failed OxPt.WcTests.WC002_Consolidate_Bulk_Test(testId: "WCB-1070", name1: "WC/WC002-Unmodified.docx", name2: "WC/WC002-InsertAtBeginning.docx") [59 ms]
  Error Message:
   System.InvalidOperationException : Unable to extract Package from DocumentFormat.OpenXml.Packaging.PackageUriHandlingExtensions+MalformedUriHandlingPackage. The SDK returned an unexpected package type. Expected Package or MalformedUriHandlingPackage with accessible inner Package.
  Stack Trace:
     at OpenXmlPowerTools.OpenXmlPackageExtensions.GetPackage(OpenXmlPackage package) in J:\repos\knilecrack\Open-Xml-PowerTools\OpenXmlPowerTools\OxPtHelpers.cs:line 107
   at OpenXmlPowerTools.WmlComparer.AddToAnnotation(WordprocessingDocument wDocDelta, WordprocessingDocument consolidatedWDoc, XElement elementToInsertAfter, ConsolidationInfo consolidationInfo, WmlComparerSettings settings) in J:\repos\knilecrack\Open-Xml-PowerTools\OpenXmlPowerTools\WmlComparer.cs:line 1343
   at OpenXmlPowerTools.WmlComparer.Consolidate(WmlDocument original, List`1 revisedDocumentInfoList, WmlComparerSettings settings, WmlComparerConsolidateSettings consolidateSettings) in J:\repos\knilecrack\Open-Xml-PowerTools\OpenXmlPowerTools\WmlComparer.cs:line 750
   at OpenXmlPowerTools.WmlComparer.Consolidate(WmlDocument original, List`1 revisedDocumentInfoList, WmlComparerSettings settings) in J:\repos\knilecrack\Open-Xml-PowerTools\OpenXmlPowerTools\WmlComparer.cs:line 530
   at OxPt.WcTests.WC002_Consolidate_Bulk_Test(String testId, String name1, String name2) in J:\repos\knilecrack\Open-Xml-PowerTools\OpenXmlPowerTools.Tests\WmlComparerTests.cs:line 416
   at InvokeStub_WcTests.WC002_Consolidate_Bulk_Test(Object, Span`1)
   at System.Reflection.MethodBaseInvoker.InvokeWithFewArgs(Object obj, BindingFlags invokeAttr, Binder binder, Object[] parameters, CultureInfo culture)
  Failed OxPt.WcTests.WC002_Consolidate_Bulk_Test(testId: "WCB-1390", name1: "WC/WC020-FootNote-Before.docx", name2: "WC/WC020-FootNote-After-2.docx") [38 ms]
  Error Message:
   OpenXmlPowerTools.OpenXmlPowerToolsException : Internal error
  Stack Trace:
     at OpenXmlPowerTools.WmlComparer.<>c.<AssembleAncestorUnidsInOrderToRebuildXmlTreeProperly>b__44_4(XElement ae) in J:\repos\knilecrack\Open-Xml-PowerTools\OpenXmlPowerTools\WmlComparer.cs:line 2986
   at System.Linq.Enumerable.ArraySelectIterator`2.ToArray()
   at OpenXmlPowerTools.WmlComparer.AssembleAncestorUnidsInOrderToRebuildXmlTreeProperly(List`1 comparisonUnitAtomList) in J:\repos\knilecrack\Open-Xml-PowerTools\OpenXmlPowerTools\WmlComparer.cs:line 2980
   at OpenXmlPowerTools.WmlComparer.ProcessFootnoteEndnote(WmlComparerSettings settings, List`1 listOfComparisonUnitAtoms, MainDocumentPart mainDocumentPartBefore, MainDocumentPart mainDocumentPartAfter, XDocument mainDocumentXDoc) in J:\repos\knilecrack\Open-Xml-PowerTools\OpenXmlPowerTools\WmlComparer.cs:line 2647
   at OpenXmlPowerTools.WmlComparer.ProduceDocumentWithTrackedRevisions(WmlComparerSettings settings, WmlDocument wmlResult, WordprocessingDocument wDoc1, WordprocessingDocument wDoc2) in J:\repos\knilecrack\Open-Xml-PowerTools\OpenXmlPowerTools\WmlComparer.cs:line 1698
   at OpenXmlPowerTools.WmlComparer.CompareInternal(WmlDocument source1, WmlDocument source2, WmlComparerSettings settings, Boolean preProcessMarkupInOriginal) in J:\repos\knilecrack\Open-Xml-PowerTools\OpenXmlPowerTools\WmlComparer.cs:line 213
   at OpenXmlPowerTools.WmlComparer.Compare(WmlDocument source1, WmlDocument source2, WmlComparerSettings settings) in J:\repos\knilecrack\Open-Xml-PowerTools\OpenXmlPowerTools\WmlComparer.cs:line 94
   at OxPt.WcTests.WC002_Consolidate_Bulk_Test(String testId, String name1, String name2) in J:\repos\knilecrack\Open-Xml-PowerTools\OpenXmlPowerTools.Tests\WmlComparerTests.cs:line 404
   at InvokeStub_WcTests.WC002_Consolidate_Bulk_Test(Object, Span`1)
   at System.Reflection.MethodBaseInvoker.InvokeWithFewArgs(Object obj, BindingFlags invokeAttr, Binder binder, Object[] parameters, CultureInfo culture)
  Failed OxPt.WcTests.WC002_Consolidate_Bulk_Test(testId: "WCB-1250", name1: "WC/WC013-Image-Before.docx", name2: "WC/WC013-Image-After2.docx") [70 ms]
  Error Message:
   System.InvalidOperationException : Unable to extract Package from DocumentFormat.OpenXml.Packaging.PackageUriHandlingExtensions+MalformedUriHandlingPackage. The SDK returned an unexpected package type. Expected Package or MalformedUriHandlingPackage with accessible inner Package.
  Stack Trace:
     at OpenXmlPowerTools.OpenXmlPackageExtensions.GetPackage(OpenXmlPackage package) in J:\repos\knilecrack\Open-Xml-PowerTools\OpenXmlPowerTools\OxPtHelpers.cs:line 107
   at OpenXmlPowerTools.WmlComparer.AddToAnnotation(WordprocessingDocument wDocDelta, WordprocessingDocument consolidatedWDoc, XElement elementToInsertAfter, ConsolidationInfo consolidationInfo, WmlComparerSettings settings) in J:\repos\knilecrack\Open-Xml-PowerTools\OpenXmlPowerTools\WmlComparer.cs:line 1343
   at OpenXmlPowerTools.WmlComparer.Consolidate(WmlDocument original, List`1 revisedDocumentInfoList, WmlComparerSettings settings, WmlComparerConsolidateSettings consolidateSettings) in J:\repos\knilecrack\Open-Xml-PowerTools\OpenXmlPowerTools\WmlComparer.cs:line 750
   at OpenXmlPowerTools.WmlComparer.Consolidate(WmlDocument original, List`1 revisedDocumentInfoList, WmlComparerSettings settings) in J:\repos\knilecrack\Open-Xml-PowerTools\OpenXmlPowerTools\WmlComparer.cs:line 530
   at OxPt.WcTests.WC002_Consolidate_Bulk_Test(String testId, String name1, String name2) in J:\repos\knilecrack\Open-Xml-PowerTools\OpenXmlPowerTools.Tests\WmlComparerTests.cs:line 416
   at InvokeStub_WcTests.WC002_Consolidate_Bulk_Test(Object, Span`1)
   at System.Reflection.MethodBaseInvoker.InvokeWithFewArgs(Object obj, BindingFlags invokeAttr, Binder binder, Object[] parameters, CultureInfo culture)
  Failed OxPt.WcTests.WC002_Consolidate_Bulk_Test(testId: "WCB-1360", name1: "WC/WC019-Hyperlink-Before.docx", name2: "WC/WC019-Hyperlink-After-1.docx") [61 ms]
  Error Message:
   System.InvalidOperationException : Unable to extract Package from DocumentFormat.OpenXml.Packaging.PackageUriHandlingExtensions+MalformedUriHandlingPackage. The SDK returned an unexpected package type. Expected Package or MalformedUriHandlingPackage with accessible inner Package.
  Stack Trace:
     at OpenXmlPowerTools.OpenXmlPackageExtensions.GetPackage(OpenXmlPackage package) in J:\repos\knilecrack\Open-Xml-PowerTools\OpenXmlPowerTools\OxPtHelpers.cs:line 107
   at OpenXmlPowerTools.WmlComparer.AddToAnnotation(WordprocessingDocument wDocDelta, WordprocessingDocument consolidatedWDoc, XElement elementToInsertAfter, ConsolidationInfo consolidationInfo, WmlComparerSettings settings) in J:\repos\knilecrack\Open-Xml-PowerTools\OpenXmlPowerTools\WmlComparer.cs:line 1343
   at OpenXmlPowerTools.WmlComparer.Consolidate(WmlDocument original, List`1 revisedDocumentInfoList, WmlComparerSettings settings, WmlComparerConsolidateSettings consolidateSettings) in J:\repos\knilecrack\Open-Xml-PowerTools\OpenXmlPowerTools\WmlComparer.cs:line 750
   at OpenXmlPowerTools.WmlComparer.Consolidate(WmlDocument original, List`1 revisedDocumentInfoList, WmlComparerSettings settings) in J:\repos\knilecrack\Open-Xml-PowerTools\OpenXmlPowerTools\WmlComparer.cs:line 530
   at OxPt.WcTests.WC002_Consolidate_Bulk_Test(String testId, String name1, String name2) in J:\repos\knilecrack\Open-Xml-PowerTools\OpenXmlPowerTools.Tests\WmlComparerTests.cs:line 416
   at InvokeStub_WcTests.WC002_Consolidate_Bulk_Test(Object, Span`1)
   at System.Reflection.MethodBaseInvoker.InvokeWithFewArgs(Object obj, BindingFlags invokeAttr, Binder binder, Object[] parameters, CultureInfo culture)
  Failed OxPt.WcTests.WC002_Consolidate_Bulk_Test(testId: "WCB-1370", name1: "WC/WC019-Hyperlink-Before.docx", name2: "WC/WC019-Hyperlink-After-2.docx") [66 ms]
  Error Message:
   System.InvalidOperationException : Unable to extract Package from DocumentFormat.OpenXml.Packaging.PackageUriHandlingExtensions+MalformedUriHandlingPackage. The SDK returned an unexpected package type. Expected Package or MalformedUriHandlingPackage with accessible inner Package.
  Stack Trace:
     at OpenXmlPowerTools.OpenXmlPackageExtensions.GetPackage(OpenXmlPackage package) in J:\repos\knilecrack\Open-Xml-PowerTools\OpenXmlPowerTools\OxPtHelpers.cs:line 107
   at OpenXmlPowerTools.WmlComparer.AddToAnnotation(WordprocessingDocument wDocDelta, WordprocessingDocument consolidatedWDoc, XElement elementToInsertAfter, ConsolidationInfo consolidationInfo, WmlComparerSettings settings) in J:\repos\knilecrack\Open-Xml-PowerTools\OpenXmlPowerTools\WmlComparer.cs:line 1343
   at OpenXmlPowerTools.WmlComparer.Consolidate(WmlDocument original, List`1 revisedDocumentInfoList, WmlComparerSettings settings, WmlComparerConsolidateSettings consolidateSettings) in J:\repos\knilecrack\Open-Xml-PowerTools\OpenXmlPowerTools\WmlComparer.cs:line 750
   at OpenXmlPowerTools.WmlComparer.Consolidate(WmlDocument original, List`1 revisedDocumentInfoList, WmlComparerSettings settings) in J:\repos\knilecrack\Open-Xml-PowerTools\OpenXmlPowerTools\WmlComparer.cs:line 530
   at OxPt.WcTests.WC002_Consolidate_Bulk_Test(String testId, String name1, String name2) in J:\repos\knilecrack\Open-Xml-PowerTools\OpenXmlPowerTools.Tests\WmlComparerTests.cs:line 416
   at InvokeStub_WcTests.WC002_Consolidate_Bulk_Test(Object, Span`1)
   at System.Reflection.MethodBaseInvoker.InvokeWithFewArgs(Object obj, BindingFlags invokeAttr, Binder binder, Object[] parameters, CultureInfo culture)
  Failed OxPt.WcTests.WC002_Consolidate_Bulk_Test(testId: "WCB-1330", name1: "WC/WC017-Image.docx", name2: "WC/WC017-Image-After.docx") [41 ms]
  Error Message:
   System.InvalidOperationException : Unable to extract Package from DocumentFormat.OpenXml.Packaging.PackageUriHandlingExtensions+MalformedUriHandlingPackage. The SDK returned an unexpected package type. Expected Package or MalformedUriHandlingPackage with accessible inner Package.
  Stack Trace:
     at OpenXmlPowerTools.OpenXmlPackageExtensions.GetPackage(OpenXmlPackage package) in J:\repos\knilecrack\Open-Xml-PowerTools\OpenXmlPowerTools\OxPtHelpers.cs:line 107
   at OpenXmlPowerTools.WmlComparer.<>c__DisplayClass69_5.<CoalesceRecurse>b__17(ComparisonUnitAtom gce) in J:\repos\knilecrack\Open-Xml-PowerTools\OpenXmlPowerTools\WmlComparer.cs:line 4610
   at System.Linq.Enumerable.IEnumerableSelectIterator`2.MoveNext()
   at System.Xml.Linq.XContainer.AddContentSkipNotify(Object content)
   at System.Xml.Linq.XContainer.AddContentSkipNotify(Object content)
   at System.Xml.Linq.XContainer.AddContentSkipNotify(Object content)
   at System.Xml.Linq.XContainer.AddContentSkipNotify(Object content)
   at System.Xml.Linq.XContainer.AddContentSkipNotify(Object content)
   at System.Xml.Linq.XContainer.AddContentSkipNotify(Object content)
   at OpenXmlPowerTools.WmlComparer.<>c__DisplayClass69_0.<CoalesceRecurse>b__2(IGrouping`2 g) in J:\repos\knilecrack\Open-Xml-PowerTools\OpenXmlPowerTools\WmlComparer.cs:line 4558
   at System.Linq.Enumerable.IEnumerableWhereSelectIterator`2.ToList()
   at OpenXmlPowerTools.WmlComparer.CoalesceRecurse(OpenXmlPart part, IEnumerable`1 list, Int32 level, WmlComparerSettings settings) in J:\repos\knilecrack\Open-Xml-PowerTools\OpenXmlPowerTools\WmlComparer.cs:line 4481
   at OpenXmlPowerTools.WmlComparer.<>c__DisplayClass69_0.<CoalesceRecurse>b__5(IGrouping`2 gc) in J:\repos\knilecrack\Open-Xml-PowerTools\OpenXmlPowerTools\WmlComparer.cs:line 4521
   at System.Linq.Enumerable.ListSelectIterator`2.ToList()
   at OpenXmlPowerTools.WmlComparer.<>c__DisplayClass69_0.<CoalesceRecurse>b__2(IGrouping`2 g) in J:\repos\knilecrack\Open-Xml-PowerTools\OpenXmlPowerTools\WmlComparer.cs:line 4505
   at System.Linq.Enumerable.IEnumerableWhereSelectIterator`2.ToList()
   at OpenXmlPowerTools.WmlComparer.CoalesceRecurse(OpenXmlPart part, IEnumerable`1 list, Int32 level, WmlComparerSettings settings) in J:\repos\knilecrack\Open-Xml-PowerTools\OpenXmlPowerTools\WmlComparer.cs:line 4481
   at OpenXmlPowerTools.WmlComparer.ProduceNewWmlMarkupFromCorrelatedSequence(OpenXmlPart part, IEnumerable`1 comparisonUnitAtomList, WmlComparerSettings settings) in J:\repos\knilecrack\Open-Xml-PowerTools\OpenXmlPowerTools\WmlComparer.cs:line 4328
   at OpenXmlPowerTools.WmlComparer.ProduceDocumentWithTrackedRevisions(WmlComparerSettings settings, WmlDocument wmlResult, WordprocessingDocument wDoc1, WordprocessingDocument wDoc2) in J:\repos\knilecrack\Open-Xml-PowerTools\OpenXmlPowerTools\WmlComparer.cs:line 1686
   at OpenXmlPowerTools.WmlComparer.CompareInternal(WmlDocument source1, WmlDocument source2, WmlComparerSettings settings, Boolean preProcessMarkupInOriginal) in J:\repos\knilecrack\Open-Xml-PowerTools\OpenXmlPowerTools\WmlComparer.cs:line 213
   at OpenXmlPowerTools.WmlComparer.Compare(WmlDocument source1, WmlDocument source2, WmlComparerSettings settings) in J:\repos\knilecrack\Open-Xml-PowerTools\OpenXmlPowerTools\WmlComparer.cs:line 94
   at OxPt.WcTests.WC002_Consolidate_Bulk_Test(String testId, String name1, String name2) in J:\repos\knilecrack\Open-Xml-PowerTools\OpenXmlPowerTools.Tests\WmlComparerTests.cs:line 404
   at InvokeStub_WcTests.WC002_Consolidate_Bulk_Test(Object, Span`1)
   at System.Reflection.MethodBaseInvoker.InvokeWithFewArgs(Object obj, BindingFlags invokeAttr, Binder binder, Object[] parameters, CultureInfo culture)
  Failed OxPt.WcTests.WC002_Consolidate_Bulk_Test(testId: "WCB-1490", name1: "WC/WC027-Twenty-Paras-After-1.docx", name2: "WC/WC027-Twenty-Paras-Before.docx") [59 ms]
  Error Message:
   System.InvalidOperationException : Unable to extract Package from DocumentFormat.OpenXml.Packaging.PackageUriHandlingExtensions+MalformedUriHandlingPackage. The SDK returned an unexpected package type. Expected Package or MalformedUriHandlingPackage with accessible inner Package.
  Stack Trace:
     at OpenXmlPowerTools.OpenXmlPackageExtensions.GetPackage(OpenXmlPackage package) in J:\repos\knilecrack\Open-Xml-PowerTools\OpenXmlPowerTools\OxPtHelpers.cs:line 107
   at OpenXmlPowerTools.WmlComparer.AddToAnnotation(WordprocessingDocument wDocDelta, WordprocessingDocument consolidatedWDoc, XElement elementToInsertAfter, ConsolidationInfo consolidationInfo, WmlComparerSettings settings) in J:\repos\knilecrack\Open-Xml-PowerTools\OpenXmlPowerTools\WmlComparer.cs:line 1343
   at OpenXmlPowerTools.WmlComparer.Consolidate(WmlDocument original, List`1 revisedDocumentInfoList, WmlComparerSettings settings, WmlComparerConsolidateSettings consolidateSettings) in J:\repos\knilecrack\Open-Xml-PowerTools\OpenXmlPowerTools\WmlComparer.cs:line 750
   at OpenXmlPowerTools.WmlComparer.Consolidate(WmlDocument original, List`1 revisedDocumentInfoList, WmlComparerSettings settings) in J:\repos\knilecrack\Open-Xml-PowerTools\OpenXmlPowerTools\WmlComparer.cs:line 530
   at OxPt.WcTests.WC002_Consolidate_Bulk_Test(String testId, String name1, String name2) in J:\repos\knilecrack\Open-Xml-PowerTools\OpenXmlPowerTools.Tests\WmlComparerTests.cs:line 416
   at InvokeStub_WcTests.WC002_Consolidate_Bulk_Test(Object, Span`1)
   at System.Reflection.MethodBaseInvoker.InvokeWithFewArgs(Object obj, BindingFlags invokeAttr, Binder binder, Object[] parameters, CultureInfo culture)
[xUnit.net 00:00:28.44]       System.InvalidOperationException : Unable to extract Package from DocumentFormat.OpenXml.Packaging.PackageUriHandlingExtensions+MalformedUriHandlingPackage. The SDK returned an unexpected package type. Expected Package or MalformedUriHandlingPackage with accessible inner Package.
[xUnit.net 00:00:28.44]       Stack Trace:
[xUnit.net 00:00:28.44]         J:\repos\knilecrack\Open-Xml-PowerTools\OpenXmlPowerTools\OxPtHelpers.cs(107,0): at OpenXmlPowerTools.OpenXmlPackageExtensions.GetPackage(OpenXmlPackage package)
[xUnit.net 00:00:28.44]         J:\repos\knilecrack\Open-Xml-PowerTools\OpenXmlPowerTools\WmlComparer.cs(1343,0): at OpenXmlPowerTools.WmlComparer.AddToAnnotation(WordprocessingDocument wDocDelta, WordprocessingDocument consolidatedWDoc, XElement elementToInsertAfter, ConsolidationInfo consolidationInfo, WmlComparerSettings settings)
[xUnit.net 00:00:28.44]         J:\repos\knilecrack\Open-Xml-PowerTools\OpenXmlPowerTools\WmlComparer.cs(750,0): at OpenXmlPowerTools.WmlComparer.Consolidate(WmlDocument original, List`1 revisedDocumentInfoList, WmlComparerSettings settings, WmlComparerConsolidateSettings consolidateSettings)
[xUnit.net 00:00:28.44]         J:\repos\knilecrack\Open-Xml-PowerTools\OpenXmlPowerTools\WmlComparer.cs(530,0): at OpenXmlPowerTools.WmlComparer.Consolidate(WmlDocument original, List`1 revisedDocumentInfoList, WmlComparerSettings settings)
[xUnit.net 00:00:28.44]         J:\repos\knilecrack\Open-Xml-PowerTools\OpenXmlPowerTools.Tests\WmlComparerTests.cs(416,0): at OxPt.WcTests.WC002_Consolidate_Bulk_Test(String testId, String name1, String name2)
[xUnit.net 00:00:28.44]            at InvokeStub_WcTests.WC002_Consolidate_Bulk_Test(Object, Span`1)
[xUnit.net 00:00:28.44]            at System.Reflection.MethodBaseInvoker.InvokeWithFewArgs(Object obj, BindingFlags invokeAttr, Binder binder, Object[] parameters, CultureInfo culture)
[xUnit.net 00:00:28.46]       System.InvalidOperationException : Unable to extract Package from DocumentFormat.OpenXml.Packaging.PackageUriHandlingExtensions+MalformedUriHandlingPackage. The SDK returned an unexpected package type. Expected Package or MalformedUriHandlingPackage with accessible inner Package.
[xUnit.net 00:00:28.46]       Stack Trace:
[xUnit.net 00:00:28.46]         J:\repos\knilecrack\Open-Xml-PowerTools\OpenXmlPowerTools\OxPtHelpers.cs(107,0): at OpenXmlPowerTools.OpenXmlPackageExtensions.GetPackage(OpenXmlPackage package)
[xUnit.net 00:00:28.46]         J:\repos\knilecrack\Open-Xml-PowerTools\OpenXmlPowerTools\WmlComparer.cs(4610,0): at OpenXmlPowerTools.WmlComparer.<>c__DisplayClass69_5.<CoalesceRecurse>b__17(ComparisonUnitAtom gce)
[xUnit.net 00:00:28.46]            at System.Linq.Enumerable.IEnumerableSelectIterator`2.MoveNext()
[xUnit.net 00:00:28.46]            at System.Xml.Linq.XContainer.AddContentSkipNotify(Object content)
[xUnit.net 00:00:28.46]            at System.Xml.Linq.XContainer.AddContentSkipNotify(Object content)
[xUnit.net 00:00:28.46]            at System.Xml.Linq.XContainer.AddContentSkipNotify(Object content)
[xUnit.net 00:00:28.46]            at System.Xml.Linq.XContainer.AddContentSkipNotify(Object content)
[xUnit.net 00:00:28.46]            at System.Xml.Linq.XContainer.AddContentSkipNotify(Object content)
[xUnit.net 00:00:28.46]            at System.Xml.Linq.XContainer.AddContentSkipNotify(Object content)
[xUnit.net 00:00:28.46]         J:\repos\knilecrack\Open-Xml-PowerTools\OpenXmlPowerTools\WmlComparer.cs(4558,0): at OpenXmlPowerTools.WmlComparer.<>c__DisplayClass69_0.<CoalesceRecurse>b__2(IGrouping`2 g)
[xUnit.net 00:00:28.46]            at System.Linq.Enumerable.IEnumerableWhereSelectIterator`2.ToList()
[xUnit.net 00:00:28.46]         J:\repos\knilecrack\Open-Xml-PowerTools\OpenXmlPowerTools\WmlComparer.cs(4481,0): at OpenXmlPowerTools.WmlComparer.CoalesceRecurse(OpenXmlPart part, IEnumerable`1 list, Int32 level, WmlComparerSettings settings)
[xUnit.net 00:00:28.46]         J:\repos\knilecrack\Open-Xml-PowerTools\OpenXmlPowerTools\WmlComparer.cs(4521,0): at OpenXmlPowerTools.WmlComparer.<>c__DisplayClass69_0.<CoalesceRecurse>b__5(IGrouping`2 gc)
[xUnit.net 00:00:28.46]            at System.Linq.Enumerable.ListSelectIterator`2.ToList()
[xUnit.net 00:00:28.46]         J:\repos\knilecrack\Open-Xml-PowerTools\OpenXmlPowerTools\WmlComparer.cs(4505,0): at OpenXmlPowerTools.WmlComparer.<>c__DisplayClass69_0.<CoalesceRecurse>b__2(IGrouping`2 g)
[xUnit.net 00:00:28.46]            at System.Linq.Enumerable.IEnumerableWhereSelectIterator`2.ToList()
[xUnit.net 00:00:28.47]         J:\repos\knilecrack\Open-Xml-PowerTools\OpenXmlPowerTools\WmlComparer.cs(4481,0): at OpenXmlPowerTools.WmlComparer.CoalesceRecurse(OpenXmlPart part, IEnumerable`1 list, Int32 level, WmlComparerSettings settings)
[xUnit.net 00:00:28.47]         J:\repos\knilecrack\Open-Xml-PowerTools\OpenXmlPowerTools\WmlComparer.cs(4328,0): at OpenXmlPowerTools.WmlComparer.ProduceNewWmlMarkupFromCorrelatedSequence(OpenXmlPart part, IEnumerable`1 comparisonUnitAtomList, WmlComparerSettings settings)
[xUnit.net 00:00:28.47]         J:\repos\knilecrack\Open-Xml-PowerTools\OpenXmlPowerTools\WmlComparer.cs(1686,0): at OpenXmlPowerTools.WmlComparer.ProduceDocumentWithTrackedRevisions(WmlComparerSettings settings, WmlDocument wmlResult, WordprocessingDocument wDoc1, WordprocessingDocument wDoc2)
[xUnit.net 00:00:28.47]         J:\repos\knilecrack\Open-Xml-PowerTools\OpenXmlPowerTools\WmlComparer.cs(213,0): at OpenXmlPowerTools.WmlComparer.CompareInternal(WmlDocument source1, WmlDocument source2, WmlComparerSettings settings, Boolean preProcessMarkupInOriginal)
[xUnit.net 00:00:28.47]         J:\repos\knilecrack\Open-Xml-PowerTools\OpenXmlPowerTools\WmlComparer.cs(94,0): at OpenXmlPowerTools.WmlComparer.Compare(WmlDocument source1, WmlDocument source2, WmlComparerSettings settings)
[xUnit.net 00:00:28.47]         J:\repos\knilecrack\Open-Xml-PowerTools\OpenXmlPowerTools.Tests\WmlComparerTests.cs(404,0): at OxPt.WcTests.WC002_Consolidate_Bulk_Test(String testId, String name1, String name2)
[xUnit.net 00:00:28.47]            at InvokeStub_WcTests.WC002_Consolidate_Bulk_Test(Object, Span`1)
[xUnit.net 00:00:28.47]            at System.Reflection.MethodBaseInvoker.InvokeWithFewArgs(Object obj, BindingFlags invokeAttr, Binder binder, Object[] parameters, CultureInfo culture)
[xUnit.net 00:00:28.56]       System.InvalidOperationException : Unable to extract Package from DocumentFormat.OpenXml.Packaging.PackageUriHandlingExtensions+MalformedUriHandlingPackage. The SDK returned an unexpected package type. Expected Package or MalformedUriHandlingPackage with accessible inner Package.
[xUnit.net 00:00:28.56]       Stack Trace:
[xUnit.net 00:00:28.56]         J:\repos\knilecrack\Open-Xml-PowerTools\OpenXmlPowerTools\OxPtHelpers.cs(107,0): at OpenXmlPowerTools.OpenXmlPackageExtensions.GetPackage(OpenXmlPackage package)
[xUnit.net 00:00:28.56]         J:\repos\knilecrack\Open-Xml-PowerTools\OpenXmlPowerTools\WmlComparer.cs(1343,0): at OpenXmlPowerTools.WmlComparer.AddToAnnotation(WordprocessingDocument wDocDelta, WordprocessingDocument consolidatedWDoc, XElement elementToInsertAfter, ConsolidationInfo consolidationInfo, WmlComparerSettings settings)
[xUnit.net 00:00:28.56]         J:\repos\knilecrack\Open-Xml-PowerTools\OpenXmlPowerTools\WmlComparer.cs(750,0): at OpenXmlPowerTools.WmlComparer.Consolidate(WmlDocument original, List`1 revisedDocumentInfoList, WmlComparerSettings settings, WmlComparerConsolidateSettings consolidateSettings)
[xUnit.net 00:00:28.56]         J:\repos\knilecrack\Open-Xml-PowerTools\OpenXmlPowerTools\WmlComparer.cs(530,0): at OpenXmlPowerTools.WmlComparer.Consolidate(WmlDocument original, List`1 revisedDocumentInfoList, WmlComparerSettings settings)
[xUnit.net 00:00:28.56]         J:\repos\knilecrack\Open-Xml-PowerTools\OpenXmlPowerTools.Tests\WmlComparerTests.cs(416,0): at OxPt.WcTests.WC002_Consolidate_Bulk_Test(String testId, String name1, String name2)
[xUnit.net 00:00:28.56]            at InvokeStub_WcTests.WC002_Consolidate_Bulk_Test(Object, Span`1)
[xUnit.net 00:00:28.56]            at System.Reflection.MethodBaseInvoker.InvokeWithFewArgs(Object obj, BindingFlags invokeAttr, Binder binder, Object[] parameters, CultureInfo culture)
[xUnit.net 00:00:28.61]       System.InvalidOperationException : Unable to extract Package from DocumentFormat.OpenXml.Packaging.PackageUriHandlingExtensions+MalformedUriHandlingPackage. The SDK returned an unexpected package type. Expected Package or MalformedUriHandlingPackage with accessible inner Package.
[xUnit.net 00:00:28.61]       Stack Trace:
[xUnit.net 00:00:28.61]         J:\repos\knilecrack\Open-Xml-PowerTools\OpenXmlPowerTools\OxPtHelpers.cs(107,0): at OpenXmlPowerTools.OpenXmlPackageExtensions.GetPackage(OpenXmlPackage package)
[xUnit.net 00:00:28.61]         J:\repos\knilecrack\Open-Xml-PowerTools\OpenXmlPowerTools\WmlComparer.cs(1343,0): at OpenXmlPowerTools.WmlComparer.AddToAnnotation(WordprocessingDocument wDocDelta, WordprocessingDocument consolidatedWDoc, XElement elementToInsertAfter, ConsolidationInfo consolidationInfo, WmlComparerSettings settings)
[xUnit.net 00:00:28.61]         J:\repos\knilecrack\Open-Xml-PowerTools\OpenXmlPowerTools\WmlComparer.cs(750,0): at OpenXmlPowerTools.WmlComparer.Consolidate(WmlDocument original, List`1 revisedDocumentInfoList, WmlComparerSettings settings, WmlComparerConsolidateSettings consolidateSettings)
[xUnit.net 00:00:28.61]         J:\repos\knilecrack\Open-Xml-PowerTools\OpenXmlPowerTools\WmlComparer.cs(530,0): at OpenXmlPowerTools.WmlComparer.Consolidate(WmlDocument original, List`1 revisedDocumentInfoList, WmlComparerSettings settings)
[xUnit.net 00:00:28.61]         J:\repos\knilecrack\Open-Xml-PowerTools\OpenXmlPowerTools.Tests\WmlComparerTests.cs(416,0): at OxPt.WcTests.WC002_Consolidate_Bulk_Test(String testId, String name1, String name2)
[xUnit.net 00:00:28.61]            at InvokeStub_WcTests.WC002_Consolidate_Bulk_Test(Object, Span`1)
[xUnit.net 00:00:28.61]            at System.Reflection.MethodBaseInvoker.InvokeWithFewArgs(Object obj, BindingFlags invokeAttr, Binder binder, Object[] parameters, CultureInfo culture)
[xUnit.net 00:00:28.69]       System.InvalidOperationException : Unable to extract Package from DocumentFormat.OpenXml.Packaging.PackageUriHandlingExtensions+MalformedUriHandlingPackage. The SDK returned an unexpected package type. Expected Package or MalformedUriHandlingPackage with accessible inner Package.
[xUnit.net 00:00:28.69]       Stack Trace:
[xUnit.net 00:00:28.69]         J:\repos\knilecrack\Open-Xml-PowerTools\OpenXmlPowerTools\OxPtHelpers.cs(107,0): at OpenXmlPowerTools.OpenXmlPackageExtensions.GetPackage(OpenXmlPackage package)
[xUnit.net 00:00:28.69]         J:\repos\knilecrack\Open-Xml-PowerTools\OpenXmlPowerTools\WmlComparer.cs(1343,0): at OpenXmlPowerTools.WmlComparer.AddToAnnotation(WordprocessingDocument wDocDelta, WordprocessingDocument consolidatedWDoc, XElement elementToInsertAfter, ConsolidationInfo consolidationInfo, WmlComparerSettings settings)
[xUnit.net 00:00:28.69]         J:\repos\knilecrack\Open-Xml-PowerTools\OpenXmlPowerTools\WmlComparer.cs(750,0): at OpenXmlPowerTools.WmlComparer.Consolidate(WmlDocument original, List`1 revisedDocumentInfoList, WmlComparerSettings settings, WmlComparerConsolidateSettings consolidateSettings)
[xUnit.net 00:00:28.69]         J:\repos\knilecrack\Open-Xml-PowerTools\OpenXmlPowerTools\WmlComparer.cs(530,0): at OpenXmlPowerTools.WmlComparer.Consolidate(WmlDocument original, List`1 revisedDocumentInfoList, WmlComparerSettings settings)
[xUnit.net 00:00:28.69]         J:\repos\knilecrack\Open-Xml-PowerTools\OpenXmlPowerTools.Tests\WmlComparerTests.cs(416,0): at OxPt.WcTests.WC002_Consolidate_Bulk_Test(String testId, String name1, String name2)
[xUnit.net 00:00:28.69]            at InvokeStub_WcTests.WC002_Consolidate_Bulk_Test(Object, Span`1)
[xUnit.net 00:00:28.69]            at System.Reflection.MethodBaseInvoker.InvokeWithFewArgs(Object obj, BindingFlags invokeAttr, Binder binder, Object[] parameters, CultureInfo culture)
[xUnit.net 00:00:28.76]       System.InvalidOperationException : Unable to extract Package from DocumentFormat.OpenXml.Packaging.PackageUriHandlingExtensions+MalformedUriHandlingPackage. The SDK returned an unexpected package type. Expected Package or MalformedUriHandlingPackage with accessible inner Package.
[xUnit.net 00:00:28.76]       Stack Trace:
[xUnit.net 00:00:28.76]         J:\repos\knilecrack\Open-Xml-PowerTools\OpenXmlPowerTools\OxPtHelpers.cs(107,0): at OpenXmlPowerTools.OpenXmlPackageExtensions.GetPackage(OpenXmlPackage package)
[xUnit.net 00:00:28.76]         J:\repos\knilecrack\Open-Xml-PowerTools\OpenXmlPowerTools\WmlComparer.cs(1343,0): at OpenXmlPowerTools.WmlComparer.AddToAnnotation(WordprocessingDocument wDocDelta, WordprocessingDocument consolidatedWDoc, XElement elementToInsertAfter, ConsolidationInfo consolidationInfo, WmlComparerSettings settings)
[xUnit.net 00:00:28.76]         J:\repos\knilecrack\Open-Xml-PowerTools\OpenXmlPowerTools\WmlComparer.cs(750,0): at OpenXmlPowerTools.WmlComparer.Consolidate(WmlDocument original, List`1 revisedDocumentInfoList, WmlComparerSettings settings, WmlComparerConsolidateSettings consolidateSettings)
[xUnit.net 00:00:28.76]         J:\repos\knilecrack\Open-Xml-PowerTools\OpenXmlPowerTools\WmlComparer.cs(530,0): at OpenXmlPowerTools.WmlComparer.Consolidate(WmlDocument original, List`1 revisedDocumentInfoList, WmlComparerSettings settings)
[xUnit.net 00:00:28.76]         J:\repos\knilecrack\Open-Xml-PowerTools\OpenXmlPowerTools.Tests\WmlComparerTests.cs(416,0): at OxPt.WcTests.WC002_Consolidate_Bulk_Test(String testId, String name1, String name2)
[xUnit.net 00:00:28.76]            at InvokeStub_WcTests.WC002_Consolidate_Bulk_Test(Object, Span`1)
[xUnit.net 00:00:28.76]            at System.Reflection.MethodBaseInvoker.InvokeWithFewArgs(Object obj, BindingFlags invokeAttr, Binder binder, Object[] parameters, CultureInfo culture)
[xUnit.net 00:00:28.81]       System.InvalidOperationException : Unable to extract Package from DocumentFormat.OpenXml.Packaging.PackageUriHandlingExtensions+MalformedUriHandlingPackage. The SDK returned an unexpected package type. Expected Package or MalformedUriHandlingPackage with accessible inner Package.
[xUnit.net 00:00:28.82]       Stack Trace:
[xUnit.net 00:00:28.82]         J:\repos\knilecrack\Open-Xml-PowerTools\OpenXmlPowerTools\OxPtHelpers.cs(107,0): at OpenXmlPowerTools.OpenXmlPackageExtensions.GetPackage(OpenXmlPackage package)
[xUnit.net 00:00:28.82]         J:\repos\knilecrack\Open-Xml-PowerTools\OpenXmlPowerTools\WmlComparer.cs(1343,0): at OpenXmlPowerTools.WmlComparer.AddToAnnotation(WordprocessingDocument wDocDelta, WordprocessingDocument consolidatedWDoc, XElement elementToInsertAfter, ConsolidationInfo consolidationInfo, WmlComparerSettings settings)
[xUnit.net 00:00:28.82]         J:\repos\knilecrack\Open-Xml-PowerTools\OpenXmlPowerTools\WmlComparer.cs(750,0): at OpenXmlPowerTools.WmlComparer.Consolidate(WmlDocument original, List`1 revisedDocumentInfoList, WmlComparerSettings settings, WmlComparerConsolidateSettings consolidateSettings)
[xUnit.net 00:00:28.82]         J:\repos\knilecrack\Open-Xml-PowerTools\OpenXmlPowerTools\WmlComparer.cs(530,0): at OpenXmlPowerTools.WmlComparer.Consolidate(WmlDocument original, List`1 revisedDocumentInfoList, WmlComparerSettings settings)
[xUnit.net 00:00:28.82]         J:\repos\knilecrack\Open-Xml-PowerTools\OpenXmlPowerTools.Tests\WmlComparerTests.cs(416,0): at OxPt.WcTests.WC002_Consolidate_Bulk_Test(String testId, String name1, String name2)
[xUnit.net 00:00:28.82]            at InvokeStub_WcTests.WC002_Consolidate_Bulk_Test(Object, Span`1)
[xUnit.net 00:00:28.82]            at System.Reflection.MethodBaseInvoker.InvokeWithFewArgs(Object obj, BindingFlags invokeAttr, Binder binder, Object[] parameters, CultureInfo culture)
[xUnit.net 00:00:28.89]       System.InvalidOperationException : Unable to extract Package from DocumentFormat.OpenXml.Packaging.PackageUriHandlingExtensions+MalformedUriHandlingPackage. The SDK returned an unexpected package type. Expected Package or MalformedUriHandlingPackage with accessible inner Package.
[xUnit.net 00:00:28.89]       Stack Trace:
[xUnit.net 00:00:28.89]         J:\repos\knilecrack\Open-Xml-PowerTools\OpenXmlPowerTools\OxPtHelpers.cs(107,0): at OpenXmlPowerTools.OpenXmlPackageExtensions.GetPackage(OpenXmlPackage package)
[xUnit.net 00:00:28.89]         J:\repos\knilecrack\Open-Xml-PowerTools\OpenXmlPowerTools\WmlComparer.cs(1343,0): at OpenXmlPowerTools.WmlComparer.AddToAnnotation(WordprocessingDocument wDocDelta, WordprocessingDocument consolidatedWDoc, XElement elementToInsertAfter, ConsolidationInfo consolidationInfo, WmlComparerSettings settings)
[xUnit.net 00:00:28.89]         J:\repos\knilecrack\Open-Xml-PowerTools\OpenXmlPowerTools\WmlComparer.cs(750,0): at OpenXmlPowerTools.WmlComparer.Consolidate(WmlDocument original, List`1 revisedDocumentInfoList, WmlComparerSettings settings, WmlComparerConsolidateSettings consolidateSettings)
[xUnit.net 00:00:28.89]         J:\repos\knilecrack\Open-Xml-PowerTools\OpenXmlPowerTools\WmlComparer.cs(530,0): at OpenXmlPowerTools.WmlComparer.Consolidate(WmlDocument original, List`1 revisedDocumentInfoList, WmlComparerSettings settings)
[xUnit.net 00:00:28.89]         J:\repos\knilecrack\Open-Xml-PowerTools\OpenXmlPowerTools.Tests\WmlComparerTests.cs(416,0): at OxPt.WcTests.WC002_Consolidate_Bulk_Test(String testId, String name1, String name2)
[xUnit.net 00:00:28.89]            at InvokeStub_WcTests.WC002_Consolidate_Bulk_Test(Object, Span`1)
[xUnit.net 00:00:28.89]            at System.Reflection.MethodBaseInvoker.InvokeWithFewArgs(Object obj, BindingFlags invokeAttr, Binder binder, Object[] parameters, CultureInfo culture)
[xUnit.net 00:00:28.95]       System.InvalidOperationException : Unable to extract Package from DocumentFormat.OpenXml.Packaging.PackageUriHandlingExtensions+MalformedUriHandlingPackage. The SDK returned an unexpected package type. Expected Package or MalformedUriHandlingPackage with accessible inner Package.
[xUnit.net 00:00:28.95]       Stack Trace:
[xUnit.net 00:00:28.95]         J:\repos\knilecrack\Open-Xml-PowerTools\OpenXmlPowerTools\OxPtHelpers.cs(107,0): at OpenXmlPowerTools.OpenXmlPackageExtensions.GetPackage(OpenXmlPackage package)
[xUnit.net 00:00:28.95]         J:\repos\knilecrack\Open-Xml-PowerTools\OpenXmlPowerTools\WmlComparer.cs(1343,0): at OpenXmlPowerTools.WmlComparer.AddToAnnotation(WordprocessingDocument wDocDelta, WordprocessingDocument consolidatedWDoc, XElement elementToInsertAfter, ConsolidationInfo consolidationInfo, WmlComparerSettings settings)
[xUnit.net 00:00:28.95]         J:\repos\knilecrack\Open-Xml-PowerTools\OpenXmlPowerTools\WmlComparer.cs(750,0): at OpenXmlPowerTools.WmlComparer.Consolidate(WmlDocument original, List`1 revisedDocumentInfoList, WmlComparerSettings settings, WmlComparerConsolidateSettings consolidateSettings)
[xUnit.net 00:00:28.95]         J:\repos\knilecrack\Open-Xml-PowerTools\OpenXmlPowerTools\WmlComparer.cs(530,0): at OpenXmlPowerTools.WmlComparer.Consolidate(WmlDocument original, List`1 revisedDocumentInfoList, WmlComparerSettings settings)
[xUnit.net 00:00:28.95]         J:\repos\knilecrack\Open-Xml-PowerTools\OpenXmlPowerTools.Tests\WmlComparerTests.cs(416,0): at OxPt.WcTests.WC002_Consolidate_Bulk_Test(String testId, String name1, String name2)
[xUnit.net 00:00:28.95]            at InvokeStub_WcTests.WC002_Consolidate_Bulk_Test(Object, Span`1)
[xUnit.net 00:00:28.95]            at System.Reflection.MethodBaseInvoker.InvokeWithFewArgs(Object obj, BindingFlags invokeAttr, Binder binder, Object[] parameters, CultureInfo culture)
  Failed OxPt.WcTests.WC002_Consolidate_Bulk_Test(testId: "WCB-1280", name1: "WC/WC014-SmartArt-With-Image-Before.docx", name2: "WC/WC014-SmartArt-With-Image-After.docx") [102 ms]
  Error Message:
   System.InvalidOperationException : Unable to extract Package from DocumentFormat.OpenXml.Packaging.PackageUriHandlingExtensions+MalformedUriHandlingPackage. The SDK returned an unexpected package type. Expected Package or MalformedUriHandlingPackage with accessible inner Package.
  Stack Trace:
     at OpenXmlPowerTools.OpenXmlPackageExtensions.GetPackage(OpenXmlPackage package) in J:\repos\knilecrack\Open-Xml-PowerTools\OpenXmlPowerTools\OxPtHelpers.cs:line 107
   at OpenXmlPowerTools.WmlComparer.AddToAnnotation(WordprocessingDocument wDocDelta, WordprocessingDocument consolidatedWDoc, XElement elementToInsertAfter, ConsolidationInfo consolidationInfo, WmlComparerSettings settings) in J:\repos\knilecrack\Open-Xml-PowerTools\OpenXmlPowerTools\WmlComparer.cs:line 1343
   at OpenXmlPowerTools.WmlComparer.Consolidate(WmlDocument original, List`1 revisedDocumentInfoList, WmlComparerSettings settings, WmlComparerConsolidateSettings consolidateSettings) in J:\repos\knilecrack\Open-Xml-PowerTools\OpenXmlPowerTools\WmlComparer.cs:line 750
   at OpenXmlPowerTools.WmlComparer.Consolidate(WmlDocument original, List`1 revisedDocumentInfoList, WmlComparerSettings settings) in J:\repos\knilecrack\Open-Xml-PowerTools\OpenXmlPowerTools\WmlComparer.cs:line 530
   at OxPt.WcTests.WC002_Consolidate_Bulk_Test(String testId, String name1, String name2) in J:\repos\knilecrack\Open-Xml-PowerTools\OpenXmlPowerTools.Tests\WmlComparerTests.cs:line 416
   at InvokeStub_WcTests.WC002_Consolidate_Bulk_Test(Object, Span`1)
   at System.Reflection.MethodBaseInvoker.InvokeWithFewArgs(Object obj, BindingFlags invokeAttr, Binder binder, Object[] parameters, CultureInfo culture)
  Failed OxPt.WcTests.WC002_Consolidate_Bulk_Test(testId: "WCB-1240", name1: "WC/WC013-Image-Before.docx", name2: "WC/WC013-Image-After.docx") [25 ms]
  Error Message:
   System.InvalidOperationException : Unable to extract Package from DocumentFormat.OpenXml.Packaging.PackageUriHandlingExtensions+MalformedUriHandlingPackage. The SDK returned an unexpected package type. Expected Package or MalformedUriHandlingPackage with accessible inner Package.
  Stack Trace:
     at OpenXmlPowerTools.OpenXmlPackageExtensions.GetPackage(OpenXmlPackage package) in J:\repos\knilecrack\Open-Xml-PowerTools\OpenXmlPowerTools\OxPtHelpers.cs:line 107
   at OpenXmlPowerTools.WmlComparer.<>c__DisplayClass69_5.<CoalesceRecurse>b__17(ComparisonUnitAtom gce) in J:\repos\knilecrack\Open-Xml-PowerTools\OpenXmlPowerTools\WmlComparer.cs:line 4610
   at System.Linq.Enumerable.IEnumerableSelectIterator`2.MoveNext()
   at System.Xml.Linq.XContainer.AddContentSkipNotify(Object content)
   at System.Xml.Linq.XContainer.AddContentSkipNotify(Object content)
   at System.Xml.Linq.XContainer.AddContentSkipNotify(Object content)
   at System.Xml.Linq.XContainer.AddContentSkipNotify(Object content)
   at System.Xml.Linq.XContainer.AddContentSkipNotify(Object content)
   at System.Xml.Linq.XContainer.AddContentSkipNotify(Object content)
   at OpenXmlPowerTools.WmlComparer.<>c__DisplayClass69_0.<CoalesceRecurse>b__2(IGrouping`2 g) in J:\repos\knilecrack\Open-Xml-PowerTools\OpenXmlPowerTools\WmlComparer.cs:line 4558
   at System.Linq.Enumerable.IEnumerableWhereSelectIterator`2.ToList()
   at OpenXmlPowerTools.WmlComparer.CoalesceRecurse(OpenXmlPart part, IEnumerable`1 list, Int32 level, WmlComparerSettings settings) in J:\repos\knilecrack\Open-Xml-PowerTools\OpenXmlPowerTools\WmlComparer.cs:line 4481
   at OpenXmlPowerTools.WmlComparer.<>c__DisplayClass69_0.<CoalesceRecurse>b__5(IGrouping`2 gc) in J:\repos\knilecrack\Open-Xml-PowerTools\OpenXmlPowerTools\WmlComparer.cs:line 4521
   at System.Linq.Enumerable.ListSelectIterator`2.ToList()
   at OpenXmlPowerTools.WmlComparer.<>c__DisplayClass69_0.<CoalesceRecurse>b__2(IGrouping`2 g) in J:\repos\knilecrack\Open-Xml-PowerTools\OpenXmlPowerTools\WmlComparer.cs:line 4505
   at System.Linq.Enumerable.IEnumerableWhereSelectIterator`2.ToList()
   at OpenXmlPowerTools.WmlComparer.CoalesceRecurse(OpenXmlPart part, IEnumerable`1 list, Int32 level, WmlComparerSettings settings) in J:\repos\knilecrack\Open-Xml-PowerTools\OpenXmlPowerTools\WmlComparer.cs:line 4481
   at OpenXmlPowerTools.WmlComparer.ProduceNewWmlMarkupFromCorrelatedSequence(OpenXmlPart part, IEnumerable`1 comparisonUnitAtomList, WmlComparerSettings settings) in J:\repos\knilecrack\Open-Xml-PowerTools\OpenXmlPowerTools\WmlComparer.cs:line 4328
   at OpenXmlPowerTools.WmlComparer.ProduceDocumentWithTrackedRevisions(WmlComparerSettings settings, WmlDocument wmlResult, WordprocessingDocument wDoc1, WordprocessingDocument wDoc2) in J:\repos\knilecrack\Open-Xml-PowerTools\OpenXmlPowerTools\WmlComparer.cs:line 1686
   at OpenXmlPowerTools.WmlComparer.CompareInternal(WmlDocument source1, WmlDocument source2, WmlComparerSettings settings, Boolean preProcessMarkupInOriginal) in J:\repos\knilecrack\Open-Xml-PowerTools\OpenXmlPowerTools\WmlComparer.cs:line 213
   at OpenXmlPowerTools.WmlComparer.Compare(WmlDocument source1, WmlDocument source2, WmlComparerSettings settings) in J:\repos\knilecrack\Open-Xml-PowerTools\OpenXmlPowerTools\WmlComparer.cs:line 94
   at OxPt.WcTests.WC002_Consolidate_Bulk_Test(String testId, String name1, String name2) in J:\repos\knilecrack\Open-Xml-PowerTools\OpenXmlPowerTools.Tests\WmlComparerTests.cs:line 404
   at InvokeStub_WcTests.WC002_Consolidate_Bulk_Test(Object, Span`1)
   at System.Reflection.MethodBaseInvoker.InvokeWithFewArgs(Object obj, BindingFlags invokeAttr, Binder binder, Object[] parameters, CultureInfo culture)
  Failed OxPt.WcTests.WC002_Consolidate_Bulk_Test(testId: "WCB-1450", name1: "WC/WC024-Table-Before.docx", name2: "WC/WC024-Table-After2.docx") [92 ms]
  Error Message:
   System.InvalidOperationException : Unable to extract Package from DocumentFormat.OpenXml.Packaging.PackageUriHandlingExtensions+MalformedUriHandlingPackage. The SDK returned an unexpected package type. Expected Package or MalformedUriHandlingPackage with accessible inner Package.
  Stack Trace:
     at OpenXmlPowerTools.OpenXmlPackageExtensions.GetPackage(OpenXmlPackage package) in J:\repos\knilecrack\Open-Xml-PowerTools\OpenXmlPowerTools\OxPtHelpers.cs:line 107
   at OpenXmlPowerTools.WmlComparer.AddToAnnotation(WordprocessingDocument wDocDelta, WordprocessingDocument consolidatedWDoc, XElement elementToInsertAfter, ConsolidationInfo consolidationInfo, WmlComparerSettings settings) in J:\repos\knilecrack\Open-Xml-PowerTools\OpenXmlPowerTools\WmlComparer.cs:line 1343
   at OpenXmlPowerTools.WmlComparer.Consolidate(WmlDocument original, List`1 revisedDocumentInfoList, WmlComparerSettings settings, WmlComparerConsolidateSettings consolidateSettings) in J:\repos\knilecrack\Open-Xml-PowerTools\OpenXmlPowerTools\WmlComparer.cs:line 750
   at OpenXmlPowerTools.WmlComparer.Consolidate(WmlDocument original, List`1 revisedDocumentInfoList, WmlComparerSettings settings) in J:\repos\knilecrack\Open-Xml-PowerTools\OpenXmlPowerTools\WmlComparer.cs:line 530
   at OxPt.WcTests.WC002_Consolidate_Bulk_Test(String testId, String name1, String name2) in J:\repos\knilecrack\Open-Xml-PowerTools\OpenXmlPowerTools.Tests\WmlComparerTests.cs:line 416
   at InvokeStub_WcTests.WC002_Consolidate_Bulk_Test(Object, Span`1)
   at System.Reflection.MethodBaseInvoker.InvokeWithFewArgs(Object obj, BindingFlags invokeAttr, Binder binder, Object[] parameters, CultureInfo culture)
  Failed OxPt.WcTests.WC002_Consolidate_Bulk_Test(testId: "WCB-1720", name1: "WC/WC038-Document-With-BR-Before.docx", name2: "WC/WC038-Document-With-BR-After.docx") [54 ms]
  Error Message:
   System.InvalidOperationException : Unable to extract Package from DocumentFormat.OpenXml.Packaging.PackageUriHandlingExtensions+MalformedUriHandlingPackage. The SDK returned an unexpected package type. Expected Package or MalformedUriHandlingPackage with accessible inner Package.
  Stack Trace:
     at OpenXmlPowerTools.OpenXmlPackageExtensions.GetPackage(OpenXmlPackage package) in J:\repos\knilecrack\Open-Xml-PowerTools\OpenXmlPowerTools\OxPtHelpers.cs:line 107
   at OpenXmlPowerTools.WmlComparer.AddToAnnotation(WordprocessingDocument wDocDelta, WordprocessingDocument consolidatedWDoc, XElement elementToInsertAfter, ConsolidationInfo consolidationInfo, WmlComparerSettings settings) in J:\repos\knilecrack\Open-Xml-PowerTools\OpenXmlPowerTools\WmlComparer.cs:line 1343
   at OpenXmlPowerTools.WmlComparer.Consolidate(WmlDocument original, List`1 revisedDocumentInfoList, WmlComparerSettings settings, WmlComparerConsolidateSettings consolidateSettings) in J:\repos\knilecrack\Open-Xml-PowerTools\OpenXmlPowerTools\WmlComparer.cs:line 750
   at OpenXmlPowerTools.WmlComparer.Consolidate(WmlDocument original, List`1 revisedDocumentInfoList, WmlComparerSettings settings) in J:\repos\knilecrack\Open-Xml-PowerTools\OpenXmlPowerTools\WmlComparer.cs:line 530
   at OxPt.WcTests.WC002_Consolidate_Bulk_Test(String testId, String name1, String name2) in J:\repos\knilecrack\Open-Xml-PowerTools\OpenXmlPowerTools.Tests\WmlComparerTests.cs:line 416
   at InvokeStub_WcTests.WC002_Consolidate_Bulk_Test(Object, Span`1)
   at System.Reflection.MethodBaseInvoker.InvokeWithFewArgs(Object obj, BindingFlags invokeAttr, Binder binder, Object[] parameters, CultureInfo culture)
  Failed OxPt.WcTests.WC002_Consolidate_Bulk_Test(testId: "WCB-1350", name1: "WC/WC018-Field-Simple-Before.docx", name2: "WC/WC018-Field-Simple-After-2.docx") [75 ms]
  Error Message:
   System.InvalidOperationException : Unable to extract Package from DocumentFormat.OpenXml.Packaging.PackageUriHandlingExtensions+MalformedUriHandlingPackage. The SDK returned an unexpected package type. Expected Package or MalformedUriHandlingPackage with accessible inner Package.
  Stack Trace:
     at OpenXmlPowerTools.OpenXmlPackageExtensions.GetPackage(OpenXmlPackage package) in J:\repos\knilecrack\Open-Xml-PowerTools\OpenXmlPowerTools\OxPtHelpers.cs:line 107
   at OpenXmlPowerTools.WmlComparer.AddToAnnotation(WordprocessingDocument wDocDelta, WordprocessingDocument consolidatedWDoc, XElement elementToInsertAfter, ConsolidationInfo consolidationInfo, WmlComparerSettings settings) in J:\repos\knilecrack\Open-Xml-PowerTools\OpenXmlPowerTools\WmlComparer.cs:line 1343
   at OpenXmlPowerTools.WmlComparer.Consolidate(WmlDocument original, List`1 revisedDocumentInfoList, WmlComparerSettings settings, WmlComparerConsolidateSettings consolidateSettings) in J:\repos\knilecrack\Open-Xml-PowerTools\OpenXmlPowerTools\WmlComparer.cs:line 750
   at OpenXmlPowerTools.WmlComparer.Consolidate(WmlDocument original, List`1 revisedDocumentInfoList, WmlComparerSettings settings) in J:\repos\knilecrack\Open-Xml-PowerTools\OpenXmlPowerTools\WmlComparer.cs:line 530
   at OxPt.WcTests.WC002_Consolidate_Bulk_Test(String testId, String name1, String name2) in J:\repos\knilecrack\Open-Xml-PowerTools\OpenXmlPowerTools.Tests\WmlComparerTests.cs:line 416
   at InvokeStub_WcTests.WC002_Consolidate_Bulk_Test(Object, Span`1)
   at System.Reflection.MethodBaseInvoker.InvokeWithFewArgs(Object obj, BindingFlags invokeAttr, Binder binder, Object[] parameters, CultureInfo culture)
  Failed OxPt.WcTests.WC002_Consolidate_Bulk_Test(testId: "WCB-1500", name1: "WC/WC027-Twenty-Paras-Before.docx", name2: "WC/WC027-Twenty-Paras-After-2.docx") [70 ms]
  Error Message:
   System.InvalidOperationException : Unable to extract Package from DocumentFormat.OpenXml.Packaging.PackageUriHandlingExtensions+MalformedUriHandlingPackage. The SDK returned an unexpected package type. Expected Package or MalformedUriHandlingPackage with accessible inner Package.
  Stack Trace:
     at OpenXmlPowerTools.OpenXmlPackageExtensions.GetPackage(OpenXmlPackage package) in J:\repos\knilecrack\Open-Xml-PowerTools\OpenXmlPowerTools\OxPtHelpers.cs:line 107
   at OpenXmlPowerTools.WmlComparer.AddToAnnotation(WordprocessingDocument wDocDelta, WordprocessingDocument consolidatedWDoc, XElement elementToInsertAfter, ConsolidationInfo consolidationInfo, WmlComparerSettings settings) in J:\repos\knilecrack\Open-Xml-PowerTools\OpenXmlPowerTools\WmlComparer.cs:line 1343
   at OpenXmlPowerTools.WmlComparer.Consolidate(WmlDocument original, List`1 revisedDocumentInfoList, WmlComparerSettings settings, WmlComparerConsolidateSettings consolidateSettings) in J:\repos\knilecrack\Open-Xml-PowerTools\OpenXmlPowerTools\WmlComparer.cs:line 750
   at OpenXmlPowerTools.WmlComparer.Consolidate(WmlDocument original, List`1 revisedDocumentInfoList, WmlComparerSettings settings) in J:\repos\knilecrack\Open-Xml-PowerTools\OpenXmlPowerTools\WmlComparer.cs:line 530
   at OxPt.WcTests.WC002_Consolidate_Bulk_Test(String testId, String name1, String name2) in J:\repos\knilecrack\Open-Xml-PowerTools\OpenXmlPowerTools.Tests\WmlComparerTests.cs:line 416
   at InvokeStub_WcTests.WC002_Consolidate_Bulk_Test(Object, Span`1)
   at System.Reflection.MethodBaseInvoker.InvokeWithFewArgs(Object obj, BindingFlags invokeAttr, Binder binder, Object[] parameters, CultureInfo culture)
  Failed OxPt.WcTests.WC002_Consolidate_Bulk_Test(testId: "WCB-1730", name1: "RC/RC001-Before.docx", name2: "RC/RC001-After1.docx") [57 ms]
  Error Message:
   System.InvalidOperationException : Unable to extract Package from DocumentFormat.OpenXml.Packaging.PackageUriHandlingExtensions+MalformedUriHandlingPackage. The SDK returned an unexpected package type. Expected Package or MalformedUriHandlingPackage with accessible inner Package.
  Stack Trace:
     at OpenXmlPowerTools.OpenXmlPackageExtensions.GetPackage(OpenXmlPackage package) in J:\repos\knilecrack\Open-Xml-PowerTools\OpenXmlPowerTools\OxPtHelpers.cs:line 107
   at OpenXmlPowerTools.WmlComparer.AddToAnnotation(WordprocessingDocument wDocDelta, WordprocessingDocument consolidatedWDoc, XElement elementToInsertAfter, ConsolidationInfo consolidationInfo, WmlComparerSettings settings) in J:\repos\knilecrack\Open-Xml-PowerTools\OpenXmlPowerTools\WmlComparer.cs:line 1343
   at OpenXmlPowerTools.WmlComparer.Consolidate(WmlDocument original, List`1 revisedDocumentInfoList, WmlComparerSettings settings, WmlComparerConsolidateSettings consolidateSettings) in J:\repos\knilecrack\Open-Xml-PowerTools\OpenXmlPowerTools\WmlComparer.cs:line 750
   at OpenXmlPowerTools.WmlComparer.Consolidate(WmlDocument original, List`1 revisedDocumentInfoList, WmlComparerSettings settings) in J:\repos\knilecrack\Open-Xml-PowerTools\OpenXmlPowerTools\WmlComparer.cs:line 530
   at OxPt.WcTests.WC002_Consolidate_Bulk_Test(String testId, String name1, String name2) in J:\repos\knilecrack\Open-Xml-PowerTools\OpenXmlPowerTools.Tests\WmlComparerTests.cs:line 416
   at InvokeStub_WcTests.WC002_Consolidate_Bulk_Test(Object, Span`1)
   at System.Reflection.MethodBaseInvoker.InvokeWithFewArgs(Object obj, BindingFlags invokeAttr, Binder binder, Object[] parameters, CultureInfo culture)
  Failed OxPt.WcTests.WC002_Consolidate_Bulk_Test(testId: "WCB-1470", name1: "WC/WC026-Long-Table-Before.docx", name2: "WC/WC026-Long-Table-After-1.docx") [79 ms]
  Error Message:
   System.InvalidOperationException : Unable to extract Package from DocumentFormat.OpenXml.Packaging.PackageUriHandlingExtensions+MalformedUriHandlingPackage. The SDK returned an unexpected package type. Expected Package or MalformedUriHandlingPackage with accessible inner Package.
  Stack Trace:
     at OpenXmlPowerTools.OpenXmlPackageExtensions.GetPackage(OpenXmlPackage package) in J:\repos\knilecrack\Open-Xml-PowerTools\OpenXmlPowerTools\OxPtHelpers.cs:line 107
   at OpenXmlPowerTools.WmlComparer.AddToAnnotation(WordprocessingDocument wDocDelta, WordprocessingDocument consolidatedWDoc, XElement elementToInsertAfter, ConsolidationInfo consolidationInfo, WmlComparerSettings settings) in J:\repos\knilecrack\Open-Xml-PowerTools\OpenXmlPowerTools\WmlComparer.cs:line 1343
   at OpenXmlPowerTools.WmlComparer.Consolidate(WmlDocument original, List`1 revisedDocumentInfoList, WmlComparerSettings settings, WmlComparerConsolidateSettings consolidateSettings) in J:\repos\knilecrack\Open-Xml-PowerTools\OpenXmlPowerTools\WmlComparer.cs:line 750
   at OpenXmlPowerTools.WmlComparer.Consolidate(WmlDocument original, List`1 revisedDocumentInfoList, WmlComparerSettings settings) in J:\repos\knilecrack\Open-Xml-PowerTools\OpenXmlPowerTools\WmlComparer.cs:line 530
   at OxPt.WcTests.WC002_Consolidate_Bulk_Test(String testId, String name1, String name2) in J:\repos\knilecrack\Open-Xml-PowerTools\OpenXmlPowerTools.Tests\WmlComparerTests.cs:line 416
   at InvokeStub_WcTests.WC002_Consolidate_Bulk_Test(Object, Span`1)
   at System.Reflection.MethodBaseInvoker.InvokeWithFewArgs(Object obj, BindingFlags invokeAttr, Binder binder, Object[] parameters, CultureInfo culture)
  Failed OxPt.WcTests.WC002_Consolidate_Bulk_Test(testId: "WCB-1100", name1: "WC/WC002-Unmodified.docx", name2: "WC/WC002-DeleteInMiddle.docx") [55 ms]
  Error Message:
   System.InvalidOperationException : Unable to extract Package from DocumentFormat.OpenXml.Packaging.PackageUriHandlingExtensions+MalformedUriHandlingPackage. The SDK returned an unexpected package type. Expected Package or MalformedUriHandlingPackage with accessible inner Package.
  Stack Trace:
     at OpenXmlPowerTools.OpenXmlPackageExtensions.GetPackage(OpenXmlPackage package) in J:\repos\knilecrack\Open-Xml-PowerTools\OpenXmlPowerTools\OxPtHelpers.cs:line 107
   at OpenXmlPowerTools.WmlComparer.AddToAnnotation(WordprocessingDocument wDocDelta, WordprocessingDocument consolidatedWDoc, XElement elementToInsertAfter, ConsolidationInfo consolidationInfo, WmlComparerSettings settings) in J:\repos\knilecrack\Open-Xml-PowerTools\OpenXmlPowerTools\WmlComparer.cs:line 1343
   at OpenXmlPowerTools.WmlComparer.Consolidate(WmlDocument original, List`1 revisedDocumentInfoList, WmlComparerSettings settings, WmlComparerConsolidateSettings consolidateSettings) in J:\repos\knilecrack\Open-Xml-PowerTools\OpenXmlPowerTools\WmlComparer.cs:line 750
   at OpenXmlPowerTools.WmlComparer.Consolidate(WmlDocument original, List`1 revisedDocumentInfoList, WmlComparerSettings settings) in J:\repos\knilecrack\Open-Xml-PowerTools\OpenXmlPowerTools\WmlComparer.cs:line 530
   at OxPt.WcTests.WC002_Consolidate_Bulk_Test(String testId, String name1, String name2) in J:\repos\knilecrack\Open-Xml-PowerTools\OpenXmlPowerTools.Tests\WmlComparerTests.cs:line 416
   at InvokeStub_WcTests.WC002_Consolidate_Bulk_Test(Object, Span`1)
   at System.Reflection.MethodBaseInvoker.InvokeWithFewArgs(Object obj, BindingFlags invokeAttr, Binder binder, Object[] parameters, CultureInfo culture)
[xUnit.net 00:00:29.02]       System.InvalidOperationException : Unable to extract Package from DocumentFormat.OpenXml.Packaging.PackageUriHandlingExtensions+MalformedUriHandlingPackage. The SDK returned an unexpected package type. Expected Package or MalformedUriHandlingPackage with accessible inner Package.
[xUnit.net 00:00:29.02]       Stack Trace:
[xUnit.net 00:00:29.02]         J:\repos\knilecrack\Open-Xml-PowerTools\OpenXmlPowerTools\OxPtHelpers.cs(107,0): at OpenXmlPowerTools.OpenXmlPackageExtensions.GetPackage(OpenXmlPackage package)
[xUnit.net 00:00:29.02]         J:\repos\knilecrack\Open-Xml-PowerTools\OpenXmlPowerTools\WmlComparer.cs(1343,0): at OpenXmlPowerTools.WmlComparer.AddToAnnotation(WordprocessingDocument wDocDelta, WordprocessingDocument consolidatedWDoc, XElement elementToInsertAfter, ConsolidationInfo consolidationInfo, WmlComparerSettings settings)
[xUnit.net 00:00:29.02]         J:\repos\knilecrack\Open-Xml-PowerTools\OpenXmlPowerTools\WmlComparer.cs(750,0): at OpenXmlPowerTools.WmlComparer.Consolidate(WmlDocument original, List`1 revisedDocumentInfoList, WmlComparerSettings settings, WmlComparerConsolidateSettings consolidateSettings)
[xUnit.net 00:00:29.02]         J:\repos\knilecrack\Open-Xml-PowerTools\OpenXmlPowerTools\WmlComparer.cs(530,0): at OpenXmlPowerTools.WmlComparer.Consolidate(WmlDocument original, List`1 revisedDocumentInfoList, WmlComparerSettings settings)
[xUnit.net 00:00:29.02]         J:\repos\knilecrack\Open-Xml-PowerTools\OpenXmlPowerTools.Tests\WmlComparerTests.cs(416,0): at OxPt.WcTests.WC002_Consolidate_Bulk_Test(String testId, String name1, String name2)
[xUnit.net 00:00:29.02]            at InvokeStub_WcTests.WC002_Consolidate_Bulk_Test(Object, Span`1)
[xUnit.net 00:00:29.02]            at System.Reflection.MethodBaseInvoker.InvokeWithFewArgs(Object obj, BindingFlags invokeAttr, Binder binder, Object[] parameters, CultureInfo culture)
[xUnit.net 00:00:29.10]       OpenXmlPowerTools.OpenXmlPowerToolsException : Internal error
[xUnit.net 00:00:29.10]       Stack Trace:
[xUnit.net 00:00:29.10]         J:\repos\knilecrack\Open-Xml-PowerTools\OpenXmlPowerTools\WmlComparer.cs(2986,0): at OpenXmlPowerTools.WmlComparer.<>c.<AssembleAncestorUnidsInOrderToRebuildXmlTreeProperly>b__44_4(XElement ae)
[xUnit.net 00:00:29.10]            at System.Linq.Enumerable.ArraySelectIterator`2.ToArray()
[xUnit.net 00:00:29.10]         J:\repos\knilecrack\Open-Xml-PowerTools\OpenXmlPowerTools\WmlComparer.cs(2980,0): at OpenXmlPowerTools.WmlComparer.AssembleAncestorUnidsInOrderToRebuildXmlTreeProperly(List`1 comparisonUnitAtomList)
[xUnit.net 00:00:29.10]         J:\repos\knilecrack\Open-Xml-PowerTools\OpenXmlPowerTools\WmlComparer.cs(2647,0): at OpenXmlPowerTools.WmlComparer.ProcessFootnoteEndnote(WmlComparerSettings settings, List`1 listOfComparisonUnitAtoms, MainDocumentPart mainDocumentPartBefore, MainDocumentPart mainDocumentPartAfter, XDocument mainDocumentXDoc)
[xUnit.net 00:00:29.10]         J:\repos\knilecrack\Open-Xml-PowerTools\OpenXmlPowerTools\WmlComparer.cs(1698,0): at OpenXmlPowerTools.WmlComparer.ProduceDocumentWithTrackedRevisions(WmlComparerSettings settings, WmlDocument wmlResult, WordprocessingDocument wDoc1, WordprocessingDocument wDoc2)
[xUnit.net 00:00:29.10]         J:\repos\knilecrack\Open-Xml-PowerTools\OpenXmlPowerTools\WmlComparer.cs(213,0): at OpenXmlPowerTools.WmlComparer.CompareInternal(WmlDocument source1, WmlDocument source2, WmlComparerSettings settings, Boolean preProcessMarkupInOriginal)
[xUnit.net 00:00:29.10]         J:\repos\knilecrack\Open-Xml-PowerTools\OpenXmlPowerTools\WmlComparer.cs(94,0): at OpenXmlPowerTools.WmlComparer.Compare(WmlDocument source1, WmlDocument source2, WmlComparerSettings settings)
[xUnit.net 00:00:29.10]         J:\repos\knilecrack\Open-Xml-PowerTools\OpenXmlPowerTools.Tests\WmlComparerTests.cs(404,0): at OxPt.WcTests.WC002_Consolidate_Bulk_Test(String testId, String name1, String name2)
[xUnit.net 00:00:29.10]            at InvokeStub_WcTests.WC002_Consolidate_Bulk_Test(Object, Span`1)
[xUnit.net 00:00:29.10]            at System.Reflection.MethodBaseInvoker.InvokeWithFewArgs(Object obj, BindingFlags invokeAttr, Binder binder, Object[] parameters, CultureInfo culture)
[xUnit.net 00:00:29.15]       System.InvalidOperationException : Unable to extract Package from DocumentFormat.OpenXml.Packaging.PackageUriHandlingExtensions+MalformedUriHandlingPackage. The SDK returned an unexpected package type. Expected Package or MalformedUriHandlingPackage with accessible inner Package.
[xUnit.net 00:00:29.15]       Stack Trace:
[xUnit.net 00:00:29.15]         J:\repos\knilecrack\Open-Xml-PowerTools\OpenXmlPowerTools\OxPtHelpers.cs(107,0): at OpenXmlPowerTools.OpenXmlPackageExtensions.GetPackage(OpenXmlPackage package)
[xUnit.net 00:00:29.15]         J:\repos\knilecrack\Open-Xml-PowerTools\OpenXmlPowerTools\WmlComparer.cs(1343,0): at OpenXmlPowerTools.WmlComparer.AddToAnnotation(WordprocessingDocument wDocDelta, WordprocessingDocument consolidatedWDoc, XElement elementToInsertAfter, ConsolidationInfo consolidationInfo, WmlComparerSettings settings)
[xUnit.net 00:00:29.15]         J:\repos\knilecrack\Open-Xml-PowerTools\OpenXmlPowerTools\WmlComparer.cs(750,0): at OpenXmlPowerTools.WmlComparer.Consolidate(WmlDocument original, List`1 revisedDocumentInfoList, WmlComparerSettings settings, WmlComparerConsolidateSettings consolidateSettings)
[xUnit.net 00:00:29.15]         J:\repos\knilecrack\Open-Xml-PowerTools\OpenXmlPowerTools\WmlComparer.cs(530,0): at OpenXmlPowerTools.WmlComparer.Consolidate(WmlDocument original, List`1 revisedDocumentInfoList, WmlComparerSettings settings)
[xUnit.net 00:00:29.15]         J:\repos\knilecrack\Open-Xml-PowerTools\OpenXmlPowerTools.Tests\WmlComparerTests.cs(416,0): at OxPt.WcTests.WC002_Consolidate_Bulk_Test(String testId, String name1, String name2)
[xUnit.net 00:00:29.15]            at InvokeStub_WcTests.WC002_Consolidate_Bulk_Test(Object, Span`1)
[xUnit.net 00:00:29.15]            at System.Reflection.MethodBaseInvoker.InvokeWithFewArgs(Object obj, BindingFlags invokeAttr, Binder binder, Object[] parameters, CultureInfo culture)
  Failed OxPt.WcTests.WC002_Consolidate_Bulk_Test(testId: "WCB-1540", name1: "WC/WC033-Merged-Cells-Before.docx", name2: "WC/WC033-Merged-Cells-After1.docx") [68 ms]
  Error Message:
   System.InvalidOperationException : Unable to extract Package from DocumentFormat.OpenXml.Packaging.PackageUriHandlingExtensions+MalformedUriHandlingPackage. The SDK returned an unexpected package type. Expected Package or MalformedUriHandlingPackage with accessible inner Package.
  Stack Trace:
     at OpenXmlPowerTools.OpenXmlPackageExtensions.GetPackage(OpenXmlPackage package) in J:\repos\knilecrack\Open-Xml-PowerTools\OpenXmlPowerTools\OxPtHelpers.cs:line 107
   at OpenXmlPowerTools.WmlComparer.AddToAnnotation(WordprocessingDocument wDocDelta, WordprocessingDocument consolidatedWDoc, XElement elementToInsertAfter, ConsolidationInfo consolidationInfo, WmlComparerSettings settings) in J:\repos\knilecrack\Open-Xml-PowerTools\OpenXmlPowerTools\WmlComparer.cs:line 1343
   at OpenXmlPowerTools.WmlComparer.Consolidate(WmlDocument original, List`1 revisedDocumentInfoList, WmlComparerSettings settings, WmlComparerConsolidateSettings consolidateSettings) in J:\repos\knilecrack\Open-Xml-PowerTools\OpenXmlPowerTools\WmlComparer.cs:line 750
   at OpenXmlPowerTools.WmlComparer.Consolidate(WmlDocument original, List`1 revisedDocumentInfoList, WmlComparerSettings settings) in J:\repos\knilecrack\Open-Xml-PowerTools\OpenXmlPowerTools\WmlComparer.cs:line 530
   at OxPt.WcTests.WC002_Consolidate_Bulk_Test(String testId, String name1, String name2) in J:\repos\knilecrack\Open-Xml-PowerTools\OpenXmlPowerTools.Tests\WmlComparerTests.cs:line 416
   at InvokeStub_WcTests.WC002_Consolidate_Bulk_Test(Object, Span`1)
   at System.Reflection.MethodBaseInvoker.InvokeWithFewArgs(Object obj, BindingFlags invokeAttr, Binder binder, Object[] parameters, CultureInfo culture)
  Failed OxPt.WcTests.WC002_Consolidate_Bulk_Test(testId: "WCB-1690", name1: "WC/WC035-Endnote-After.docx", name2: "WC/WC035-Endnote-Before.docx") [76 ms]
  Error Message:
   OpenXmlPowerTools.OpenXmlPowerToolsException : Internal error
  Stack Trace:
     at OpenXmlPowerTools.WmlComparer.<>c.<AssembleAncestorUnidsInOrderToRebuildXmlTreeProperly>b__44_4(XElement ae) in J:\repos\knilecrack\Open-Xml-PowerTools\OpenXmlPowerTools\WmlComparer.cs:line 2986
   at System.Linq.Enumerable.ArraySelectIterator`2.ToArray()
   at OpenXmlPowerTools.WmlComparer.AssembleAncestorUnidsInOrderToRebuildXmlTreeProperly(List`1 comparisonUnitAtomList) in J:\repos\knilecrack\Open-Xml-PowerTools\OpenXmlPowerTools\WmlComparer.cs:line 2980
   at OpenXmlPowerTools.WmlComparer.ProcessFootnoteEndnote(WmlComparerSettings settings, List`1 listOfComparisonUnitAtoms, MainDocumentPart mainDocumentPartBefore, MainDocumentPart mainDocumentPartAfter, XDocument mainDocumentXDoc) in J:\repos\knilecrack\Open-Xml-PowerTools\OpenXmlPowerTools\WmlComparer.cs:line 2647
   at OpenXmlPowerTools.WmlComparer.ProduceDocumentWithTrackedRevisions(WmlComparerSettings settings, WmlDocument wmlResult, WordprocessingDocument wDoc1, WordprocessingDocument wDoc2) in J:\repos\knilecrack\Open-Xml-PowerTools\OpenXmlPowerTools\WmlComparer.cs:line 1698
   at OpenXmlPowerTools.WmlComparer.CompareInternal(WmlDocument source1, WmlDocument source2, WmlComparerSettings settings, Boolean preProcessMarkupInOriginal) in J:\repos\knilecrack\Open-Xml-PowerTools\OpenXmlPowerTools\WmlComparer.cs:line 213
   at OpenXmlPowerTools.WmlComparer.Compare(WmlDocument source1, WmlDocument source2, WmlComparerSettings settings) in J:\repos\knilecrack\Open-Xml-PowerTools\OpenXmlPowerTools\WmlComparer.cs:line 94
   at OxPt.WcTests.WC002_Consolidate_Bulk_Test(String testId, String name1, String name2) in J:\repos\knilecrack\Open-Xml-PowerTools\OpenXmlPowerTools.Tests\WmlComparerTests.cs:line 404
   at InvokeStub_WcTests.WC002_Consolidate_Bulk_Test(Object, Span`1)
   at System.Reflection.MethodBaseInvoker.InvokeWithFewArgs(Object obj, BindingFlags invokeAttr, Binder binder, Object[] parameters, CultureInfo culture)
  Failed OxPt.WcTests.WC002_Consolidate_Bulk_Test(testId: "WCB-1080", name1: "WC/WC002-Unmodified.docx", name2: "WC/WC002-InsertAtEnd.docx") [57 ms]
  Error Message:
   System.InvalidOperationException : Unable to extract Package from DocumentFormat.OpenXml.Packaging.PackageUriHandlingExtensions+MalformedUriHandlingPackage. The SDK returned an unexpected package type. Expected Package or MalformedUriHandlingPackage with accessible inner Package.
  Stack Trace:
     at OpenXmlPowerTools.OpenXmlPackageExtensions.GetPackage(OpenXmlPackage package) in J:\repos\knilecrack\Open-Xml-PowerTools\OpenXmlPowerTools\OxPtHelpers.cs:line 107
   at OpenXmlPowerTools.WmlComparer.AddToAnnotation(WordprocessingDocument wDocDelta, WordprocessingDocument consolidatedWDoc, XElement elementToInsertAfter, ConsolidationInfo consolidationInfo, WmlComparerSettings settings) in J:\repos\knilecrack\Open-Xml-PowerTools\OpenXmlPowerTools\WmlComparer.cs:line 1343
   at OpenXmlPowerTools.WmlComparer.Consolidate(WmlDocument original, List`1 revisedDocumentInfoList, WmlComparerSettings settings, WmlComparerConsolidateSettings consolidateSettings) in J:\repos\knilecrack\Open-Xml-PowerTools\OpenXmlPowerTools\WmlComparer.cs:line 750
   at OpenXmlPowerTools.WmlComparer.Consolidate(WmlDocument original, List`1 revisedDocumentInfoList, WmlComparerSettings settings) in J:\repos\knilecrack\Open-Xml-PowerTools\OpenXmlPowerTools\WmlComparer.cs:line 530
   at OxPt.WcTests.WC002_Consolidate_Bulk_Test(String testId, String name1, String name2) in J:\repos\knilecrack\Open-Xml-PowerTools\OpenXmlPowerTools.Tests\WmlComparerTests.cs:line 416
   at InvokeStub_WcTests.WC002_Consolidate_Bulk_Test(Object, Span`1)
   at System.Reflection.MethodBaseInvoker.InvokeWithFewArgs(Object obj, BindingFlags invokeAttr, Binder binder, Object[] parameters, CultureInfo culture)
  Passed OxPt.WcTests.WC003_Compare(testId: "WC-1420", name1: "WC/WC021-Math-Before-1.docx", name2: "WC/WC021-Math-After-1.docx", revisionCount: 9) [197 ms]
  Passed OxPt.WcTests.WC003_Compare(testId: "WC-1850", name1: "WC/WC043-Nested-Table.docx", name2: "WC/WC043-Nested-Table-Mod.docx", revisionCount: 2) [141 ms]
  Passed OxPt.WcTests.WC003_Compare(testId: "WC-1880", name1: "WC/WC046-Two-Text-Box.docx", name2: "WC/WC046-Two-Text-Box-Mod.docx", revisionCount: 2) [122 ms]
  Passed OxPt.WcTests.WC003_Compare(testId: "WC-1220", name1: "WC/WC011-Before.docx", name2: "WC/WC011-After.docx", revisionCount: 2) [97 ms]
  Passed OxPt.WcTests.WC003_Compare(testId: "WC-1510", name1: "WC/WC027-Twenty-Paras-Before.docx", name2: "WC/WC027-Twenty-Paras-After-1.docx", revisionCount: 2) [118 ms]
  Passed OxPt.WcTests.WC003_Compare(testId: "WC-1160", name1: "WC/WC006-Table.docx", name2: "WC/WC006-Table-Delete-Contests-of-Row.docx", revisionCount: 2) [101 ms]
[xUnit.net 00:00:30.32]       OpenXmlPowerTools.OpenXmlPowerToolsException : Internal error
[xUnit.net 00:00:30.32]       Stack Trace:
[xUnit.net 00:00:30.32]         J:\repos\knilecrack\Open-Xml-PowerTools\OpenXmlPowerTools\WmlComparer.cs(2986,0): at OpenXmlPowerTools.WmlComparer.<>c.<AssembleAncestorUnidsInOrderToRebuildXmlTreeProperly>b__44_4(XElement ae)
[xUnit.net 00:00:30.32]            at System.Linq.Enumerable.ArraySelectIterator`2.ToArray()
[xUnit.net 00:00:30.32]         J:\repos\knilecrack\Open-Xml-PowerTools\OpenXmlPowerTools\WmlComparer.cs(2980,0): at OpenXmlPowerTools.WmlComparer.AssembleAncestorUnidsInOrderToRebuildXmlTreeProperly(List`1 comparisonUnitAtomList)
[xUnit.net 00:00:30.32]         J:\repos\knilecrack\Open-Xml-PowerTools\OpenXmlPowerTools\WmlComparer.cs(2647,0): at OpenXmlPowerTools.WmlComparer.ProcessFootnoteEndnote(WmlComparerSettings settings, List`1 listOfComparisonUnitAtoms, MainDocumentPart mainDocumentPartBefore, MainDocumentPart mainDocumentPartAfter, XDocument mainDocumentXDoc)
[xUnit.net 00:00:30.32]         J:\repos\knilecrack\Open-Xml-PowerTools\OpenXmlPowerTools\WmlComparer.cs(1698,0): at OpenXmlPowerTools.WmlComparer.ProduceDocumentWithTrackedRevisions(WmlComparerSettings settings, WmlDocument wmlResult, WordprocessingDocument wDoc1, WordprocessingDocument wDoc2)
[xUnit.net 00:00:30.32]         J:\repos\knilecrack\Open-Xml-PowerTools\OpenXmlPowerTools\WmlComparer.cs(213,0): at OpenXmlPowerTools.WmlComparer.CompareInternal(WmlDocument source1, WmlDocument source2, WmlComparerSettings settings, Boolean preProcessMarkupInOriginal)
[xUnit.net 00:00:30.32]         J:\repos\knilecrack\Open-Xml-PowerTools\OpenXmlPowerTools\WmlComparer.cs(94,0): at OpenXmlPowerTools.WmlComparer.Compare(WmlDocument source1, WmlDocument source2, WmlComparerSettings settings)
[xUnit.net 00:00:30.32]         J:\repos\knilecrack\Open-Xml-PowerTools\OpenXmlPowerTools.Tests\WmlComparerTests.cs(651,0): at OxPt.WcTests.WC003_Compare(String testId, String name1, String name2, Int32 revisionCount)
[xUnit.net 00:00:30.32]            at InvokeStub_WcTests.WC003_Compare(Object, Span`1)
[xUnit.net 00:00:30.32]            at System.Reflection.MethodBaseInvoker.InvokeWithFewArgs(Object obj, BindingFlags invokeAttr, Binder binder, Object[] parameters, CultureInfo culture)
[xUnit.net 00:00:30.39]       OpenXmlPowerTools.OpenXmlPowerToolsException : Internal error
[xUnit.net 00:00:30.39]       Stack Trace:
[xUnit.net 00:00:30.39]         J:\repos\knilecrack\Open-Xml-PowerTools\OpenXmlPowerTools\WmlComparer.cs(2986,0): at OpenXmlPowerTools.WmlComparer.<>c.<AssembleAncestorUnidsInOrderToRebuildXmlTreeProperly>b__44_4(XElement ae)
[xUnit.net 00:00:30.39]            at System.Linq.Enumerable.ArraySelectIterator`2.ToArray()
[xUnit.net 00:00:30.39]         J:\repos\knilecrack\Open-Xml-PowerTools\OpenXmlPowerTools\WmlComparer.cs(2980,0): at OpenXmlPowerTools.WmlComparer.AssembleAncestorUnidsInOrderToRebuildXmlTreeProperly(List`1 comparisonUnitAtomList)
[xUnit.net 00:00:30.39]         J:\repos\knilecrack\Open-Xml-PowerTools\OpenXmlPowerTools\WmlComparer.cs(2647,0): at OpenXmlPowerTools.WmlComparer.ProcessFootnoteEndnote(WmlComparerSettings settings, List`1 listOfComparisonUnitAtoms, MainDocumentPart mainDocumentPartBefore, MainDocumentPart mainDocumentPartAfter, XDocument mainDocumentXDoc)
[xUnit.net 00:00:30.39]         J:\repos\knilecrack\Open-Xml-PowerTools\OpenXmlPowerTools\WmlComparer.cs(1698,0): at OpenXmlPowerTools.WmlComparer.ProduceDocumentWithTrackedRevisions(WmlComparerSettings settings, WmlDocument wmlResult, WordprocessingDocument wDoc1, WordprocessingDocument wDoc2)
[xUnit.net 00:00:30.39]         J:\repos\knilecrack\Open-Xml-PowerTools\OpenXmlPowerTools\WmlComparer.cs(213,0): at OpenXmlPowerTools.WmlComparer.CompareInternal(WmlDocument source1, WmlDocument source2, WmlComparerSettings settings, Boolean preProcessMarkupInOriginal)
[xUnit.net 00:00:30.39]         J:\repos\knilecrack\Open-Xml-PowerTools\OpenXmlPowerTools\WmlComparer.cs(94,0): at OpenXmlPowerTools.WmlComparer.Compare(WmlDocument source1, WmlDocument source2, WmlComparerSettings settings)
[xUnit.net 00:00:30.39]         J:\repos\knilecrack\Open-Xml-PowerTools\OpenXmlPowerTools.Tests\WmlComparerTests.cs(651,0): at OxPt.WcTests.WC003_Compare(String testId, String name1, String name2, Int32 revisionCount)
[xUnit.net 00:00:30.39]            at InvokeStub_WcTests.WC003_Compare(Object, Span`1)
[xUnit.net 00:00:30.39]            at System.Reflection.MethodBaseInvoker.InvokeWithFewArgs(Object obj, BindingFlags invokeAttr, Binder binder, Object[] parameters, CultureInfo culture)
[xUnit.net 00:00:30.86]       OpenXmlPowerTools.OpenXmlPowerToolsException : Internal error
[xUnit.net 00:00:30.86]       Stack Trace:
[xUnit.net 00:00:30.86]         J:\repos\knilecrack\Open-Xml-PowerTools\OpenXmlPowerTools\WmlComparer.cs(2986,0): at OpenXmlPowerTools.WmlComparer.<>c.<AssembleAncestorUnidsInOrderToRebuildXmlTreeProperly>b__44_4(XElement ae)
[xUnit.net 00:00:30.86]            at System.Linq.Enumerable.ArraySelectIterator`2.ToArray()
[xUnit.net 00:00:30.86]         J:\repos\knilecrack\Open-Xml-PowerTools\OpenXmlPowerTools\WmlComparer.cs(2980,0): at OpenXmlPowerTools.WmlComparer.AssembleAncestorUnidsInOrderToRebuildXmlTreeProperly(List`1 comparisonUnitAtomList)
[xUnit.net 00:00:30.86]         J:\repos\knilecrack\Open-Xml-PowerTools\OpenXmlPowerTools\WmlComparer.cs(2647,0): at OpenXmlPowerTools.WmlComparer.ProcessFootnoteEndnote(WmlComparerSettings settings, List`1 listOfComparisonUnitAtoms, MainDocumentPart mainDocumentPartBefore, MainDocumentPart mainDocumentPartAfter, XDocument mainDocumentXDoc)
[xUnit.net 00:00:30.86]         J:\repos\knilecrack\Open-Xml-PowerTools\OpenXmlPowerTools\WmlComparer.cs(1698,0): at OpenXmlPowerTools.WmlComparer.ProduceDocumentWithTrackedRevisions(WmlComparerSettings settings, WmlDocument wmlResult, WordprocessingDocument wDoc1, WordprocessingDocument wDoc2)
[xUnit.net 00:00:30.86]         J:\repos\knilecrack\Open-Xml-PowerTools\OpenXmlPowerTools\WmlComparer.cs(213,0): at OpenXmlPowerTools.WmlComparer.CompareInternal(WmlDocument source1, WmlDocument source2, WmlComparerSettings settings, Boolean preProcessMarkupInOriginal)
[xUnit.net 00:00:30.86]         J:\repos\knilecrack\Open-Xml-PowerTools\OpenXmlPowerTools\WmlComparer.cs(94,0): at OpenXmlPowerTools.WmlComparer.Compare(WmlDocument source1, WmlDocument source2, WmlComparerSettings settings)
[xUnit.net 00:00:30.86]         J:\repos\knilecrack\Open-Xml-PowerTools\OpenXmlPowerTools.Tests\WmlComparerTests.cs(651,0): at OxPt.WcTests.WC003_Compare(String testId, String name1, String name2, Int32 revisionCount)
[xUnit.net 00:00:30.86]            at InvokeStub_WcTests.WC003_Compare(Object, Span`1)
[xUnit.net 00:00:30.86]            at System.Reflection.MethodBaseInvoker.InvokeWithFewArgs(Object obj, BindingFlags invokeAttr, Binder binder, Object[] parameters, CultureInfo culture)
  Passed OxPt.WcTests.WC003_Compare(testId: "WC-1840", name1: "WC/WC042-Table-5.docx", name2: "WC/WC042-Table-5-Mod.docx", revisionCount: 2) [114 ms]
  Passed OxPt.WcTests.WC003_Compare(testId: "WC-1470", name1: "WC/WC024-Table-Before.docx", name2: "WC/WC024-Table-After2.docx", revisionCount: 7) [99 ms]
  Passed OxPt.WcTests.WC003_Compare(testId: "WC-1330", name1: "WC/WC015-Three-Paragraphs.docx", name2: "WC/WC015-Three-Paragraphs-After.docx", revisionCount: 3) [114 ms]
  Failed OxPt.WcTests.WC003_Compare(testId: "WC-1650", name1: "WC/WC035-Footnote-After.docx", name2: "WC/WC035-Footnote-Before.docx", revisionCount: 2) [62 ms]
  Error Message:
   OpenXmlPowerTools.OpenXmlPowerToolsException : Internal error
  Stack Trace:
     at OpenXmlPowerTools.WmlComparer.<>c.<AssembleAncestorUnidsInOrderToRebuildXmlTreeProperly>b__44_4(XElement ae) in J:\repos\knilecrack\Open-Xml-PowerTools\OpenXmlPowerTools\WmlComparer.cs:line 2986
   at System.Linq.Enumerable.ArraySelectIterator`2.ToArray()
   at OpenXmlPowerTools.WmlComparer.AssembleAncestorUnidsInOrderToRebuildXmlTreeProperly(List`1 comparisonUnitAtomList) in J:\repos\knilecrack\Open-Xml-PowerTools\OpenXmlPowerTools\WmlComparer.cs:line 2980
   at OpenXmlPowerTools.WmlComparer.ProcessFootnoteEndnote(WmlComparerSettings settings, List`1 listOfComparisonUnitAtoms, MainDocumentPart mainDocumentPartBefore, MainDocumentPart mainDocumentPartAfter, XDocument mainDocumentXDoc) in J:\repos\knilecrack\Open-Xml-PowerTools\OpenXmlPowerTools\WmlComparer.cs:line 2647
   at OpenXmlPowerTools.WmlComparer.ProduceDocumentWithTrackedRevisions(WmlComparerSettings settings, WmlDocument wmlResult, WordprocessingDocument wDoc1, WordprocessingDocument wDoc2) in J:\repos\knilecrack\Open-Xml-PowerTools\OpenXmlPowerTools\WmlComparer.cs:line 1698
   at OpenXmlPowerTools.WmlComparer.CompareInternal(WmlDocument source1, WmlDocument source2, WmlComparerSettings settings, Boolean preProcessMarkupInOriginal) in J:\repos\knilecrack\Open-Xml-PowerTools\OpenXmlPowerTools\WmlComparer.cs:line 213
   at OpenXmlPowerTools.WmlComparer.Compare(WmlDocument source1, WmlDocument source2, WmlComparerSettings settings) in J:\repos\knilecrack\Open-Xml-PowerTools\OpenXmlPowerTools\WmlComparer.cs:line 94
   at OxPt.WcTests.WC003_Compare(String testId, String name1, String name2, Int32 revisionCount) in J:\repos\knilecrack\Open-Xml-PowerTools\OpenXmlPowerTools.Tests\WmlComparerTests.cs:line 651
   at InvokeStub_WcTests.WC003_Compare(Object, Span`1)
   at System.Reflection.MethodBaseInvoker.InvokeWithFewArgs(Object obj, BindingFlags invokeAttr, Binder binder, Object[] parameters, CultureInfo culture)
  Failed OxPt.WcTests.WC003_Compare(testId: "WC-1740", name1: "WC/WC035-Endnote-After.docx", name2: "WC/WC035-Endnote-Before.docx", revisionCount: 2) [61 ms]
  Error Message:
   OpenXmlPowerTools.OpenXmlPowerToolsException : Internal error
  Stack Trace:
     at OpenXmlPowerTools.WmlComparer.<>c.<AssembleAncestorUnidsInOrderToRebuildXmlTreeProperly>b__44_4(XElement ae) in J:\repos\knilecrack\Open-Xml-PowerTools\OpenXmlPowerTools\WmlComparer.cs:line 2986
   at System.Linq.Enumerable.ArraySelectIterator`2.ToArray()
   at OpenXmlPowerTools.WmlComparer.AssembleAncestorUnidsInOrderToRebuildXmlTreeProperly(List`1 comparisonUnitAtomList) in J:\repos\knilecrack\Open-Xml-PowerTools\OpenXmlPowerTools\WmlComparer.cs:line 2980
   at OpenXmlPowerTools.WmlComparer.ProcessFootnoteEndnote(WmlComparerSettings settings, List`1 listOfComparisonUnitAtoms, MainDocumentPart mainDocumentPartBefore, MainDocumentPart mainDocumentPartAfter, XDocument mainDocumentXDoc) in J:\repos\knilecrack\Open-Xml-PowerTools\OpenXmlPowerTools\WmlComparer.cs:line 2647
   at OpenXmlPowerTools.WmlComparer.ProduceDocumentWithTrackedRevisions(WmlComparerSettings settings, WmlDocument wmlResult, WordprocessingDocument wDoc1, WordprocessingDocument wDoc2) in J:\repos\knilecrack\Open-Xml-PowerTools\OpenXmlPowerTools\WmlComparer.cs:line 1698
   at OpenXmlPowerTools.WmlComparer.CompareInternal(WmlDocument source1, WmlDocument source2, WmlComparerSettings settings, Boolean preProcessMarkupInOriginal) in J:\repos\knilecrack\Open-Xml-PowerTools\OpenXmlPowerTools\WmlComparer.cs:line 213
   at OpenXmlPowerTools.WmlComparer.Compare(WmlDocument source1, WmlDocument source2, WmlComparerSettings settings) in J:\repos\knilecrack\Open-Xml-PowerTools\OpenXmlPowerTools\WmlComparer.cs:line 94
   at OxPt.WcTests.WC003_Compare(String testId, String name1, String name2, Int32 revisionCount) in J:\repos\knilecrack\Open-Xml-PowerTools\OpenXmlPowerTools.Tests\WmlComparerTests.cs:line 651
   at InvokeStub_WcTests.WC003_Compare(Object, Span`1)
   at System.Reflection.MethodBaseInvoker.InvokeWithFewArgs(Object obj, BindingFlags invokeAttr, Binder binder, Object[] parameters, CultureInfo culture)
  Passed OxPt.WcTests.WC003_Compare(testId: "WC-1910", name1: "WC/WC049-Text-Box-in-Cell.docx", name2: "WC/WC049-Text-Box-in-Cell-Mod.docx", revisionCount: 5) [236 ms]
  Passed OxPt.WcTests.WC003_Compare(testId: "WC-1980", name1: "WC/WC056-French.docx", name2: "WC/WC056-French-Mod.docx", revisionCount: 0) [119 ms]
  Passed OxPt.WcTests.WC003_Compare(testId: "WC-1100", name1: "WC/WC002-Unmodified.docx", name2: "WC/WC002-DeleteInMiddle.docx", revisionCount: 1) [82 ms]
  Failed OxPt.WcTests.WC003_Compare(testId: "WC-1720", name1: "WC/WC034-Endnotes-After3.docx", name2: "WC/WC034-Endnotes-Before.docx", revisionCount: 7) [30 ms]
  Error Message:
   OpenXmlPowerTools.OpenXmlPowerToolsException : Internal error
  Stack Trace:
     at OpenXmlPowerTools.WmlComparer.<>c.<AssembleAncestorUnidsInOrderToRebuildXmlTreeProperly>b__44_4(XElement ae) in J:\repos\knilecrack\Open-Xml-PowerTools\OpenXmlPowerTools\WmlComparer.cs:line 2986
   at System.Linq.Enumerable.ArraySelectIterator`2.ToArray()
   at OpenXmlPowerTools.WmlComparer.AssembleAncestorUnidsInOrderToRebuildXmlTreeProperly(List`1 comparisonUnitAtomList) in J:\repos\knilecrack\Open-Xml-PowerTools\OpenXmlPowerTools\WmlComparer.cs:line 2980
   at OpenXmlPowerTools.WmlComparer.ProcessFootnoteEndnote(WmlComparerSettings settings, List`1 listOfComparisonUnitAtoms, MainDocumentPart mainDocumentPartBefore, MainDocumentPart mainDocumentPartAfter, XDocument mainDocumentXDoc) in J:\repos\knilecrack\Open-Xml-PowerTools\OpenXmlPowerTools\WmlComparer.cs:line 2647
   at OpenXmlPowerTools.WmlComparer.ProduceDocumentWithTrackedRevisions(WmlComparerSettings settings, WmlDocument wmlResult, WordprocessingDocument wDoc1, WordprocessingDocument wDoc2) in J:\repos\knilecrack\Open-Xml-PowerTools\OpenXmlPowerTools\WmlComparer.cs:line 1698
   at OpenXmlPowerTools.WmlComparer.CompareInternal(WmlDocument source1, WmlDocument source2, WmlComparerSettings settings, Boolean preProcessMarkupInOriginal) in J:\repos\knilecrack\Open-Xml-PowerTools\OpenXmlPowerTools\WmlComparer.cs:line 213
   at OpenXmlPowerTools.WmlComparer.Compare(WmlDocument source1, WmlDocument source2, WmlComparerSettings settings) in J:\repos\knilecrack\Open-Xml-PowerTools\OpenXmlPowerTools\WmlComparer.cs:line 94
   at OxPt.WcTests.WC003_Compare(String testId, String name1, String name2, Int32 revisionCount) in J:\repos\knilecrack\Open-Xml-PowerTools\OpenXmlPowerTools.Tests\WmlComparerTests.cs:line 651
   at InvokeStub_WcTests.WC003_Compare(Object, Span`1)
   at System.Reflection.MethodBaseInvoker.InvokeWithFewArgs(Object obj, BindingFlags invokeAttr, Binder binder, Object[] parameters, CultureInfo culture)
[xUnit.net 00:00:30.97]       System.InvalidOperationException : Unable to extract Package from DocumentFormat.OpenXml.Packaging.PackageUriHandlingExtensions+MalformedUriHandlingPackage. The SDK returned an unexpected package type. Expected Package or MalformedUriHandlingPackage with accessible inner Package.
[xUnit.net 00:00:30.97]       Stack Trace:
[xUnit.net 00:00:30.97]         J:\repos\knilecrack\Open-Xml-PowerTools\OpenXmlPowerTools\OxPtHelpers.cs(107,0): at OpenXmlPowerTools.OpenXmlPackageExtensions.GetPackage(OpenXmlPackage package)
[xUnit.net 00:00:30.97]         J:\repos\knilecrack\Open-Xml-PowerTools\OpenXmlPowerTools\WmlComparer.cs(4610,0): at OpenXmlPowerTools.WmlComparer.<>c__DisplayClass69_5.<CoalesceRecurse>b__17(ComparisonUnitAtom gce)
[xUnit.net 00:00:30.97]            at System.Linq.Enumerable.IEnumerableSelectIterator`2.MoveNext()
[xUnit.net 00:00:30.97]            at System.Xml.Linq.XContainer.AddContentSkipNotify(Object content)
[xUnit.net 00:00:30.97]            at System.Xml.Linq.XContainer.AddContentSkipNotify(Object content)
[xUnit.net 00:00:30.97]            at System.Xml.Linq.XContainer.AddContentSkipNotify(Object content)
[xUnit.net 00:00:30.97]            at System.Xml.Linq.XContainer.AddContentSkipNotify(Object content)
[xUnit.net 00:00:30.97]            at System.Xml.Linq.XContainer.AddContentSkipNotify(Object content)
[xUnit.net 00:00:30.97]            at System.Xml.Linq.XContainer.AddContentSkipNotify(Object content)
[xUnit.net 00:00:30.97]         J:\repos\knilecrack\Open-Xml-PowerTools\OpenXmlPowerTools\WmlComparer.cs(4558,0): at OpenXmlPowerTools.WmlComparer.<>c__DisplayClass69_0.<CoalesceRecurse>b__2(IGrouping`2 g)
[xUnit.net 00:00:30.97]            at System.Linq.Enumerable.IEnumerableWhereSelectIterator`2.ToList()
[xUnit.net 00:00:30.97]         J:\repos\knilecrack\Open-Xml-PowerTools\OpenXmlPowerTools\WmlComparer.cs(4481,0): at OpenXmlPowerTools.WmlComparer.CoalesceRecurse(OpenXmlPart part, IEnumerable`1 list, Int32 level, WmlComparerSettings settings)
[xUnit.net 00:00:30.97]         J:\repos\knilecrack\Open-Xml-PowerTools\OpenXmlPowerTools\WmlComparer.cs(4521,0): at OpenXmlPowerTools.WmlComparer.<>c__DisplayClass69_0.<CoalesceRecurse>b__5(IGrouping`2 gc)
[xUnit.net 00:00:30.97]            at System.Linq.Enumerable.ListSelectIterator`2.ToList()
[xUnit.net 00:00:30.97]         J:\repos\knilecrack\Open-Xml-PowerTools\OpenXmlPowerTools\WmlComparer.cs(4505,0): at OpenXmlPowerTools.WmlComparer.<>c__DisplayClass69_0.<CoalesceRecurse>b__2(IGrouping`2 g)
[xUnit.net 00:00:30.97]            at System.Linq.Enumerable.IEnumerableWhereSelectIterator`2.ToList()
[xUnit.net 00:00:30.97]         J:\repos\knilecrack\Open-Xml-PowerTools\OpenXmlPowerTools\WmlComparer.cs(4481,0): at OpenXmlPowerTools.WmlComparer.CoalesceRecurse(OpenXmlPart part, IEnumerable`1 list, Int32 level, WmlComparerSettings settings)
[xUnit.net 00:00:30.97]         J:\repos\knilecrack\Open-Xml-PowerTools\OpenXmlPowerTools\WmlComparer.cs(4328,0): at OpenXmlPowerTools.WmlComparer.ProduceNewWmlMarkupFromCorrelatedSequence(OpenXmlPart part, IEnumerable`1 comparisonUnitAtomList, WmlComparerSettings settings)
[xUnit.net 00:00:30.97]         J:\repos\knilecrack\Open-Xml-PowerTools\OpenXmlPowerTools\WmlComparer.cs(1686,0): at OpenXmlPowerTools.WmlComparer.ProduceDocumentWithTrackedRevisions(WmlComparerSettings settings, WmlDocument wmlResult, WordprocessingDocument wDoc1, WordprocessingDocument wDoc2)
[xUnit.net 00:00:30.97]         J:\repos\knilecrack\Open-Xml-PowerTools\OpenXmlPowerTools\WmlComparer.cs(213,0): at OpenXmlPowerTools.WmlComparer.CompareInternal(WmlDocument source1, WmlDocument source2, WmlComparerSettings settings, Boolean preProcessMarkupInOriginal)
[xUnit.net 00:00:30.97]         J:\repos\knilecrack\Open-Xml-PowerTools\OpenXmlPowerTools\WmlComparer.cs(94,0): at OpenXmlPowerTools.WmlComparer.Compare(WmlDocument source1, WmlDocument source2, WmlComparerSettings settings)
[xUnit.net 00:00:30.97]         J:\repos\knilecrack\Open-Xml-PowerTools\OpenXmlPowerTools.Tests\WmlComparerTests.cs(651,0): at OxPt.WcTests.WC003_Compare(String testId, String name1, String name2, Int32 revisionCount)
[xUnit.net 00:00:30.97]            at InvokeStub_WcTests.WC003_Compare(Object, Span`1)
[xUnit.net 00:00:30.97]            at System.Reflection.MethodBaseInvoker.InvokeWithFewArgs(Object obj, BindingFlags invokeAttr, Binder binder, Object[] parameters, CultureInfo culture)
[xUnit.net 00:00:31.32]       OpenXmlPowerTools.OpenXmlPowerToolsException : Internal error
[xUnit.net 00:00:31.32]       Stack Trace:
[xUnit.net 00:00:31.32]         J:\repos\knilecrack\Open-Xml-PowerTools\OpenXmlPowerTools\WmlComparer.cs(5017,0): at OpenXmlPowerTools.WmlComparer.<>c.<SetAfterUnids>b__75_1(XElement a)
[xUnit.net 00:00:31.32]            at System.Linq.Enumerable.ListWhereSelectIterator`2.ToArray()
[xUnit.net 00:00:31.32]         J:\repos\knilecrack\Open-Xml-PowerTools\OpenXmlPowerTools\WmlComparer.cs(5011,0): at OpenXmlPowerTools.WmlComparer.SetAfterUnids(CorrelatedSequence unknown)
[xUnit.net 00:00:31.32]         J:\repos\knilecrack\Open-Xml-PowerTools\OpenXmlPowerTools\WmlComparer.cs(4932,0): at OpenXmlPowerTools.WmlComparer.Lcs(ComparisonUnit[] cu1, ComparisonUnit[] cu2, WmlComparerSettings settings)
[xUnit.net 00:00:31.32]         J:\repos\knilecrack\Open-Xml-PowerTools\OpenXmlPowerTools\WmlComparer.cs(2421,0): at OpenXmlPowerTools.WmlComparer.ProcessFootnoteEndnote(WmlComparerSettings settings, List`1 listOfComparisonUnitAtoms, MainDocumentPart mainDocumentPartBefore, MainDocumentPart mainDocumentPartAfter, XDocument mainDocumentXDoc)
[xUnit.net 00:00:31.32]         J:\repos\knilecrack\Open-Xml-PowerTools\OpenXmlPowerTools\WmlComparer.cs(1698,0): at OpenXmlPowerTools.WmlComparer.ProduceDocumentWithTrackedRevisions(WmlComparerSettings settings, WmlDocument wmlResult, WordprocessingDocument wDoc1, WordprocessingDocument wDoc2)
[xUnit.net 00:00:31.32]         J:\repos\knilecrack\Open-Xml-PowerTools\OpenXmlPowerTools\WmlComparer.cs(213,0): at OpenXmlPowerTools.WmlComparer.CompareInternal(WmlDocument source1, WmlDocument source2, WmlComparerSettings settings, Boolean preProcessMarkupInOriginal)
[xUnit.net 00:00:31.32]         J:\repos\knilecrack\Open-Xml-PowerTools\OpenXmlPowerTools\WmlComparer.cs(94,0): at OpenXmlPowerTools.WmlComparer.Compare(WmlDocument source1, WmlDocument source2, WmlComparerSettings settings)
[xUnit.net 00:00:31.32]         J:\repos\knilecrack\Open-Xml-PowerTools\OpenXmlPowerTools.Tests\WmlComparerTests.cs(651,0): at OxPt.WcTests.WC003_Compare(String testId, String name1, String name2, Int32 revisionCount)
[xUnit.net 00:00:31.32]            at InvokeStub_WcTests.WC003_Compare(Object, Span`1)
[xUnit.net 00:00:31.32]            at System.Reflection.MethodBaseInvoker.InvokeWithFewArgs(Object obj, BindingFlags invokeAttr, Binder binder, Object[] parameters, CultureInfo culture)
[xUnit.net 00:00:31.44]       OpenXmlPowerTools.OpenXmlPowerToolsException : Internal error
[xUnit.net 00:00:31.44]       Stack Trace:
[xUnit.net 00:00:31.44]         J:\repos\knilecrack\Open-Xml-PowerTools\OpenXmlPowerTools\WmlComparer.cs(5017,0): at OpenXmlPowerTools.WmlComparer.<>c.<SetAfterUnids>b__75_1(XElement a)
[xUnit.net 00:00:31.44]            at System.Linq.Enumerable.ListWhereSelectIterator`2.ToArray()
[xUnit.net 00:00:31.44]         J:\repos\knilecrack\Open-Xml-PowerTools\OpenXmlPowerTools\WmlComparer.cs(5011,0): at OpenXmlPowerTools.WmlComparer.SetAfterUnids(CorrelatedSequence unknown)
[xUnit.net 00:00:31.44]         J:\repos\knilecrack\Open-Xml-PowerTools\OpenXmlPowerTools\WmlComparer.cs(4932,0): at OpenXmlPowerTools.WmlComparer.Lcs(ComparisonUnit[] cu1, ComparisonUnit[] cu2, WmlComparerSettings settings)
[xUnit.net 00:00:31.44]         J:\repos\knilecrack\Open-Xml-PowerTools\OpenXmlPowerTools\WmlComparer.cs(2421,0): at OpenXmlPowerTools.WmlComparer.ProcessFootnoteEndnote(WmlComparerSettings settings, List`1 listOfComparisonUnitAtoms, MainDocumentPart mainDocumentPartBefore, MainDocumentPart mainDocumentPartAfter, XDocument mainDocumentXDoc)
[xUnit.net 00:00:31.44]         J:\repos\knilecrack\Open-Xml-PowerTools\OpenXmlPowerTools\WmlComparer.cs(1698,0): at OpenXmlPowerTools.WmlComparer.ProduceDocumentWithTrackedRevisions(WmlComparerSettings settings, WmlDocument wmlResult, WordprocessingDocument wDoc1, WordprocessingDocument wDoc2)
[xUnit.net 00:00:31.44]         J:\repos\knilecrack\Open-Xml-PowerTools\OpenXmlPowerTools\WmlComparer.cs(213,0): at OpenXmlPowerTools.WmlComparer.CompareInternal(WmlDocument source1, WmlDocument source2, WmlComparerSettings settings, Boolean preProcessMarkupInOriginal)
[xUnit.net 00:00:31.44]         J:\repos\knilecrack\Open-Xml-PowerTools\OpenXmlPowerTools\WmlComparer.cs(94,0): at OpenXmlPowerTools.WmlComparer.Compare(WmlDocument source1, WmlDocument source2, WmlComparerSettings settings)
[xUnit.net 00:00:31.44]         J:\repos\knilecrack\Open-Xml-PowerTools\OpenXmlPowerTools.Tests\WmlComparerTests.cs(651,0): at OxPt.WcTests.WC003_Compare(String testId, String name1, String name2, Int32 revisionCount)
[xUnit.net 00:00:31.44]            at InvokeStub_WcTests.WC003_Compare(Object, Span`1)
[xUnit.net 00:00:31.44]            at System.Reflection.MethodBaseInvoker.InvokeWithFewArgs(Object obj, BindingFlags invokeAttr, Binder binder, Object[] parameters, CultureInfo culture)
  Failed OxPt.WcTests.WC003_Compare(testId: "WC-1440", name1: "WC/WC022-Image-Math-Para-Before.docx", name2: "WC/WC022-Image-Math-Para-After.docx", revisionCount: 10) [114 ms]
  Error Message:
   System.InvalidOperationException : Unable to extract Package from DocumentFormat.OpenXml.Packaging.PackageUriHandlingExtensions+MalformedUriHandlingPackage. The SDK returned an unexpected package type. Expected Package or MalformedUriHandlingPackage with accessible inner Package.
  Stack Trace:
     at OpenXmlPowerTools.OpenXmlPackageExtensions.GetPackage(OpenXmlPackage package) in J:\repos\knilecrack\Open-Xml-PowerTools\OpenXmlPowerTools\OxPtHelpers.cs:line 107
   at OpenXmlPowerTools.WmlComparer.<>c__DisplayClass69_5.<CoalesceRecurse>b__17(ComparisonUnitAtom gce) in J:\repos\knilecrack\Open-Xml-PowerTools\OpenXmlPowerTools\WmlComparer.cs:line 4610
   at System.Linq.Enumerable.IEnumerableSelectIterator`2.MoveNext()
   at System.Xml.Linq.XContainer.AddContentSkipNotify(Object content)
   at System.Xml.Linq.XContainer.AddContentSkipNotify(Object content)
   at System.Xml.Linq.XContainer.AddContentSkipNotify(Object content)
   at System.Xml.Linq.XContainer.AddContentSkipNotify(Object content)
   at System.Xml.Linq.XContainer.AddContentSkipNotify(Object content)
   at System.Xml.Linq.XContainer.AddContentSkipNotify(Object content)
   at OpenXmlPowerTools.WmlComparer.<>c__DisplayClass69_0.<CoalesceRecurse>b__2(IGrouping`2 g) in J:\repos\knilecrack\Open-Xml-PowerTools\OpenXmlPowerTools\WmlComparer.cs:line 4558
   at System.Linq.Enumerable.IEnumerableWhereSelectIterator`2.ToList()
   at OpenXmlPowerTools.WmlComparer.CoalesceRecurse(OpenXmlPart part, IEnumerable`1 list, Int32 level, WmlComparerSettings settings) in J:\repos\knilecrack\Open-Xml-PowerTools\OpenXmlPowerTools\WmlComparer.cs:line 4481
   at OpenXmlPowerTools.WmlComparer.<>c__DisplayClass69_0.<CoalesceRecurse>b__5(IGrouping`2 gc) in J:\repos\knilecrack\Open-Xml-PowerTools\OpenXmlPowerTools\WmlComparer.cs:line 4521
   at System.Linq.Enumerable.ListSelectIterator`2.ToList()
   at OpenXmlPowerTools.WmlComparer.<>c__DisplayClass69_0.<CoalesceRecurse>b__2(IGrouping`2 g) in J:\repos\knilecrack\Open-Xml-PowerTools\OpenXmlPowerTools\WmlComparer.cs:line 4505
   at System.Linq.Enumerable.IEnumerableWhereSelectIterator`2.ToList()
   at OpenXmlPowerTools.WmlComparer.CoalesceRecurse(OpenXmlPart part, IEnumerable`1 list, Int32 level, WmlComparerSettings settings) in J:\repos\knilecrack\Open-Xml-PowerTools\OpenXmlPowerTools\WmlComparer.cs:line 4481
   at OpenXmlPowerTools.WmlComparer.ProduceNewWmlMarkupFromCorrelatedSequence(OpenXmlPart part, IEnumerable`1 comparisonUnitAtomList, WmlComparerSettings settings) in J:\repos\knilecrack\Open-Xml-PowerTools\OpenXmlPowerTools\WmlComparer.cs:line 4328
   at OpenXmlPowerTools.WmlComparer.ProduceDocumentWithTrackedRevisions(WmlComparerSettings settings, WmlDocument wmlResult, WordprocessingDocument wDoc1, WordprocessingDocument wDoc2) in J:\repos\knilecrack\Open-Xml-PowerTools\OpenXmlPowerTools\WmlComparer.cs:line 1686
   at OpenXmlPowerTools.WmlComparer.CompareInternal(WmlDocument source1, WmlDocument source2, WmlComparerSettings settings, Boolean preProcessMarkupInOriginal) in J:\repos\knilecrack\Open-Xml-PowerTools\OpenXmlPowerTools\WmlComparer.cs:line 213
   at OpenXmlPowerTools.WmlComparer.Compare(WmlDocument source1, WmlDocument source2, WmlComparerSettings settings) in J:\repos\knilecrack\Open-Xml-PowerTools\OpenXmlPowerTools\WmlComparer.cs:line 94
   at OxPt.WcTests.WC003_Compare(String testId, String name1, String name2, Int32 revisionCount) in J:\repos\knilecrack\Open-Xml-PowerTools\OpenXmlPowerTools.Tests\WmlComparerTests.cs:line 651
   at InvokeStub_WcTests.WC003_Compare(Object, Span`1)
   at System.Reflection.MethodBaseInvoker.InvokeWithFewArgs(Object obj, BindingFlags invokeAttr, Binder binder, Object[] parameters, CultureInfo culture)
  Passed OxPt.WcTests.WC003_Compare(testId: "WC-1200", name1: "WC/WC009-Table-Unmodified.docx", name2: "WC/WC009-Table-Cell-1-1-Mod.docx", revisionCount: 1) [174 ms]
  Passed OxPt.WcTests.WC003_Compare(testId: "WC-1990", name1: "WC/WC057-Table-Merged-Cell.docx", name2: "WC/WC057-Table-Merged-Cell-Mod.docx", revisionCount: 4) [125 ms]
  Failed OxPt.WcTests.WC003_Compare(testId: "WC-1610", name1: "WC/WC034-Footnotes-Before.docx", name2: "WC/WC034-Footnotes-After2.docx", revisionCount: 4) [49 ms]
  Error Message:
   OpenXmlPowerTools.OpenXmlPowerToolsException : Internal error
  Stack Trace:
     at OpenXmlPowerTools.WmlComparer.<>c.<SetAfterUnids>b__75_1(XElement a) in J:\repos\knilecrack\Open-Xml-PowerTools\OpenXmlPowerTools\WmlComparer.cs:line 5017
   at System.Linq.Enumerable.ListWhereSelectIterator`2.ToArray()
   at OpenXmlPowerTools.WmlComparer.SetAfterUnids(CorrelatedSequence unknown) in J:\repos\knilecrack\Open-Xml-PowerTools\OpenXmlPowerTools\WmlComparer.cs:line 5011
   at OpenXmlPowerTools.WmlComparer.Lcs(ComparisonUnit[] cu1, ComparisonUnit[] cu2, WmlComparerSettings settings) in J:\repos\knilecrack\Open-Xml-PowerTools\OpenXmlPowerTools\WmlComparer.cs:line 4932
   at OpenXmlPowerTools.WmlComparer.ProcessFootnoteEndnote(WmlComparerSettings settings, List`1 listOfComparisonUnitAtoms, MainDocumentPart mainDocumentPartBefore, MainDocumentPart mainDocumentPartAfter, XDocument mainDocumentXDoc) in J:\repos\knilecrack\Open-Xml-PowerTools\OpenXmlPowerTools\WmlComparer.cs:line 2421
   at OpenXmlPowerTools.WmlComparer.ProduceDocumentWithTrackedRevisions(WmlComparerSettings settings, WmlDocument wmlResult, WordprocessingDocument wDoc1, WordprocessingDocument wDoc2) in J:\repos\knilecrack\Open-Xml-PowerTools\OpenXmlPowerTools\WmlComparer.cs:line 1698
   at OpenXmlPowerTools.WmlComparer.CompareInternal(WmlDocument source1, WmlDocument source2, WmlComparerSettings settings, Boolean preProcessMarkupInOriginal) in J:\repos\knilecrack\Open-Xml-PowerTools\OpenXmlPowerTools\WmlComparer.cs:line 213
   at OpenXmlPowerTools.WmlComparer.Compare(WmlDocument source1, WmlDocument source2, WmlComparerSettings settings) in J:\repos\knilecrack\Open-Xml-PowerTools\OpenXmlPowerTools\WmlComparer.cs:line 94
   at OxPt.WcTests.WC003_Compare(String testId, String name1, String name2, Int32 revisionCount) in J:\repos\knilecrack\Open-Xml-PowerTools\OpenXmlPowerTools.Tests\WmlComparerTests.cs:line 651
   at InvokeStub_WcTests.WC003_Compare(Object, Span`1)
   at System.Reflection.MethodBaseInvoker.InvokeWithFewArgs(Object obj, BindingFlags invokeAttr, Binder binder, Object[] parameters, CultureInfo culture)
  Failed OxPt.WcTests.WC003_Compare(testId: "WC-1660", name1: "WC/WC036-Footnote-With-Table-Before.docx", name2: "WC/WC036-Footnote-With-Table-After.docx", revisionCount: 5) [116 ms]
  Error Message:
   OpenXmlPowerTools.OpenXmlPowerToolsException : Internal error
  Stack Trace:
     at OpenXmlPowerTools.WmlComparer.<>c.<SetAfterUnids>b__75_1(XElement a) in J:\repos\knilecrack\Open-Xml-PowerTools\OpenXmlPowerTools\WmlComparer.cs:line 5017
   at System.Linq.Enumerable.ListWhereSelectIterator`2.ToArray()
   at OpenXmlPowerTools.WmlComparer.SetAfterUnids(CorrelatedSequence unknown) in J:\repos\knilecrack\Open-Xml-PowerTools\OpenXmlPowerTools\WmlComparer.cs:line 5011
   at OpenXmlPowerTools.WmlComparer.Lcs(ComparisonUnit[] cu1, ComparisonUnit[] cu2, WmlComparerSettings settings) in J:\repos\knilecrack\Open-Xml-PowerTools\OpenXmlPowerTools\WmlComparer.cs:line 4932
   at OpenXmlPowerTools.WmlComparer.ProcessFootnoteEndnote(WmlComparerSettings settings, List`1 listOfComparisonUnitAtoms, MainDocumentPart mainDocumentPartBefore, MainDocumentPart mainDocumentPartAfter, XDocument mainDocumentXDoc) in J:\repos\knilecrack\Open-Xml-PowerTools\OpenXmlPowerTools\WmlComparer.cs:line 2421
   at OpenXmlPowerTools.WmlComparer.ProduceDocumentWithTrackedRevisions(WmlComparerSettings settings, WmlDocument wmlResult, WordprocessingDocument wDoc1, WordprocessingDocument wDoc2) in J:\repos\knilecrack\Open-Xml-PowerTools\OpenXmlPowerTools\WmlComparer.cs:line 1698
   at OpenXmlPowerTools.WmlComparer.CompareInternal(WmlDocument source1, WmlDocument source2, WmlComparerSettings settings, Boolean preProcessMarkupInOriginal) in J:\repos\knilecrack\Open-Xml-PowerTools\OpenXmlPowerTools\WmlComparer.cs:line 213
   at OpenXmlPowerTools.WmlComparer.Compare(WmlDocument source1, WmlDocument source2, WmlComparerSettings settings) in J:\repos\knilecrack\Open-Xml-PowerTools\OpenXmlPowerTools\WmlComparer.cs:line 94
   at OxPt.WcTests.WC003_Compare(String testId, String name1, String name2, Int32 revisionCount) in J:\repos\knilecrack\Open-Xml-PowerTools\OpenXmlPowerTools.Tests\WmlComparerTests.cs:line 651
   at InvokeStub_WcTests.WC003_Compare(Object, Span`1)
   at System.Reflection.MethodBaseInvoker.InvokeWithFewArgs(Object obj, BindingFlags invokeAttr, Binder binder, Object[] parameters, CultureInfo culture)
  Passed OxPt.WcTests.WC003_Compare(testId: "WC-2080", name1: "WC/WC065-Textbox.docx", name2: "WC/WC065-Textbox-Mod.docx", revisionCount: 2) [146 ms]
  Passed OxPt.WcTests.WC003_Compare(testId: "WC-1270", name1: "WC/WC014-SmartArt-Before.docx", name2: "WC/WC014-SmartArt-After.docx", revisionCount: 2) [158 ms]
  Passed OxPt.WcTests.WC003_Compare(testId: "WC-1460", name1: "WC/WC024-Table-Before.docx", name2: "WC/WC024-Table-After.docx", revisionCount: 1) [118 ms]
  Passed OxPt.WcTests.WC003_Compare(testId: "WC-1930", name1: "WC/WC051-Table-in-Text-Box.docx", name2: "WC/WC051-Table-in-Text-Box-Mod.docx", revisionCount: 9) [201 ms]
[xUnit.net 00:00:32.11]       OpenXmlPowerTools.OpenXmlPowerToolsException : Internal error
[xUnit.net 00:00:32.11]       Stack Trace:
[xUnit.net 00:00:32.11]         J:\repos\knilecrack\Open-Xml-PowerTools\OpenXmlPowerTools\WmlComparer.cs(5017,0): at OpenXmlPowerTools.WmlComparer.<>c.<SetAfterUnids>b__75_1(XElement a)
[xUnit.net 00:00:32.11]            at System.Linq.Enumerable.ListWhereSelectIterator`2.ToArray()
[xUnit.net 00:00:32.11]         J:\repos\knilecrack\Open-Xml-PowerTools\OpenXmlPowerTools\WmlComparer.cs(5011,0): at OpenXmlPowerTools.WmlComparer.SetAfterUnids(CorrelatedSequence unknown)
[xUnit.net 00:00:32.11]         J:\repos\knilecrack\Open-Xml-PowerTools\OpenXmlPowerTools\WmlComparer.cs(4932,0): at OpenXmlPowerTools.WmlComparer.Lcs(ComparisonUnit[] cu1, ComparisonUnit[] cu2, WmlComparerSettings settings)
[xUnit.net 00:00:32.11]         J:\repos\knilecrack\Open-Xml-PowerTools\OpenXmlPowerTools\WmlComparer.cs(2421,0): at OpenXmlPowerTools.WmlComparer.ProcessFootnoteEndnote(WmlComparerSettings settings, List`1 listOfComparisonUnitAtoms, MainDocumentPart mainDocumentPartBefore, MainDocumentPart mainDocumentPartAfter, XDocument mainDocumentXDoc)
[xUnit.net 00:00:32.11]         J:\repos\knilecrack\Open-Xml-PowerTools\OpenXmlPowerTools\WmlComparer.cs(1698,0): at OpenXmlPowerTools.WmlComparer.ProduceDocumentWithTrackedRevisions(WmlComparerSettings settings, WmlDocument wmlResult, WordprocessingDocument wDoc1, WordprocessingDocument wDoc2)
[xUnit.net 00:00:32.11]         J:\repos\knilecrack\Open-Xml-PowerTools\OpenXmlPowerTools\WmlComparer.cs(213,0): at OpenXmlPowerTools.WmlComparer.CompareInternal(WmlDocument source1, WmlDocument source2, WmlComparerSettings settings, Boolean preProcessMarkupInOriginal)
[xUnit.net 00:00:32.11]         J:\repos\knilecrack\Open-Xml-PowerTools\OpenXmlPowerTools\WmlComparer.cs(94,0): at OpenXmlPowerTools.WmlComparer.Compare(WmlDocument source1, WmlDocument source2, WmlComparerSettings settings)
[xUnit.net 00:00:32.11]         J:\repos\knilecrack\Open-Xml-PowerTools\OpenXmlPowerTools.Tests\WmlComparerTests.cs(651,0): at OxPt.WcTests.WC003_Compare(String testId, String name1, String name2, Int32 revisionCount)
[xUnit.net 00:00:32.11]            at InvokeStub_WcTests.WC003_Compare(Object, Span`1)
[xUnit.net 00:00:32.11]            at System.Reflection.MethodBaseInvoker.InvokeWithFewArgs(Object obj, BindingFlags invokeAttr, Binder binder, Object[] parameters, CultureInfo culture)
[xUnit.net 00:00:32.73]       System.InvalidOperationException : Unable to extract Package from DocumentFormat.OpenXml.Packaging.PackageUriHandlingExtensions+MalformedUriHandlingPackage. The SDK returned an unexpected package type. Expected Package or MalformedUriHandlingPackage with accessible inner Package.
[xUnit.net 00:00:32.73]       Stack Trace:
[xUnit.net 00:00:32.73]         J:\repos\knilecrack\Open-Xml-PowerTools\OpenXmlPowerTools\OxPtHelpers.cs(107,0): at OpenXmlPowerTools.OpenXmlPackageExtensions.GetPackage(OpenXmlPackage package)
[xUnit.net 00:00:32.73]         J:\repos\knilecrack\Open-Xml-PowerTools\OpenXmlPowerTools\WmlComparer.cs(4610,0): at OpenXmlPowerTools.WmlComparer.<>c__DisplayClass69_5.<CoalesceRecurse>b__17(ComparisonUnitAtom gce)
[xUnit.net 00:00:32.73]            at System.Linq.Enumerable.IEnumerableSelectIterator`2.MoveNext()
[xUnit.net 00:00:32.73]            at System.Xml.Linq.XContainer.AddContentSkipNotify(Object content)
[xUnit.net 00:00:32.73]            at System.Xml.Linq.XContainer.AddContentSkipNotify(Object content)
[xUnit.net 00:00:32.73]            at System.Xml.Linq.XContainer.AddContentSkipNotify(Object content)
[xUnit.net 00:00:32.73]            at System.Xml.Linq.XContainer.AddContentSkipNotify(Object content)
[xUnit.net 00:00:32.73]            at System.Xml.Linq.XContainer.AddContentSkipNotify(Object content)
[xUnit.net 00:00:32.73]            at System.Xml.Linq.XContainer.AddContentSkipNotify(Object content)
[xUnit.net 00:00:32.73]         J:\repos\knilecrack\Open-Xml-PowerTools\OpenXmlPowerTools\WmlComparer.cs(4558,0): at OpenXmlPowerTools.WmlComparer.<>c__DisplayClass69_0.<CoalesceRecurse>b__2(IGrouping`2 g)
[xUnit.net 00:00:32.73]            at System.Linq.Enumerable.IEnumerableWhereSelectIterator`2.ToList()
[xUnit.net 00:00:32.73]         J:\repos\knilecrack\Open-Xml-PowerTools\OpenXmlPowerTools\WmlComparer.cs(4481,0): at OpenXmlPowerTools.WmlComparer.CoalesceRecurse(OpenXmlPart part, IEnumerable`1 list, Int32 level, WmlComparerSettings settings)
[xUnit.net 00:00:32.73]         J:\repos\knilecrack\Open-Xml-PowerTools\OpenXmlPowerTools\WmlComparer.cs(4521,0): at OpenXmlPowerTools.WmlComparer.<>c__DisplayClass69_0.<CoalesceRecurse>b__5(IGrouping`2 gc)
[xUnit.net 00:00:32.73]            at System.Linq.Enumerable.ListSelectIterator`2.ToList()
[xUnit.net 00:00:32.73]         J:\repos\knilecrack\Open-Xml-PowerTools\OpenXmlPowerTools\WmlComparer.cs(4505,0): at OpenXmlPowerTools.WmlComparer.<>c__DisplayClass69_0.<CoalesceRecurse>b__2(IGrouping`2 g)
[xUnit.net 00:00:32.73]            at System.Linq.Enumerable.IEnumerableWhereSelectIterator`2.ToList()
[xUnit.net 00:00:32.73]         J:\repos\knilecrack\Open-Xml-PowerTools\OpenXmlPowerTools\WmlComparer.cs(4481,0): at OpenXmlPowerTools.WmlComparer.CoalesceRecurse(OpenXmlPart part, IEnumerable`1 list, Int32 level, WmlComparerSettings settings)
[xUnit.net 00:00:32.73]         J:\repos\knilecrack\Open-Xml-PowerTools\OpenXmlPowerTools\WmlComparer.cs(4328,0): at OpenXmlPowerTools.WmlComparer.ProduceNewWmlMarkupFromCorrelatedSequence(OpenXmlPart part, IEnumerable`1 comparisonUnitAtomList, WmlComparerSettings settings)
[xUnit.net 00:00:32.73]         J:\repos\knilecrack\Open-Xml-PowerTools\OpenXmlPowerTools\WmlComparer.cs(1686,0): at OpenXmlPowerTools.WmlComparer.ProduceDocumentWithTrackedRevisions(WmlComparerSettings settings, WmlDocument wmlResult, WordprocessingDocument wDoc1, WordprocessingDocument wDoc2)
[xUnit.net 00:00:32.73]         J:\repos\knilecrack\Open-Xml-PowerTools\OpenXmlPowerTools\WmlComparer.cs(213,0): at OpenXmlPowerTools.WmlComparer.CompareInternal(WmlDocument source1, WmlDocument source2, WmlComparerSettings settings, Boolean preProcessMarkupInOriginal)
[xUnit.net 00:00:32.73]         J:\repos\knilecrack\Open-Xml-PowerTools\OpenXmlPowerTools\WmlComparer.cs(94,0): at OpenXmlPowerTools.WmlComparer.Compare(WmlDocument source1, WmlDocument source2, WmlComparerSettings settings)
[xUnit.net 00:00:32.73]         J:\repos\knilecrack\Open-Xml-PowerTools\OpenXmlPowerTools.Tests\WmlComparerTests.cs(651,0): at OxPt.WcTests.WC003_Compare(String testId, String name1, String name2, Int32 revisionCount)
[xUnit.net 00:00:32.73]            at InvokeStub_WcTests.WC003_Compare(Object, Span`1)
[xUnit.net 00:00:32.73]            at System.Reflection.MethodBaseInvoker.InvokeWithFewArgs(Object obj, BindingFlags invokeAttr, Binder binder, Object[] parameters, CultureInfo culture)
[xUnit.net 00:00:32.77]       OpenXmlPowerTools.OpenXmlPowerToolsException : Internal error
[xUnit.net 00:00:32.77]       Stack Trace:
[xUnit.net 00:00:32.77]         J:\repos\knilecrack\Open-Xml-PowerTools\OpenXmlPowerTools\WmlComparer.cs(2986,0): at OpenXmlPowerTools.WmlComparer.<>c.<AssembleAncestorUnidsInOrderToRebuildXmlTreeProperly>b__44_4(XElement ae)
[xUnit.net 00:00:32.77]            at System.Linq.Enumerable.ArraySelectIterator`2.ToArray()
[xUnit.net 00:00:32.77]         J:\repos\knilecrack\Open-Xml-PowerTools\OpenXmlPowerTools\WmlComparer.cs(2980,0): at OpenXmlPowerTools.WmlComparer.AssembleAncestorUnidsInOrderToRebuildXmlTreeProperly(List`1 comparisonUnitAtomList)
[xUnit.net 00:00:32.77]         J:\repos\knilecrack\Open-Xml-PowerTools\OpenXmlPowerTools\WmlComparer.cs(2549,0): at OpenXmlPowerTools.WmlComparer.ProcessFootnoteEndnote(WmlComparerSettings settings, List`1 listOfComparisonUnitAtoms, MainDocumentPart mainDocumentPartBefore, MainDocumentPart mainDocumentPartAfter, XDocument mainDocumentXDoc)
[xUnit.net 00:00:32.77]         J:\repos\knilecrack\Open-Xml-PowerTools\OpenXmlPowerTools\WmlComparer.cs(1698,0): at OpenXmlPowerTools.WmlComparer.ProduceDocumentWithTrackedRevisions(WmlComparerSettings settings, WmlDocument wmlResult, WordprocessingDocument wDoc1, WordprocessingDocument wDoc2)
[xUnit.net 00:00:32.77]         J:\repos\knilecrack\Open-Xml-PowerTools\OpenXmlPowerTools\WmlComparer.cs(213,0): at OpenXmlPowerTools.WmlComparer.CompareInternal(WmlDocument source1, WmlDocument source2, WmlComparerSettings settings, Boolean preProcessMarkupInOriginal)
[xUnit.net 00:00:32.77]         J:\repos\knilecrack\Open-Xml-PowerTools\OpenXmlPowerTools\WmlComparer.cs(94,0): at OpenXmlPowerTools.WmlComparer.Compare(WmlDocument source1, WmlDocument source2, WmlComparerSettings settings)
[xUnit.net 00:00:32.77]         J:\repos\knilecrack\Open-Xml-PowerTools\OpenXmlPowerTools.Tests\WmlComparerTests.cs(651,0): at OxPt.WcTests.WC003_Compare(String testId, String name1, String name2, Int32 revisionCount)
[xUnit.net 00:00:32.77]            at InvokeStub_WcTests.WC003_Compare(Object, Span`1)
[xUnit.net 00:00:32.77]            at System.Reflection.MethodBaseInvoker.InvokeWithFewArgs(Object obj, BindingFlags invokeAttr, Binder binder, Object[] parameters, CultureInfo culture)
  Failed OxPt.WcTests.WC003_Compare(testId: "WC-1700", name1: "WC/WC034-Endnotes-Before.docx", name2: "WC/WC034-Endnotes-After2.docx", revisionCount: 4) [48 ms]
  Error Message:
   OpenXmlPowerTools.OpenXmlPowerToolsException : Internal error
  Stack Trace:
     at OpenXmlPowerTools.WmlComparer.<>c.<SetAfterUnids>b__75_1(XElement a) in J:\repos\knilecrack\Open-Xml-PowerTools\OpenXmlPowerTools\WmlComparer.cs:line 5017
   at System.Linq.Enumerable.ListWhereSelectIterator`2.ToArray()
   at OpenXmlPowerTools.WmlComparer.SetAfterUnids(CorrelatedSequence unknown) in J:\repos\knilecrack\Open-Xml-PowerTools\OpenXmlPowerTools\WmlComparer.cs:line 5011
   at OpenXmlPowerTools.WmlComparer.Lcs(ComparisonUnit[] cu1, ComparisonUnit[] cu2, WmlComparerSettings settings) in J:\repos\knilecrack\Open-Xml-PowerTools\OpenXmlPowerTools\WmlComparer.cs:line 4932
   at OpenXmlPowerTools.WmlComparer.ProcessFootnoteEndnote(WmlComparerSettings settings, List`1 listOfComparisonUnitAtoms, MainDocumentPart mainDocumentPartBefore, MainDocumentPart mainDocumentPartAfter, XDocument mainDocumentXDoc) in J:\repos\knilecrack\Open-Xml-PowerTools\OpenXmlPowerTools\WmlComparer.cs:line 2421
   at OpenXmlPowerTools.WmlComparer.ProduceDocumentWithTrackedRevisions(WmlComparerSettings settings, WmlDocument wmlResult, WordprocessingDocument wDoc1, WordprocessingDocument wDoc2) in J:\repos\knilecrack\Open-Xml-PowerTools\OpenXmlPowerTools\WmlComparer.cs:line 1698
   at OpenXmlPowerTools.WmlComparer.CompareInternal(WmlDocument source1, WmlDocument source2, WmlComparerSettings settings, Boolean preProcessMarkupInOriginal) in J:\repos\knilecrack\Open-Xml-PowerTools\OpenXmlPowerTools\WmlComparer.cs:line 213
   at OpenXmlPowerTools.WmlComparer.Compare(WmlDocument source1, WmlDocument source2, WmlComparerSettings settings) in J:\repos\knilecrack\Open-Xml-PowerTools\OpenXmlPowerTools\WmlComparer.cs:line 94
   at OxPt.WcTests.WC003_Compare(String testId, String name1, String name2, Int32 revisionCount) in J:\repos\knilecrack\Open-Xml-PowerTools\OpenXmlPowerTools.Tests\WmlComparerTests.cs:line 651
   at InvokeStub_WcTests.WC003_Compare(Object, Span`1)
   at System.Reflection.MethodBaseInvoker.InvokeWithFewArgs(Object obj, BindingFlags invokeAttr, Binder binder, Object[] parameters, CultureInfo culture)
  Passed OxPt.WcTests.WC003_Compare(testId: "WC-2030", name1: "WC/WC061-Style-Added.docx", name2: "WC/WC061-Style-Added-Mod.docx", revisionCount: 1) [129 ms]
  Passed OxPt.WcTests.WC003_Compare(testId: "WC-1370", name1: "WC/WC018-Field-Simple-Before.docx", name2: "WC/WC018-Field-Simple-After-2.docx", revisionCount: 3) [109 ms]
  Passed OxPt.WcTests.WC003_Compare(testId: "WC-1190", name1: "WC/WC007-Unmodified.docx", name2: "WC/WC007-Moved-into-Table.docx", revisionCount: 2) [162 ms]
  Passed OxPt.WcTests.WC003_Compare(testId: "WC-1120", name1: "WC/WC002-DeleteInMiddle.docx", name2: "WC/WC002-Unmodified.docx", revisionCount: 1) [93 ms]
  Passed OxPt.WcTests.WC003_Compare(testId: "WC-1770", name1: "WC/WC037-Textbox-Before.docx", name2: "WC/WC037-Textbox-After1.docx", revisionCount: 2) [95 ms]
  Failed OxPt.WcTests.WC003_Compare(testId: "WC-1240", name1: "WC/WC013-Image-Before.docx", name2: "WC/WC013-Image-After.docx", revisionCount: 2) [27 ms]
  Error Message:
   System.InvalidOperationException : Unable to extract Package from DocumentFormat.OpenXml.Packaging.PackageUriHandlingExtensions+MalformedUriHandlingPackage. The SDK returned an unexpected package type. Expected Package or MalformedUriHandlingPackage with accessible inner Package.
  Stack Trace:
     at OpenXmlPowerTools.OpenXmlPackageExtensions.GetPackage(OpenXmlPackage package) in J:\repos\knilecrack\Open-Xml-PowerTools\OpenXmlPowerTools\OxPtHelpers.cs:line 107
   at OpenXmlPowerTools.WmlComparer.<>c__DisplayClass69_5.<CoalesceRecurse>b__17(ComparisonUnitAtom gce) in J:\repos\knilecrack\Open-Xml-PowerTools\OpenXmlPowerTools\WmlComparer.cs:line 4610
   at System.Linq.Enumerable.IEnumerableSelectIterator`2.MoveNext()
   at System.Xml.Linq.XContainer.AddContentSkipNotify(Object content)
   at System.Xml.Linq.XContainer.AddContentSkipNotify(Object content)
   at System.Xml.Linq.XContainer.AddContentSkipNotify(Object content)
   at System.Xml.Linq.XContainer.AddContentSkipNotify(Object content)
   at System.Xml.Linq.XContainer.AddContentSkipNotify(Object content)
   at System.Xml.Linq.XContainer.AddContentSkipNotify(Object content)
   at OpenXmlPowerTools.WmlComparer.<>c__DisplayClass69_0.<CoalesceRecurse>b__2(IGrouping`2 g) in J:\repos\knilecrack\Open-Xml-PowerTools\OpenXmlPowerTools\WmlComparer.cs:line 4558
   at System.Linq.Enumerable.IEnumerableWhereSelectIterator`2.ToList()
   at OpenXmlPowerTools.WmlComparer.CoalesceRecurse(OpenXmlPart part, IEnumerable`1 list, Int32 level, WmlComparerSettings settings) in J:\repos\knilecrack\Open-Xml-PowerTools\OpenXmlPowerTools\WmlComparer.cs:line 4481
   at OpenXmlPowerTools.WmlComparer.<>c__DisplayClass69_0.<CoalesceRecurse>b__5(IGrouping`2 gc) in J:\repos\knilecrack\Open-Xml-PowerTools\OpenXmlPowerTools\WmlComparer.cs:line 4521
   at System.Linq.Enumerable.ListSelectIterator`2.ToList()
   at OpenXmlPowerTools.WmlComparer.<>c__DisplayClass69_0.<CoalesceRecurse>b__2(IGrouping`2 g) in J:\repos\knilecrack\Open-Xml-PowerTools\OpenXmlPowerTools\WmlComparer.cs:line 4505
   at System.Linq.Enumerable.IEnumerableWhereSelectIterator`2.ToList()
   at OpenXmlPowerTools.WmlComparer.CoalesceRecurse(OpenXmlPart part, IEnumerable`1 list, Int32 level, WmlComparerSettings settings) in J:\repos\knilecrack\Open-Xml-PowerTools\OpenXmlPowerTools\WmlComparer.cs:line 4481
   at OpenXmlPowerTools.WmlComparer.ProduceNewWmlMarkupFromCorrelatedSequence(OpenXmlPart part, IEnumerable`1 comparisonUnitAtomList, WmlComparerSettings settings) in J:\repos\knilecrack\Open-Xml-PowerTools\OpenXmlPowerTools\WmlComparer.cs:line 4328
   at OpenXmlPowerTools.WmlComparer.ProduceDocumentWithTrackedRevisions(WmlComparerSettings settings, WmlDocument wmlResult, WordprocessingDocument wDoc1, WordprocessingDocument wDoc2) in J:\repos\knilecrack\Open-Xml-PowerTools\OpenXmlPowerTools\WmlComparer.cs:line 1686
   at OpenXmlPowerTools.WmlComparer.CompareInternal(WmlDocument source1, WmlDocument source2, WmlComparerSettings settings, Boolean preProcessMarkupInOriginal) in J:\repos\knilecrack\Open-Xml-PowerTools\OpenXmlPowerTools\WmlComparer.cs:line 213
   at OpenXmlPowerTools.WmlComparer.Compare(WmlDocument source1, WmlDocument source2, WmlComparerSettings settings) in J:\repos\knilecrack\Open-Xml-PowerTools\OpenXmlPowerTools\WmlComparer.cs:line 94
   at OxPt.WcTests.WC003_Compare(String testId, String name1, String name2, Int32 revisionCount) in J:\repos\knilecrack\Open-Xml-PowerTools\OpenXmlPowerTools.Tests\WmlComparerTests.cs:line 651
   at InvokeStub_WcTests.WC003_Compare(Object, Span`1)
   at System.Reflection.MethodBaseInvoker.InvokeWithFewArgs(Object obj, BindingFlags invokeAttr, Binder binder, Object[] parameters, CultureInfo culture)
  Failed OxPt.WcTests.WC003_Compare(testId: "WC-1710", name1: "WC/WC034-Endnotes-Before.docx", name2: "WC/WC034-Endnotes-After3.docx", revisionCount: 7) [40 ms]
  Error Message:
   OpenXmlPowerTools.OpenXmlPowerToolsException : Internal error
  Stack Trace:
     at OpenXmlPowerTools.WmlComparer.<>c.<AssembleAncestorUnidsInOrderToRebuildXmlTreeProperly>b__44_4(XElement ae) in J:\repos\knilecrack\Open-Xml-PowerTools\OpenXmlPowerTools\WmlComparer.cs:line 2986
   at System.Linq.Enumerable.ArraySelectIterator`2.ToArray()
   at OpenXmlPowerTools.WmlComparer.AssembleAncestorUnidsInOrderToRebuildXmlTreeProperly(List`1 comparisonUnitAtomList) in J:\repos\knilecrack\Open-Xml-PowerTools\OpenXmlPowerTools\WmlComparer.cs:line 2980
   at OpenXmlPowerTools.WmlComparer.ProcessFootnoteEndnote(WmlComparerSettings settings, List`1 listOfComparisonUnitAtoms, MainDocumentPart mainDocumentPartBefore, MainDocumentPart mainDocumentPartAfter, XDocument mainDocumentXDoc) in J:\repos\knilecrack\Open-Xml-PowerTools\OpenXmlPowerTools\WmlComparer.cs:line 2549
   at OpenXmlPowerTools.WmlComparer.ProduceDocumentWithTrackedRevisions(WmlComparerSettings settings, WmlDocument wmlResult, WordprocessingDocument wDoc1, WordprocessingDocument wDoc2) in J:\repos\knilecrack\Open-Xml-PowerTools\OpenXmlPowerTools\WmlComparer.cs:line 1698
   at OpenXmlPowerTools.WmlComparer.CompareInternal(WmlDocument source1, WmlDocument source2, WmlComparerSettings settings, Boolean preProcessMarkupInOriginal) in J:\repos\knilecrack\Open-Xml-PowerTools\OpenXmlPowerTools\WmlComparer.cs:line 213
   at OpenXmlPowerTools.WmlComparer.Compare(WmlDocument source1, WmlDocument source2, WmlComparerSettings settings) in J:\repos\knilecrack\Open-Xml-PowerTools\OpenXmlPowerTools\WmlComparer.cs:line 94
   at OxPt.WcTests.WC003_Compare(String testId, String name1, String name2, Int32 revisionCount) in J:\repos\knilecrack\Open-Xml-PowerTools\OpenXmlPowerTools.Tests\WmlComparerTests.cs:line 651
   at InvokeStub_WcTests.WC003_Compare(Object, Span`1)
   at System.Reflection.MethodBaseInvoker.InvokeWithFewArgs(Object obj, BindingFlags invokeAttr, Binder binder, Object[] parameters, CultureInfo culture)
  Passed OxPt.WcTests.WC003_Compare(testId: "WC-2092", name1: "WC/WC066-Textbox-Before-Ins-Mod.docx", name2: "WC/WC066-Textbox-Before-Ins.docx", revisionCount: 1) [108 ms]
[xUnit.net 00:00:32.91]       OpenXmlPowerTools.OpenXmlPowerToolsException : Internal error
[xUnit.net 00:00:32.91]       Stack Trace:
[xUnit.net 00:00:32.91]         J:\repos\knilecrack\Open-Xml-PowerTools\OpenXmlPowerTools\WmlComparer.cs(2986,0): at OpenXmlPowerTools.WmlComparer.<>c.<AssembleAncestorUnidsInOrderToRebuildXmlTreeProperly>b__44_4(XElement ae)
[xUnit.net 00:00:32.91]            at System.Linq.Enumerable.ArraySelectIterator`2.ToArray()
[xUnit.net 00:00:32.91]         J:\repos\knilecrack\Open-Xml-PowerTools\OpenXmlPowerTools\WmlComparer.cs(2980,0): at OpenXmlPowerTools.WmlComparer.AssembleAncestorUnidsInOrderToRebuildXmlTreeProperly(List`1 comparisonUnitAtomList)
[xUnit.net 00:00:32.91]         J:\repos\knilecrack\Open-Xml-PowerTools\OpenXmlPowerTools\WmlComparer.cs(2647,0): at OpenXmlPowerTools.WmlComparer.ProcessFootnoteEndnote(WmlComparerSettings settings, List`1 listOfComparisonUnitAtoms, MainDocumentPart mainDocumentPartBefore, MainDocumentPart mainDocumentPartAfter, XDocument mainDocumentXDoc)
[xUnit.net 00:00:32.91]         J:\repos\knilecrack\Open-Xml-PowerTools\OpenXmlPowerTools\WmlComparer.cs(1698,0): at OpenXmlPowerTools.WmlComparer.ProduceDocumentWithTrackedRevisions(WmlComparerSettings settings, WmlDocument wmlResult, WordprocessingDocument wDoc1, WordprocessingDocument wDoc2)
[xUnit.net 00:00:32.91]         J:\repos\knilecrack\Open-Xml-PowerTools\OpenXmlPowerTools\WmlComparer.cs(213,0): at OpenXmlPowerTools.WmlComparer.CompareInternal(WmlDocument source1, WmlDocument source2, WmlComparerSettings settings, Boolean preProcessMarkupInOriginal)
[xUnit.net 00:00:32.91]         J:\repos\knilecrack\Open-Xml-PowerTools\OpenXmlPowerTools\WmlComparer.cs(94,0): at OpenXmlPowerTools.WmlComparer.Compare(WmlDocument source1, WmlDocument source2, WmlComparerSettings settings)
[xUnit.net 00:00:32.91]         J:\repos\knilecrack\Open-Xml-PowerTools\OpenXmlPowerTools.Tests\WmlComparerTests.cs(651,0): at OxPt.WcTests.WC003_Compare(String testId, String name1, String name2, Int32 revisionCount)
[xUnit.net 00:00:32.91]            at InvokeStub_WcTests.WC003_Compare(Object, Span`1)
[xUnit.net 00:00:32.91]            at System.Reflection.MethodBaseInvoker.InvokeWithFewArgs(Object obj, BindingFlags invokeAttr, Binder binder, Object[] parameters, CultureInfo culture)
[xUnit.net 00:00:33.06]       OpenXmlPowerTools.OpenXmlPowerToolsException : Internal error
[xUnit.net 00:00:33.06]       Stack Trace:
[xUnit.net 00:00:33.06]         J:\repos\knilecrack\Open-Xml-PowerTools\OpenXmlPowerTools\WmlComparer.cs(2986,0): at OpenXmlPowerTools.WmlComparer.<>c.<AssembleAncestorUnidsInOrderToRebuildXmlTreeProperly>b__44_4(XElement ae)
[xUnit.net 00:00:33.06]            at System.Linq.Enumerable.ArraySelectIterator`2.ToArray()
[xUnit.net 00:00:33.06]         J:\repos\knilecrack\Open-Xml-PowerTools\OpenXmlPowerTools\WmlComparer.cs(2980,0): at OpenXmlPowerTools.WmlComparer.AssembleAncestorUnidsInOrderToRebuildXmlTreeProperly(List`1 comparisonUnitAtomList)
[xUnit.net 00:00:33.06]         J:\repos\knilecrack\Open-Xml-PowerTools\OpenXmlPowerTools\WmlComparer.cs(2647,0): at OpenXmlPowerTools.WmlComparer.ProcessFootnoteEndnote(WmlComparerSettings settings, List`1 listOfComparisonUnitAtoms, MainDocumentPart mainDocumentPartBefore, MainDocumentPart mainDocumentPartAfter, XDocument mainDocumentXDoc)
[xUnit.net 00:00:33.06]         J:\repos\knilecrack\Open-Xml-PowerTools\OpenXmlPowerTools\WmlComparer.cs(1698,0): at OpenXmlPowerTools.WmlComparer.ProduceDocumentWithTrackedRevisions(WmlComparerSettings settings, WmlDocument wmlResult, WordprocessingDocument wDoc1, WordprocessingDocument wDoc2)
[xUnit.net 00:00:33.06]         J:\repos\knilecrack\Open-Xml-PowerTools\OpenXmlPowerTools\WmlComparer.cs(213,0): at OpenXmlPowerTools.WmlComparer.CompareInternal(WmlDocument source1, WmlDocument source2, WmlComparerSettings settings, Boolean preProcessMarkupInOriginal)
[xUnit.net 00:00:33.06]         J:\repos\knilecrack\Open-Xml-PowerTools\OpenXmlPowerTools\WmlComparer.cs(94,0): at OpenXmlPowerTools.WmlComparer.Compare(WmlDocument source1, WmlDocument source2, WmlComparerSettings settings)
[xUnit.net 00:00:33.06]         J:\repos\knilecrack\Open-Xml-PowerTools\OpenXmlPowerTools.Tests\WmlComparerTests.cs(651,0): at OxPt.WcTests.WC003_Compare(String testId, String name1, String name2, Int32 revisionCount)
[xUnit.net 00:00:33.06]            at InvokeStub_WcTests.WC003_Compare(Object, Span`1)
[xUnit.net 00:00:33.06]            at System.Reflection.MethodBaseInvoker.InvokeWithFewArgs(Object obj, BindingFlags invokeAttr, Binder binder, Object[] parameters, CultureInfo culture)
[xUnit.net 00:00:33.29]       OpenXmlPowerTools.OpenXmlPowerToolsException : Internal error
[xUnit.net 00:00:33.30]       Stack Trace:
[xUnit.net 00:00:33.30]         J:\repos\knilecrack\Open-Xml-PowerTools\OpenXmlPowerTools\WmlComparer.cs(2986,0): at OpenXmlPowerTools.WmlComparer.<>c.<AssembleAncestorUnidsInOrderToRebuildXmlTreeProperly>b__44_4(XElement ae)
[xUnit.net 00:00:33.30]            at System.Linq.Enumerable.ArraySelectIterator`2.ToArray()
[xUnit.net 00:00:33.30]         J:\repos\knilecrack\Open-Xml-PowerTools\OpenXmlPowerTools\WmlComparer.cs(2980,0): at OpenXmlPowerTools.WmlComparer.AssembleAncestorUnidsInOrderToRebuildXmlTreeProperly(List`1 comparisonUnitAtomList)
[xUnit.net 00:00:33.30]         J:\repos\knilecrack\Open-Xml-PowerTools\OpenXmlPowerTools\WmlComparer.cs(2549,0): at OpenXmlPowerTools.WmlComparer.ProcessFootnoteEndnote(WmlComparerSettings settings, List`1 listOfComparisonUnitAtoms, MainDocumentPart mainDocumentPartBefore, MainDocumentPart mainDocumentPartAfter, XDocument mainDocumentXDoc)
[xUnit.net 00:00:33.30]         J:\repos\knilecrack\Open-Xml-PowerTools\OpenXmlPowerTools\WmlComparer.cs(1698,0): at OpenXmlPowerTools.WmlComparer.ProduceDocumentWithTrackedRevisions(WmlComparerSettings settings, WmlDocument wmlResult, WordprocessingDocument wDoc1, WordprocessingDocument wDoc2)
[xUnit.net 00:00:33.30]         J:\repos\knilecrack\Open-Xml-PowerTools\OpenXmlPowerTools\WmlComparer.cs(213,0): at OpenXmlPowerTools.WmlComparer.CompareInternal(WmlDocument source1, WmlDocument source2, WmlComparerSettings settings, Boolean preProcessMarkupInOriginal)
[xUnit.net 00:00:33.30]         J:\repos\knilecrack\Open-Xml-PowerTools\OpenXmlPowerTools\WmlComparer.cs(94,0): at OpenXmlPowerTools.WmlComparer.Compare(WmlDocument source1, WmlDocument source2, WmlComparerSettings settings)
[xUnit.net 00:00:33.30]         J:\repos\knilecrack\Open-Xml-PowerTools\OpenXmlPowerTools.Tests\WmlComparerTests.cs(651,0): at OxPt.WcTests.WC003_Compare(String testId, String name1, String name2, Int32 revisionCount)
[xUnit.net 00:00:33.30]            at InvokeStub_WcTests.WC003_Compare(Object, Span`1)
[xUnit.net 00:00:33.30]            at System.Reflection.MethodBaseInvoker.InvokeWithFewArgs(Object obj, BindingFlags invokeAttr, Binder binder, Object[] parameters, CultureInfo culture)
  Failed OxPt.WcTests.WC003_Compare(testId: "WC-1410", name1: "WC/WC020-FootNote-Before.docx", name2: "WC/WC020-FootNote-After-2.docx", revisionCount: 5) [34 ms]
  Error Message:
   OpenXmlPowerTools.OpenXmlPowerToolsException : Internal error
  Stack Trace:
     at OpenXmlPowerTools.WmlComparer.<>c.<AssembleAncestorUnidsInOrderToRebuildXmlTreeProperly>b__44_4(XElement ae) in J:\repos\knilecrack\Open-Xml-PowerTools\OpenXmlPowerTools\WmlComparer.cs:line 2986
   at System.Linq.Enumerable.ArraySelectIterator`2.ToArray()
   at OpenXmlPowerTools.WmlComparer.AssembleAncestorUnidsInOrderToRebuildXmlTreeProperly(List`1 comparisonUnitAtomList) in J:\repos\knilecrack\Open-Xml-PowerTools\OpenXmlPowerTools\WmlComparer.cs:line 2980
   at OpenXmlPowerTools.WmlComparer.ProcessFootnoteEndnote(WmlComparerSettings settings, List`1 listOfComparisonUnitAtoms, MainDocumentPart mainDocumentPartBefore, MainDocumentPart mainDocumentPartAfter, XDocument mainDocumentXDoc) in J:\repos\knilecrack\Open-Xml-PowerTools\OpenXmlPowerTools\WmlComparer.cs:line 2647
   at OpenXmlPowerTools.WmlComparer.ProduceDocumentWithTrackedRevisions(WmlComparerSettings settings, WmlDocument wmlResult, WordprocessingDocument wDoc1, WordprocessingDocument wDoc2) in J:\repos\knilecrack\Open-Xml-PowerTools\OpenXmlPowerTools\WmlComparer.cs:line 1698
   at OpenXmlPowerTools.WmlComparer.CompareInternal(WmlDocument source1, WmlDocument source2, WmlComparerSettings settings, Boolean preProcessMarkupInOriginal) in J:\repos\knilecrack\Open-Xml-PowerTools\OpenXmlPowerTools\WmlComparer.cs:line 213
   at OpenXmlPowerTools.WmlComparer.Compare(WmlDocument source1, WmlDocument source2, WmlComparerSettings settings) in J:\repos\knilecrack\Open-Xml-PowerTools\OpenXmlPowerTools\WmlComparer.cs:line 94
   at OxPt.WcTests.WC003_Compare(String testId, String name1, String name2, Int32 revisionCount) in J:\repos\knilecrack\Open-Xml-PowerTools\OpenXmlPowerTools.Tests\WmlComparerTests.cs:line 651
   at InvokeStub_WcTests.WC003_Compare(Object, Span`1)
   at System.Reflection.MethodBaseInvoker.InvokeWithFewArgs(Object obj, BindingFlags invokeAttr, Binder binder, Object[] parameters, CultureInfo culture)
  Passed OxPt.WcTests.WC003_Compare(testId: "WC-1480", name1: "WC/WC025-Simple-Table-Before.docx", name2: "WC/WC025-Simple-Table-After.docx", revisionCount: 4) [106 ms]
  Failed OxPt.WcTests.WC003_Compare(testId: "WC-1630", name1: "WC/WC034-Footnotes-After3.docx", name2: "WC/WC034-Footnotes-Before.docx", revisionCount: 3) [37 ms]
  Error Message:
   OpenXmlPowerTools.OpenXmlPowerToolsException : Internal error
  Stack Trace:
     at OpenXmlPowerTools.WmlComparer.<>c.<AssembleAncestorUnidsInOrderToRebuildXmlTreeProperly>b__44_4(XElement ae) in J:\repos\knilecrack\Open-Xml-PowerTools\OpenXmlPowerTools\WmlComparer.cs:line 2986
   at System.Linq.Enumerable.ArraySelectIterator`2.ToArray()
   at OpenXmlPowerTools.WmlComparer.AssembleAncestorUnidsInOrderToRebuildXmlTreeProperly(List`1 comparisonUnitAtomList) in J:\repos\knilecrack\Open-Xml-PowerTools\OpenXmlPowerTools\WmlComparer.cs:line 2980
   at OpenXmlPowerTools.WmlComparer.ProcessFootnoteEndnote(WmlComparerSettings settings, List`1 listOfComparisonUnitAtoms, MainDocumentPart mainDocumentPartBefore, MainDocumentPart mainDocumentPartAfter, XDocument mainDocumentXDoc) in J:\repos\knilecrack\Open-Xml-PowerTools\OpenXmlPowerTools\WmlComparer.cs:line 2647
   at OpenXmlPowerTools.WmlComparer.ProduceDocumentWithTrackedRevisions(WmlComparerSettings settings, WmlDocument wmlResult, WordprocessingDocument wDoc1, WordprocessingDocument wDoc2) in J:\repos\knilecrack\Open-Xml-PowerTools\OpenXmlPowerTools\WmlComparer.cs:line 1698
   at OpenXmlPowerTools.WmlComparer.CompareInternal(WmlDocument source1, WmlDocument source2, WmlComparerSettings settings, Boolean preProcessMarkupInOriginal) in J:\repos\knilecrack\Open-Xml-PowerTools\OpenXmlPowerTools\WmlComparer.cs:line 213
   at OpenXmlPowerTools.WmlComparer.Compare(WmlDocument source1, WmlDocument source2, WmlComparerSettings settings) in J:\repos\knilecrack\Open-Xml-PowerTools\OpenXmlPowerTools\WmlComparer.cs:line 94
   at OxPt.WcTests.WC003_Compare(String testId, String name1, String name2, Int32 revisionCount) in J:\repos\knilecrack\Open-Xml-PowerTools\OpenXmlPowerTools.Tests\WmlComparerTests.cs:line 651
   at InvokeStub_WcTests.WC003_Compare(Object, Span`1)
   at System.Reflection.MethodBaseInvoker.InvokeWithFewArgs(Object obj, BindingFlags invokeAttr, Binder binder, Object[] parameters, CultureInfo culture)
  Passed OxPt.WcTests.WC003_Compare(testId: "WC-1070", name1: "WC/WC002-Unmodified.docx", name2: "WC/WC002-InsertAtBeginning.docx", revisionCount: 1) [81 ms]
  Passed OxPt.WcTests.WC003_Compare(testId: "WC-1110", name1: "WC/WC002-Unmodified.docx", name2: "WC/WC002-InsertInMiddle.docx", revisionCount: 1) [98 ms]
  Failed OxPt.WcTests.WC003_Compare(testId: "WC-1730", name1: "WC/WC035-Endnote-Before.docx", name2: "WC/WC035-Endnote-After.docx", revisionCount: 2) [58 ms]
  Error Message:
   OpenXmlPowerTools.OpenXmlPowerToolsException : Internal error
  Stack Trace:
     at OpenXmlPowerTools.WmlComparer.<>c.<AssembleAncestorUnidsInOrderToRebuildXmlTreeProperly>b__44_4(XElement ae) in J:\repos\knilecrack\Open-Xml-PowerTools\OpenXmlPowerTools\WmlComparer.cs:line 2986
   at System.Linq.Enumerable.ArraySelectIterator`2.ToArray()
   at OpenXmlPowerTools.WmlComparer.AssembleAncestorUnidsInOrderToRebuildXmlTreeProperly(List`1 comparisonUnitAtomList) in J:\repos\knilecrack\Open-Xml-PowerTools\OpenXmlPowerTools\WmlComparer.cs:line 2980
   at OpenXmlPowerTools.WmlComparer.ProcessFootnoteEndnote(WmlComparerSettings settings, List`1 listOfComparisonUnitAtoms, MainDocumentPart mainDocumentPartBefore, MainDocumentPart mainDocumentPartAfter, XDocument mainDocumentXDoc) in J:\repos\knilecrack\Open-Xml-PowerTools\OpenXmlPowerTools\WmlComparer.cs:line 2549
   at OpenXmlPowerTools.WmlComparer.ProduceDocumentWithTrackedRevisions(WmlComparerSettings settings, WmlDocument wmlResult, WordprocessingDocument wDoc1, WordprocessingDocument wDoc2) in J:\repos\knilecrack\Open-Xml-PowerTools\OpenXmlPowerTools\WmlComparer.cs:line 1698
   at OpenXmlPowerTools.WmlComparer.CompareInternal(WmlDocument source1, WmlDocument source2, WmlComparerSettings settings, Boolean preProcessMarkupInOriginal) in J:\repos\knilecrack\Open-Xml-PowerTools\OpenXmlPowerTools\WmlComparer.cs:line 213
   at OpenXmlPowerTools.WmlComparer.Compare(WmlDocument source1, WmlDocument source2, WmlComparerSettings settings) in J:\repos\knilecrack\Open-Xml-PowerTools\OpenXmlPowerTools\WmlComparer.cs:line 94
   at OxPt.WcTests.WC003_Compare(String testId, String name1, String name2, Int32 revisionCount) in J:\repos\knilecrack\Open-Xml-PowerTools\OpenXmlPowerTools.Tests\WmlComparerTests.cs:line 651
   at InvokeStub_WcTests.WC003_Compare(Object, Span`1)
   at System.Reflection.MethodBaseInvoker.InvokeWithFewArgs(Object obj, BindingFlags invokeAttr, Binder binder, Object[] parameters, CultureInfo culture)
  Passed OxPt.WcTests.WC003_Compare(testId: "WC-1950", name1: "WC/WC053-Text-in-Cell.docx", name2: "WC/WC053-Text-in-Cell-Mod.docx", revisionCount: 2) [128 ms]
  Passed OxPt.WcTests.WC003_Compare(testId: "WC-1580", name1: "WC/WC033-Merged-Cells-Before.docx", name2: "WC/WC033-Merged-Cells-After2.docx", revisionCount: 4) [133 ms]
  Passed OxPt.WcTests.WC003_Compare(testId: "WC-1140", name1: "WC/WC006-Table.docx", name2: "WC/WC006-Table-Delete-Row.docx", revisionCount: 1) [105 ms]
[xUnit.net 00:00:33.81]       System.InvalidOperationException : Unable to extract Package from DocumentFormat.OpenXml.Packaging.PackageUriHandlingExtensions+MalformedUriHandlingPackage. The SDK returned an unexpected package type. Expected Package or MalformedUriHandlingPackage with accessible inner Package.
[xUnit.net 00:00:33.81]       Stack Trace:
[xUnit.net 00:00:33.81]         J:\repos\knilecrack\Open-Xml-PowerTools\OpenXmlPowerTools\OxPtHelpers.cs(107,0): at OpenXmlPowerTools.OpenXmlPackageExtensions.GetPackage(OpenXmlPackage package)
[xUnit.net 00:00:33.81]         J:\repos\knilecrack\Open-Xml-PowerTools\OpenXmlPowerTools\WmlComparer.cs(4610,0): at OpenXmlPowerTools.WmlComparer.<>c__DisplayClass69_5.<CoalesceRecurse>b__17(ComparisonUnitAtom gce)
[xUnit.net 00:00:33.81]            at System.Linq.Enumerable.IEnumerableSelectIterator`2.MoveNext()
[xUnit.net 00:00:33.81]            at System.Xml.Linq.XContainer.AddContentSkipNotify(Object content)
[xUnit.net 00:00:33.81]            at System.Xml.Linq.XContainer.AddContentSkipNotify(Object content)
[xUnit.net 00:00:33.81]            at System.Xml.Linq.XContainer.AddContentSkipNotify(Object content)
[xUnit.net 00:00:33.81]            at System.Xml.Linq.XContainer.AddContentSkipNotify(Object content)
[xUnit.net 00:00:33.81]            at System.Xml.Linq.XContainer.AddContentSkipNotify(Object content)
[xUnit.net 00:00:33.81]            at System.Xml.Linq.XContainer.AddContentSkipNotify(Object content)
[xUnit.net 00:00:33.81]         J:\repos\knilecrack\Open-Xml-PowerTools\OpenXmlPowerTools\WmlComparer.cs(4558,0): at OpenXmlPowerTools.WmlComparer.<>c__DisplayClass69_0.<CoalesceRecurse>b__2(IGrouping`2 g)
[xUnit.net 00:00:33.81]            at System.Linq.Enumerable.IEnumerableWhereSelectIterator`2.ToList()
[xUnit.net 00:00:33.81]         J:\repos\knilecrack\Open-Xml-PowerTools\OpenXmlPowerTools\WmlComparer.cs(4481,0): at OpenXmlPowerTools.WmlComparer.CoalesceRecurse(OpenXmlPart part, IEnumerable`1 list, Int32 level, WmlComparerSettings settings)
[xUnit.net 00:00:33.81]         J:\repos\knilecrack\Open-Xml-PowerTools\OpenXmlPowerTools\WmlComparer.cs(4521,0): at OpenXmlPowerTools.WmlComparer.<>c__DisplayClass69_0.<CoalesceRecurse>b__5(IGrouping`2 gc)
[xUnit.net 00:00:33.81]            at System.Linq.Enumerable.ListSelectIterator`2.ToList()
[xUnit.net 00:00:33.81]         J:\repos\knilecrack\Open-Xml-PowerTools\OpenXmlPowerTools\WmlComparer.cs(4505,0): at OpenXmlPowerTools.WmlComparer.<>c__DisplayClass69_0.<CoalesceRecurse>b__2(IGrouping`2 g)
[xUnit.net 00:00:33.81]            at System.Linq.Enumerable.IEnumerableWhereSelectIterator`2.ToList()
[xUnit.net 00:00:33.81]         J:\repos\knilecrack\Open-Xml-PowerTools\OpenXmlPowerTools\WmlComparer.cs(4481,0): at OpenXmlPowerTools.WmlComparer.CoalesceRecurse(OpenXmlPart part, IEnumerable`1 list, Int32 level, WmlComparerSettings settings)
[xUnit.net 00:00:33.81]         J:\repos\knilecrack\Open-Xml-PowerTools\OpenXmlPowerTools\WmlComparer.cs(4328,0): at OpenXmlPowerTools.WmlComparer.ProduceNewWmlMarkupFromCorrelatedSequence(OpenXmlPart part, IEnumerable`1 comparisonUnitAtomList, WmlComparerSettings settings)
[xUnit.net 00:00:33.81]         J:\repos\knilecrack\Open-Xml-PowerTools\OpenXmlPowerTools\WmlComparer.cs(1686,0): at OpenXmlPowerTools.WmlComparer.ProduceDocumentWithTrackedRevisions(WmlComparerSettings settings, WmlDocument wmlResult, WordprocessingDocument wDoc1, WordprocessingDocument wDoc2)
[xUnit.net 00:00:33.81]         J:\repos\knilecrack\Open-Xml-PowerTools\OpenXmlPowerTools\WmlComparer.cs(213,0): at OpenXmlPowerTools.WmlComparer.CompareInternal(WmlDocument source1, WmlDocument source2, WmlComparerSettings settings, Boolean preProcessMarkupInOriginal)
[xUnit.net 00:00:33.81]         J:\repos\knilecrack\Open-Xml-PowerTools\OpenXmlPowerTools\WmlComparer.cs(94,0): at OpenXmlPowerTools.WmlComparer.Compare(WmlDocument source1, WmlDocument source2, WmlComparerSettings settings)
[xUnit.net 00:00:33.81]         J:\repos\knilecrack\Open-Xml-PowerTools\OpenXmlPowerTools.Tests\WmlComparerTests.cs(651,0): at OxPt.WcTests.WC003_Compare(String testId, String name1, String name2, Int32 revisionCount)
[xUnit.net 00:00:33.81]            at InvokeStub_WcTests.WC003_Compare(Object, Span`1)
[xUnit.net 00:00:33.81]            at System.Reflection.MethodBaseInvoker.InvokeWithFewArgs(Object obj, BindingFlags invokeAttr, Binder binder, Object[] parameters, CultureInfo culture)
[xUnit.net 00:00:33.85]       System.InvalidOperationException : Unable to extract Package from DocumentFormat.OpenXml.Packaging.PackageUriHandlingExtensions+MalformedUriHandlingPackage. The SDK returned an unexpected package type. Expected Package or MalformedUriHandlingPackage with accessible inner Package.
[xUnit.net 00:00:33.85]       Stack Trace:
[xUnit.net 00:00:33.85]         J:\repos\knilecrack\Open-Xml-PowerTools\OpenXmlPowerTools\OxPtHelpers.cs(107,0): at OpenXmlPowerTools.OpenXmlPackageExtensions.GetPackage(OpenXmlPackage package)
[xUnit.net 00:00:33.85]         J:\repos\knilecrack\Open-Xml-PowerTools\OpenXmlPowerTools\WmlComparer.cs(4610,0): at OpenXmlPowerTools.WmlComparer.<>c__DisplayClass69_5.<CoalesceRecurse>b__17(ComparisonUnitAtom gce)
[xUnit.net 00:00:33.85]            at System.Linq.Enumerable.IEnumerableSelectIterator`2.MoveNext()
[xUnit.net 00:00:33.85]            at System.Xml.Linq.XContainer.AddContentSkipNotify(Object content)
[xUnit.net 00:00:33.85]            at System.Xml.Linq.XContainer.AddContentSkipNotify(Object content)
[xUnit.net 00:00:33.85]            at System.Xml.Linq.XContainer.AddContentSkipNotify(Object content)
[xUnit.net 00:00:33.85]            at System.Xml.Linq.XContainer.AddContentSkipNotify(Object content)
[xUnit.net 00:00:33.85]            at System.Xml.Linq.XContainer.AddContentSkipNotify(Object content)
[xUnit.net 00:00:33.85]            at System.Xml.Linq.XContainer.AddContentSkipNotify(Object content)
[xUnit.net 00:00:33.85]         J:\repos\knilecrack\Open-Xml-PowerTools\OpenXmlPowerTools\WmlComparer.cs(4558,0): at OpenXmlPowerTools.WmlComparer.<>c__DisplayClass69_0.<CoalesceRecurse>b__2(IGrouping`2 g)
[xUnit.net 00:00:33.85]            at System.Linq.Enumerable.IEnumerableWhereSelectIterator`2.ToList()
[xUnit.net 00:00:33.85]         J:\repos\knilecrack\Open-Xml-PowerTools\OpenXmlPowerTools\WmlComparer.cs(4481,0): at OpenXmlPowerTools.WmlComparer.CoalesceRecurse(OpenXmlPart part, IEnumerable`1 list, Int32 level, WmlComparerSettings settings)
[xUnit.net 00:00:33.85]         J:\repos\knilecrack\Open-Xml-PowerTools\OpenXmlPowerTools\WmlComparer.cs(4521,0): at OpenXmlPowerTools.WmlComparer.<>c__DisplayClass69_0.<CoalesceRecurse>b__5(IGrouping`2 gc)
[xUnit.net 00:00:33.85]            at System.Linq.Enumerable.ListSelectIterator`2.ToList()
[xUnit.net 00:00:33.85]         J:\repos\knilecrack\Open-Xml-PowerTools\OpenXmlPowerTools\WmlComparer.cs(4505,0): at OpenXmlPowerTools.WmlComparer.<>c__DisplayClass69_0.<CoalesceRecurse>b__2(IGrouping`2 g)
[xUnit.net 00:00:33.85]            at System.Linq.Enumerable.IEnumerableWhereSelectIterator`2.ToList()
[xUnit.net 00:00:33.85]         J:\repos\knilecrack\Open-Xml-PowerTools\OpenXmlPowerTools\WmlComparer.cs(4481,0): at OpenXmlPowerTools.WmlComparer.CoalesceRecurse(OpenXmlPart part, IEnumerable`1 list, Int32 level, WmlComparerSettings settings)
[xUnit.net 00:00:33.85]         J:\repos\knilecrack\Open-Xml-PowerTools\OpenXmlPowerTools\WmlComparer.cs(4328,0): at OpenXmlPowerTools.WmlComparer.ProduceNewWmlMarkupFromCorrelatedSequence(OpenXmlPart part, IEnumerable`1 comparisonUnitAtomList, WmlComparerSettings settings)
[xUnit.net 00:00:33.85]         J:\repos\knilecrack\Open-Xml-PowerTools\OpenXmlPowerTools\WmlComparer.cs(1686,0): at OpenXmlPowerTools.WmlComparer.ProduceDocumentWithTrackedRevisions(WmlComparerSettings settings, WmlDocument wmlResult, WordprocessingDocument wDoc1, WordprocessingDocument wDoc2)
[xUnit.net 00:00:33.85]         J:\repos\knilecrack\Open-Xml-PowerTools\OpenXmlPowerTools\WmlComparer.cs(213,0): at OpenXmlPowerTools.WmlComparer.CompareInternal(WmlDocument source1, WmlDocument source2, WmlComparerSettings settings, Boolean preProcessMarkupInOriginal)
[xUnit.net 00:00:33.85]         J:\repos\knilecrack\Open-Xml-PowerTools\OpenXmlPowerTools\WmlComparer.cs(94,0): at OpenXmlPowerTools.WmlComparer.Compare(WmlDocument source1, WmlDocument source2, WmlComparerSettings settings)
[xUnit.net 00:00:33.85]         J:\repos\knilecrack\Open-Xml-PowerTools\OpenXmlPowerTools.Tests\WmlComparerTests.cs(651,0): at OxPt.WcTests.WC003_Compare(String testId, String name1, String name2, Int32 revisionCount)
[xUnit.net 00:00:33.85]            at InvokeStub_WcTests.WC003_Compare(Object, Span`1)
[xUnit.net 00:00:33.85]            at System.Reflection.MethodBaseInvoker.InvokeWithFewArgs(Object obj, BindingFlags invokeAttr, Binder binder, Object[] parameters, CultureInfo culture)
[xUnit.net 00:00:33.99]       OpenXmlPowerTools.OpenXmlPowerToolsException : Internal error
[xUnit.net 00:00:33.99]       Stack Trace:
[xUnit.net 00:00:33.99]         J:\repos\knilecrack\Open-Xml-PowerTools\OpenXmlPowerTools\WmlComparer.cs(2986,0): at OpenXmlPowerTools.WmlComparer.<>c.<AssembleAncestorUnidsInOrderToRebuildXmlTreeProperly>b__44_4(XElement ae)
[xUnit.net 00:00:33.99]            at System.Linq.Enumerable.ArraySelectIterator`2.ToArray()
[xUnit.net 00:00:33.99]         J:\repos\knilecrack\Open-Xml-PowerTools\OpenXmlPowerTools\WmlComparer.cs(2980,0): at OpenXmlPowerTools.WmlComparer.AssembleAncestorUnidsInOrderToRebuildXmlTreeProperly(List`1 comparisonUnitAtomList)
[xUnit.net 00:00:33.99]         J:\repos\knilecrack\Open-Xml-PowerTools\OpenXmlPowerTools\WmlComparer.cs(2549,0): at OpenXmlPowerTools.WmlComparer.ProcessFootnoteEndnote(WmlComparerSettings settings, List`1 listOfComparisonUnitAtoms, MainDocumentPart mainDocumentPartBefore, MainDocumentPart mainDocumentPartAfter, XDocument mainDocumentXDoc)
[xUnit.net 00:00:33.99]         J:\repos\knilecrack\Open-Xml-PowerTools\OpenXmlPowerTools\WmlComparer.cs(1698,0): at OpenXmlPowerTools.WmlComparer.ProduceDocumentWithTrackedRevisions(WmlComparerSettings settings, WmlDocument wmlResult, WordprocessingDocument wDoc1, WordprocessingDocument wDoc2)
[xUnit.net 00:00:33.99]         J:\repos\knilecrack\Open-Xml-PowerTools\OpenXmlPowerTools\WmlComparer.cs(213,0): at OpenXmlPowerTools.WmlComparer.CompareInternal(WmlDocument source1, WmlDocument source2, WmlComparerSettings settings, Boolean preProcessMarkupInOriginal)
[xUnit.net 00:00:33.99]         J:\repos\knilecrack\Open-Xml-PowerTools\OpenXmlPowerTools\WmlComparer.cs(94,0): at OpenXmlPowerTools.WmlComparer.Compare(WmlDocument source1, WmlDocument source2, WmlComparerSettings settings)
[xUnit.net 00:00:33.99]         J:\repos\knilecrack\Open-Xml-PowerTools\OpenXmlPowerTools.Tests\WmlComparerTests.cs(651,0): at OxPt.WcTests.WC003_Compare(String testId, String name1, String name2, Int32 revisionCount)
[xUnit.net 00:00:33.99]            at InvokeStub_WcTests.WC003_Compare(Object, Span`1)
[xUnit.net 00:00:33.99]            at System.Reflection.MethodBaseInvoker.InvokeWithFewArgs(Object obj, BindingFlags invokeAttr, Binder binder, Object[] parameters, CultureInfo culture)
[xUnit.net 00:00:34.14]       OpenXmlPowerTools.OpenXmlPowerToolsException : Internal error
[xUnit.net 00:00:34.14]       Stack Trace:
[xUnit.net 00:00:34.14]         J:\repos\knilecrack\Open-Xml-PowerTools\OpenXmlPowerTools\WmlComparer.cs(5017,0): at OpenXmlPowerTools.WmlComparer.<>c.<SetAfterUnids>b__75_1(XElement a)
[xUnit.net 00:00:34.14]            at System.Linq.Enumerable.ListWhereSelectIterator`2.ToArray()
[xUnit.net 00:00:34.14]         J:\repos\knilecrack\Open-Xml-PowerTools\OpenXmlPowerTools\WmlComparer.cs(5011,0): at OpenXmlPowerTools.WmlComparer.SetAfterUnids(CorrelatedSequence unknown)
[xUnit.net 00:00:34.14]         J:\repos\knilecrack\Open-Xml-PowerTools\OpenXmlPowerTools\WmlComparer.cs(4932,0): at OpenXmlPowerTools.WmlComparer.Lcs(ComparisonUnit[] cu1, ComparisonUnit[] cu2, WmlComparerSettings settings)
[xUnit.net 00:00:34.14]         J:\repos\knilecrack\Open-Xml-PowerTools\OpenXmlPowerTools\WmlComparer.cs(2421,0): at OpenXmlPowerTools.WmlComparer.ProcessFootnoteEndnote(WmlComparerSettings settings, List`1 listOfComparisonUnitAtoms, MainDocumentPart mainDocumentPartBefore, MainDocumentPart mainDocumentPartAfter, XDocument mainDocumentXDoc)
[xUnit.net 00:00:34.14]         J:\repos\knilecrack\Open-Xml-PowerTools\OpenXmlPowerTools\WmlComparer.cs(1698,0): at OpenXmlPowerTools.WmlComparer.ProduceDocumentWithTrackedRevisions(WmlComparerSettings settings, WmlDocument wmlResult, WordprocessingDocument wDoc1, WordprocessingDocument wDoc2)
[xUnit.net 00:00:34.14]         J:\repos\knilecrack\Open-Xml-PowerTools\OpenXmlPowerTools\WmlComparer.cs(213,0): at OpenXmlPowerTools.WmlComparer.CompareInternal(WmlDocument source1, WmlDocument source2, WmlComparerSettings settings, Boolean preProcessMarkupInOriginal)
[xUnit.net 00:00:34.14]         J:\repos\knilecrack\Open-Xml-PowerTools\OpenXmlPowerTools\WmlComparer.cs(94,0): at OpenXmlPowerTools.WmlComparer.Compare(WmlDocument source1, WmlDocument source2, WmlComparerSettings settings)
[xUnit.net 00:00:34.14]         J:\repos\knilecrack\Open-Xml-PowerTools\OpenXmlPowerTools.Tests\WmlComparerTests.cs(651,0): at OxPt.WcTests.WC003_Compare(String testId, String name1, String name2, Int32 revisionCount)
[xUnit.net 00:00:34.14]            at InvokeStub_WcTests.WC003_Compare(Object, Span`1)
[xUnit.net 00:00:34.14]            at System.Reflection.MethodBaseInvoker.InvokeWithFewArgs(Object obj, BindingFlags invokeAttr, Binder binder, Object[] parameters, CultureInfo culture)
[xUnit.net 00:00:34.17]       System.InvalidOperationException : Unable to extract Package from DocumentFormat.OpenXml.Packaging.PackageUriHandlingExtensions+MalformedUriHandlingPackage. The SDK returned an unexpected package type. Expected Package or MalformedUriHandlingPackage with accessible inner Package.
[xUnit.net 00:00:34.17]       Stack Trace:
[xUnit.net 00:00:34.17]         J:\repos\knilecrack\Open-Xml-PowerTools\OpenXmlPowerTools\OxPtHelpers.cs(107,0): at OpenXmlPowerTools.OpenXmlPackageExtensions.GetPackage(OpenXmlPackage package)
[xUnit.net 00:00:34.17]         J:\repos\knilecrack\Open-Xml-PowerTools\OpenXmlPowerTools\WmlComparer.cs(4629,0): at OpenXmlPowerTools.WmlComparer.<>c__DisplayClass69_6.<CoalesceRecurse>b__18(ComparisonUnitAtom gce)
[xUnit.net 00:00:34.17]            at System.Linq.Enumerable.IEnumerableSelectIterator`2.MoveNext()
[xUnit.net 00:00:34.17]            at System.Xml.Linq.XContainer.AddContentSkipNotify(Object content)
[xUnit.net 00:00:34.17]            at System.Xml.Linq.XContainer.AddContentSkipNotify(Object content)
[xUnit.net 00:00:34.17]            at System.Xml.Linq.XContainer.AddContentSkipNotify(Object content)
[xUnit.net 00:00:34.17]            at System.Xml.Linq.XContainer.AddContentSkipNotify(Object content)
[xUnit.net 00:00:34.17]            at System.Xml.Linq.XContainer.AddContentSkipNotify(Object content)
[xUnit.net 00:00:34.17]            at System.Xml.Linq.XContainer.AddContentSkipNotify(Object content)
[xUnit.net 00:00:34.17]         J:\repos\knilecrack\Open-Xml-PowerTools\OpenXmlPowerTools\WmlComparer.cs(4558,0): at OpenXmlPowerTools.WmlComparer.<>c__DisplayClass69_0.<CoalesceRecurse>b__2(IGrouping`2 g)
[xUnit.net 00:00:34.17]            at System.Linq.Enumerable.IEnumerableWhereSelectIterator`2.ToList()
[xUnit.net 00:00:34.17]         J:\repos\knilecrack\Open-Xml-PowerTools\OpenXmlPowerTools\WmlComparer.cs(4481,0): at OpenXmlPowerTools.WmlComparer.CoalesceRecurse(OpenXmlPart part, IEnumerable`1 list, Int32 level, WmlComparerSettings settings)
[xUnit.net 00:00:34.17]         J:\repos\knilecrack\Open-Xml-PowerTools\OpenXmlPowerTools\WmlComparer.cs(4521,0): at OpenXmlPowerTools.WmlComparer.<>c__DisplayClass69_0.<CoalesceRecurse>b__5(IGrouping`2 gc)
[xUnit.net 00:00:34.17]            at System.Linq.Enumerable.ListSelectIterator`2.ToList()
[xUnit.net 00:00:34.17]         J:\repos\knilecrack\Open-Xml-PowerTools\OpenXmlPowerTools\WmlComparer.cs(4505,0): at OpenXmlPowerTools.WmlComparer.<>c__DisplayClass69_0.<CoalesceRecurse>b__2(IGrouping`2 g)
[xUnit.net 00:00:34.17]            at System.Linq.Enumerable.IEnumerableWhereSelectIterator`2.ToList()
[xUnit.net 00:00:34.17]         J:\repos\knilecrack\Open-Xml-PowerTools\OpenXmlPowerTools\WmlComparer.cs(4481,0): at OpenXmlPowerTools.WmlComparer.CoalesceRecurse(OpenXmlPart part, IEnumerable`1 list, Int32 level, WmlComparerSettings settings)
[xUnit.net 00:00:34.17]         J:\repos\knilecrack\Open-Xml-PowerTools\OpenXmlPowerTools\WmlComparer.cs(4328,0): at OpenXmlPowerTools.WmlComparer.ProduceNewWmlMarkupFromCorrelatedSequence(OpenXmlPart part, IEnumerable`1 comparisonUnitAtomList, WmlComparerSettings settings)
[xUnit.net 00:00:34.17]         J:\repos\knilecrack\Open-Xml-PowerTools\OpenXmlPowerTools\WmlComparer.cs(1686,0): at OpenXmlPowerTools.WmlComparer.ProduceDocumentWithTrackedRevisions(WmlComparerSettings settings, WmlDocument wmlResult, WordprocessingDocument wDoc1, WordprocessingDocument wDoc2)
[xUnit.net 00:00:34.17]         J:\repos\knilecrack\Open-Xml-PowerTools\OpenXmlPowerTools\WmlComparer.cs(213,0): at OpenXmlPowerTools.WmlComparer.CompareInternal(WmlDocument source1, WmlDocument source2, WmlComparerSettings settings, Boolean preProcessMarkupInOriginal)
[xUnit.net 00:00:34.17]         J:\repos\knilecrack\Open-Xml-PowerTools\OpenXmlPowerTools\WmlComparer.cs(94,0): at OpenXmlPowerTools.WmlComparer.Compare(WmlDocument source1, WmlDocument source2, WmlComparerSettings settings)
[xUnit.net 00:00:34.17]         J:\repos\knilecrack\Open-Xml-PowerTools\OpenXmlPowerTools.Tests\WmlComparerTests.cs(651,0): at OxPt.WcTests.WC003_Compare(String testId, String name1, String name2, Int32 revisionCount)
[xUnit.net 00:00:34.17]            at InvokeStub_WcTests.WC003_Compare(Object, Span`1)
[xUnit.net 00:00:34.17]            at System.Reflection.MethodBaseInvoker.InvokeWithFewArgs(Object obj, BindingFlags invokeAttr, Binder binder, Object[] parameters, CultureInfo culture)
  Passed OxPt.WcTests.WC003_Compare(testId: "WC-2000", name1: "WC/WC058-Table-Merged-Cell.docx", name2: "WC/WC058-Table-Merged-Cell-Mod.docx", revisionCount: 6) [109 ms]
  Failed OxPt.WcTests.WC003_Compare(testId: "WC-1320", name1: "WC/WC014-SmartArt-With-Image-Before.docx", name2: "WC/WC014-SmartArt-With-Image-Deleted-After2.docx", revisionCount: 1) [33 ms]
  Error Message:
   System.InvalidOperationException : Unable to extract Package from DocumentFormat.OpenXml.Packaging.PackageUriHandlingExtensions+MalformedUriHandlingPackage. The SDK returned an unexpected package type. Expected Package or MalformedUriHandlingPackage with accessible inner Package.
  Stack Trace:
     at OpenXmlPowerTools.OpenXmlPackageExtensions.GetPackage(OpenXmlPackage package) in J:\repos\knilecrack\Open-Xml-PowerTools\OpenXmlPowerTools\OxPtHelpers.cs:line 107
   at OpenXmlPowerTools.WmlComparer.<>c__DisplayClass69_5.<CoalesceRecurse>b__17(ComparisonUnitAtom gce) in J:\repos\knilecrack\Open-Xml-PowerTools\OpenXmlPowerTools\WmlComparer.cs:line 4610
   at System.Linq.Enumerable.IEnumerableSelectIterator`2.MoveNext()
   at System.Xml.Linq.XContainer.AddContentSkipNotify(Object content)
   at System.Xml.Linq.XContainer.AddContentSkipNotify(Object content)
   at System.Xml.Linq.XContainer.AddContentSkipNotify(Object content)
   at System.Xml.Linq.XContainer.AddContentSkipNotify(Object content)
   at System.Xml.Linq.XContainer.AddContentSkipNotify(Object content)
   at System.Xml.Linq.XContainer.AddContentSkipNotify(Object content)
   at OpenXmlPowerTools.WmlComparer.<>c__DisplayClass69_0.<CoalesceRecurse>b__2(IGrouping`2 g) in J:\repos\knilecrack\Open-Xml-PowerTools\OpenXmlPowerTools\WmlComparer.cs:line 4558
   at System.Linq.Enumerable.IEnumerableWhereSelectIterator`2.ToList()
   at OpenXmlPowerTools.WmlComparer.CoalesceRecurse(OpenXmlPart part, IEnumerable`1 list, Int32 level, WmlComparerSettings settings) in J:\repos\knilecrack\Open-Xml-PowerTools\OpenXmlPowerTools\WmlComparer.cs:line 4481
   at OpenXmlPowerTools.WmlComparer.<>c__DisplayClass69_0.<CoalesceRecurse>b__5(IGrouping`2 gc) in J:\repos\knilecrack\Open-Xml-PowerTools\OpenXmlPowerTools\WmlComparer.cs:line 4521
   at System.Linq.Enumerable.ListSelectIterator`2.ToList()
   at OpenXmlPowerTools.WmlComparer.<>c__DisplayClass69_0.<CoalesceRecurse>b__2(IGrouping`2 g) in J:\repos\knilecrack\Open-Xml-PowerTools\OpenXmlPowerTools\WmlComparer.cs:line 4505
   at System.Linq.Enumerable.IEnumerableWhereSelectIterator`2.ToList()
   at OpenXmlPowerTools.WmlComparer.CoalesceRecurse(OpenXmlPart part, IEnumerable`1 list, Int32 level, WmlComparerSettings settings) in J:\repos\knilecrack\Open-Xml-PowerTools\OpenXmlPowerTools\WmlComparer.cs:line 4481
   at OpenXmlPowerTools.WmlComparer.ProduceNewWmlMarkupFromCorrelatedSequence(OpenXmlPart part, IEnumerable`1 comparisonUnitAtomList, WmlComparerSettings settings) in J:\repos\knilecrack\Open-Xml-PowerTools\OpenXmlPowerTools\WmlComparer.cs:line 4328
   at OpenXmlPowerTools.WmlComparer.ProduceDocumentWithTrackedRevisions(WmlComparerSettings settings, WmlDocument wmlResult, WordprocessingDocument wDoc1, WordprocessingDocument wDoc2) in J:\repos\knilecrack\Open-Xml-PowerTools\OpenXmlPowerTools\WmlComparer.cs:line 1686
   at OpenXmlPowerTools.WmlComparer.CompareInternal(WmlDocument source1, WmlDocument source2, WmlComparerSettings settings, Boolean preProcessMarkupInOriginal) in J:\repos\knilecrack\Open-Xml-PowerTools\OpenXmlPowerTools\WmlComparer.cs:line 213
   at OpenXmlPowerTools.WmlComparer.Compare(WmlDocument source1, WmlDocument source2, WmlComparerSettings settings) in J:\repos\knilecrack\Open-Xml-PowerTools\OpenXmlPowerTools\WmlComparer.cs:line 94
   at OxPt.WcTests.WC003_Compare(String testId, String name1, String name2, Int32 revisionCount) in J:\repos\knilecrack\Open-Xml-PowerTools\OpenXmlPowerTools.Tests\WmlComparerTests.cs:line 651
   at InvokeStub_WcTests.WC003_Compare(Object, Span`1)
   at System.Reflection.MethodBaseInvoker.InvokeWithFewArgs(Object obj, BindingFlags invokeAttr, Binder binder, Object[] parameters, CultureInfo culture)
  Failed OxPt.WcTests.WC003_Compare(testId: "WC-1540", name1: "WC/WC030-Image-Math-Before.docx", name2: "WC/WC030-Image-Math-After.docx", revisionCount: 2) [46 ms]
  Error Message:
   System.InvalidOperationException : Unable to extract Package from DocumentFormat.OpenXml.Packaging.PackageUriHandlingExtensions+MalformedUriHandlingPackage. The SDK returned an unexpected package type. Expected Package or MalformedUriHandlingPackage with accessible inner Package.
  Stack Trace:
     at OpenXmlPowerTools.OpenXmlPackageExtensions.GetPackage(OpenXmlPackage package) in J:\repos\knilecrack\Open-Xml-PowerTools\OpenXmlPowerTools\OxPtHelpers.cs:line 107
   at OpenXmlPowerTools.WmlComparer.<>c__DisplayClass69_5.<CoalesceRecurse>b__17(ComparisonUnitAtom gce) in J:\repos\knilecrack\Open-Xml-PowerTools\OpenXmlPowerTools\WmlComparer.cs:line 4610
   at System.Linq.Enumerable.IEnumerableSelectIterator`2.MoveNext()
   at System.Xml.Linq.XContainer.AddContentSkipNotify(Object content)
   at System.Xml.Linq.XContainer.AddContentSkipNotify(Object content)
   at System.Xml.Linq.XContainer.AddContentSkipNotify(Object content)
   at System.Xml.Linq.XContainer.AddContentSkipNotify(Object content)
   at System.Xml.Linq.XContainer.AddContentSkipNotify(Object content)
   at System.Xml.Linq.XContainer.AddContentSkipNotify(Object content)
   at OpenXmlPowerTools.WmlComparer.<>c__DisplayClass69_0.<CoalesceRecurse>b__2(IGrouping`2 g) in J:\repos\knilecrack\Open-Xml-PowerTools\OpenXmlPowerTools\WmlComparer.cs:line 4558
   at System.Linq.Enumerable.IEnumerableWhereSelectIterator`2.ToList()
   at OpenXmlPowerTools.WmlComparer.CoalesceRecurse(OpenXmlPart part, IEnumerable`1 list, Int32 level, WmlComparerSettings settings) in J:\repos\knilecrack\Open-Xml-PowerTools\OpenXmlPowerTools\WmlComparer.cs:line 4481
   at OpenXmlPowerTools.WmlComparer.<>c__DisplayClass69_0.<CoalesceRecurse>b__5(IGrouping`2 gc) in J:\repos\knilecrack\Open-Xml-PowerTools\OpenXmlPowerTools\WmlComparer.cs:line 4521
   at System.Linq.Enumerable.ListSelectIterator`2.ToList()
   at OpenXmlPowerTools.WmlComparer.<>c__DisplayClass69_0.<CoalesceRecurse>b__2(IGrouping`2 g) in J:\repos\knilecrack\Open-Xml-PowerTools\OpenXmlPowerTools\WmlComparer.cs:line 4505
   at System.Linq.Enumerable.IEnumerableWhereSelectIterator`2.ToList()
   at OpenXmlPowerTools.WmlComparer.CoalesceRecurse(OpenXmlPart part, IEnumerable`1 list, Int32 level, WmlComparerSettings settings) in J:\repos\knilecrack\Open-Xml-PowerTools\OpenXmlPowerTools\WmlComparer.cs:line 4481
   at OpenXmlPowerTools.WmlComparer.ProduceNewWmlMarkupFromCorrelatedSequence(OpenXmlPart part, IEnumerable`1 comparisonUnitAtomList, WmlComparerSettings settings) in J:\repos\knilecrack\Open-Xml-PowerTools\OpenXmlPowerTools\WmlComparer.cs:line 4328
   at OpenXmlPowerTools.WmlComparer.ProduceDocumentWithTrackedRevisions(WmlComparerSettings settings, WmlDocument wmlResult, WordprocessingDocument wDoc1, WordprocessingDocument wDoc2) in J:\repos\knilecrack\Open-Xml-PowerTools\OpenXmlPowerTools\WmlComparer.cs:line 1686
   at OpenXmlPowerTools.WmlComparer.CompareInternal(WmlDocument source1, WmlDocument source2, WmlComparerSettings settings, Boolean preProcessMarkupInOriginal) in J:\repos\knilecrack\Open-Xml-PowerTools\OpenXmlPowerTools\WmlComparer.cs:line 213
   at OpenXmlPowerTools.WmlComparer.Compare(WmlDocument source1, WmlDocument source2, WmlComparerSettings settings) in J:\repos\knilecrack\Open-Xml-PowerTools\OpenXmlPowerTools\WmlComparer.cs:line 94
   at OxPt.WcTests.WC003_Compare(String testId, String name1, String name2, Int32 revisionCount) in J:\repos\knilecrack\Open-Xml-PowerTools\OpenXmlPowerTools.Tests\WmlComparerTests.cs:line 651
   at InvokeStub_WcTests.WC003_Compare(Object, Span`1)
   at System.Reflection.MethodBaseInvoker.InvokeWithFewArgs(Object obj, BindingFlags invokeAttr, Binder binder, Object[] parameters, CultureInfo culture)
  Passed OxPt.WcTests.WC003_Compare(testId: "WC-1960", name1: "WC/WC054-Text-in-Cell.docx", name2: "WC/WC054-Text-in-Cell-Mod.docx", revisionCount: 0) [100 ms]
  Failed OxPt.WcTests.WC003_Compare(testId: "WC-2020", name1: "WC/WC060-Endnote.docx", name2: "WC/WC060-Endnote-Mod.docx", revisionCount: 3) [32 ms]
  Error Message:
   OpenXmlPowerTools.OpenXmlPowerToolsException : Internal error
  Stack Trace:
     at OpenXmlPowerTools.WmlComparer.<>c.<AssembleAncestorUnidsInOrderToRebuildXmlTreeProperly>b__44_4(XElement ae) in J:\repos\knilecrack\Open-Xml-PowerTools\OpenXmlPowerTools\WmlComparer.cs:line 2986
   at System.Linq.Enumerable.ArraySelectIterator`2.ToArray()
   at OpenXmlPowerTools.WmlComparer.AssembleAncestorUnidsInOrderToRebuildXmlTreeProperly(List`1 comparisonUnitAtomList) in J:\repos\knilecrack\Open-Xml-PowerTools\OpenXmlPowerTools\WmlComparer.cs:line 2980
   at OpenXmlPowerTools.WmlComparer.ProcessFootnoteEndnote(WmlComparerSettings settings, List`1 listOfComparisonUnitAtoms, MainDocumentPart mainDocumentPartBefore, MainDocumentPart mainDocumentPartAfter, XDocument mainDocumentXDoc) in J:\repos\knilecrack\Open-Xml-PowerTools\OpenXmlPowerTools\WmlComparer.cs:line 2549
   at OpenXmlPowerTools.WmlComparer.ProduceDocumentWithTrackedRevisions(WmlComparerSettings settings, WmlDocument wmlResult, WordprocessingDocument wDoc1, WordprocessingDocument wDoc2) in J:\repos\knilecrack\Open-Xml-PowerTools\OpenXmlPowerTools\WmlComparer.cs:line 1698
   at OpenXmlPowerTools.WmlComparer.CompareInternal(WmlDocument source1, WmlDocument source2, WmlComparerSettings settings, Boolean preProcessMarkupInOriginal) in J:\repos\knilecrack\Open-Xml-PowerTools\OpenXmlPowerTools\WmlComparer.cs:line 213
   at OpenXmlPowerTools.WmlComparer.Compare(WmlDocument source1, WmlDocument source2, WmlComparerSettings settings) in J:\repos\knilecrack\Open-Xml-PowerTools\OpenXmlPowerTools\WmlComparer.cs:line 94
   at OxPt.WcTests.WC003_Compare(String testId, String name1, String name2, Int32 revisionCount) in J:\repos\knilecrack\Open-Xml-PowerTools\OpenXmlPowerTools.Tests\WmlComparerTests.cs:line 651
   at InvokeStub_WcTests.WC003_Compare(Object, Span`1)
   at System.Reflection.MethodBaseInvoker.InvokeWithFewArgs(Object obj, BindingFlags invokeAttr, Binder binder, Object[] parameters, CultureInfo culture)
  Passed OxPt.WcTests.WC003_Compare(testId: "WC-1550", name1: "WC/WC031-Two-Maths-Before.docx", name2: "WC/WC031-Two-Maths-After.docx", revisionCount: 4) [118 ms]
  Failed OxPt.WcTests.WC003_Compare(testId: "WC-2050", name1: "WC/WC063-Footnote.docx", name2: "WC/WC063-Footnote-Mod.docx", revisionCount: 1) [36 ms]
  Error Message:
   OpenXmlPowerTools.OpenXmlPowerToolsException : Internal error
  Stack Trace:
     at OpenXmlPowerTools.WmlComparer.<>c.<SetAfterUnids>b__75_1(XElement a) in J:\repos\knilecrack\Open-Xml-PowerTools\OpenXmlPowerTools\WmlComparer.cs:line 5017
   at System.Linq.Enumerable.ListWhereSelectIterator`2.ToArray()
   at OpenXmlPowerTools.WmlComparer.SetAfterUnids(CorrelatedSequence unknown) in J:\repos\knilecrack\Open-Xml-PowerTools\OpenXmlPowerTools\WmlComparer.cs:line 5011
   at OpenXmlPowerTools.WmlComparer.Lcs(ComparisonUnit[] cu1, ComparisonUnit[] cu2, WmlComparerSettings settings) in J:\repos\knilecrack\Open-Xml-PowerTools\OpenXmlPowerTools\WmlComparer.cs:line 4932
   at OpenXmlPowerTools.WmlComparer.ProcessFootnoteEndnote(WmlComparerSettings settings, List`1 listOfComparisonUnitAtoms, MainDocumentPart mainDocumentPartBefore, MainDocumentPart mainDocumentPartAfter, XDocument mainDocumentXDoc) in J:\repos\knilecrack\Open-Xml-PowerTools\OpenXmlPowerTools\WmlComparer.cs:line 2421
   at OpenXmlPowerTools.WmlComparer.ProduceDocumentWithTrackedRevisions(WmlComparerSettings settings, WmlDocument wmlResult, WordprocessingDocument wDoc1, WordprocessingDocument wDoc2) in J:\repos\knilecrack\Open-Xml-PowerTools\OpenXmlPowerTools\WmlComparer.cs:line 1698
   at OpenXmlPowerTools.WmlComparer.CompareInternal(WmlDocument source1, WmlDocument source2, WmlComparerSettings settings, Boolean preProcessMarkupInOriginal) in J:\repos\knilecrack\Open-Xml-PowerTools\OpenXmlPowerTools\WmlComparer.cs:line 213
   at OpenXmlPowerTools.WmlComparer.Compare(WmlDocument source1, WmlDocument source2, WmlComparerSettings settings) in J:\repos\knilecrack\Open-Xml-PowerTools\OpenXmlPowerTools\WmlComparer.cs:line 94
   at OxPt.WcTests.WC003_Compare(String testId, String name1, String name2, Int32 revisionCount) in J:\repos\knilecrack\Open-Xml-PowerTools\OpenXmlPowerTools.Tests\WmlComparerTests.cs:line 651
   at InvokeStub_WcTests.WC003_Compare(Object, Span`1)
   at System.Reflection.MethodBaseInvoker.InvokeWithFewArgs(Object obj, BindingFlags invokeAttr, Binder binder, Object[] parameters, CultureInfo culture)
  Failed OxPt.WcTests.WC003_Compare(testId: "WC-1810", name1: "RC/RC002-Image.docx", name2: "RC/RC002-Image-After1.docx", revisionCount: 1) [29 ms]
  Error Message:
   System.InvalidOperationException : Unable to extract Package from DocumentFormat.OpenXml.Packaging.PackageUriHandlingExtensions+MalformedUriHandlingPackage. The SDK returned an unexpected package type. Expected Package or MalformedUriHandlingPackage with accessible inner Package.
  Stack Trace:
     at OpenXmlPowerTools.OpenXmlPackageExtensions.GetPackage(OpenXmlPackage package) in J:\repos\knilecrack\Open-Xml-PowerTools\OpenXmlPowerTools\OxPtHelpers.cs:line 107
   at OpenXmlPowerTools.WmlComparer.<>c__DisplayClass69_6.<CoalesceRecurse>b__18(ComparisonUnitAtom gce) in J:\repos\knilecrack\Open-Xml-PowerTools\OpenXmlPowerTools\WmlComparer.cs:line 4629
   at System.Linq.Enumerable.IEnumerableSelectIterator`2.MoveNext()
   at System.Xml.Linq.XContainer.AddContentSkipNotify(Object content)
   at System.Xml.Linq.XContainer.AddContentSkipNotify(Object content)
   at System.Xml.Linq.XContainer.AddContentSkipNotify(Object content)
   at System.Xml.Linq.XContainer.AddContentSkipNotify(Object content)
   at System.Xml.Linq.XContainer.AddContentSkipNotify(Object content)
   at System.Xml.Linq.XContainer.AddContentSkipNotify(Object content)
   at OpenXmlPowerTools.WmlComparer.<>c__DisplayClass69_0.<CoalesceRecurse>b__2(IGrouping`2 g) in J:\repos\knilecrack\Open-Xml-PowerTools\OpenXmlPowerTools\WmlComparer.cs:line 4558
   at System.Linq.Enumerable.IEnumerableWhereSelectIterator`2.ToList()
   at OpenXmlPowerTools.WmlComparer.CoalesceRecurse(OpenXmlPart part, IEnumerable`1 list, Int32 level, WmlComparerSettings settings) in J:\repos\knilecrack\Open-Xml-PowerTools\OpenXmlPowerTools\WmlComparer.cs:line 4481
   at OpenXmlPowerTools.WmlComparer.<>c__DisplayClass69_0.<CoalesceRecurse>b__5(IGrouping`2 gc) in J:\repos\knilecrack\Open-Xml-PowerTools\OpenXmlPowerTools\WmlComparer.cs:line 4521
   at System.Linq.Enumerable.ListSelectIterator`2.ToList()
   at OpenXmlPowerTools.WmlComparer.<>c__DisplayClass69_0.<CoalesceRecurse>b__2(IGrouping`2 g) in J:\repos\knilecrack\Open-Xml-PowerTools\OpenXmlPowerTools\WmlComparer.cs:line 4505
   at System.Linq.Enumerable.IEnumerableWhereSelectIterator`2.ToList()
   at OpenXmlPowerTools.WmlComparer.CoalesceRecurse(OpenXmlPart part, IEnumerable`1 list, Int32 level, WmlComparerSettings settings) in J:\repos\knilecrack\Open-Xml-PowerTools\OpenXmlPowerTools\WmlComparer.cs:line 4481
   at OpenXmlPowerTools.WmlComparer.ProduceNewWmlMarkupFromCorrelatedSequence(OpenXmlPart part, IEnumerable`1 comparisonUnitAtomList, WmlComparerSettings settings) in J:\repos\knilecrack\Open-Xml-PowerTools\OpenXmlPowerTools\WmlComparer.cs:line 4328
   at OpenXmlPowerTools.WmlComparer.ProduceDocumentWithTrackedRevisions(WmlComparerSettings settings, WmlDocument wmlResult, WordprocessingDocument wDoc1, WordprocessingDocument wDoc2) in J:\repos\knilecrack\Open-Xml-PowerTools\OpenXmlPowerTools\WmlComparer.cs:line 1686
   at OpenXmlPowerTools.WmlComparer.CompareInternal(WmlDocument source1, WmlDocument source2, WmlComparerSettings settings, Boolean preProcessMarkupInOriginal) in J:\repos\knilecrack\Open-Xml-PowerTools\OpenXmlPowerTools\WmlComparer.cs:line 213
   at OpenXmlPowerTools.WmlComparer.Compare(WmlDocument source1, WmlDocument source2, WmlComparerSettings settings) in J:\repos\knilecrack\Open-Xml-PowerTools\OpenXmlPowerTools\WmlComparer.cs:line 94
   at OxPt.WcTests.WC003_Compare(String testId, String name1, String name2, Int32 revisionCount) in J:\repos\knilecrack\Open-Xml-PowerTools\OpenXmlPowerTools.Tests\WmlComparerTests.cs:line 651
   at InvokeStub_WcTests.WC003_Compare(Object, Span`1)
   at System.Reflection.MethodBaseInvoker.InvokeWithFewArgs(Object obj, BindingFlags invokeAttr, Binder binder, Object[] parameters, CultureInfo culture)
  Passed OxPt.WcTests.WC003_Compare(testId: "WC-1090", name1: "WC/WC002-Unmodified.docx", name2: "WC/WC002-DeleteAtEnd.docx", revisionCount: 1) [83 ms]
[xUnit.net 00:00:34.79]       OpenXmlPowerTools.OpenXmlPowerToolsException : Internal error
[xUnit.net 00:00:34.79]       Stack Trace:
[xUnit.net 00:00:34.79]         J:\repos\knilecrack\Open-Xml-PowerTools\OpenXmlPowerTools\WmlComparer.cs(5017,0): at OpenXmlPowerTools.WmlComparer.<>c.<SetAfterUnids>b__75_1(XElement a)
[xUnit.net 00:00:34.79]            at System.Linq.Enumerable.ListWhereSelectIterator`2.ToArray()
[xUnit.net 00:00:34.79]         J:\repos\knilecrack\Open-Xml-PowerTools\OpenXmlPowerTools\WmlComparer.cs(5011,0): at OpenXmlPowerTools.WmlComparer.SetAfterUnids(CorrelatedSequence unknown)
[xUnit.net 00:00:34.79]         J:\repos\knilecrack\Open-Xml-PowerTools\OpenXmlPowerTools\WmlComparer.cs(4932,0): at OpenXmlPowerTools.WmlComparer.Lcs(ComparisonUnit[] cu1, ComparisonUnit[] cu2, WmlComparerSettings settings)
[xUnit.net 00:00:34.79]         J:\repos\knilecrack\Open-Xml-PowerTools\OpenXmlPowerTools\WmlComparer.cs(2421,0): at OpenXmlPowerTools.WmlComparer.ProcessFootnoteEndnote(WmlComparerSettings settings, List`1 listOfComparisonUnitAtoms, MainDocumentPart mainDocumentPartBefore, MainDocumentPart mainDocumentPartAfter, XDocument mainDocumentXDoc)
[xUnit.net 00:00:34.79]         J:\repos\knilecrack\Open-Xml-PowerTools\OpenXmlPowerTools\WmlComparer.cs(1698,0): at OpenXmlPowerTools.WmlComparer.ProduceDocumentWithTrackedRevisions(WmlComparerSettings settings, WmlDocument wmlResult, WordprocessingDocument wDoc1, WordprocessingDocument wDoc2)
[xUnit.net 00:00:34.79]         J:\repos\knilecrack\Open-Xml-PowerTools\OpenXmlPowerTools\WmlComparer.cs(213,0): at OpenXmlPowerTools.WmlComparer.CompareInternal(WmlDocument source1, WmlDocument source2, WmlComparerSettings settings, Boolean preProcessMarkupInOriginal)
[xUnit.net 00:00:34.79]         J:\repos\knilecrack\Open-Xml-PowerTools\OpenXmlPowerTools\WmlComparer.cs(94,0): at OpenXmlPowerTools.WmlComparer.Compare(WmlDocument source1, WmlDocument source2, WmlComparerSettings settings)
[xUnit.net 00:00:34.79]         J:\repos\knilecrack\Open-Xml-PowerTools\OpenXmlPowerTools.Tests\WmlComparerTests.cs(651,0): at OxPt.WcTests.WC003_Compare(String testId, String name1, String name2, Int32 revisionCount)
[xUnit.net 00:00:34.79]            at InvokeStub_WcTests.WC003_Compare(Object, Span`1)
[xUnit.net 00:00:34.79]            at System.Reflection.MethodBaseInvoker.InvokeWithFewArgs(Object obj, BindingFlags invokeAttr, Binder binder, Object[] parameters, CultureInfo culture)
[xUnit.net 00:00:34.84]       System.InvalidOperationException : Unable to extract Package from DocumentFormat.OpenXml.Packaging.PackageUriHandlingExtensions+MalformedUriHandlingPackage. The SDK returned an unexpected package type. Expected Package or MalformedUriHandlingPackage with accessible inner Package.
[xUnit.net 00:00:34.84]       Stack Trace:
[xUnit.net 00:00:34.84]         J:\repos\knilecrack\Open-Xml-PowerTools\OpenXmlPowerTools\OxPtHelpers.cs(107,0): at OpenXmlPowerTools.OpenXmlPackageExtensions.GetPackage(OpenXmlPackage package)
[xUnit.net 00:00:34.84]         J:\repos\knilecrack\Open-Xml-PowerTools\OpenXmlPowerTools\WmlComparer.cs(4610,0): at OpenXmlPowerTools.WmlComparer.<>c__DisplayClass69_5.<CoalesceRecurse>b__17(ComparisonUnitAtom gce)
[xUnit.net 00:00:34.84]            at System.Linq.Enumerable.IEnumerableSelectIterator`2.MoveNext()
[xUnit.net 00:00:34.84]            at System.Xml.Linq.XContainer.AddContentSkipNotify(Object content)
[xUnit.net 00:00:34.84]            at System.Xml.Linq.XContainer.AddContentSkipNotify(Object content)
[xUnit.net 00:00:34.84]            at System.Xml.Linq.XContainer.AddContentSkipNotify(Object content)
[xUnit.net 00:00:34.84]            at System.Xml.Linq.XContainer.AddContentSkipNotify(Object content)
[xUnit.net 00:00:34.84]            at System.Xml.Linq.XContainer.AddContentSkipNotify(Object content)
[xUnit.net 00:00:34.84]            at System.Xml.Linq.XContainer.AddContentSkipNotify(Object content)
[xUnit.net 00:00:34.84]         J:\repos\knilecrack\Open-Xml-PowerTools\OpenXmlPowerTools\WmlComparer.cs(4558,0): at OpenXmlPowerTools.WmlComparer.<>c__DisplayClass69_0.<CoalesceRecurse>b__2(IGrouping`2 g)
[xUnit.net 00:00:34.84]            at System.Linq.Enumerable.IEnumerableWhereSelectIterator`2.ToList()
[xUnit.net 00:00:34.84]         J:\repos\knilecrack\Open-Xml-PowerTools\OpenXmlPowerTools\WmlComparer.cs(4481,0): at OpenXmlPowerTools.WmlComparer.CoalesceRecurse(OpenXmlPart part, IEnumerable`1 list, Int32 level, WmlComparerSettings settings)
[xUnit.net 00:00:34.84]         J:\repos\knilecrack\Open-Xml-PowerTools\OpenXmlPowerTools\WmlComparer.cs(4521,0): at OpenXmlPowerTools.WmlComparer.<>c__DisplayClass69_0.<CoalesceRecurse>b__5(IGrouping`2 gc)
[xUnit.net 00:00:34.84]            at System.Linq.Enumerable.ListSelectIterator`2.ToList()
[xUnit.net 00:00:34.84]         J:\repos\knilecrack\Open-Xml-PowerTools\OpenXmlPowerTools\WmlComparer.cs(4505,0): at OpenXmlPowerTools.WmlComparer.<>c__DisplayClass69_0.<CoalesceRecurse>b__2(IGrouping`2 g)
[xUnit.net 00:00:34.84]            at System.Linq.Enumerable.IEnumerableWhereSelectIterator`2.ToList()
[xUnit.net 00:00:34.84]         J:\repos\knilecrack\Open-Xml-PowerTools\OpenXmlPowerTools\WmlComparer.cs(4481,0): at OpenXmlPowerTools.WmlComparer.CoalesceRecurse(OpenXmlPart part, IEnumerable`1 list, Int32 level, WmlComparerSettings settings)
[xUnit.net 00:00:34.84]         J:\repos\knilecrack\Open-Xml-PowerTools\OpenXmlPowerTools\WmlComparer.cs(4328,0): at OpenXmlPowerTools.WmlComparer.ProduceNewWmlMarkupFromCorrelatedSequence(OpenXmlPart part, IEnumerable`1 comparisonUnitAtomList, WmlComparerSettings settings)
[xUnit.net 00:00:34.84]         J:\repos\knilecrack\Open-Xml-PowerTools\OpenXmlPowerTools\WmlComparer.cs(1686,0): at OpenXmlPowerTools.WmlComparer.ProduceDocumentWithTrackedRevisions(WmlComparerSettings settings, WmlDocument wmlResult, WordprocessingDocument wDoc1, WordprocessingDocument wDoc2)
[xUnit.net 00:00:34.84]         J:\repos\knilecrack\Open-Xml-PowerTools\OpenXmlPowerTools\WmlComparer.cs(213,0): at OpenXmlPowerTools.WmlComparer.CompareInternal(WmlDocument source1, WmlDocument source2, WmlComparerSettings settings, Boolean preProcessMarkupInOriginal)
[xUnit.net 00:00:34.84]         J:\repos\knilecrack\Open-Xml-PowerTools\OpenXmlPowerTools\WmlComparer.cs(94,0): at OpenXmlPowerTools.WmlComparer.Compare(WmlDocument source1, WmlDocument source2, WmlComparerSettings settings)
[xUnit.net 00:00:34.84]         J:\repos\knilecrack\Open-Xml-PowerTools\OpenXmlPowerTools.Tests\WmlComparerTests.cs(651,0): at OxPt.WcTests.WC003_Compare(String testId, String name1, String name2, Int32 revisionCount)
[xUnit.net 00:00:34.84]            at InvokeStub_WcTests.WC003_Compare(Object, Span`1)
[xUnit.net 00:00:34.84]            at System.Reflection.MethodBaseInvoker.InvokeWithFewArgs(Object obj, BindingFlags invokeAttr, Binder binder, Object[] parameters, CultureInfo culture)
[xUnit.net 00:00:34.88]       OpenXmlPowerTools.OpenXmlPowerToolsException : Internal error
[xUnit.net 00:00:34.88]       Stack Trace:
[xUnit.net 00:00:34.88]         J:\repos\knilecrack\Open-Xml-PowerTools\OpenXmlPowerTools\WmlComparer.cs(5017,0): at OpenXmlPowerTools.WmlComparer.<>c.<SetAfterUnids>b__75_1(XElement a)
[xUnit.net 00:00:34.88]            at System.Linq.Enumerable.ListWhereSelectIterator`2.ToArray()
[xUnit.net 00:00:34.88]         J:\repos\knilecrack\Open-Xml-PowerTools\OpenXmlPowerTools\WmlComparer.cs(5011,0): at OpenXmlPowerTools.WmlComparer.SetAfterUnids(CorrelatedSequence unknown)
[xUnit.net 00:00:34.88]         J:\repos\knilecrack\Open-Xml-PowerTools\OpenXmlPowerTools\WmlComparer.cs(4932,0): at OpenXmlPowerTools.WmlComparer.Lcs(ComparisonUnit[] cu1, ComparisonUnit[] cu2, WmlComparerSettings settings)
[xUnit.net 00:00:34.88]         J:\repos\knilecrack\Open-Xml-PowerTools\OpenXmlPowerTools\WmlComparer.cs(2421,0): at OpenXmlPowerTools.WmlComparer.ProcessFootnoteEndnote(WmlComparerSettings settings, List`1 listOfComparisonUnitAtoms, MainDocumentPart mainDocumentPartBefore, MainDocumentPart mainDocumentPartAfter, XDocument mainDocumentXDoc)
[xUnit.net 00:00:34.88]         J:\repos\knilecrack\Open-Xml-PowerTools\OpenXmlPowerTools\WmlComparer.cs(1698,0): at OpenXmlPowerTools.WmlComparer.ProduceDocumentWithTrackedRevisions(WmlComparerSettings settings, WmlDocument wmlResult, WordprocessingDocument wDoc1, WordprocessingDocument wDoc2)
[xUnit.net 00:00:34.88]         J:\repos\knilecrack\Open-Xml-PowerTools\OpenXmlPowerTools\WmlComparer.cs(213,0): at OpenXmlPowerTools.WmlComparer.CompareInternal(WmlDocument source1, WmlDocument source2, WmlComparerSettings settings, Boolean preProcessMarkupInOriginal)
[xUnit.net 00:00:34.88]         J:\repos\knilecrack\Open-Xml-PowerTools\OpenXmlPowerTools\WmlComparer.cs(94,0): at OpenXmlPowerTools.WmlComparer.Compare(WmlDocument source1, WmlDocument source2, WmlComparerSettings settings)
[xUnit.net 00:00:34.88]         J:\repos\knilecrack\Open-Xml-PowerTools\OpenXmlPowerTools.Tests\WmlComparerTests.cs(651,0): at OxPt.WcTests.WC003_Compare(String testId, String name1, String name2, Int32 revisionCount)
[xUnit.net 00:00:34.88]            at InvokeStub_WcTests.WC003_Compare(Object, Span`1)
[xUnit.net 00:00:34.88]            at System.Reflection.MethodBaseInvoker.InvokeWithFewArgs(Object obj, BindingFlags invokeAttr, Binder binder, Object[] parameters, CultureInfo culture)
[xUnit.net 00:00:35.00]       System.InvalidOperationException : Unable to extract Package from DocumentFormat.OpenXml.Packaging.PackageUriHandlingExtensions+MalformedUriHandlingPackage. The SDK returned an unexpected package type. Expected Package or MalformedUriHandlingPackage with accessible inner Package.
[xUnit.net 00:00:35.00]       Stack Trace:
[xUnit.net 00:00:35.00]         J:\repos\knilecrack\Open-Xml-PowerTools\OpenXmlPowerTools\OxPtHelpers.cs(107,0): at OpenXmlPowerTools.OpenXmlPackageExtensions.GetPackage(OpenXmlPackage package)
[xUnit.net 00:00:35.00]         J:\repos\knilecrack\Open-Xml-PowerTools\OpenXmlPowerTools\WmlComparer.cs(4610,0): at OpenXmlPowerTools.WmlComparer.<>c__DisplayClass69_5.<CoalesceRecurse>b__17(ComparisonUnitAtom gce)
[xUnit.net 00:00:35.00]            at System.Linq.Enumerable.IEnumerableSelectIterator`2.MoveNext()
[xUnit.net 00:00:35.00]            at System.Xml.Linq.XContainer.AddContentSkipNotify(Object content)
[xUnit.net 00:00:35.00]            at System.Xml.Linq.XContainer.AddContentSkipNotify(Object content)
[xUnit.net 00:00:35.00]            at System.Xml.Linq.XContainer.AddContentSkipNotify(Object content)
[xUnit.net 00:00:35.00]            at System.Xml.Linq.XContainer.AddContentSkipNotify(Object content)
[xUnit.net 00:00:35.00]            at System.Xml.Linq.XContainer.AddContentSkipNotify(Object content)
[xUnit.net 00:00:35.00]            at System.Xml.Linq.XContainer.AddContentSkipNotify(Object content)
[xUnit.net 00:00:35.00]         J:\repos\knilecrack\Open-Xml-PowerTools\OpenXmlPowerTools\WmlComparer.cs(4558,0): at OpenXmlPowerTools.WmlComparer.<>c__DisplayClass69_0.<CoalesceRecurse>b__2(IGrouping`2 g)
[xUnit.net 00:00:35.00]            at System.Linq.Enumerable.IEnumerableWhereSelectIterator`2.ToList()
[xUnit.net 00:00:35.00]         J:\repos\knilecrack\Open-Xml-PowerTools\OpenXmlPowerTools\WmlComparer.cs(4481,0): at OpenXmlPowerTools.WmlComparer.CoalesceRecurse(OpenXmlPart part, IEnumerable`1 list, Int32 level, WmlComparerSettings settings)
[xUnit.net 00:00:35.00]         J:\repos\knilecrack\Open-Xml-PowerTools\OpenXmlPowerTools\WmlComparer.cs(4521,0): at OpenXmlPowerTools.WmlComparer.<>c__DisplayClass69_0.<CoalesceRecurse>b__5(IGrouping`2 gc)
[xUnit.net 00:00:35.00]            at System.Linq.Enumerable.ListSelectIterator`2.ToList()
[xUnit.net 00:00:35.00]         J:\repos\knilecrack\Open-Xml-PowerTools\OpenXmlPowerTools\WmlComparer.cs(4505,0): at OpenXmlPowerTools.WmlComparer.<>c__DisplayClass69_0.<CoalesceRecurse>b__2(IGrouping`2 g)
[xUnit.net 00:00:35.00]            at System.Linq.Enumerable.IEnumerableWhereSelectIterator`2.ToList()
[xUnit.net 00:00:35.00]         J:\repos\knilecrack\Open-Xml-PowerTools\OpenXmlPowerTools\WmlComparer.cs(4481,0): at OpenXmlPowerTools.WmlComparer.CoalesceRecurse(OpenXmlPart part, IEnumerable`1 list, Int32 level, WmlComparerSettings settings)
[xUnit.net 00:00:35.00]         J:\repos\knilecrack\Open-Xml-PowerTools\OpenXmlPowerTools\WmlComparer.cs(4842,0): at OpenXmlPowerTools.WmlComparer.ReconstructElement(OpenXmlPart part, IGrouping`2 g, XElement ancestorBeingConstructed, XName props1XName, XName props2XName, XName props3XName, Int32 level, WmlComparerSettings settings)
[xUnit.net 00:00:35.00]         J:\repos\knilecrack\Open-Xml-PowerTools\OpenXmlPowerTools\WmlComparer.cs(4728,0): at OpenXmlPowerTools.WmlComparer.<>c__DisplayClass69_0.<CoalesceRecurse>b__2(IGrouping`2 g)
[xUnit.net 00:00:35.00]            at System.Linq.Enumerable.IEnumerableWhereSelectIterator`2.ToList()
[xUnit.net 00:00:35.00]         J:\repos\knilecrack\Open-Xml-PowerTools\OpenXmlPowerTools\WmlComparer.cs(4481,0): at OpenXmlPowerTools.WmlComparer.CoalesceRecurse(OpenXmlPart part, IEnumerable`1 list, Int32 level, WmlComparerSettings settings)
[xUnit.net 00:00:35.00]         J:\repos\knilecrack\Open-Xml-PowerTools\OpenXmlPowerTools\WmlComparer.cs(4842,0): at OpenXmlPowerTools.WmlComparer.ReconstructElement(OpenXmlPart part, IGrouping`2 g, XElement ancestorBeingConstructed, XName props1XName, XName props2XName, XName props3XName, Int32 level, WmlComparerSettings settings)
[xUnit.net 00:00:35.00]         J:\repos\knilecrack\Open-Xml-PowerTools\OpenXmlPowerTools\WmlComparer.cs(4726,0): at OpenXmlPowerTools.WmlComparer.<>c__DisplayClass69_0.<CoalesceRecurse>b__2(IGrouping`2 g)
[xUnit.net 00:00:35.00]            at System.Linq.Enumerable.IEnumerableWhereSelectIterator`2.ToList()
[xUnit.net 00:00:35.00]         J:\repos\knilecrack\Open-Xml-PowerTools\OpenXmlPowerTools\WmlComparer.cs(4481,0): at OpenXmlPowerTools.WmlComparer.CoalesceRecurse(OpenXmlPart part, IEnumerable`1 list, Int32 level, WmlComparerSettings settings)
[xUnit.net 00:00:35.00]         J:\repos\knilecrack\Open-Xml-PowerTools\OpenXmlPowerTools\WmlComparer.cs(4842,0): at OpenXmlPowerTools.WmlComparer.ReconstructElement(OpenXmlPart part, IGrouping`2 g, XElement ancestorBeingConstructed, XName props1XName, XName props2XName, XName props3XName, Int32 level, WmlComparerSettings settings)
[xUnit.net 00:00:35.00]         J:\repos\knilecrack\Open-Xml-PowerTools\OpenXmlPowerTools\WmlComparer.cs(4724,0): at OpenXmlPowerTools.WmlComparer.<>c__DisplayClass69_0.<CoalesceRecurse>b__2(IGrouping`2 g)
[xUnit.net 00:00:35.00]            at System.Linq.Enumerable.IEnumerableWhereSelectIterator`2.ToList()
[xUnit.net 00:00:35.00]         J:\repos\knilecrack\Open-Xml-PowerTools\OpenXmlPowerTools\WmlComparer.cs(4481,0): at OpenXmlPowerTools.WmlComparer.CoalesceRecurse(OpenXmlPart part, IEnumerable`1 list, Int32 level, WmlComparerSettings settings)
[xUnit.net 00:00:35.00]         J:\repos\knilecrack\Open-Xml-PowerTools\OpenXmlPowerTools\WmlComparer.cs(4328,0): at OpenXmlPowerTools.WmlComparer.ProduceNewWmlMarkupFromCorrelatedSequence(OpenXmlPart part, IEnumerable`1 comparisonUnitAtomList, WmlComparerSettings settings)
[xUnit.net 00:00:35.00]         J:\repos\knilecrack\Open-Xml-PowerTools\OpenXmlPowerTools\WmlComparer.cs(1686,0): at OpenXmlPowerTools.WmlComparer.ProduceDocumentWithTrackedRevisions(WmlComparerSettings settings, WmlDocument wmlResult, WordprocessingDocument wDoc1, WordprocessingDocument wDoc2)
[xUnit.net 00:00:35.00]         J:\repos\knilecrack\Open-Xml-PowerTools\OpenXmlPowerTools\WmlComparer.cs(213,0): at OpenXmlPowerTools.WmlComparer.CompareInternal(WmlDocument source1, WmlDocument source2, WmlComparerSettings settings, Boolean preProcessMarkupInOriginal)
[xUnit.net 00:00:35.00]         J:\repos\knilecrack\Open-Xml-PowerTools\OpenXmlPowerTools\WmlComparer.cs(94,0): at OpenXmlPowerTools.WmlComparer.Compare(WmlDocument source1, WmlDocument source2, WmlComparerSettings settings)
[xUnit.net 00:00:35.00]         J:\repos\knilecrack\Open-Xml-PowerTools\OpenXmlPowerTools.Tests\WmlComparerTests.cs(651,0): at OxPt.WcTests.WC003_Compare(String testId, String name1, String name2, Int32 revisionCount)
[xUnit.net 00:00:35.00]            at InvokeStub_WcTests.WC003_Compare(Object, Span`1)
[xUnit.net 00:00:35.00]            at System.Reflection.MethodBaseInvoker.InvokeWithFewArgs(Object obj, BindingFlags invokeAttr, Binder binder, Object[] parameters, CultureInfo culture)
  Passed OxPt.WcTests.WC003_Compare(testId: "WC-1230", name1: "WC/WC012-Math-Before.docx", name2: "WC/WC012-Math-After.docx", revisionCount: 2) [100 ms]
  Passed OxPt.WcTests.WC003_Compare(testId: "WC-1970", name1: "WC/WC055-French.docx", name2: "WC/WC055-French-Mod.docx", revisionCount: 0) [115 ms]
  Passed OxPt.WcTests.WC003_Compare(testId: "WC-1800", name1: "RC/RC001-Before.docx", name2: "RC/RC001-After1.docx", revisionCount: 2) [91 ms]
  Passed OxPt.WcTests.WC003_Compare(testId: "WC-1870", name1: "WC/WC045-Text-Box.docx", name2: "WC/WC045-Text-Box-Mod.docx", revisionCount: 2) [93 ms]
  Passed OxPt.WcTests.WC003_Compare(testId: "WC-1020", name1: "WC/WC001-Digits.docx", name2: "WC/WC001-Digits-Deleted-Paragraph.docx", revisionCount: 1) [98 ms]
  Failed OxPt.WcTests.WC003_Compare(testId: "WC-1680", name1: "WC/WC034-Endnotes-Before.docx", name2: "WC/WC034-Endnotes-After1.docx", revisionCount: 1) [33 ms]
  Error Message:
   OpenXmlPowerTools.OpenXmlPowerToolsException : Internal error
  Stack Trace:
     at OpenXmlPowerTools.WmlComparer.<>c.<SetAfterUnids>b__75_1(XElement a) in J:\repos\knilecrack\Open-Xml-PowerTools\OpenXmlPowerTools\WmlComparer.cs:line 5017
   at System.Linq.Enumerable.ListWhereSelectIterator`2.ToArray()
   at OpenXmlPowerTools.WmlComparer.SetAfterUnids(CorrelatedSequence unknown) in J:\repos\knilecrack\Open-Xml-PowerTools\OpenXmlPowerTools\WmlComparer.cs:line 5011
   at OpenXmlPowerTools.WmlComparer.Lcs(ComparisonUnit[] cu1, ComparisonUnit[] cu2, WmlComparerSettings settings) in J:\repos\knilecrack\Open-Xml-PowerTools\OpenXmlPowerTools\WmlComparer.cs:line 4932
   at OpenXmlPowerTools.WmlComparer.ProcessFootnoteEndnote(WmlComparerSettings settings, List`1 listOfComparisonUnitAtoms, MainDocumentPart mainDocumentPartBefore, MainDocumentPart mainDocumentPartAfter, XDocument mainDocumentXDoc) in J:\repos\knilecrack\Open-Xml-PowerTools\OpenXmlPowerTools\WmlComparer.cs:line 2421
   at OpenXmlPowerTools.WmlComparer.ProduceDocumentWithTrackedRevisions(WmlComparerSettings settings, WmlDocument wmlResult, WordprocessingDocument wDoc1, WordprocessingDocument wDoc2) in J:\repos\knilecrack\Open-Xml-PowerTools\OpenXmlPowerTools\WmlComparer.cs:line 1698
   at OpenXmlPowerTools.WmlComparer.CompareInternal(WmlDocument source1, WmlDocument source2, WmlComparerSettings settings, Boolean preProcessMarkupInOriginal) in J:\repos\knilecrack\Open-Xml-PowerTools\OpenXmlPowerTools\WmlComparer.cs:line 213
   at OpenXmlPowerTools.WmlComparer.Compare(WmlDocument source1, WmlDocument source2, WmlComparerSettings settings) in J:\repos\knilecrack\Open-Xml-PowerTools\OpenXmlPowerTools\WmlComparer.cs:line 94
   at OxPt.WcTests.WC003_Compare(String testId, String name1, String name2, Int32 revisionCount) in J:\repos\knilecrack\Open-Xml-PowerTools\OpenXmlPowerTools.Tests\WmlComparerTests.cs:line 651
   at InvokeStub_WcTests.WC003_Compare(Object, Span`1)
   at System.Reflection.MethodBaseInvoker.InvokeWithFewArgs(Object obj, BindingFlags invokeAttr, Binder binder, Object[] parameters, CultureInfo culture)
  Failed OxPt.WcTests.WC003_Compare(testId: "WC-1340", name1: "WC/WC016-Para-Image-Para.docx", name2: "WC/WC016-Para-Image-Para-w-Deleted-Image.docx", revisionCount: 1) [49 ms]
  Error Message:
   System.InvalidOperationException : Unable to extract Package from DocumentFormat.OpenXml.Packaging.PackageUriHandlingExtensions+MalformedUriHandlingPackage. The SDK returned an unexpected package type. Expected Package or MalformedUriHandlingPackage with accessible inner Package.
  Stack Trace:
     at OpenXmlPowerTools.OpenXmlPackageExtensions.GetPackage(OpenXmlPackage package) in J:\repos\knilecrack\Open-Xml-PowerTools\OpenXmlPowerTools\OxPtHelpers.cs:line 107
   at OpenXmlPowerTools.WmlComparer.<>c__DisplayClass69_5.<CoalesceRecurse>b__17(ComparisonUnitAtom gce) in J:\repos\knilecrack\Open-Xml-PowerTools\OpenXmlPowerTools\WmlComparer.cs:line 4610
   at System.Linq.Enumerable.IEnumerableSelectIterator`2.MoveNext()
   at System.Xml.Linq.XContainer.AddContentSkipNotify(Object content)
   at System.Xml.Linq.XContainer.AddContentSkipNotify(Object content)
   at System.Xml.Linq.XContainer.AddContentSkipNotify(Object content)
   at System.Xml.Linq.XContainer.AddContentSkipNotify(Object content)
   at System.Xml.Linq.XContainer.AddContentSkipNotify(Object content)
   at System.Xml.Linq.XContainer.AddContentSkipNotify(Object content)
   at OpenXmlPowerTools.WmlComparer.<>c__DisplayClass69_0.<CoalesceRecurse>b__2(IGrouping`2 g) in J:\repos\knilecrack\Open-Xml-PowerTools\OpenXmlPowerTools\WmlComparer.cs:line 4558
   at System.Linq.Enumerable.IEnumerableWhereSelectIterator`2.ToList()
   at OpenXmlPowerTools.WmlComparer.CoalesceRecurse(OpenXmlPart part, IEnumerable`1 list, Int32 level, WmlComparerSettings settings) in J:\repos\knilecrack\Open-Xml-PowerTools\OpenXmlPowerTools\WmlComparer.cs:line 4481
   at OpenXmlPowerTools.WmlComparer.<>c__DisplayClass69_0.<CoalesceRecurse>b__5(IGrouping`2 gc) in J:\repos\knilecrack\Open-Xml-PowerTools\OpenXmlPowerTools\WmlComparer.cs:line 4521
   at System.Linq.Enumerable.ListSelectIterator`2.ToList()
   at OpenXmlPowerTools.WmlComparer.<>c__DisplayClass69_0.<CoalesceRecurse>b__2(IGrouping`2 g) in J:\repos\knilecrack\Open-Xml-PowerTools\OpenXmlPowerTools\WmlComparer.cs:line 4505
   at System.Linq.Enumerable.IEnumerableWhereSelectIterator`2.ToList()
   at OpenXmlPowerTools.WmlComparer.CoalesceRecurse(OpenXmlPart part, IEnumerable`1 list, Int32 level, WmlComparerSettings settings) in J:\repos\knilecrack\Open-Xml-PowerTools\OpenXmlPowerTools\WmlComparer.cs:line 4481
   at OpenXmlPowerTools.WmlComparer.ProduceNewWmlMarkupFromCorrelatedSequence(OpenXmlPart part, IEnumerable`1 comparisonUnitAtomList, WmlComparerSettings settings) in J:\repos\knilecrack\Open-Xml-PowerTools\OpenXmlPowerTools\WmlComparer.cs:line 4328
   at OpenXmlPowerTools.WmlComparer.ProduceDocumentWithTrackedRevisions(WmlComparerSettings settings, WmlDocument wmlResult, WordprocessingDocument wDoc1, WordprocessingDocument wDoc2) in J:\repos\knilecrack\Open-Xml-PowerTools\OpenXmlPowerTools\WmlComparer.cs:line 1686
   at OpenXmlPowerTools.WmlComparer.CompareInternal(WmlDocument source1, WmlDocument source2, WmlComparerSettings settings, Boolean preProcessMarkupInOriginal) in J:\repos\knilecrack\Open-Xml-PowerTools\OpenXmlPowerTools\WmlComparer.cs:line 213
   at OpenXmlPowerTools.WmlComparer.Compare(WmlDocument source1, WmlDocument source2, WmlComparerSettings settings) in J:\repos\knilecrack\Open-Xml-PowerTools\OpenXmlPowerTools\WmlComparer.cs:line 94
   at OxPt.WcTests.WC003_Compare(String testId, String name1, String name2, Int32 revisionCount) in J:\repos\knilecrack\Open-Xml-PowerTools\OpenXmlPowerTools.Tests\WmlComparerTests.cs:line 651
   at InvokeStub_WcTests.WC003_Compare(Object, Span`1)
   at System.Reflection.MethodBaseInvoker.InvokeWithFewArgs(Object obj, BindingFlags invokeAttr, Binder binder, Object[] parameters, CultureInfo culture)
  Failed OxPt.WcTests.WC003_Compare(testId: "WC-1400", name1: "WC/WC020-FootNote-Before.docx", name2: "WC/WC020-FootNote-After-1.docx", revisionCount: 3) [44 ms]
  Error Message:
   OpenXmlPowerTools.OpenXmlPowerToolsException : Internal error
  Stack Trace:
     at OpenXmlPowerTools.WmlComparer.<>c.<SetAfterUnids>b__75_1(XElement a) in J:\repos\knilecrack\Open-Xml-PowerTools\OpenXmlPowerTools\WmlComparer.cs:line 5017
   at System.Linq.Enumerable.ListWhereSelectIterator`2.ToArray()
   at OpenXmlPowerTools.WmlComparer.SetAfterUnids(CorrelatedSequence unknown) in J:\repos\knilecrack\Open-Xml-PowerTools\OpenXmlPowerTools\WmlComparer.cs:line 5011
   at OpenXmlPowerTools.WmlComparer.Lcs(ComparisonUnit[] cu1, ComparisonUnit[] cu2, WmlComparerSettings settings) in J:\repos\knilecrack\Open-Xml-PowerTools\OpenXmlPowerTools\WmlComparer.cs:line 4932
   at OpenXmlPowerTools.WmlComparer.ProcessFootnoteEndnote(WmlComparerSettings settings, List`1 listOfComparisonUnitAtoms, MainDocumentPart mainDocumentPartBefore, MainDocumentPart mainDocumentPartAfter, XDocument mainDocumentXDoc) in J:\repos\knilecrack\Open-Xml-PowerTools\OpenXmlPowerTools\WmlComparer.cs:line 2421
   at OpenXmlPowerTools.WmlComparer.ProduceDocumentWithTrackedRevisions(WmlComparerSettings settings, WmlDocument wmlResult, WordprocessingDocument wDoc1, WordprocessingDocument wDoc2) in J:\repos\knilecrack\Open-Xml-PowerTools\OpenXmlPowerTools\WmlComparer.cs:line 1698
   at OpenXmlPowerTools.WmlComparer.CompareInternal(WmlDocument source1, WmlDocument source2, WmlComparerSettings settings, Boolean preProcessMarkupInOriginal) in J:\repos\knilecrack\Open-Xml-PowerTools\OpenXmlPowerTools\WmlComparer.cs:line 213
   at OpenXmlPowerTools.WmlComparer.Compare(WmlDocument source1, WmlDocument source2, WmlComparerSettings settings) in J:\repos\knilecrack\Open-Xml-PowerTools\OpenXmlPowerTools\WmlComparer.cs:line 94
   at OxPt.WcTests.WC003_Compare(String testId, String name1, String name2, Int32 revisionCount) in J:\repos\knilecrack\Open-Xml-PowerTools\OpenXmlPowerTools.Tests\WmlComparerTests.cs:line 651
   at InvokeStub_WcTests.WC003_Compare(Object, Span`1)
   at System.Reflection.MethodBaseInvoker.InvokeWithFewArgs(Object obj, BindingFlags invokeAttr, Binder binder, Object[] parameters, CultureInfo culture)
  Failed OxPt.WcTests.WC003_Compare(testId: "WC-1450", name1: "WC/WC023-Table-4-Row-Image-Before.docx", name2: "WC/WC023-Table-4-Row-Image-After-Delete-1-Row.docx", revisionCount: 7) [114 ms]
  Error Message:
   System.InvalidOperationException : Unable to extract Package from DocumentFormat.OpenXml.Packaging.PackageUriHandlingExtensions+MalformedUriHandlingPackage. The SDK returned an unexpected package type. Expected Package or MalformedUriHandlingPackage with accessible inner Package.
  Stack Trace:
     at OpenXmlPowerTools.OpenXmlPackageExtensions.GetPackage(OpenXmlPackage package) in J:\repos\knilecrack\Open-Xml-PowerTools\OpenXmlPowerTools\OxPtHelpers.cs:line 107
   at OpenXmlPowerTools.WmlComparer.<>c__DisplayClass69_5.<CoalesceRecurse>b__17(ComparisonUnitAtom gce) in J:\repos\knilecrack\Open-Xml-PowerTools\OpenXmlPowerTools\WmlComparer.cs:line 4610
   at System.Linq.Enumerable.IEnumerableSelectIterator`2.MoveNext()
   at System.Xml.Linq.XContainer.AddContentSkipNotify(Object content)
   at System.Xml.Linq.XContainer.AddContentSkipNotify(Object content)
   at System.Xml.Linq.XContainer.AddContentSkipNotify(Object content)
   at System.Xml.Linq.XContainer.AddContentSkipNotify(Object content)
   at System.Xml.Linq.XContainer.AddContentSkipNotify(Object content)
   at System.Xml.Linq.XContainer.AddContentSkipNotify(Object content)
   at OpenXmlPowerTools.WmlComparer.<>c__DisplayClass69_0.<CoalesceRecurse>b__2(IGrouping`2 g) in J:\repos\knilecrack\Open-Xml-PowerTools\OpenXmlPowerTools\WmlComparer.cs:line 4558
   at System.Linq.Enumerable.IEnumerableWhereSelectIterator`2.ToList()
   at OpenXmlPowerTools.WmlComparer.CoalesceRecurse(OpenXmlPart part, IEnumerable`1 list, Int32 level, WmlComparerSettings settings) in J:\repos\knilecrack\Open-Xml-PowerTools\OpenXmlPowerTools\WmlComparer.cs:line 4481
   at OpenXmlPowerTools.WmlComparer.<>c__DisplayClass69_0.<CoalesceRecurse>b__5(IGrouping`2 gc) in J:\repos\knilecrack\Open-Xml-PowerTools\OpenXmlPowerTools\WmlComparer.cs:line 4521
   at System.Linq.Enumerable.ListSelectIterator`2.ToList()
   at OpenXmlPowerTools.WmlComparer.<>c__DisplayClass69_0.<CoalesceRecurse>b__2(IGrouping`2 g) in J:\repos\knilecrack\Open-Xml-PowerTools\OpenXmlPowerTools\WmlComparer.cs:line 4505
   at System.Linq.Enumerable.IEnumerableWhereSelectIterator`2.ToList()
   at OpenXmlPowerTools.WmlComparer.CoalesceRecurse(OpenXmlPart part, IEnumerable`1 list, Int32 level, WmlComparerSettings settings) in J:\repos\knilecrack\Open-Xml-PowerTools\OpenXmlPowerTools\WmlComparer.cs:line 4481
   at OpenXmlPowerTools.WmlComparer.ReconstructElement(OpenXmlPart part, IGrouping`2 g, XElement ancestorBeingConstructed, XName props1XName, XName props2XName, XName props3XName, Int32 level, WmlComparerSettings settings) in J:\repos\knilecrack\Open-Xml-PowerTools\OpenXmlPowerTools\WmlComparer.cs:line 4842
   at OpenXmlPowerTools.WmlComparer.<>c__DisplayClass69_0.<CoalesceRecurse>b__2(IGrouping`2 g) in J:\repos\knilecrack\Open-Xml-PowerTools\OpenXmlPowerTools\WmlComparer.cs:line 4728
   at System.Linq.Enumerable.IEnumerableWhereSelectIterator`2.ToList()
   at OpenXmlPowerTools.WmlComparer.CoalesceRecurse(OpenXmlPart part, IEnumerable`1 list, Int32 level, WmlComparerSettings settings) in J:\repos\knilecrack\Open-Xml-PowerTools\OpenXmlPowerTools\WmlComparer.cs:line 4481
   at OpenXmlPowerTools.WmlComparer.ReconstructElement(OpenXmlPart part, IGrouping`2 g, XElement ancestorBeingConstructed, XName props1XName, XName props2XName, XName props3XName, Int32 level, WmlComparerSettings settings) in J:\repos\knilecrack\Open-Xml-PowerTools\OpenXmlPowerTools\WmlComparer.cs:line 4842
   at OpenXmlPowerTools.WmlComparer.<>c__DisplayClass69_0.<CoalesceRecurse>b__2(IGrouping`2 g) in J:\repos\knilecrack\Open-Xml-PowerTools\OpenXmlPowerTools\WmlComparer.cs:line 4726
   at System.Linq.Enumerable.IEnumerableWhereSelectIterator`2.ToList()
   at OpenXmlPowerTools.WmlComparer.CoalesceRecurse(OpenXmlPart part, IEnumerable`1 list, Int32 level, WmlComparerSettings settings) in J:\repos\knilecrack\Open-Xml-PowerTools\OpenXmlPowerTools\WmlComparer.cs:line 4481
   at OpenXmlPowerTools.WmlComparer.ReconstructElement(OpenXmlPart part, IGrouping`2 g, XElement ancestorBeingConstructed, XName props1XName, XName props2XName, XName props3XName, Int32 level, WmlComparerSettings settings) in J:\repos\knilecrack\Open-Xml-PowerTools\OpenXmlPowerTools\WmlComparer.cs:line 4842
   at OpenXmlPowerTools.WmlComparer.<>c__DisplayClass69_0.<CoalesceRecurse>b__2(IGrouping`2 g) in J:\repos\knilecrack\Open-Xml-PowerTools\OpenXmlPowerTools\WmlComparer.cs:line 4724
   at System.Linq.Enumerable.IEnumerableWhereSelectIterator`2.ToList()
   at OpenXmlPowerTools.WmlComparer.CoalesceRecurse(OpenXmlPart part, IEnumerable`1 list, Int32 level, WmlComparerSettings settings) in J:\repos\knilecrack\Open-Xml-PowerTools\OpenXmlPowerTools\WmlComparer.cs:line 4481
   at OpenXmlPowerTools.WmlComparer.ProduceNewWmlMarkupFromCorrelatedSequence(OpenXmlPart part, IEnumerable`1 comparisonUnitAtomList, WmlComparerSettings settings) in J:\repos\knilecrack\Open-Xml-PowerTools\OpenXmlPowerTools\WmlComparer.cs:line 4328
   at OpenXmlPowerTools.WmlComparer.ProduceDocumentWithTrackedRevisions(WmlComparerSettings settings, WmlDocument wmlResult, WordprocessingDocument wDoc1, WordprocessingDocument wDoc2) in J:\repos\knilecrack\Open-Xml-PowerTools\OpenXmlPowerTools\WmlComparer.cs:line 1686
   at OpenXmlPowerTools.WmlComparer.CompareInternal(WmlDocument source1, WmlDocument source2, WmlComparerSettings settings, Boolean preProcessMarkupInOriginal) in J:\repos\knilecrack\Open-Xml-PowerTools\OpenXmlPowerTools\WmlComparer.cs:line 213
   at OpenXmlPowerTools.WmlComparer.Compare(WmlDocument source1, WmlDocument source2, WmlComparerSettings settings) in J:\repos\knilecrack\Open-Xml-PowerTools\OpenXmlPowerTools\WmlComparer.cs:line 94
   at OxPt.WcTests.WC003_Compare(String testId, String name1, String name2, Int32 revisionCount) in J:\repos\knilecrack\Open-Xml-PowerTools\OpenXmlPowerTools.Tests\WmlComparerTests.cs:line 651
   at InvokeStub_WcTests.WC003_Compare(Object, Span`1)
   at System.Reflection.MethodBaseInvoker.InvokeWithFewArgs(Object obj, BindingFlags invokeAttr, Binder binder, Object[] parameters, CultureInfo culture)
[xUnit.net 00:00:35.47]       OpenXmlPowerTools.OpenXmlPowerToolsException : Internal error
[xUnit.net 00:00:35.47]       Stack Trace:
[xUnit.net 00:00:35.47]         J:\repos\knilecrack\Open-Xml-PowerTools\OpenXmlPowerTools\WmlComparer.cs(5017,0): at OpenXmlPowerTools.WmlComparer.<>c.<SetAfterUnids>b__75_1(XElement a)
[xUnit.net 00:00:35.47]            at System.Linq.Enumerable.ListWhereSelectIterator`2.ToArray()
[xUnit.net 00:00:35.47]         J:\repos\knilecrack\Open-Xml-PowerTools\OpenXmlPowerTools\WmlComparer.cs(5011,0): at OpenXmlPowerTools.WmlComparer.SetAfterUnids(CorrelatedSequence unknown)
[xUnit.net 00:00:35.47]         J:\repos\knilecrack\Open-Xml-PowerTools\OpenXmlPowerTools\WmlComparer.cs(4932,0): at OpenXmlPowerTools.WmlComparer.Lcs(ComparisonUnit[] cu1, ComparisonUnit[] cu2, WmlComparerSettings settings)
[xUnit.net 00:00:35.47]         J:\repos\knilecrack\Open-Xml-PowerTools\OpenXmlPowerTools\WmlComparer.cs(2421,0): at OpenXmlPowerTools.WmlComparer.ProcessFootnoteEndnote(WmlComparerSettings settings, List`1 listOfComparisonUnitAtoms, MainDocumentPart mainDocumentPartBefore, MainDocumentPart mainDocumentPartAfter, XDocument mainDocumentXDoc)
[xUnit.net 00:00:35.47]         J:\repos\knilecrack\Open-Xml-PowerTools\OpenXmlPowerTools\WmlComparer.cs(1698,0): at OpenXmlPowerTools.WmlComparer.ProduceDocumentWithTrackedRevisions(WmlComparerSettings settings, WmlDocument wmlResult, WordprocessingDocument wDoc1, WordprocessingDocument wDoc2)
[xUnit.net 00:00:35.47]         J:\repos\knilecrack\Open-Xml-PowerTools\OpenXmlPowerTools\WmlComparer.cs(213,0): at OpenXmlPowerTools.WmlComparer.CompareInternal(WmlDocument source1, WmlDocument source2, WmlComparerSettings settings, Boolean preProcessMarkupInOriginal)
[xUnit.net 00:00:35.47]         J:\repos\knilecrack\Open-Xml-PowerTools\OpenXmlPowerTools\WmlComparer.cs(94,0): at OpenXmlPowerTools.WmlComparer.Compare(WmlDocument source1, WmlDocument source2, WmlComparerSettings settings)
[xUnit.net 00:00:35.47]         J:\repos\knilecrack\Open-Xml-PowerTools\OpenXmlPowerTools.Tests\WmlComparerTests.cs(651,0): at OxPt.WcTests.WC003_Compare(String testId, String name1, String name2, Int32 revisionCount)
[xUnit.net 00:00:35.47]            at InvokeStub_WcTests.WC003_Compare(Object, Span`1)
[xUnit.net 00:00:35.47]            at System.Reflection.MethodBaseInvoker.InvokeWithFewArgs(Object obj, BindingFlags invokeAttr, Binder binder, Object[] parameters, CultureInfo culture)
  Passed OxPt.WcTests.WC003_Compare(testId: "WC-1150", name1: "WC/WC006-Table-Delete-Row.docx", name2: "WC/WC006-Table.docx", revisionCount: 1) [150 ms]
  Passed OxPt.WcTests.WC003_Compare(testId: "WC-1430", name1: "WC/WC021-Math-Before-2.docx", name2: "WC/WC021-Math-After-2.docx", revisionCount: 6) [142 ms]
  Passed OxPt.WcTests.WC003_Compare(testId: "WC-1520", name1: "WC/WC027-Twenty-Paras-After-1.docx", name2: "WC/WC027-Twenty-Paras-Before.docx", revisionCount: 2) [142 ms]
  Failed OxPt.WcTests.WC003_Compare(testId: "WC-1600", name1: "WC/WC034-Footnotes-Before.docx", name2: "WC/WC034-Footnotes-After1.docx", revisionCount: 1) [33 ms]
  Error Message:
   OpenXmlPowerTools.OpenXmlPowerToolsException : Internal error
  Stack Trace:
     at OpenXmlPowerTools.WmlComparer.<>c.<SetAfterUnids>b__75_1(XElement a) in J:\repos\knilecrack\Open-Xml-PowerTools\OpenXmlPowerTools\WmlComparer.cs:line 5017
   at System.Linq.Enumerable.ListWhereSelectIterator`2.ToArray()
   at OpenXmlPowerTools.WmlComparer.SetAfterUnids(CorrelatedSequence unknown) in J:\repos\knilecrack\Open-Xml-PowerTools\OpenXmlPowerTools\WmlComparer.cs:line 5011
   at OpenXmlPowerTools.WmlComparer.Lcs(ComparisonUnit[] cu1, ComparisonUnit[] cu2, WmlComparerSettings settings) in J:\repos\knilecrack\Open-Xml-PowerTools\OpenXmlPowerTools\WmlComparer.cs:line 4932
   at OpenXmlPowerTools.WmlComparer.ProcessFootnoteEndnote(WmlComparerSettings settings, List`1 listOfComparisonUnitAtoms, MainDocumentPart mainDocumentPartBefore, MainDocumentPart mainDocumentPartAfter, XDocument mainDocumentXDoc) in J:\repos\knilecrack\Open-Xml-PowerTools\OpenXmlPowerTools\WmlComparer.cs:line 2421
   at OpenXmlPowerTools.WmlComparer.ProduceDocumentWithTrackedRevisions(WmlComparerSettings settings, WmlDocument wmlResult, WordprocessingDocument wDoc1, WordprocessingDocument wDoc2) in J:\repos\knilecrack\Open-Xml-PowerTools\OpenXmlPowerTools\WmlComparer.cs:line 1698
   at OpenXmlPowerTools.WmlComparer.CompareInternal(WmlDocument source1, WmlDocument source2, WmlComparerSettings settings, Boolean preProcessMarkupInOriginal) in J:\repos\knilecrack\Open-Xml-PowerTools\OpenXmlPowerTools\WmlComparer.cs:line 213
   at OpenXmlPowerTools.WmlComparer.Compare(WmlDocument source1, WmlDocument source2, WmlComparerSettings settings) in J:\repos\knilecrack\Open-Xml-PowerTools\OpenXmlPowerTools\WmlComparer.cs:line 94
   at OxPt.WcTests.WC003_Compare(String testId, String name1, String name2, Int32 revisionCount) in J:\repos\knilecrack\Open-Xml-PowerTools\OpenXmlPowerTools.Tests\WmlComparerTests.cs:line 651
   at InvokeStub_WcTests.WC003_Compare(Object, Span`1)
   at System.Reflection.MethodBaseInvoker.InvokeWithFewArgs(Object obj, BindingFlags invokeAttr, Binder binder, Object[] parameters, CultureInfo culture)
  Passed OxPt.WcTests.WC003_Compare(testId: "WC-1560", name1: "WC/WC032-Para-with-Para-Props.docx", name2: "WC/WC032-Para-with-Para-Props-After.docx", revisionCount: 3) [88 ms]
  Passed OxPt.WcTests.WC003_Compare(testId: "WC-1040", name1: "WC/WC002-Unmodified.docx", name2: "WC/WC002-DiffInMiddle.docx", revisionCount: 2) [146 ms]
  Passed OxPt.WcTests.WC003_Compare(testId: "WC-1280", name1: "WC/WC014-SmartArt-With-Image-Before.docx", name2: "WC/WC014-SmartArt-With-Image-After.docx", revisionCount: 2) [195 ms]
  Passed OxPt.WcTests.WC003_Compare(testId: "WC-1360", name1: "WC/WC018-Field-Simple-Before.docx", name2: "WC/WC018-Field-Simple-After-1.docx", revisionCount: 2) [87 ms]
  Passed OxPt.WcTests.WC003_Compare(testId: "WC-1570", name1: "WC/WC033-Merged-Cells-Before.docx", name2: "WC/WC033-Merged-Cells-After1.docx", revisionCount: 2) [101 ms]
[xUnit.net 00:00:36.81]       OpenXmlPowerTools.OpenXmlPowerToolsException : Internal error
[xUnit.net 00:00:36.81]       Stack Trace:
[xUnit.net 00:00:36.81]         J:\repos\knilecrack\Open-Xml-PowerTools\OpenXmlPowerTools\WmlComparer.cs(5017,0): at OpenXmlPowerTools.WmlComparer.<>c.<SetAfterUnids>b__75_1(XElement a)
[xUnit.net 00:00:36.82]            at System.Linq.Enumerable.ListWhereSelectIterator`2.ToArray()
[xUnit.net 00:00:36.82]         J:\repos\knilecrack\Open-Xml-PowerTools\OpenXmlPowerTools\WmlComparer.cs(5011,0): at OpenXmlPowerTools.WmlComparer.SetAfterUnids(CorrelatedSequence unknown)
[xUnit.net 00:00:36.82]         J:\repos\knilecrack\Open-Xml-PowerTools\OpenXmlPowerTools\WmlComparer.cs(4932,0): at OpenXmlPowerTools.WmlComparer.Lcs(ComparisonUnit[] cu1, ComparisonUnit[] cu2, WmlComparerSettings settings)
[xUnit.net 00:00:36.82]         J:\repos\knilecrack\Open-Xml-PowerTools\OpenXmlPowerTools\WmlComparer.cs(2421,0): at OpenXmlPowerTools.WmlComparer.ProcessFootnoteEndnote(WmlComparerSettings settings, List`1 listOfComparisonUnitAtoms, MainDocumentPart mainDocumentPartBefore, MainDocumentPart mainDocumentPartAfter, XDocument mainDocumentXDoc)
[xUnit.net 00:00:36.82]         J:\repos\knilecrack\Open-Xml-PowerTools\OpenXmlPowerTools\WmlComparer.cs(1698,0): at OpenXmlPowerTools.WmlComparer.ProduceDocumentWithTrackedRevisions(WmlComparerSettings settings, WmlDocument wmlResult, WordprocessingDocument wDoc1, WordprocessingDocument wDoc2)
[xUnit.net 00:00:36.82]         J:\repos\knilecrack\Open-Xml-PowerTools\OpenXmlPowerTools\WmlComparer.cs(213,0): at OpenXmlPowerTools.WmlComparer.CompareInternal(WmlDocument source1, WmlDocument source2, WmlComparerSettings settings, Boolean preProcessMarkupInOriginal)
[xUnit.net 00:00:36.82]         J:\repos\knilecrack\Open-Xml-PowerTools\OpenXmlPowerTools\WmlComparer.cs(94,0): at OpenXmlPowerTools.WmlComparer.Compare(WmlDocument source1, WmlDocument source2, WmlComparerSettings settings)
[xUnit.net 00:00:36.82]         J:\repos\knilecrack\Open-Xml-PowerTools\OpenXmlPowerTools.Tests\WmlComparerTests.cs(651,0): at OxPt.WcTests.WC003_Compare(String testId, String name1, String name2, Int32 revisionCount)
[xUnit.net 00:00:36.82]            at InvokeStub_WcTests.WC003_Compare(Object, Span`1)
[xUnit.net 00:00:36.82]            at System.Reflection.MethodBaseInvoker.InvokeWithFewArgs(Object obj, BindingFlags invokeAttr, Binder binder, Object[] parameters, CultureInfo culture)
  Passed OxPt.WcTests.WC003_Compare(testId: "WC-1900", name1: "WC/WC048-Text-Box-in-Cell.docx", name2: "WC/WC048-Text-Box-in-Cell-Mod.docx", revisionCount: 6) [245 ms]
  Passed OxPt.WcTests.WC003_Compare(testId: "WC-1820", name1: "WC/WC039-Break-In-Row.docx", name2: "WC/WC039-Break-In-Row-After1.docx", revisionCount: 1) [116 ms]
  Passed OxPt.WcTests.WC003_Compare(testId: "WC-1890", name1: "WC/WC047-Two-Text-Box.docx", name2: "WC/WC047-Two-Text-Box-Mod.docx", revisionCount: 2) [125 ms]
  Passed OxPt.WcTests.WC003_Compare(testId: "WC-1060", name1: "WC/WC002-Unmodified.docx", name2: "WC/WC002-DeleteAtBeginning.docx", revisionCount: 1) [102 ms]
  Passed OxPt.WcTests.WC003_Compare(testId: "WC-1390", name1: "WC/WC019-Hyperlink-Before.docx", name2: "WC/WC019-Hyperlink-After-2.docx", revisionCount: 5) [103 ms]
  Failed OxPt.WcTests.WC003_Compare(testId: "WC-2070", name1: "WC/WC064-Footnote.docx", name2: "WC/WC064-Footnote-Mod.docx", revisionCount: 0) [33 ms]
  Error Message:
   OpenXmlPowerTools.OpenXmlPowerToolsException : Internal error
  Stack Trace:
     at OpenXmlPowerTools.WmlComparer.<>c.<SetAfterUnids>b__75_1(XElement a) in J:\repos\knilecrack\Open-Xml-PowerTools\OpenXmlPowerTools\WmlComparer.cs:line 5017
   at System.Linq.Enumerable.ListWhereSelectIterator`2.ToArray()
   at OpenXmlPowerTools.WmlComparer.SetAfterUnids(CorrelatedSequence unknown) in J:\repos\knilecrack\Open-Xml-PowerTools\OpenXmlPowerTools\WmlComparer.cs:line 5011
   at OpenXmlPowerTools.WmlComparer.Lcs(ComparisonUnit[] cu1, ComparisonUnit[] cu2, WmlComparerSettings settings) in J:\repos\knilecrack\Open-Xml-PowerTools\OpenXmlPowerTools\WmlComparer.cs:line 4932
   at OpenXmlPowerTools.WmlComparer.ProcessFootnoteEndnote(WmlComparerSettings settings, List`1 listOfComparisonUnitAtoms, MainDocumentPart mainDocumentPartBefore, MainDocumentPart mainDocumentPartAfter, XDocument mainDocumentXDoc) in J:\repos\knilecrack\Open-Xml-PowerTools\OpenXmlPowerTools\WmlComparer.cs:line 2421
   at OpenXmlPowerTools.WmlComparer.ProduceDocumentWithTrackedRevisions(WmlComparerSettings settings, WmlDocument wmlResult, WordprocessingDocument wDoc1, WordprocessingDocument wDoc2) in J:\repos\knilecrack\Open-Xml-PowerTools\OpenXmlPowerTools\WmlComparer.cs:line 1698
   at OpenXmlPowerTools.WmlComparer.CompareInternal(WmlDocument source1, WmlDocument source2, WmlComparerSettings settings, Boolean preProcessMarkupInOriginal) in J:\repos\knilecrack\Open-Xml-PowerTools\OpenXmlPowerTools\WmlComparer.cs:line 213
   at OpenXmlPowerTools.WmlComparer.Compare(WmlDocument source1, WmlDocument source2, WmlComparerSettings settings) in J:\repos\knilecrack\Open-Xml-PowerTools\OpenXmlPowerTools\WmlComparer.cs:line 94
   at OxPt.WcTests.WC003_Compare(String testId, String name1, String name2, Int32 revisionCount) in J:\repos\knilecrack\Open-Xml-PowerTools\OpenXmlPowerTools.Tests\WmlComparerTests.cs:line 651
   at InvokeStub_WcTests.WC003_Compare(Object, Span`1)
   at System.Reflection.MethodBaseInvoker.InvokeWithFewArgs(Object obj, BindingFlags invokeAttr, Binder binder, Object[] parameters, CultureInfo culture)
  Passed OxPt.WcTests.WC003_Compare(testId: "WC-2090", name1: "WC/WC066-Textbox-Before-Ins.docx", name2: "WC/WC066-Textbox-Before-Ins-Mod.docx", revisionCount: 1) [101 ms]
  Passed OxPt.WcTests.WC003_Compare(testId: "WC-1170", name1: "WC/WC007-Unmodified.docx", name2: "WC/WC007-Longest-At-End.docx", revisionCount: 2) [95 ms]
  Passed OxPt.WcTests.WC003_Compare(testId: "WC-1260", name1: "WC/WC013-Image-Before2.docx", name2: "WC/WC013-Image-After2.docx", revisionCount: 2) [100 ms]
[xUnit.net 00:00:37.16]       System.InvalidOperationException : Unable to extract Package from DocumentFormat.OpenXml.Packaging.PackageUriHandlingExtensions+MalformedUriHandlingPackage. The SDK returned an unexpected package type. Expected Package or MalformedUriHandlingPackage with accessible inner Package.
[xUnit.net 00:00:37.16]       Stack Trace:
[xUnit.net 00:00:37.16]         J:\repos\knilecrack\Open-Xml-PowerTools\OpenXmlPowerTools\OxPtHelpers.cs(107,0): at OpenXmlPowerTools.OpenXmlPackageExtensions.GetPackage(OpenXmlPackage package)
[xUnit.net 00:00:37.16]         J:\repos\knilecrack\Open-Xml-PowerTools\OpenXmlPowerTools\WmlComparer.cs(4610,0): at OpenXmlPowerTools.WmlComparer.<>c__DisplayClass69_5.<CoalesceRecurse>b__17(ComparisonUnitAtom gce)
[xUnit.net 00:00:37.16]            at System.Linq.Enumerable.IEnumerableSelectIterator`2.MoveNext()
[xUnit.net 00:00:37.16]            at System.Xml.Linq.XContainer.AddContentSkipNotify(Object content)
[xUnit.net 00:00:37.16]            at System.Xml.Linq.XContainer.AddContentSkipNotify(Object content)
[xUnit.net 00:00:37.16]            at System.Xml.Linq.XContainer.AddContentSkipNotify(Object content)
[xUnit.net 00:00:37.16]            at System.Xml.Linq.XContainer.AddContentSkipNotify(Object content)
[xUnit.net 00:00:37.16]            at System.Xml.Linq.XContainer.AddContentSkipNotify(Object content)
[xUnit.net 00:00:37.16]            at System.Xml.Linq.XContainer.AddContentSkipNotify(Object content)
[xUnit.net 00:00:37.16]         J:\repos\knilecrack\Open-Xml-PowerTools\OpenXmlPowerTools\WmlComparer.cs(4558,0): at OpenXmlPowerTools.WmlComparer.<>c__DisplayClass69_0.<CoalesceRecurse>b__2(IGrouping`2 g)
[xUnit.net 00:00:37.16]            at System.Linq.Enumerable.IEnumerableWhereSelectIterator`2.ToList()
[xUnit.net 00:00:37.16]         J:\repos\knilecrack\Open-Xml-PowerTools\OpenXmlPowerTools\WmlComparer.cs(4481,0): at OpenXmlPowerTools.WmlComparer.CoalesceRecurse(OpenXmlPart part, IEnumerable`1 list, Int32 level, WmlComparerSettings settings)
[xUnit.net 00:00:37.16]         J:\repos\knilecrack\Open-Xml-PowerTools\OpenXmlPowerTools\WmlComparer.cs(4521,0): at OpenXmlPowerTools.WmlComparer.<>c__DisplayClass69_0.<CoalesceRecurse>b__5(IGrouping`2 gc)
[xUnit.net 00:00:37.16]            at System.Linq.Enumerable.ListSelectIterator`2.ToList()
[xUnit.net 00:00:37.16]         J:\repos\knilecrack\Open-Xml-PowerTools\OpenXmlPowerTools\WmlComparer.cs(4505,0): at OpenXmlPowerTools.WmlComparer.<>c__DisplayClass69_0.<CoalesceRecurse>b__2(IGrouping`2 g)
[xUnit.net 00:00:37.16]            at System.Linq.Enumerable.IEnumerableWhereSelectIterator`2.ToList()
[xUnit.net 00:00:37.16]         J:\repos\knilecrack\Open-Xml-PowerTools\OpenXmlPowerTools\WmlComparer.cs(4481,0): at OpenXmlPowerTools.WmlComparer.CoalesceRecurse(OpenXmlPart part, IEnumerable`1 list, Int32 level, WmlComparerSettings settings)
[xUnit.net 00:00:37.16]         J:\repos\knilecrack\Open-Xml-PowerTools\OpenXmlPowerTools\WmlComparer.cs(4328,0): at OpenXmlPowerTools.WmlComparer.ProduceNewWmlMarkupFromCorrelatedSequence(OpenXmlPart part, IEnumerable`1 comparisonUnitAtomList, WmlComparerSettings settings)
[xUnit.net 00:00:37.16]         J:\repos\knilecrack\Open-Xml-PowerTools\OpenXmlPowerTools\WmlComparer.cs(1686,0): at OpenXmlPowerTools.WmlComparer.ProduceDocumentWithTrackedRevisions(WmlComparerSettings settings, WmlDocument wmlResult, WordprocessingDocument wDoc1, WordprocessingDocument wDoc2)
[xUnit.net 00:00:37.16]         J:\repos\knilecrack\Open-Xml-PowerTools\OpenXmlPowerTools\WmlComparer.cs(213,0): at OpenXmlPowerTools.WmlComparer.CompareInternal(WmlDocument source1, WmlDocument source2, WmlComparerSettings settings, Boolean preProcessMarkupInOriginal)
[xUnit.net 00:00:37.16]         J:\repos\knilecrack\Open-Xml-PowerTools\OpenXmlPowerTools\WmlComparer.cs(94,0): at OpenXmlPowerTools.WmlComparer.Compare(WmlDocument source1, WmlDocument source2, WmlComparerSettings settings)
[xUnit.net 00:00:37.16]         J:\repos\knilecrack\Open-Xml-PowerTools\OpenXmlPowerTools.Tests\WmlComparerTests.cs(651,0): at OxPt.WcTests.WC003_Compare(String testId, String name1, String name2, Int32 revisionCount)
[xUnit.net 00:00:37.16]            at InvokeStub_WcTests.WC003_Compare(Object, Span`1)
[xUnit.net 00:00:37.16]            at System.Reflection.MethodBaseInvoker.InvokeWithFewArgs(Object obj, BindingFlags invokeAttr, Binder binder, Object[] parameters, CultureInfo culture)
[xUnit.net 00:00:37.20]       Assert.Equal() Failure: Values differ
[xUnit.net 00:00:37.20]       Expected: 2
[xUnit.net 00:00:37.20]       Actual:   10
[xUnit.net 00:00:37.20]       Stack Trace:
[xUnit.net 00:00:37.20]         J:\repos\knilecrack\Open-Xml-PowerTools\OpenXmlPowerTools.Tests\WmlComparerTests.cs(757,0): at OxPt.WcTests.WC003_Compare(String testId, String name1, String name2, Int32 revisionCount)
[xUnit.net 00:00:37.20]            at InvokeStub_WcTests.WC003_Compare(Object, Span`1)
[xUnit.net 00:00:37.20]            at System.Reflection.MethodBaseInvoker.InvokeWithFewArgs(Object obj, BindingFlags invokeAttr, Binder binder, Object[] parameters, CultureInfo culture)
[xUnit.net 00:00:37.27]       OpenXmlPowerTools.OpenXmlPowerToolsException : Internal error
[xUnit.net 00:00:37.27]       Stack Trace:
[xUnit.net 00:00:37.27]         J:\repos\knilecrack\Open-Xml-PowerTools\OpenXmlPowerTools\WmlComparer.cs(5017,0): at OpenXmlPowerTools.WmlComparer.<>c.<SetAfterUnids>b__75_1(XElement a)
[xUnit.net 00:00:37.27]            at System.Linq.Enumerable.ListWhereSelectIterator`2.ToArray()
[xUnit.net 00:00:37.27]         J:\repos\knilecrack\Open-Xml-PowerTools\OpenXmlPowerTools\WmlComparer.cs(5011,0): at OpenXmlPowerTools.WmlComparer.SetAfterUnids(CorrelatedSequence unknown)
[xUnit.net 00:00:37.27]         J:\repos\knilecrack\Open-Xml-PowerTools\OpenXmlPowerTools\WmlComparer.cs(4932,0): at OpenXmlPowerTools.WmlComparer.Lcs(ComparisonUnit[] cu1, ComparisonUnit[] cu2, WmlComparerSettings settings)
[xUnit.net 00:00:37.27]         J:\repos\knilecrack\Open-Xml-PowerTools\OpenXmlPowerTools\WmlComparer.cs(2421,0): at OpenXmlPowerTools.WmlComparer.ProcessFootnoteEndnote(WmlComparerSettings settings, List`1 listOfComparisonUnitAtoms, MainDocumentPart mainDocumentPartBefore, MainDocumentPart mainDocumentPartAfter, XDocument mainDocumentXDoc)
[xUnit.net 00:00:37.27]         J:\repos\knilecrack\Open-Xml-PowerTools\OpenXmlPowerTools\WmlComparer.cs(1698,0): at OpenXmlPowerTools.WmlComparer.ProduceDocumentWithTrackedRevisions(WmlComparerSettings settings, WmlDocument wmlResult, WordprocessingDocument wDoc1, WordprocessingDocument wDoc2)
[xUnit.net 00:00:37.27]         J:\repos\knilecrack\Open-Xml-PowerTools\OpenXmlPowerTools\WmlComparer.cs(213,0): at OpenXmlPowerTools.WmlComparer.CompareInternal(WmlDocument source1, WmlDocument source2, WmlComparerSettings settings, Boolean preProcessMarkupInOriginal)
[xUnit.net 00:00:37.27]         J:\repos\knilecrack\Open-Xml-PowerTools\OpenXmlPowerTools\WmlComparer.cs(94,0): at OpenXmlPowerTools.WmlComparer.Compare(WmlDocument source1, WmlDocument source2, WmlComparerSettings settings)
[xUnit.net 00:00:37.27]         J:\repos\knilecrack\Open-Xml-PowerTools\OpenXmlPowerTools.Tests\WmlComparerTests.cs(651,0): at OxPt.WcTests.WC003_Compare(String testId, String name1, String name2, Int32 revisionCount)
[xUnit.net 00:00:37.27]            at InvokeStub_WcTests.WC003_Compare(Object, Span`1)
[xUnit.net 00:00:37.27]            at System.Reflection.MethodBaseInvoker.InvokeWithFewArgs(Object obj, BindingFlags invokeAttr, Binder binder, Object[] parameters, CultureInfo culture)
[xUnit.net 00:00:37.57]       OpenXmlPowerTools.OpenXmlPowerToolsException : Internal error
[xUnit.net 00:00:37.57]       Stack Trace:
[xUnit.net 00:00:37.57]         J:\repos\knilecrack\Open-Xml-PowerTools\OpenXmlPowerTools\WmlComparer.cs(2986,0): at OpenXmlPowerTools.WmlComparer.<>c.<AssembleAncestorUnidsInOrderToRebuildXmlTreeProperly>b__44_4(XElement ae)
[xUnit.net 00:00:37.57]            at System.Linq.Enumerable.ArraySelectIterator`2.ToArray()
[xUnit.net 00:00:37.57]         J:\repos\knilecrack\Open-Xml-PowerTools\OpenXmlPowerTools\WmlComparer.cs(2980,0): at OpenXmlPowerTools.WmlComparer.AssembleAncestorUnidsInOrderToRebuildXmlTreeProperly(List`1 comparisonUnitAtomList)
[xUnit.net 00:00:37.57]         J:\repos\knilecrack\Open-Xml-PowerTools\OpenXmlPowerTools\WmlComparer.cs(2549,0): at OpenXmlPowerTools.WmlComparer.ProcessFootnoteEndnote(WmlComparerSettings settings, List`1 listOfComparisonUnitAtoms, MainDocumentPart mainDocumentPartBefore, MainDocumentPart mainDocumentPartAfter, XDocument mainDocumentXDoc)
[xUnit.net 00:00:37.57]         J:\repos\knilecrack\Open-Xml-PowerTools\OpenXmlPowerTools\WmlComparer.cs(1698,0): at OpenXmlPowerTools.WmlComparer.ProduceDocumentWithTrackedRevisions(WmlComparerSettings settings, WmlDocument wmlResult, WordprocessingDocument wDoc1, WordprocessingDocument wDoc2)
[xUnit.net 00:00:37.57]         J:\repos\knilecrack\Open-Xml-PowerTools\OpenXmlPowerTools\WmlComparer.cs(213,0): at OpenXmlPowerTools.WmlComparer.CompareInternal(WmlDocument source1, WmlDocument source2, WmlComparerSettings settings, Boolean preProcessMarkupInOriginal)
[xUnit.net 00:00:37.57]         J:\repos\knilecrack\Open-Xml-PowerTools\OpenXmlPowerTools\WmlComparer.cs(94,0): at OpenXmlPowerTools.WmlComparer.Compare(WmlDocument source1, WmlDocument source2, WmlComparerSettings settings)
[xUnit.net 00:00:37.57]         J:\repos\knilecrack\Open-Xml-PowerTools\OpenXmlPowerTools.Tests\WmlComparerTests.cs(651,0): at OxPt.WcTests.WC003_Compare(String testId, String name1, String name2, Int32 revisionCount)
[xUnit.net 00:00:37.57]            at InvokeStub_WcTests.WC003_Compare(Object, Span`1)
[xUnit.net 00:00:37.57]            at System.Reflection.MethodBaseInvoker.InvokeWithFewArgs(Object obj, BindingFlags invokeAttr, Binder binder, Object[] parameters, CultureInfo culture)
[xUnit.net 00:00:37.60]       OpenXmlPowerTools.OpenXmlPowerToolsException : Internal error
[xUnit.net 00:00:37.60]       Stack Trace:
[xUnit.net 00:00:37.60]         J:\repos\knilecrack\Open-Xml-PowerTools\OpenXmlPowerTools\WmlComparer.cs(2986,0): at OpenXmlPowerTools.WmlComparer.<>c.<AssembleAncestorUnidsInOrderToRebuildXmlTreeProperly>b__44_4(XElement ae)
[xUnit.net 00:00:37.60]            at System.Linq.Enumerable.ArraySelectIterator`2.ToArray()
[xUnit.net 00:00:37.60]         J:\repos\knilecrack\Open-Xml-PowerTools\OpenXmlPowerTools\WmlComparer.cs(2980,0): at OpenXmlPowerTools.WmlComparer.AssembleAncestorUnidsInOrderToRebuildXmlTreeProperly(List`1 comparisonUnitAtomList)
[xUnit.net 00:00:37.60]         J:\repos\knilecrack\Open-Xml-PowerTools\OpenXmlPowerTools\WmlComparer.cs(2549,0): at OpenXmlPowerTools.WmlComparer.ProcessFootnoteEndnote(WmlComparerSettings settings, List`1 listOfComparisonUnitAtoms, MainDocumentPart mainDocumentPartBefore, MainDocumentPart mainDocumentPartAfter, XDocument mainDocumentXDoc)
[xUnit.net 00:00:37.60]         J:\repos\knilecrack\Open-Xml-PowerTools\OpenXmlPowerTools\WmlComparer.cs(1698,0): at OpenXmlPowerTools.WmlComparer.ProduceDocumentWithTrackedRevisions(WmlComparerSettings settings, WmlDocument wmlResult, WordprocessingDocument wDoc1, WordprocessingDocument wDoc2)
[xUnit.net 00:00:37.60]         J:\repos\knilecrack\Open-Xml-PowerTools\OpenXmlPowerTools\WmlComparer.cs(213,0): at OpenXmlPowerTools.WmlComparer.CompareInternal(WmlDocument source1, WmlDocument source2, WmlComparerSettings settings, Boolean preProcessMarkupInOriginal)
[xUnit.net 00:00:37.60]         J:\repos\knilecrack\Open-Xml-PowerTools\OpenXmlPowerTools\WmlComparer.cs(94,0): at OpenXmlPowerTools.WmlComparer.Compare(WmlDocument source1, WmlDocument source2, WmlComparerSettings settings)
[xUnit.net 00:00:37.60]         J:\repos\knilecrack\Open-Xml-PowerTools\OpenXmlPowerTools.Tests\WmlComparerTests.cs(651,0): at OxPt.WcTests.WC003_Compare(String testId, String name1, String name2, Int32 revisionCount)
[xUnit.net 00:00:37.60]            at InvokeStub_WcTests.WC003_Compare(Object, Span`1)
[xUnit.net 00:00:37.60]            at System.Reflection.MethodBaseInvoker.InvokeWithFewArgs(Object obj, BindingFlags invokeAttr, Binder binder, Object[] parameters, CultureInfo culture)
  Failed OxPt.WcTests.WC003_Compare(testId: "WC-1310", name1: "WC/WC014-SmartArt-With-Image-Before.docx", name2: "WC/WC014-SmartArt-With-Image-Deleted-After.docx", revisionCount: 3) [46 ms]
  Error Message:
   System.InvalidOperationException : Unable to extract Package from DocumentFormat.OpenXml.Packaging.PackageUriHandlingExtensions+MalformedUriHandlingPackage. The SDK returned an unexpected package type. Expected Package or MalformedUriHandlingPackage with accessible inner Package.
  Stack Trace:
     at OpenXmlPowerTools.OpenXmlPackageExtensions.GetPackage(OpenXmlPackage package) in J:\repos\knilecrack\Open-Xml-PowerTools\OpenXmlPowerTools\OxPtHelpers.cs:line 107
   at OpenXmlPowerTools.WmlComparer.<>c__DisplayClass69_5.<CoalesceRecurse>b__17(ComparisonUnitAtom gce) in J:\repos\knilecrack\Open-Xml-PowerTools\OpenXmlPowerTools\WmlComparer.cs:line 4610
   at System.Linq.Enumerable.IEnumerableSelectIterator`2.MoveNext()
   at System.Xml.Linq.XContainer.AddContentSkipNotify(Object content)
   at System.Xml.Linq.XContainer.AddContentSkipNotify(Object content)
   at System.Xml.Linq.XContainer.AddContentSkipNotify(Object content)
   at System.Xml.Linq.XContainer.AddContentSkipNotify(Object content)
   at System.Xml.Linq.XContainer.AddContentSkipNotify(Object content)
   at System.Xml.Linq.XContainer.AddContentSkipNotify(Object content)
   at OpenXmlPowerTools.WmlComparer.<>c__DisplayClass69_0.<CoalesceRecurse>b__2(IGrouping`2 g) in J:\repos\knilecrack\Open-Xml-PowerTools\OpenXmlPowerTools\WmlComparer.cs:line 4558
   at System.Linq.Enumerable.IEnumerableWhereSelectIterator`2.ToList()
   at OpenXmlPowerTools.WmlComparer.CoalesceRecurse(OpenXmlPart part, IEnumerable`1 list, Int32 level, WmlComparerSettings settings) in J:\repos\knilecrack\Open-Xml-PowerTools\OpenXmlPowerTools\WmlComparer.cs:line 4481
   at OpenXmlPowerTools.WmlComparer.<>c__DisplayClass69_0.<CoalesceRecurse>b__5(IGrouping`2 gc) in J:\repos\knilecrack\Open-Xml-PowerTools\OpenXmlPowerTools\WmlComparer.cs:line 4521
   at System.Linq.Enumerable.ListSelectIterator`2.ToList()
   at OpenXmlPowerTools.WmlComparer.<>c__DisplayClass69_0.<CoalesceRecurse>b__2(IGrouping`2 g) in J:\repos\knilecrack\Open-Xml-PowerTools\OpenXmlPowerTools\WmlComparer.cs:line 4505
   at System.Linq.Enumerable.IEnumerableWhereSelectIterator`2.ToList()
   at OpenXmlPowerTools.WmlComparer.CoalesceRecurse(OpenXmlPart part, IEnumerable`1 list, Int32 level, WmlComparerSettings settings) in J:\repos\knilecrack\Open-Xml-PowerTools\OpenXmlPowerTools\WmlComparer.cs:line 4481
   at OpenXmlPowerTools.WmlComparer.ProduceNewWmlMarkupFromCorrelatedSequence(OpenXmlPart part, IEnumerable`1 comparisonUnitAtomList, WmlComparerSettings settings) in J:\repos\knilecrack\Open-Xml-PowerTools\OpenXmlPowerTools\WmlComparer.cs:line 4328
   at OpenXmlPowerTools.WmlComparer.ProduceDocumentWithTrackedRevisions(WmlComparerSettings settings, WmlDocument wmlResult, WordprocessingDocument wDoc1, WordprocessingDocument wDoc2) in J:\repos\knilecrack\Open-Xml-PowerTools\OpenXmlPowerTools\WmlComparer.cs:line 1686
   at OpenXmlPowerTools.WmlComparer.CompareInternal(WmlDocument source1, WmlDocument source2, WmlComparerSettings settings, Boolean preProcessMarkupInOriginal) in J:\repos\knilecrack\Open-Xml-PowerTools\OpenXmlPowerTools\WmlComparer.cs:line 213
   at OpenXmlPowerTools.WmlComparer.Compare(WmlDocument source1, WmlDocument source2, WmlComparerSettings settings) in J:\repos\knilecrack\Open-Xml-PowerTools\OpenXmlPowerTools\WmlComparer.cs:line 94
   at OxPt.WcTests.WC003_Compare(String testId, String name1, String name2, Int32 revisionCount) in J:\repos\knilecrack\Open-Xml-PowerTools\OpenXmlPowerTools.Tests\WmlComparerTests.cs:line 651
   at InvokeStub_WcTests.WC003_Compare(Object, Span`1)
   at System.Reflection.MethodBaseInvoker.InvokeWithFewArgs(Object obj, BindingFlags invokeAttr, Binder binder, Object[] parameters, CultureInfo culture)
  Failed OxPt.WcTests.WC003_Compare(testId: "WC-1500", name1: "WC/WC026-Long-Table-Before.docx", name2: "WC/WC026-Long-Table-After-1.docx", revisionCount: 2) [44 ms]
  Error Message:
   Assert.Equal() Failure: Values differ
Expected: 2
Actual:   10
  Stack Trace:
     at OxPt.WcTests.WC003_Compare(String testId, String name1, String name2, Int32 revisionCount) in J:\repos\knilecrack\Open-Xml-PowerTools\OpenXmlPowerTools.Tests\WmlComparerTests.cs:line 757
   at InvokeStub_WcTests.WC003_Compare(Object, Span`1)
   at System.Reflection.MethodBaseInvoker.InvokeWithFewArgs(Object obj, BindingFlags invokeAttr, Binder binder, Object[] parameters, CultureInfo culture)
  Failed OxPt.WcTests.WC003_Compare(testId: "WC-1760", name1: "WC/WC036-Endnote-With-Table-After.docx", name2: "WC/WC036-Endnote-With-Table-Before.docx", revisionCount: 6) [69 ms]
  Error Message:
   OpenXmlPowerTools.OpenXmlPowerToolsException : Internal error
  Stack Trace:
     at OpenXmlPowerTools.WmlComparer.<>c.<SetAfterUnids>b__75_1(XElement a) in J:\repos\knilecrack\Open-Xml-PowerTools\OpenXmlPowerTools\WmlComparer.cs:line 5017
   at System.Linq.Enumerable.ListWhereSelectIterator`2.ToArray()
   at OpenXmlPowerTools.WmlComparer.SetAfterUnids(CorrelatedSequence unknown) in J:\repos\knilecrack\Open-Xml-PowerTools\OpenXmlPowerTools\WmlComparer.cs:line 5011
   at OpenXmlPowerTools.WmlComparer.Lcs(ComparisonUnit[] cu1, ComparisonUnit[] cu2, WmlComparerSettings settings) in J:\repos\knilecrack\Open-Xml-PowerTools\OpenXmlPowerTools\WmlComparer.cs:line 4932
   at OpenXmlPowerTools.WmlComparer.ProcessFootnoteEndnote(WmlComparerSettings settings, List`1 listOfComparisonUnitAtoms, MainDocumentPart mainDocumentPartBefore, MainDocumentPart mainDocumentPartAfter, XDocument mainDocumentXDoc) in J:\repos\knilecrack\Open-Xml-PowerTools\OpenXmlPowerTools\WmlComparer.cs:line 2421
   at OpenXmlPowerTools.WmlComparer.ProduceDocumentWithTrackedRevisions(WmlComparerSettings settings, WmlDocument wmlResult, WordprocessingDocument wDoc1, WordprocessingDocument wDoc2) in J:\repos\knilecrack\Open-Xml-PowerTools\OpenXmlPowerTools\WmlComparer.cs:line 1698
   at OpenXmlPowerTools.WmlComparer.CompareInternal(WmlDocument source1, WmlDocument source2, WmlComparerSettings settings, Boolean preProcessMarkupInOriginal) in J:\repos\knilecrack\Open-Xml-PowerTools\OpenXmlPowerTools\WmlComparer.cs:line 213
   at OpenXmlPowerTools.WmlComparer.Compare(WmlDocument source1, WmlDocument source2, WmlComparerSettings settings) in J:\repos\knilecrack\Open-Xml-PowerTools\OpenXmlPowerTools\WmlComparer.cs:line 94
   at OxPt.WcTests.WC003_Compare(String testId, String name1, String name2, Int32 revisionCount) in J:\repos\knilecrack\Open-Xml-PowerTools\OpenXmlPowerTools.Tests\WmlComparerTests.cs:line 651
   at InvokeStub_WcTests.WC003_Compare(Object, Span`1)
   at System.Reflection.MethodBaseInvoker.InvokeWithFewArgs(Object obj, BindingFlags invokeAttr, Binder binder, Object[] parameters, CultureInfo culture)
  Passed OxPt.WcTests.WC003_Compare(testId: "WC-2100", name1: "WC/WC067-Textbox-Image.docx", name2: "WC/WC067-Textbox-Image-Mod.docx", revisionCount: 2) [145 ms]
  Passed OxPt.WcTests.WC003_Compare(testId: "WC-1380", name1: "WC/WC019-Hyperlink-Before.docx", name2: "WC/WC019-Hyperlink-After-1.docx", revisionCount: 3) [115 ms]
  Failed OxPt.WcTests.WC003_Compare(testId: "WC-2010", name1: "WC/WC059-Footnote.docx", name2: "WC/WC059-Footnote-Mod.docx", revisionCount: 5) [33 ms]
  Error Message:
   OpenXmlPowerTools.OpenXmlPowerToolsException : Internal error
  Stack Trace:
     at OpenXmlPowerTools.WmlComparer.<>c.<AssembleAncestorUnidsInOrderToRebuildXmlTreeProperly>b__44_4(XElement ae) in J:\repos\knilecrack\Open-Xml-PowerTools\OpenXmlPowerTools\WmlComparer.cs:line 2986
   at System.Linq.Enumerable.ArraySelectIterator`2.ToArray()
   at OpenXmlPowerTools.WmlComparer.AssembleAncestorUnidsInOrderToRebuildXmlTreeProperly(List`1 comparisonUnitAtomList) in J:\repos\knilecrack\Open-Xml-PowerTools\OpenXmlPowerTools\WmlComparer.cs:line 2980
   at OpenXmlPowerTools.WmlComparer.ProcessFootnoteEndnote(WmlComparerSettings settings, List`1 listOfComparisonUnitAtoms, MainDocumentPart mainDocumentPartBefore, MainDocumentPart mainDocumentPartAfter, XDocument mainDocumentXDoc) in J:\repos\knilecrack\Open-Xml-PowerTools\OpenXmlPowerTools\WmlComparer.cs:line 2549
   at OpenXmlPowerTools.WmlComparer.ProduceDocumentWithTrackedRevisions(WmlComparerSettings settings, WmlDocument wmlResult, WordprocessingDocument wDoc1, WordprocessingDocument wDoc2) in J:\repos\knilecrack\Open-Xml-PowerTools\OpenXmlPowerTools\WmlComparer.cs:line 1698
   at OpenXmlPowerTools.WmlComparer.CompareInternal(WmlDocument source1, WmlDocument source2, WmlComparerSettings settings, Boolean preProcessMarkupInOriginal) in J:\repos\knilecrack\Open-Xml-PowerTools\OpenXmlPowerTools\WmlComparer.cs:line 213
   at OpenXmlPowerTools.WmlComparer.Compare(WmlDocument source1, WmlDocument source2, WmlComparerSettings settings) in J:\repos\knilecrack\Open-Xml-PowerTools\OpenXmlPowerTools\WmlComparer.cs:line 94
   at OxPt.WcTests.WC003_Compare(String testId, String name1, String name2, Int32 revisionCount) in J:\repos\knilecrack\Open-Xml-PowerTools\OpenXmlPowerTools.Tests\WmlComparerTests.cs:line 651
   at InvokeStub_WcTests.WC003_Compare(Object, Span`1)
   at System.Reflection.MethodBaseInvoker.InvokeWithFewArgs(Object obj, BindingFlags invokeAttr, Binder binder, Object[] parameters, CultureInfo culture)
  Failed OxPt.WcTests.WC003_Compare(testId: "WC-1620", name1: "WC/WC034-Footnotes-Before.docx", name2: "WC/WC034-Footnotes-After3.docx", revisionCount: 3) [30 ms]
  Error Message:
   OpenXmlPowerTools.OpenXmlPowerToolsException : Internal error
  Stack Trace:
     at OpenXmlPowerTools.WmlComparer.<>c.<AssembleAncestorUnidsInOrderToRebuildXmlTreeProperly>b__44_4(XElement ae) in J:\repos\knilecrack\Open-Xml-PowerTools\OpenXmlPowerTools\WmlComparer.cs:line 2986
   at System.Linq.Enumerable.ArraySelectIterator`2.ToArray()
   at OpenXmlPowerTools.WmlComparer.AssembleAncestorUnidsInOrderToRebuildXmlTreeProperly(List`1 comparisonUnitAtomList) in J:\repos\knilecrack\Open-Xml-PowerTools\OpenXmlPowerTools\WmlComparer.cs:line 2980
   at OpenXmlPowerTools.WmlComparer.ProcessFootnoteEndnote(WmlComparerSettings settings, List`1 listOfComparisonUnitAtoms, MainDocumentPart mainDocumentPartBefore, MainDocumentPart mainDocumentPartAfter, XDocument mainDocumentXDoc) in J:\repos\knilecrack\Open-Xml-PowerTools\OpenXmlPowerTools\WmlComparer.cs:line 2549
   at OpenXmlPowerTools.WmlComparer.ProduceDocumentWithTrackedRevisions(WmlComparerSettings settings, WmlDocument wmlResult, WordprocessingDocument wDoc1, WordprocessingDocument wDoc2) in J:\repos\knilecrack\Open-Xml-PowerTools\OpenXmlPowerTools\WmlComparer.cs:line 1698
   at OpenXmlPowerTools.WmlComparer.CompareInternal(WmlDocument source1, WmlDocument source2, WmlComparerSettings settings, Boolean preProcessMarkupInOriginal) in J:\repos\knilecrack\Open-Xml-PowerTools\OpenXmlPowerTools\WmlComparer.cs:line 213
   at OpenXmlPowerTools.WmlComparer.Compare(WmlDocument source1, WmlDocument source2, WmlComparerSettings settings) in J:\repos\knilecrack\Open-Xml-PowerTools\OpenXmlPowerTools\WmlComparer.cs:line 94
   at OxPt.WcTests.WC003_Compare(String testId, String name1, String name2, Int32 revisionCount) in J:\repos\knilecrack\Open-Xml-PowerTools\OpenXmlPowerTools.Tests\WmlComparerTests.cs:line 651
   at InvokeStub_WcTests.WC003_Compare(Object, Span`1)
   at System.Reflection.MethodBaseInvoker.InvokeWithFewArgs(Object obj, BindingFlags invokeAttr, Binder binder, Object[] parameters, CultureInfo culture)
  Passed OxPt.WcTests.WC003_Compare(testId: "WC-1530", name1: "WC/WC027-Twenty-Paras-Before.docx", name2: "WC/WC027-Twenty-Paras-After-2.docx", revisionCount: 4) [100 ms]
  Passed OxPt.WcTests.WC003_Compare(testId: "WC-1050", name1: "WC/WC002-Unmodified.docx", name2: "WC/WC002-DiffAtBeginning.docx", revisionCount: 2) [84 ms]
[xUnit.net 00:00:38.28]       OpenXmlPowerTools.OpenXmlPowerToolsException : Internal error
[xUnit.net 00:00:38.28]       Stack Trace:
[xUnit.net 00:00:38.28]         J:\repos\knilecrack\Open-Xml-PowerTools\OpenXmlPowerTools\WmlComparer.cs(5017,0): at OpenXmlPowerTools.WmlComparer.<>c.<SetAfterUnids>b__75_1(XElement a)
[xUnit.net 00:00:38.28]            at System.Linq.Enumerable.ListWhereSelectIterator`2.ToArray()
[xUnit.net 00:00:38.28]         J:\repos\knilecrack\Open-Xml-PowerTools\OpenXmlPowerTools\WmlComparer.cs(5011,0): at OpenXmlPowerTools.WmlComparer.SetAfterUnids(CorrelatedSequence unknown)
[xUnit.net 00:00:38.28]         J:\repos\knilecrack\Open-Xml-PowerTools\OpenXmlPowerTools\WmlComparer.cs(4932,0): at OpenXmlPowerTools.WmlComparer.Lcs(ComparisonUnit[] cu1, ComparisonUnit[] cu2, WmlComparerSettings settings)
[xUnit.net 00:00:38.28]         J:\repos\knilecrack\Open-Xml-PowerTools\OpenXmlPowerTools\WmlComparer.cs(2421,0): at OpenXmlPowerTools.WmlComparer.ProcessFootnoteEndnote(WmlComparerSettings settings, List`1 listOfComparisonUnitAtoms, MainDocumentPart mainDocumentPartBefore, MainDocumentPart mainDocumentPartAfter, XDocument mainDocumentXDoc)
[xUnit.net 00:00:38.28]         J:\repos\knilecrack\Open-Xml-PowerTools\OpenXmlPowerTools\WmlComparer.cs(1698,0): at OpenXmlPowerTools.WmlComparer.ProduceDocumentWithTrackedRevisions(WmlComparerSettings settings, WmlDocument wmlResult, WordprocessingDocument wDoc1, WordprocessingDocument wDoc2)
[xUnit.net 00:00:38.28]         J:\repos\knilecrack\Open-Xml-PowerTools\OpenXmlPowerTools\WmlComparer.cs(213,0): at OpenXmlPowerTools.WmlComparer.CompareInternal(WmlDocument source1, WmlDocument source2, WmlComparerSettings settings, Boolean preProcessMarkupInOriginal)
[xUnit.net 00:00:38.28]         J:\repos\knilecrack\Open-Xml-PowerTools\OpenXmlPowerTools\WmlComparer.cs(94,0): at OpenXmlPowerTools.WmlComparer.Compare(WmlDocument source1, WmlDocument source2, WmlComparerSettings settings)
[xUnit.net 00:00:38.28]         J:\repos\knilecrack\Open-Xml-PowerTools\OpenXmlPowerTools.Tests\WmlComparerTests.cs(651,0): at OxPt.WcTests.WC003_Compare(String testId, String name1, String name2, Int32 revisionCount)
[xUnit.net 00:00:38.28]            at InvokeStub_WcTests.WC003_Compare(Object, Span`1)
[xUnit.net 00:00:38.28]            at System.Reflection.MethodBaseInvoker.InvokeWithFewArgs(Object obj, BindingFlags invokeAttr, Binder binder, Object[] parameters, CultureInfo culture)
[xUnit.net 00:00:38.36]       OpenXmlPowerTools.OpenXmlPowerToolsException : Internal error
[xUnit.net 00:00:38.37]       Stack Trace:
[xUnit.net 00:00:38.37]         J:\repos\knilecrack\Open-Xml-PowerTools\OpenXmlPowerTools\WmlComparer.cs(2986,0): at OpenXmlPowerTools.WmlComparer.<>c.<AssembleAncestorUnidsInOrderToRebuildXmlTreeProperly>b__44_4(XElement ae)
[xUnit.net 00:00:38.37]            at System.Linq.Enumerable.ArraySelectIterator`2.ToArray()
[xUnit.net 00:00:38.37]         J:\repos\knilecrack\Open-Xml-PowerTools\OpenXmlPowerTools\WmlComparer.cs(2980,0): at OpenXmlPowerTools.WmlComparer.AssembleAncestorUnidsInOrderToRebuildXmlTreeProperly(List`1 comparisonUnitAtomList)
[xUnit.net 00:00:38.37]         J:\repos\knilecrack\Open-Xml-PowerTools\OpenXmlPowerTools\WmlComparer.cs(2549,0): at OpenXmlPowerTools.WmlComparer.ProcessFootnoteEndnote(WmlComparerSettings settings, List`1 listOfComparisonUnitAtoms, MainDocumentPart mainDocumentPartBefore, MainDocumentPart mainDocumentPartAfter, XDocument mainDocumentXDoc)
[xUnit.net 00:00:38.37]         J:\repos\knilecrack\Open-Xml-PowerTools\OpenXmlPowerTools\WmlComparer.cs(1698,0): at OpenXmlPowerTools.WmlComparer.ProduceDocumentWithTrackedRevisions(WmlComparerSettings settings, WmlDocument wmlResult, WordprocessingDocument wDoc1, WordprocessingDocument wDoc2)
[xUnit.net 00:00:38.37]         J:\repos\knilecrack\Open-Xml-PowerTools\OpenXmlPowerTools\WmlComparer.cs(213,0): at OpenXmlPowerTools.WmlComparer.CompareInternal(WmlDocument source1, WmlDocument source2, WmlComparerSettings settings, Boolean preProcessMarkupInOriginal)
[xUnit.net 00:00:38.37]         J:\repos\knilecrack\Open-Xml-PowerTools\OpenXmlPowerTools\WmlComparer.cs(94,0): at OpenXmlPowerTools.WmlComparer.Compare(WmlDocument source1, WmlDocument source2, WmlComparerSettings settings)
[xUnit.net 00:00:38.37]         J:\repos\knilecrack\Open-Xml-PowerTools\OpenXmlPowerTools.Tests\WmlComparerTests.cs(651,0): at OxPt.WcTests.WC003_Compare(String testId, String name1, String name2, Int32 revisionCount)
[xUnit.net 00:00:38.37]            at InvokeStub_WcTests.WC003_Compare(Object, Span`1)
[xUnit.net 00:00:38.37]            at System.Reflection.MethodBaseInvoker.InvokeWithFewArgs(Object obj, BindingFlags invokeAttr, Binder binder, Object[] parameters, CultureInfo culture)
[xUnit.net 00:00:38.42]       System.InvalidOperationException : Unable to extract Package from DocumentFormat.OpenXml.Packaging.PackageUriHandlingExtensions+MalformedUriHandlingPackage. The SDK returned an unexpected package type. Expected Package or MalformedUriHandlingPackage with accessible inner Package.
[xUnit.net 00:00:38.42]       Stack Trace:
[xUnit.net 00:00:38.42]         J:\repos\knilecrack\Open-Xml-PowerTools\OpenXmlPowerTools\OxPtHelpers.cs(107,0): at OpenXmlPowerTools.OpenXmlPackageExtensions.GetPackage(OpenXmlPackage package)
[xUnit.net 00:00:38.42]         J:\repos\knilecrack\Open-Xml-PowerTools\OpenXmlPowerTools\WmlComparer.cs(4610,0): at OpenXmlPowerTools.WmlComparer.<>c__DisplayClass69_5.<CoalesceRecurse>b__17(ComparisonUnitAtom gce)
[xUnit.net 00:00:38.42]            at System.Linq.Enumerable.IEnumerableSelectIterator`2.MoveNext()
[xUnit.net 00:00:38.42]            at System.Xml.Linq.XContainer.AddContentSkipNotify(Object content)
[xUnit.net 00:00:38.42]            at System.Xml.Linq.XContainer.AddContentSkipNotify(Object content)
[xUnit.net 00:00:38.42]            at System.Xml.Linq.XContainer.AddContentSkipNotify(Object content)
[xUnit.net 00:00:38.42]            at System.Xml.Linq.XContainer.AddContentSkipNotify(Object content)
[xUnit.net 00:00:38.42]            at System.Xml.Linq.XContainer.AddContentSkipNotify(Object content)
[xUnit.net 00:00:38.42]            at System.Xml.Linq.XContainer.AddContentSkipNotify(Object content)
[xUnit.net 00:00:38.42]         J:\repos\knilecrack\Open-Xml-PowerTools\OpenXmlPowerTools\WmlComparer.cs(4558,0): at OpenXmlPowerTools.WmlComparer.<>c__DisplayClass69_0.<CoalesceRecurse>b__2(IGrouping`2 g)
[xUnit.net 00:00:38.42]            at System.Linq.Enumerable.IEnumerableWhereSelectIterator`2.ToList()
[xUnit.net 00:00:38.42]         J:\repos\knilecrack\Open-Xml-PowerTools\OpenXmlPowerTools\WmlComparer.cs(4481,0): at OpenXmlPowerTools.WmlComparer.CoalesceRecurse(OpenXmlPart part, IEnumerable`1 list, Int32 level, WmlComparerSettings settings)
[xUnit.net 00:00:38.42]         J:\repos\knilecrack\Open-Xml-PowerTools\OpenXmlPowerTools\WmlComparer.cs(4521,0): at OpenXmlPowerTools.WmlComparer.<>c__DisplayClass69_0.<CoalesceRecurse>b__5(IGrouping`2 gc)
[xUnit.net 00:00:38.42]            at System.Linq.Enumerable.ListSelectIterator`2.ToList()
[xUnit.net 00:00:38.42]         J:\repos\knilecrack\Open-Xml-PowerTools\OpenXmlPowerTools\WmlComparer.cs(4505,0): at OpenXmlPowerTools.WmlComparer.<>c__DisplayClass69_0.<CoalesceRecurse>b__2(IGrouping`2 g)
[xUnit.net 00:00:38.42]            at System.Linq.Enumerable.IEnumerableWhereSelectIterator`2.ToList()
[xUnit.net 00:00:38.42]         J:\repos\knilecrack\Open-Xml-PowerTools\OpenXmlPowerTools\WmlComparer.cs(4481,0): at OpenXmlPowerTools.WmlComparer.CoalesceRecurse(OpenXmlPart part, IEnumerable`1 list, Int32 level, WmlComparerSettings settings)
[xUnit.net 00:00:38.42]         J:\repos\knilecrack\Open-Xml-PowerTools\OpenXmlPowerTools\WmlComparer.cs(4328,0): at OpenXmlPowerTools.WmlComparer.ProduceNewWmlMarkupFromCorrelatedSequence(OpenXmlPart part, IEnumerable`1 comparisonUnitAtomList, WmlComparerSettings settings)
[xUnit.net 00:00:38.42]         J:\repos\knilecrack\Open-Xml-PowerTools\OpenXmlPowerTools\WmlComparer.cs(1686,0): at OpenXmlPowerTools.WmlComparer.ProduceDocumentWithTrackedRevisions(WmlComparerSettings settings, WmlDocument wmlResult, WordprocessingDocument wDoc1, WordprocessingDocument wDoc2)
[xUnit.net 00:00:38.42]         J:\repos\knilecrack\Open-Xml-PowerTools\OpenXmlPowerTools\WmlComparer.cs(213,0): at OpenXmlPowerTools.WmlComparer.CompareInternal(WmlDocument source1, WmlDocument source2, WmlComparerSettings settings, Boolean preProcessMarkupInOriginal)
[xUnit.net 00:00:38.42]         J:\repos\knilecrack\Open-Xml-PowerTools\OpenXmlPowerTools\WmlComparer.cs(94,0): at OpenXmlPowerTools.WmlComparer.Compare(WmlDocument source1, WmlDocument source2, WmlComparerSettings settings)
[xUnit.net 00:00:38.42]         J:\repos\knilecrack\Open-Xml-PowerTools\OpenXmlPowerTools.Tests\WmlComparerTests.cs(651,0): at OxPt.WcTests.WC003_Compare(String testId, String name1, String name2, Int32 revisionCount)
[xUnit.net 00:00:38.42]            at InvokeStub_WcTests.WC003_Compare(Object, Span`1)
[xUnit.net 00:00:38.42]            at System.Reflection.MethodBaseInvoker.InvokeWithFewArgs(Object obj, BindingFlags invokeAttr, Binder binder, Object[] parameters, CultureInfo culture)
  Passed OxPt.WcTests.WC003_Compare(testId: "WC-2040", name1: "WC/WC062-New-Char-Style-Added.docx", name2: "WC/WC062-New-Char-Style-Added-Mod.docx", revisionCount: 2) [117 ms]
  Passed OxPt.WcTests.WC003_Compare(testId: "WC-1920", name1: "WC/WC050-Table-in-Text-Box.docx", name2: "WC/WC050-Table-in-Text-Box-Mod.docx", revisionCount: 8) [241 ms]
  Passed OxPt.WcTests.WC003_Compare(testId: "WC-1030", name1: "WC/WC001-Digits-Deleted-Paragraph.docx", name2: "WC/WC001-Digits.docx", revisionCount: 1) [105 ms]
  Failed OxPt.WcTests.WC003_Compare(testId: "WC-2060", name1: "WC/WC063-Footnote-Mod.docx", name2: "WC/WC063-Footnote.docx", revisionCount: 1) [31 ms]
  Error Message:
   OpenXmlPowerTools.OpenXmlPowerToolsException : Internal error
  Stack Trace:
     at OpenXmlPowerTools.WmlComparer.<>c.<SetAfterUnids>b__75_1(XElement a) in J:\repos\knilecrack\Open-Xml-PowerTools\OpenXmlPowerTools\WmlComparer.cs:line 5017
   at System.Linq.Enumerable.ListWhereSelectIterator`2.ToArray()
   at OpenXmlPowerTools.WmlComparer.SetAfterUnids(CorrelatedSequence unknown) in J:\repos\knilecrack\Open-Xml-PowerTools\OpenXmlPowerTools\WmlComparer.cs:line 5011
   at OpenXmlPowerTools.WmlComparer.Lcs(ComparisonUnit[] cu1, ComparisonUnit[] cu2, WmlComparerSettings settings) in J:\repos\knilecrack\Open-Xml-PowerTools\OpenXmlPowerTools\WmlComparer.cs:line 4932
   at OpenXmlPowerTools.WmlComparer.ProcessFootnoteEndnote(WmlComparerSettings settings, List`1 listOfComparisonUnitAtoms, MainDocumentPart mainDocumentPartBefore, MainDocumentPart mainDocumentPartAfter, XDocument mainDocumentXDoc) in J:\repos\knilecrack\Open-Xml-PowerTools\OpenXmlPowerTools\WmlComparer.cs:line 2421
   at OpenXmlPowerTools.WmlComparer.ProduceDocumentWithTrackedRevisions(WmlComparerSettings settings, WmlDocument wmlResult, WordprocessingDocument wDoc1, WordprocessingDocument wDoc2) in J:\repos\knilecrack\Open-Xml-PowerTools\OpenXmlPowerTools\WmlComparer.cs:line 1698
   at OpenXmlPowerTools.WmlComparer.CompareInternal(WmlDocument source1, WmlDocument source2, WmlComparerSettings settings, Boolean preProcessMarkupInOriginal) in J:\repos\knilecrack\Open-Xml-PowerTools\OpenXmlPowerTools\WmlComparer.cs:line 213
   at OpenXmlPowerTools.WmlComparer.Compare(WmlDocument source1, WmlDocument source2, WmlComparerSettings settings) in J:\repos\knilecrack\Open-Xml-PowerTools\OpenXmlPowerTools\WmlComparer.cs:line 94
   at OxPt.WcTests.WC003_Compare(String testId, String name1, String name2, Int32 revisionCount) in J:\repos\knilecrack\Open-Xml-PowerTools\OpenXmlPowerTools.Tests\WmlComparerTests.cs:line 651
   at InvokeStub_WcTests.WC003_Compare(Object, Span`1)
   at System.Reflection.MethodBaseInvoker.InvokeWithFewArgs(Object obj, BindingFlags invokeAttr, Binder binder, Object[] parameters, CultureInfo culture)
  Failed OxPt.WcTests.WC003_Compare(testId: "WC-1640", name1: "WC/WC035-Footnote-Before.docx", name2: "WC/WC035-Footnote-After.docx", revisionCount: 2) [85 ms]
  Error Message:
   OpenXmlPowerTools.OpenXmlPowerToolsException : Internal error
  Stack Trace:
     at OpenXmlPowerTools.WmlComparer.<>c.<AssembleAncestorUnidsInOrderToRebuildXmlTreeProperly>b__44_4(XElement ae) in J:\repos\knilecrack\Open-Xml-PowerTools\OpenXmlPowerTools\WmlComparer.cs:line 2986
   at System.Linq.Enumerable.ArraySelectIterator`2.ToArray()
   at OpenXmlPowerTools.WmlComparer.AssembleAncestorUnidsInOrderToRebuildXmlTreeProperly(List`1 comparisonUnitAtomList) in J:\repos\knilecrack\Open-Xml-PowerTools\OpenXmlPowerTools\WmlComparer.cs:line 2980
   at OpenXmlPowerTools.WmlComparer.ProcessFootnoteEndnote(WmlComparerSettings settings, List`1 listOfComparisonUnitAtoms, MainDocumentPart mainDocumentPartBefore, MainDocumentPart mainDocumentPartAfter, XDocument mainDocumentXDoc) in J:\repos\knilecrack\Open-Xml-PowerTools\OpenXmlPowerTools\WmlComparer.cs:line 2549
   at OpenXmlPowerTools.WmlComparer.ProduceDocumentWithTrackedRevisions(WmlComparerSettings settings, WmlDocument wmlResult, WordprocessingDocument wDoc1, WordprocessingDocument wDoc2) in J:\repos\knilecrack\Open-Xml-PowerTools\OpenXmlPowerTools\WmlComparer.cs:line 1698
   at OpenXmlPowerTools.WmlComparer.CompareInternal(WmlDocument source1, WmlDocument source2, WmlComparerSettings settings, Boolean preProcessMarkupInOriginal) in J:\repos\knilecrack\Open-Xml-PowerTools\OpenXmlPowerTools\WmlComparer.cs:line 213
   at OpenXmlPowerTools.WmlComparer.Compare(WmlDocument source1, WmlDocument source2, WmlComparerSettings settings) in J:\repos\knilecrack\Open-Xml-PowerTools\OpenXmlPowerTools\WmlComparer.cs:line 94
   at OxPt.WcTests.WC003_Compare(String testId, String name1, String name2, Int32 revisionCount) in J:\repos\knilecrack\Open-Xml-PowerTools\OpenXmlPowerTools.Tests\WmlComparerTests.cs:line 651
   at InvokeStub_WcTests.WC003_Compare(Object, Span`1)
   at System.Reflection.MethodBaseInvoker.InvokeWithFewArgs(Object obj, BindingFlags invokeAttr, Binder binder, Object[] parameters, CultureInfo culture)
  Failed OxPt.WcTests.WC003_Compare(testId: "WC-1350", name1: "WC/WC017-Image.docx", name2: "WC/WC017-Image-After.docx", revisionCount: 3) [50 ms]
  Error Message:
   System.InvalidOperationException : Unable to extract Package from DocumentFormat.OpenXml.Packaging.PackageUriHandlingExtensions+MalformedUriHandlingPackage. The SDK returned an unexpected package type. Expected Package or MalformedUriHandlingPackage with accessible inner Package.
  Stack Trace:
     at OpenXmlPowerTools.OpenXmlPackageExtensions.GetPackage(OpenXmlPackage package) in J:\repos\knilecrack\Open-Xml-PowerTools\OpenXmlPowerTools\OxPtHelpers.cs:line 107
   at OpenXmlPowerTools.WmlComparer.<>c__DisplayClass69_5.<CoalesceRecurse>b__17(ComparisonUnitAtom gce) in J:\repos\knilecrack\Open-Xml-PowerTools\OpenXmlPowerTools\WmlComparer.cs:line 4610
   at System.Linq.Enumerable.IEnumerableSelectIterator`2.MoveNext()
   at System.Xml.Linq.XContainer.AddContentSkipNotify(Object content)
   at System.Xml.Linq.XContainer.AddContentSkipNotify(Object content)
   at System.Xml.Linq.XContainer.AddContentSkipNotify(Object content)
   at System.Xml.Linq.XContainer.AddContentSkipNotify(Object content)
   at System.Xml.Linq.XContainer.AddContentSkipNotify(Object content)
   at System.Xml.Linq.XContainer.AddContentSkipNotify(Object content)
   at OpenXmlPowerTools.WmlComparer.<>c__DisplayClass69_0.<CoalesceRecurse>b__2(IGrouping`2 g) in J:\repos\knilecrack\Open-Xml-PowerTools\OpenXmlPowerTools\WmlComparer.cs:line 4558
   at System.Linq.Enumerable.IEnumerableWhereSelectIterator`2.ToList()
   at OpenXmlPowerTools.WmlComparer.CoalesceRecurse(OpenXmlPart part, IEnumerable`1 list, Int32 level, WmlComparerSettings settings) in J:\repos\knilecrack\Open-Xml-PowerTools\OpenXmlPowerTools\WmlComparer.cs:line 4481
   at OpenXmlPowerTools.WmlComparer.<>c__DisplayClass69_0.<CoalesceRecurse>b__5(IGrouping`2 gc) in J:\repos\knilecrack\Open-Xml-PowerTools\OpenXmlPowerTools\WmlComparer.cs:line 4521
   at System.Linq.Enumerable.ListSelectIterator`2.ToList()
   at OpenXmlPowerTools.WmlComparer.<>c__DisplayClass69_0.<CoalesceRecurse>b__2(IGrouping`2 g) in J:\repos\knilecrack\Open-Xml-PowerTools\OpenXmlPowerTools\WmlComparer.cs:line 4505
   at System.Linq.Enumerable.IEnumerableWhereSelectIterator`2.ToList()
   at OpenXmlPowerTools.WmlComparer.CoalesceRecurse(OpenXmlPart part, IEnumerable`1 list, Int32 level, WmlComparerSettings settings) in J:\repos\knilecrack\Open-Xml-PowerTools\OpenXmlPowerTools\WmlComparer.cs:line 4481
   at OpenXmlPowerTools.WmlComparer.ProduceNewWmlMarkupFromCorrelatedSequence(OpenXmlPart part, IEnumerable`1 comparisonUnitAtomList, WmlComparerSettings settings) in J:\repos\knilecrack\Open-Xml-PowerTools\OpenXmlPowerTools\WmlComparer.cs:line 4328
   at OpenXmlPowerTools.WmlComparer.ProduceDocumentWithTrackedRevisions(WmlComparerSettings settings, WmlDocument wmlResult, WordprocessingDocument wDoc1, WordprocessingDocument wDoc2) in J:\repos\knilecrack\Open-Xml-PowerTools\OpenXmlPowerTools\WmlComparer.cs:line 1686
   at OpenXmlPowerTools.WmlComparer.CompareInternal(WmlDocument source1, WmlDocument source2, WmlComparerSettings settings, Boolean preProcessMarkupInOriginal) in J:\repos\knilecrack\Open-Xml-PowerTools\OpenXmlPowerTools\WmlComparer.cs:line 213
   at OpenXmlPowerTools.WmlComparer.Compare(WmlDocument source1, WmlDocument source2, WmlComparerSettings settings) in J:\repos\knilecrack\Open-Xml-PowerTools\OpenXmlPowerTools\WmlComparer.cs:line 94
   at OxPt.WcTests.WC003_Compare(String testId, String name1, String name2, Int32 revisionCount) in J:\repos\knilecrack\Open-Xml-PowerTools\OpenXmlPowerTools.Tests\WmlComparerTests.cs:line 651
   at InvokeStub_WcTests.WC003_Compare(Object, Span`1)
   at System.Reflection.MethodBaseInvoker.InvokeWithFewArgs(Object obj, BindingFlags invokeAttr, Binder binder, Object[] parameters, CultureInfo culture)
  Passed OxPt.WcTests.WC003_Compare(testId: "WC-1860", name1: "WC/WC044-Text-Box.docx", name2: "WC/WC044-Text-Box-Mod.docx", revisionCount: 2) [137 ms]
  Passed OxPt.WcTests.WC003_Compare(testId: "WC-1000", name1: "CA/CA001-Plain.docx", name2: "CA/CA001-Plain-Mod.docx", revisionCount: 1) [94 ms]
  Passed OxPt.WcTests.WC003_Compare(testId: "WC-1210", name1: "WC/WC010-Para-Before-Table-Unmodified.docx", name2: "WC/WC010-Para-Before-Table-Mod.docx", revisionCount: 3) [87 ms]
[xUnit.net 00:00:39.02]       OpenXmlPowerTools.OpenXmlPowerToolsException : Internal error
[xUnit.net 00:00:39.02]       Stack Trace:
[xUnit.net 00:00:39.02]         J:\repos\knilecrack\Open-Xml-PowerTools\OpenXmlPowerTools\WmlComparer.cs(5017,0): at OpenXmlPowerTools.WmlComparer.<>c.<SetAfterUnids>b__75_1(XElement a)
[xUnit.net 00:00:39.02]            at System.Linq.Enumerable.ListWhereSelectIterator`2.ToArray()
[xUnit.net 00:00:39.02]         J:\repos\knilecrack\Open-Xml-PowerTools\OpenXmlPowerTools\WmlComparer.cs(5011,0): at OpenXmlPowerTools.WmlComparer.SetAfterUnids(CorrelatedSequence unknown)
[xUnit.net 00:00:39.02]         J:\repos\knilecrack\Open-Xml-PowerTools\OpenXmlPowerTools\WmlComparer.cs(4932,0): at OpenXmlPowerTools.WmlComparer.Lcs(ComparisonUnit[] cu1, ComparisonUnit[] cu2, WmlComparerSettings settings)
[xUnit.net 00:00:39.02]         J:\repos\knilecrack\Open-Xml-PowerTools\OpenXmlPowerTools\WmlComparer.cs(2421,0): at OpenXmlPowerTools.WmlComparer.ProcessFootnoteEndnote(WmlComparerSettings settings, List`1 listOfComparisonUnitAtoms, MainDocumentPart mainDocumentPartBefore, MainDocumentPart mainDocumentPartAfter, XDocument mainDocumentXDoc)
[xUnit.net 00:00:39.02]         J:\repos\knilecrack\Open-Xml-PowerTools\OpenXmlPowerTools\WmlComparer.cs(1698,0): at OpenXmlPowerTools.WmlComparer.ProduceDocumentWithTrackedRevisions(WmlComparerSettings settings, WmlDocument wmlResult, WordprocessingDocument wDoc1, WordprocessingDocument wDoc2)
[xUnit.net 00:00:39.02]         J:\repos\knilecrack\Open-Xml-PowerTools\OpenXmlPowerTools\WmlComparer.cs(213,0): at OpenXmlPowerTools.WmlComparer.CompareInternal(WmlDocument source1, WmlDocument source2, WmlComparerSettings settings, Boolean preProcessMarkupInOriginal)
[xUnit.net 00:00:39.02]         J:\repos\knilecrack\Open-Xml-PowerTools\OpenXmlPowerTools\WmlComparer.cs(94,0): at OpenXmlPowerTools.WmlComparer.Compare(WmlDocument source1, WmlDocument source2, WmlComparerSettings settings)
[xUnit.net 00:00:39.02]         J:\repos\knilecrack\Open-Xml-PowerTools\OpenXmlPowerTools.Tests\WmlComparerTests.cs(651,0): at OxPt.WcTests.WC003_Compare(String testId, String name1, String name2, Int32 revisionCount)
[xUnit.net 00:00:39.02]            at InvokeStub_WcTests.WC003_Compare(Object, Span`1)
[xUnit.net 00:00:39.02]            at System.Reflection.MethodBaseInvoker.InvokeWithFewArgs(Object obj, BindingFlags invokeAttr, Binder binder, Object[] parameters, CultureInfo culture)
[xUnit.net 00:00:39.26]       OpenXmlPowerTools.OpenXmlPowerToolsException : Internal error
[xUnit.net 00:00:39.26]       Stack Trace:
[xUnit.net 00:00:39.26]         J:\repos\knilecrack\Open-Xml-PowerTools\OpenXmlPowerTools\WmlComparer.cs(5017,0): at OpenXmlPowerTools.WmlComparer.<>c.<SetAfterUnids>b__75_1(XElement a)
[xUnit.net 00:00:39.26]            at System.Linq.Enumerable.ListWhereSelectIterator`2.ToArray()
[xUnit.net 00:00:39.26]         J:\repos\knilecrack\Open-Xml-PowerTools\OpenXmlPowerTools\WmlComparer.cs(5011,0): at OpenXmlPowerTools.WmlComparer.SetAfterUnids(CorrelatedSequence unknown)
[xUnit.net 00:00:39.26]         J:\repos\knilecrack\Open-Xml-PowerTools\OpenXmlPowerTools\WmlComparer.cs(4932,0): at OpenXmlPowerTools.WmlComparer.Lcs(ComparisonUnit[] cu1, ComparisonUnit[] cu2, WmlComparerSettings settings)
[xUnit.net 00:00:39.26]         J:\repos\knilecrack\Open-Xml-PowerTools\OpenXmlPowerTools\WmlComparer.cs(2421,0): at OpenXmlPowerTools.WmlComparer.ProcessFootnoteEndnote(WmlComparerSettings settings, List`1 listOfComparisonUnitAtoms, MainDocumentPart mainDocumentPartBefore, MainDocumentPart mainDocumentPartAfter, XDocument mainDocumentXDoc)
[xUnit.net 00:00:39.26]         J:\repos\knilecrack\Open-Xml-PowerTools\OpenXmlPowerTools\WmlComparer.cs(1698,0): at OpenXmlPowerTools.WmlComparer.ProduceDocumentWithTrackedRevisions(WmlComparerSettings settings, WmlDocument wmlResult, WordprocessingDocument wDoc1, WordprocessingDocument wDoc2)
[xUnit.net 00:00:39.26]         J:\repos\knilecrack\Open-Xml-PowerTools\OpenXmlPowerTools\WmlComparer.cs(213,0): at OpenXmlPowerTools.WmlComparer.CompareInternal(WmlDocument source1, WmlDocument source2, WmlComparerSettings settings, Boolean preProcessMarkupInOriginal)
[xUnit.net 00:00:39.26]         J:\repos\knilecrack\Open-Xml-PowerTools\OpenXmlPowerTools\WmlComparer.cs(94,0): at OpenXmlPowerTools.WmlComparer.Compare(WmlDocument source1, WmlDocument source2, WmlComparerSettings settings)
[xUnit.net 00:00:39.26]         J:\repos\knilecrack\Open-Xml-PowerTools\OpenXmlPowerTools.Tests\WmlComparerTests.cs(651,0): at OxPt.WcTests.WC003_Compare(String testId, String name1, String name2, Int32 revisionCount)
[xUnit.net 00:00:39.26]            at InvokeStub_WcTests.WC003_Compare(Object, Span`1)
[xUnit.net 00:00:39.26]            at System.Reflection.MethodBaseInvoker.InvokeWithFewArgs(Object obj, BindingFlags invokeAttr, Binder binder, Object[] parameters, CultureInfo culture)
  Passed OxPt.WcTests.WC003_Compare(testId: "WC-1830", name1: "WC/WC041-Table-5.docx", name2: "WC/WC041-Table-5-Mod.docx", revisionCount: 2) [115 ms]
  Passed OxPt.WcTests.WC003_Compare(testId: "WC-1250", name1: "WC/WC013-Image-Before.docx", name2: "WC/WC013-Image-After2.docx", revisionCount: 2) [99 ms]
  Failed OxPt.WcTests.WC003_Compare(testId: "WC-1670", name1: "WC/WC036-Footnote-With-Table-After.docx", name2: "WC/WC036-Footnote-With-Table-Before.docx", revisionCount: 5) [66 ms]
  Error Message:
   OpenXmlPowerTools.OpenXmlPowerToolsException : Internal error
  Stack Trace:
     at OpenXmlPowerTools.WmlComparer.<>c.<SetAfterUnids>b__75_1(XElement a) in J:\repos\knilecrack\Open-Xml-PowerTools\OpenXmlPowerTools\WmlComparer.cs:line 5017
   at System.Linq.Enumerable.ListWhereSelectIterator`2.ToArray()
   at OpenXmlPowerTools.WmlComparer.SetAfterUnids(CorrelatedSequence unknown) in J:\repos\knilecrack\Open-Xml-PowerTools\OpenXmlPowerTools\WmlComparer.cs:line 5011
   at OpenXmlPowerTools.WmlComparer.Lcs(ComparisonUnit[] cu1, ComparisonUnit[] cu2, WmlComparerSettings settings) in J:\repos\knilecrack\Open-Xml-PowerTools\OpenXmlPowerTools\WmlComparer.cs:line 4932
   at OpenXmlPowerTools.WmlComparer.ProcessFootnoteEndnote(WmlComparerSettings settings, List`1 listOfComparisonUnitAtoms, MainDocumentPart mainDocumentPartBefore, MainDocumentPart mainDocumentPartAfter, XDocument mainDocumentXDoc) in J:\repos\knilecrack\Open-Xml-PowerTools\OpenXmlPowerTools\WmlComparer.cs:line 2421
   at OpenXmlPowerTools.WmlComparer.ProduceDocumentWithTrackedRevisions(WmlComparerSettings settings, WmlDocument wmlResult, WordprocessingDocument wDoc1, WordprocessingDocument wDoc2) in J:\repos\knilecrack\Open-Xml-PowerTools\OpenXmlPowerTools\WmlComparer.cs:line 1698
   at OpenXmlPowerTools.WmlComparer.CompareInternal(WmlDocument source1, WmlDocument source2, WmlComparerSettings settings, Boolean preProcessMarkupInOriginal) in J:\repos\knilecrack\Open-Xml-PowerTools\OpenXmlPowerTools\WmlComparer.cs:line 213
   at OpenXmlPowerTools.WmlComparer.Compare(WmlDocument source1, WmlDocument source2, WmlComparerSettings settings) in J:\repos\knilecrack\Open-Xml-PowerTools\OpenXmlPowerTools\WmlComparer.cs:line 94
   at OxPt.WcTests.WC003_Compare(String testId, String name1, String name2, Int32 revisionCount) in J:\repos\knilecrack\Open-Xml-PowerTools\OpenXmlPowerTools.Tests\WmlComparerTests.cs:line 651
   at InvokeStub_WcTests.WC003_Compare(Object, Span`1)
   at System.Reflection.MethodBaseInvoker.InvokeWithFewArgs(Object obj, BindingFlags invokeAttr, Binder binder, Object[] parameters, CultureInfo culture)
  Passed OxPt.WcTests.WC003_Compare(testId: "WC-1010", name1: "WC/WC001-Digits.docx", name2: "WC/WC001-Digits-Mod.docx", revisionCount: 4) [91 ms]
  Passed OxPt.WcTests.WC003_Compare(testId: "WC-1180", name1: "WC/WC007-Unmodified.docx", name2: "WC/WC007-Deleted-at-Beginning-of-Para.docx", revisionCount: 1) [96 ms]
  Failed OxPt.WcTests.WC003_Compare(testId: "WC-1750", name1: "WC/WC036-Endnote-With-Table-Before.docx", name2: "WC/WC036-Endnote-With-Table-After.docx", revisionCount: 6) [58 ms]
  Error Message:
   OpenXmlPowerTools.OpenXmlPowerToolsException : Internal error
  Stack Trace:
     at OpenXmlPowerTools.WmlComparer.<>c.<SetAfterUnids>b__75_1(XElement a) in J:\repos\knilecrack\Open-Xml-PowerTools\OpenXmlPowerTools\WmlComparer.cs:line 5017
   at System.Linq.Enumerable.ListWhereSelectIterator`2.ToArray()
   at OpenXmlPowerTools.WmlComparer.SetAfterUnids(CorrelatedSequence unknown) in J:\repos\knilecrack\Open-Xml-PowerTools\OpenXmlPowerTools\WmlComparer.cs:line 5011
   at OpenXmlPowerTools.WmlComparer.Lcs(ComparisonUnit[] cu1, ComparisonUnit[] cu2, WmlComparerSettings settings) in J:\repos\knilecrack\Open-Xml-PowerTools\OpenXmlPowerTools\WmlComparer.cs:line 4932
   at OpenXmlPowerTools.WmlComparer.ProcessFootnoteEndnote(WmlComparerSettings settings, List`1 listOfComparisonUnitAtoms, MainDocumentPart mainDocumentPartBefore, MainDocumentPart mainDocumentPartAfter, XDocument mainDocumentXDoc) in J:\repos\knilecrack\Open-Xml-PowerTools\OpenXmlPowerTools\WmlComparer.cs:line 2421
   at OpenXmlPowerTools.WmlComparer.ProduceDocumentWithTrackedRevisions(WmlComparerSettings settings, WmlDocument wmlResult, WordprocessingDocument wDoc1, WordprocessingDocument wDoc2) in J:\repos\knilecrack\Open-Xml-PowerTools\OpenXmlPowerTools\WmlComparer.cs:line 1698
   at OpenXmlPowerTools.WmlComparer.CompareInternal(WmlDocument source1, WmlDocument source2, WmlComparerSettings settings, Boolean preProcessMarkupInOriginal) in J:\repos\knilecrack\Open-Xml-PowerTools\OpenXmlPowerTools\WmlComparer.cs:line 213
   at OpenXmlPowerTools.WmlComparer.Compare(WmlDocument source1, WmlDocument source2, WmlComparerSettings settings) in J:\repos\knilecrack\Open-Xml-PowerTools\OpenXmlPowerTools\WmlComparer.cs:line 94
   at OxPt.WcTests.WC003_Compare(String testId, String name1, String name2, Int32 revisionCount) in J:\repos\knilecrack\Open-Xml-PowerTools\OpenXmlPowerTools.Tests\WmlComparerTests.cs:line 651
   at InvokeStub_WcTests.WC003_Compare(Object, Span`1)
   at System.Reflection.MethodBaseInvoker.InvokeWithFewArgs(Object obj, BindingFlags invokeAttr, Binder binder, Object[] parameters, CultureInfo culture)
  Passed OxPt.WcTests.WC003_Compare(testId: "WC-1780", name1: "WC/WC038-Document-With-BR-Before.docx", name2: "WC/WC038-Document-With-BR-After.docx", revisionCount: 2) [118 ms]
  Passed OxPt.WcTests.WC003_Compare(testId: "WC-1940", name1: "WC/WC052-SmartArt-Same.docx", name2: "WC/WC052-SmartArt-Same-Mod.docx", revisionCount: 2) [264 ms]
  Passed OxPt.WcTests.WC003_Compare(testId: "WC-1080", name1: "WC/WC002-Unmodified.docx", name2: "WC/WC002-InsertAtEnd.docx", revisionCount: 1) [105 ms]
[xUnit.net 00:00:39.79]       System.InvalidOperationException : Unable to extract Package from DocumentFormat.OpenXml.Packaging.PackageUriHandlingExtensions+MalformedUriHandlingPackage. The SDK returned an unexpected package type. Expected Package or MalformedUriHandlingPackage with accessible inner Package.
[xUnit.net 00:00:39.80]       Stack Trace:
[xUnit.net 00:00:39.80]         J:\repos\knilecrack\Open-Xml-PowerTools\OpenXmlPowerTools\OxPtHelpers.cs(107,0): at OpenXmlPowerTools.OpenXmlPackageExtensions.GetPackage(OpenXmlPackage package)
[xUnit.net 00:00:39.80]         J:\repos\knilecrack\Open-Xml-PowerTools\OpenXmlPowerTools\WmlComparer.cs(1343,0): at OpenXmlPowerTools.WmlComparer.AddToAnnotation(WordprocessingDocument wDocDelta, WordprocessingDocument consolidatedWDoc, XElement elementToInsertAfter, ConsolidationInfo consolidationInfo, WmlComparerSettings settings)
[xUnit.net 00:00:39.80]         J:\repos\knilecrack\Open-Xml-PowerTools\OpenXmlPowerTools\WmlComparer.cs(750,0): at OpenXmlPowerTools.WmlComparer.Consolidate(WmlDocument original, List`1 revisedDocumentInfoList, WmlComparerSettings settings, WmlComparerConsolidateSettings consolidateSettings)
[xUnit.net 00:00:39.80]         J:\repos\knilecrack\Open-Xml-PowerTools\OpenXmlPowerTools\WmlComparer.cs(530,0): at OpenXmlPowerTools.WmlComparer.Consolidate(WmlDocument original, List`1 revisedDocumentInfoList, WmlComparerSettings settings)
[xUnit.net 00:00:39.80]         J:\repos\knilecrack\Open-Xml-PowerTools\OpenXmlPowerTools.Tests\WmlComparerTests.cs(172,0): at OxPt.WcTests.WC001_Consolidate(String testId, String originalName, String revisedDocumentsXml)
[xUnit.net 00:00:39.80]            at System.RuntimeMethodHandle.InvokeMethod(ObjectHandleOnStack target, Void** arguments, ObjectHandleOnStack sig, BOOL isConstructor, ObjectHandleOnStack result)
[xUnit.net 00:00:39.80]            at System.Reflection.MethodBaseInvoker.InvokeDirectByRefWithFewArgs(Object obj, Span`1 copyOfArgs, BindingFlags invokeAttr)
[xUnit.net 00:00:39.82]       System.InvalidOperationException : Unable to extract Package from DocumentFormat.OpenXml.Packaging.PackageUriHandlingExtensions+MalformedUriHandlingPackage. The SDK returned an unexpected package type. Expected Package or MalformedUriHandlingPackage with accessible inner Package.
[xUnit.net 00:00:39.82]       Stack Trace:
[xUnit.net 00:00:39.82]         J:\repos\knilecrack\Open-Xml-PowerTools\OpenXmlPowerTools\OxPtHelpers.cs(107,0): at OpenXmlPowerTools.OpenXmlPackageExtensions.GetPackage(OpenXmlPackage package)
[xUnit.net 00:00:39.82]         J:\repos\knilecrack\Open-Xml-PowerTools\OpenXmlPowerTools\WmlComparer.cs(1343,0): at OpenXmlPowerTools.WmlComparer.AddToAnnotation(WordprocessingDocument wDocDelta, WordprocessingDocument consolidatedWDoc, XElement elementToInsertAfter, ConsolidationInfo consolidationInfo, WmlComparerSettings settings)
[xUnit.net 00:00:39.82]         J:\repos\knilecrack\Open-Xml-PowerTools\OpenXmlPowerTools\WmlComparer.cs(750,0): at OpenXmlPowerTools.WmlComparer.Consolidate(WmlDocument original, List`1 revisedDocumentInfoList, WmlComparerSettings settings, WmlComparerConsolidateSettings consolidateSettings)
[xUnit.net 00:00:39.82]         J:\repos\knilecrack\Open-Xml-PowerTools\OpenXmlPowerTools\WmlComparer.cs(530,0): at OpenXmlPowerTools.WmlComparer.Consolidate(WmlDocument original, List`1 revisedDocumentInfoList, WmlComparerSettings settings)
[xUnit.net 00:00:39.82]         J:\repos\knilecrack\Open-Xml-PowerTools\OpenXmlPowerTools.Tests\WmlComparerTests.cs(172,0): at OxPt.WcTests.WC001_Consolidate(String testId, String originalName, String revisedDocumentsXml)
[xUnit.net 00:00:39.82]            at InvokeStub_WcTests.WC001_Consolidate(Object, Span`1)
[xUnit.net 00:00:39.82]            at System.Reflection.MethodBaseInvoker.InvokeWithFewArgs(Object obj, BindingFlags invokeAttr, Binder binder, Object[] parameters, CultureInfo culture)
[xUnit.net 00:00:39.86]       OpenXmlPowerTools.OpenXmlPowerToolsException : Internal error
[xUnit.net 00:00:39.86]       Stack Trace:
[xUnit.net 00:00:39.86]         J:\repos\knilecrack\Open-Xml-PowerTools\OpenXmlPowerTools\WmlComparer.cs(2986,0): at OpenXmlPowerTools.WmlComparer.<>c.<AssembleAncestorUnidsInOrderToRebuildXmlTreeProperly>b__44_4(XElement ae)
[xUnit.net 00:00:39.86]            at System.Linq.Enumerable.ArraySelectIterator`2.ToArray()
[xUnit.net 00:00:39.86]         J:\repos\knilecrack\Open-Xml-PowerTools\OpenXmlPowerTools\WmlComparer.cs(2980,0): at OpenXmlPowerTools.WmlComparer.AssembleAncestorUnidsInOrderToRebuildXmlTreeProperly(List`1 comparisonUnitAtomList)
[xUnit.net 00:00:39.86]         J:\repos\knilecrack\Open-Xml-PowerTools\OpenXmlPowerTools\WmlComparer.cs(2549,0): at OpenXmlPowerTools.WmlComparer.ProcessFootnoteEndnote(WmlComparerSettings settings, List`1 listOfComparisonUnitAtoms, MainDocumentPart mainDocumentPartBefore, MainDocumentPart mainDocumentPartAfter, XDocument mainDocumentXDoc)
[xUnit.net 00:00:39.86]         J:\repos\knilecrack\Open-Xml-PowerTools\OpenXmlPowerTools\WmlComparer.cs(1698,0): at OpenXmlPowerTools.WmlComparer.ProduceDocumentWithTrackedRevisions(WmlComparerSettings settings, WmlDocument wmlResult, WordprocessingDocument wDoc1, WordprocessingDocument wDoc2)
[xUnit.net 00:00:39.86]         J:\repos\knilecrack\Open-Xml-PowerTools\OpenXmlPowerTools\WmlComparer.cs(213,0): at OpenXmlPowerTools.WmlComparer.CompareInternal(WmlDocument source1, WmlDocument source2, WmlComparerSettings settings, Boolean preProcessMarkupInOriginal)
[xUnit.net 00:00:39.86]         J:\repos\knilecrack\Open-Xml-PowerTools\OpenXmlPowerTools\WmlComparer.cs(624,0): at OpenXmlPowerTools.WmlComparer.Consolidate(WmlDocument original, List`1 revisedDocumentInfoList, WmlComparerSettings settings, WmlComparerConsolidateSettings consolidateSettings)
[xUnit.net 00:00:39.86]         J:\repos\knilecrack\Open-Xml-PowerTools\OpenXmlPowerTools\WmlComparer.cs(530,0): at OpenXmlPowerTools.WmlComparer.Consolidate(WmlDocument original, List`1 revisedDocumentInfoList, WmlComparerSettings settings)
[xUnit.net 00:00:39.86]         J:\repos\knilecrack\Open-Xml-PowerTools\OpenXmlPowerTools.Tests\WmlComparerTests.cs(172,0): at OxPt.WcTests.WC001_Consolidate(String testId, String originalName, String revisedDocumentsXml)
[xUnit.net 00:00:39.86]            at InvokeStub_WcTests.WC001_Consolidate(Object, Span`1)
[xUnit.net 00:00:39.86]            at System.Reflection.MethodBaseInvoker.InvokeWithFewArgs(Object obj, BindingFlags invokeAttr, Binder binder, Object[] parameters, CultureInfo culture)
[xUnit.net 00:00:39.89]       System.InvalidOperationException : Unable to extract Package from DocumentFormat.OpenXml.Packaging.PackageUriHandlingExtensions+MalformedUriHandlingPackage. The SDK returned an unexpected package type. Expected Package or MalformedUriHandlingPackage with accessible inner Package.
[xUnit.net 00:00:39.89]       Stack Trace:
[xUnit.net 00:00:39.89]         J:\repos\knilecrack\Open-Xml-PowerTools\OpenXmlPowerTools\OxPtHelpers.cs(107,0): at OpenXmlPowerTools.OpenXmlPackageExtensions.GetPackage(OpenXmlPackage package)
[xUnit.net 00:00:39.89]         J:\repos\knilecrack\Open-Xml-PowerTools\OpenXmlPowerTools\WmlComparer.cs(1343,0): at OpenXmlPowerTools.WmlComparer.AddToAnnotation(WordprocessingDocument wDocDelta, WordprocessingDocument consolidatedWDoc, XElement elementToInsertAfter, ConsolidationInfo consolidationInfo, WmlComparerSettings settings)
[xUnit.net 00:00:39.89]         J:\repos\knilecrack\Open-Xml-PowerTools\OpenXmlPowerTools\WmlComparer.cs(750,0): at OpenXmlPowerTools.WmlComparer.Consolidate(WmlDocument original, List`1 revisedDocumentInfoList, WmlComparerSettings settings, WmlComparerConsolidateSettings consolidateSettings)
[xUnit.net 00:00:39.89]         J:\repos\knilecrack\Open-Xml-PowerTools\OpenXmlPowerTools\WmlComparer.cs(530,0): at OpenXmlPowerTools.WmlComparer.Consolidate(WmlDocument original, List`1 revisedDocumentInfoList, WmlComparerSettings settings)
[xUnit.net 00:00:39.89]         J:\repos\knilecrack\Open-Xml-PowerTools\OpenXmlPowerTools.Tests\WmlComparerTests.cs(172,0): at OxPt.WcTests.WC001_Consolidate(String testId, String originalName, String revisedDocumentsXml)
[xUnit.net 00:00:39.89]            at InvokeStub_WcTests.WC001_Consolidate(Object, Span`1)
[xUnit.net 00:00:39.89]            at System.Reflection.MethodBaseInvoker.InvokeWithFewArgs(Object obj, BindingFlags invokeAttr, Binder binder, Object[] parameters, CultureInfo culture)
[xUnit.net 00:00:39.92]       System.InvalidOperationException : Unable to extract Package from DocumentFormat.OpenXml.Packaging.PackageUriHandlingExtensions+MalformedUriHandlingPackage. The SDK returned an unexpected package type. Expected Package or MalformedUriHandlingPackage with accessible inner Package.
[xUnit.net 00:00:39.92]       Stack Trace:
[xUnit.net 00:00:39.92]         J:\repos\knilecrack\Open-Xml-PowerTools\OpenXmlPowerTools\OxPtHelpers.cs(107,0): at OpenXmlPowerTools.OpenXmlPackageExtensions.GetPackage(OpenXmlPackage package)
[xUnit.net 00:00:39.92]         J:\repos\knilecrack\Open-Xml-PowerTools\OpenXmlPowerTools\WmlComparer.cs(1343,0): at OpenXmlPowerTools.WmlComparer.AddToAnnotation(WordprocessingDocument wDocDelta, WordprocessingDocument consolidatedWDoc, XElement elementToInsertAfter, ConsolidationInfo consolidationInfo, WmlComparerSettings settings)
[xUnit.net 00:00:39.92]         J:\repos\knilecrack\Open-Xml-PowerTools\OpenXmlPowerTools\WmlComparer.cs(750,0): at OpenXmlPowerTools.WmlComparer.Consolidate(WmlDocument original, List`1 revisedDocumentInfoList, WmlComparerSettings settings, WmlComparerConsolidateSettings consolidateSettings)
[xUnit.net 00:00:39.92]         J:\repos\knilecrack\Open-Xml-PowerTools\OpenXmlPowerTools\WmlComparer.cs(530,0): at OpenXmlPowerTools.WmlComparer.Consolidate(WmlDocument original, List`1 revisedDocumentInfoList, WmlComparerSettings settings)
[xUnit.net 00:00:39.92]         J:\repos\knilecrack\Open-Xml-PowerTools\OpenXmlPowerTools.Tests\WmlComparerTests.cs(172,0): at OxPt.WcTests.WC001_Consolidate(String testId, String originalName, String revisedDocumentsXml)
[xUnit.net 00:00:39.92]            at InvokeStub_WcTests.WC001_Consolidate(Object, Span`1)
[xUnit.net 00:00:39.92]            at System.Reflection.MethodBaseInvoker.InvokeWithFewArgs(Object obj, BindingFlags invokeAttr, Binder binder, Object[] parameters, CultureInfo culture)
[xUnit.net 00:00:39.95]       System.InvalidOperationException : Unable to extract Package from DocumentFormat.OpenXml.Packaging.PackageUriHandlingExtensions+MalformedUriHandlingPackage. The SDK returned an unexpected package type. Expected Package or MalformedUriHandlingPackage with accessible inner Package.
[xUnit.net 00:00:39.95]       Stack Trace:
[xUnit.net 00:00:39.95]         J:\repos\knilecrack\Open-Xml-PowerTools\OpenXmlPowerTools\OxPtHelpers.cs(107,0): at OpenXmlPowerTools.OpenXmlPackageExtensions.GetPackage(OpenXmlPackage package)
[xUnit.net 00:00:39.95]         J:\repos\knilecrack\Open-Xml-PowerTools\OpenXmlPowerTools\WmlComparer.cs(4629,0): at OpenXmlPowerTools.WmlComparer.<>c__DisplayClass69_6.<CoalesceRecurse>b__18(ComparisonUnitAtom gce)
[xUnit.net 00:00:39.95]            at System.Linq.Enumerable.IEnumerableSelectIterator`2.MoveNext()
[xUnit.net 00:00:39.95]            at System.Xml.Linq.XContainer.AddContentSkipNotify(Object content)
[xUnit.net 00:00:39.95]            at System.Xml.Linq.XContainer.AddContentSkipNotify(Object content)
[xUnit.net 00:00:39.95]            at System.Xml.Linq.XContainer.AddContentSkipNotify(Object content)
[xUnit.net 00:00:39.95]            at System.Xml.Linq.XContainer.AddContentSkipNotify(Object content)
[xUnit.net 00:00:39.95]            at System.Xml.Linq.XContainer.AddContentSkipNotify(Object content)
[xUnit.net 00:00:39.95]            at System.Xml.Linq.XContainer.AddContentSkipNotify(Object content)
[xUnit.net 00:00:39.95]         J:\repos\knilecrack\Open-Xml-PowerTools\OpenXmlPowerTools\WmlComparer.cs(4558,0): at OpenXmlPowerTools.WmlComparer.<>c__DisplayClass69_0.<CoalesceRecurse>b__2(IGrouping`2 g)
[xUnit.net 00:00:39.95]            at System.Linq.Enumerable.IEnumerableWhereSelectIterator`2.ToList()
[xUnit.net 00:00:39.95]         J:\repos\knilecrack\Open-Xml-PowerTools\OpenXmlPowerTools\WmlComparer.cs(4481,0): at OpenXmlPowerTools.WmlComparer.CoalesceRecurse(OpenXmlPart part, IEnumerable`1 list, Int32 level, WmlComparerSettings settings)
[xUnit.net 00:00:39.95]         J:\repos\knilecrack\Open-Xml-PowerTools\OpenXmlPowerTools\WmlComparer.cs(4521,0): at OpenXmlPowerTools.WmlComparer.<>c__DisplayClass69_0.<CoalesceRecurse>b__5(IGrouping`2 gc)
[xUnit.net 00:00:39.95]            at System.Linq.Enumerable.ListSelectIterator`2.ToList()
[xUnit.net 00:00:39.95]         J:\repos\knilecrack\Open-Xml-PowerTools\OpenXmlPowerTools\WmlComparer.cs(4505,0): at OpenXmlPowerTools.WmlComparer.<>c__DisplayClass69_0.<CoalesceRecurse>b__2(IGrouping`2 g)
[xUnit.net 00:00:39.95]            at System.Linq.Enumerable.IEnumerableWhereSelectIterator`2.ToList()
[xUnit.net 00:00:39.95]         J:\repos\knilecrack\Open-Xml-PowerTools\OpenXmlPowerTools\WmlComparer.cs(4481,0): at OpenXmlPowerTools.WmlComparer.CoalesceRecurse(OpenXmlPart part, IEnumerable`1 list, Int32 level, WmlComparerSettings settings)
[xUnit.net 00:00:39.95]         J:\repos\knilecrack\Open-Xml-PowerTools\OpenXmlPowerTools\WmlComparer.cs(4328,0): at OpenXmlPowerTools.WmlComparer.ProduceNewWmlMarkupFromCorrelatedSequence(OpenXmlPart part, IEnumerable`1 comparisonUnitAtomList, WmlComparerSettings settings)
[xUnit.net 00:00:39.95]         J:\repos\knilecrack\Open-Xml-PowerTools\OpenXmlPowerTools\WmlComparer.cs(1686,0): at OpenXmlPowerTools.WmlComparer.ProduceDocumentWithTrackedRevisions(WmlComparerSettings settings, WmlDocument wmlResult, WordprocessingDocument wDoc1, WordprocessingDocument wDoc2)
[xUnit.net 00:00:39.95]         J:\repos\knilecrack\Open-Xml-PowerTools\OpenXmlPowerTools\WmlComparer.cs(213,0): at OpenXmlPowerTools.WmlComparer.CompareInternal(WmlDocument source1, WmlDocument source2, WmlComparerSettings settings, Boolean preProcessMarkupInOriginal)
[xUnit.net 00:00:39.95]         J:\repos\knilecrack\Open-Xml-PowerTools\OpenXmlPowerTools\WmlComparer.cs(624,0): at OpenXmlPowerTools.WmlComparer.Consolidate(WmlDocument original, List`1 revisedDocumentInfoList, WmlComparerSettings settings, WmlComparerConsolidateSettings consolidateSettings)
[xUnit.net 00:00:39.95]         J:\repos\knilecrack\Open-Xml-PowerTools\OpenXmlPowerTools\WmlComparer.cs(530,0): at OpenXmlPowerTools.WmlComparer.Consolidate(WmlDocument original, List`1 revisedDocumentInfoList, WmlComparerSettings settings)
[xUnit.net 00:00:39.95]         J:\repos\knilecrack\Open-Xml-PowerTools\OpenXmlPowerTools.Tests\WmlComparerTests.cs(172,0): at OxPt.WcTests.WC001_Consolidate(String testId, String originalName, String revisedDocumentsXml)
[xUnit.net 00:00:39.95]            at InvokeStub_WcTests.WC001_Consolidate(Object, Span`1)
[xUnit.net 00:00:39.95]            at System.Reflection.MethodBaseInvoker.InvokeWithFewArgs(Object obj, BindingFlags invokeAttr, Binder binder, Object[] parameters, CultureInfo culture)
[xUnit.net 00:00:39.97]       System.InvalidOperationException : Unable to extract Package from DocumentFormat.OpenXml.Packaging.PackageUriHandlingExtensions+MalformedUriHandlingPackage. The SDK returned an unexpected package type. Expected Package or MalformedUriHandlingPackage with accessible inner Package.
[xUnit.net 00:00:39.97]       Stack Trace:
[xUnit.net 00:00:39.97]         J:\repos\knilecrack\Open-Xml-PowerTools\OpenXmlPowerTools\OxPtHelpers.cs(107,0): at OpenXmlPowerTools.OpenXmlPackageExtensions.GetPackage(OpenXmlPackage package)
[xUnit.net 00:00:39.97]         J:\repos\knilecrack\Open-Xml-PowerTools\OpenXmlPowerTools\WmlComparer.cs(4610,0): at OpenXmlPowerTools.WmlComparer.<>c__DisplayClass69_5.<CoalesceRecurse>b__17(ComparisonUnitAtom gce)
[xUnit.net 00:00:39.97]            at System.Linq.Enumerable.IEnumerableSelectIterator`2.MoveNext()
[xUnit.net 00:00:39.97]            at System.Xml.Linq.XContainer.AddContentSkipNotify(Object content)
[xUnit.net 00:00:39.98]            at System.Xml.Linq.XContainer.AddContentSkipNotify(Object content)
[xUnit.net 00:00:39.98]            at System.Xml.Linq.XContainer.AddContentSkipNotify(Object content)
[xUnit.net 00:00:39.98]            at System.Xml.Linq.XContainer.AddContentSkipNotify(Object content)
[xUnit.net 00:00:39.98]            at System.Xml.Linq.XContainer.AddContentSkipNotify(Object content)
[xUnit.net 00:00:39.98]            at System.Xml.Linq.XContainer.AddContentSkipNotify(Object content)
[xUnit.net 00:00:39.98]         J:\repos\knilecrack\Open-Xml-PowerTools\OpenXmlPowerTools\WmlComparer.cs(4558,0): at OpenXmlPowerTools.WmlComparer.<>c__DisplayClass69_0.<CoalesceRecurse>b__2(IGrouping`2 g)
[xUnit.net 00:00:39.98]            at System.Linq.Enumerable.IEnumerableWhereSelectIterator`2.ToList()
[xUnit.net 00:00:39.98]         J:\repos\knilecrack\Open-Xml-PowerTools\OpenXmlPowerTools\WmlComparer.cs(4481,0): at OpenXmlPowerTools.WmlComparer.CoalesceRecurse(OpenXmlPart part, IEnumerable`1 list, Int32 level, WmlComparerSettings settings)
[xUnit.net 00:00:39.98]         J:\repos\knilecrack\Open-Xml-PowerTools\OpenXmlPowerTools\WmlComparer.cs(4521,0): at OpenXmlPowerTools.WmlComparer.<>c__DisplayClass69_0.<CoalesceRecurse>b__5(IGrouping`2 gc)
[xUnit.net 00:00:39.98]            at System.Linq.Enumerable.ListSelectIterator`2.ToList()
[xUnit.net 00:00:39.98]         J:\repos\knilecrack\Open-Xml-PowerTools\OpenXmlPowerTools\WmlComparer.cs(4505,0): at OpenXmlPowerTools.WmlComparer.<>c__DisplayClass69_0.<CoalesceRecurse>b__2(IGrouping`2 g)
[xUnit.net 00:00:39.98]            at System.Linq.Enumerable.IEnumerableWhereSelectIterator`2.ToList()
[xUnit.net 00:00:39.98]         J:\repos\knilecrack\Open-Xml-PowerTools\OpenXmlPowerTools\WmlComparer.cs(4481,0): at OpenXmlPowerTools.WmlComparer.CoalesceRecurse(OpenXmlPart part, IEnumerable`1 list, Int32 level, WmlComparerSettings settings)
[xUnit.net 00:00:39.98]         J:\repos\knilecrack\Open-Xml-PowerTools\OpenXmlPowerTools\WmlComparer.cs(4328,0): at OpenXmlPowerTools.WmlComparer.ProduceNewWmlMarkupFromCorrelatedSequence(OpenXmlPart part, IEnumerable`1 comparisonUnitAtomList, WmlComparerSettings settings)
[xUnit.net 00:00:39.98]         J:\repos\knilecrack\Open-Xml-PowerTools\OpenXmlPowerTools\WmlComparer.cs(1686,0): at OpenXmlPowerTools.WmlComparer.ProduceDocumentWithTrackedRevisions(WmlComparerSettings settings, WmlDocument wmlResult, WordprocessingDocument wDoc1, WordprocessingDocument wDoc2)
[xUnit.net 00:00:39.98]         J:\repos\knilecrack\Open-Xml-PowerTools\OpenXmlPowerTools\WmlComparer.cs(213,0): at OpenXmlPowerTools.WmlComparer.CompareInternal(WmlDocument source1, WmlDocument source2, WmlComparerSettings settings, Boolean preProcessMarkupInOriginal)
[xUnit.net 00:00:39.98]         J:\repos\knilecrack\Open-Xml-PowerTools\OpenXmlPowerTools\WmlComparer.cs(624,0): at OpenXmlPowerTools.WmlComparer.Consolidate(WmlDocument original, List`1 revisedDocumentInfoList, WmlComparerSettings settings, WmlComparerConsolidateSettings consolidateSettings)
[xUnit.net 00:00:39.98]         J:\repos\knilecrack\Open-Xml-PowerTools\OpenXmlPowerTools\WmlComparer.cs(530,0): at OpenXmlPowerTools.WmlComparer.Consolidate(WmlDocument original, List`1 revisedDocumentInfoList, WmlComparerSettings settings)
[xUnit.net 00:00:39.98]         J:\repos\knilecrack\Open-Xml-PowerTools\OpenXmlPowerTools.Tests\WmlComparerTests.cs(172,0): at OxPt.WcTests.WC001_Consolidate(String testId, String originalName, String revisedDocumentsXml)
[xUnit.net 00:00:39.98]            at InvokeStub_WcTests.WC001_Consolidate(Object, Span`1)
[xUnit.net 00:00:39.98]            at System.Reflection.MethodBaseInvoker.InvokeWithFewArgs(Object obj, BindingFlags invokeAttr, Binder binder, Object[] parameters, CultureInfo culture)
[xUnit.net 00:00:40.01]       System.InvalidOperationException : Unable to extract Package from DocumentFormat.OpenXml.Packaging.PackageUriHandlingExtensions+MalformedUriHandlingPackage. The SDK returned an unexpected package type. Expected Package or MalformedUriHandlingPackage with accessible inner Package.
[xUnit.net 00:00:40.01]       Stack Trace:
[xUnit.net 00:00:40.01]         J:\repos\knilecrack\Open-Xml-PowerTools\OpenXmlPowerTools\OxPtHelpers.cs(107,0): at OpenXmlPowerTools.OpenXmlPackageExtensions.GetPackage(OpenXmlPackage package)
[xUnit.net 00:00:40.01]         J:\repos\knilecrack\Open-Xml-PowerTools\OpenXmlPowerTools\WmlComparer.cs(1343,0): at OpenXmlPowerTools.WmlComparer.AddToAnnotation(WordprocessingDocument wDocDelta, WordprocessingDocument consolidatedWDoc, XElement elementToInsertAfter, ConsolidationInfo consolidationInfo, WmlComparerSettings settings)
[xUnit.net 00:00:40.01]         J:\repos\knilecrack\Open-Xml-PowerTools\OpenXmlPowerTools\WmlComparer.cs(750,0): at OpenXmlPowerTools.WmlComparer.Consolidate(WmlDocument original, List`1 revisedDocumentInfoList, WmlComparerSettings settings, WmlComparerConsolidateSettings consolidateSettings)
[xUnit.net 00:00:40.01]         J:\repos\knilecrack\Open-Xml-PowerTools\OpenXmlPowerTools\WmlComparer.cs(530,0): at OpenXmlPowerTools.WmlComparer.Consolidate(WmlDocument original, List`1 revisedDocumentInfoList, WmlComparerSettings settings)
[xUnit.net 00:00:40.01]         J:\repos\knilecrack\Open-Xml-PowerTools\OpenXmlPowerTools.Tests\WmlComparerTests.cs(172,0): at OxPt.WcTests.WC001_Consolidate(String testId, String originalName, String revisedDocumentsXml)
[xUnit.net 00:00:40.01]            at InvokeStub_WcTests.WC001_Consolidate(Object, Span`1)
[xUnit.net 00:00:40.01]            at System.Reflection.MethodBaseInvoker.InvokeWithFewArgs(Object obj, BindingFlags invokeAttr, Binder binder, Object[] parameters, CultureInfo culture)
[xUnit.net 00:00:40.04]       OpenXmlPowerTools.OpenXmlPowerToolsException : Internal error
[xUnit.net 00:00:40.04]       Stack Trace:
[xUnit.net 00:00:40.04]         J:\repos\knilecrack\Open-Xml-PowerTools\OpenXmlPowerTools\WmlComparer.cs(2986,0): at OpenXmlPowerTools.WmlComparer.<>c.<AssembleAncestorUnidsInOrderToRebuildXmlTreeProperly>b__44_4(XElement ae)
[xUnit.net 00:00:40.04]            at System.Linq.Enumerable.ArraySelectIterator`2.ToArray()
[xUnit.net 00:00:40.04]         J:\repos\knilecrack\Open-Xml-PowerTools\OpenXmlPowerTools\WmlComparer.cs(2980,0): at OpenXmlPowerTools.WmlComparer.AssembleAncestorUnidsInOrderToRebuildXmlTreeProperly(List`1 comparisonUnitAtomList)
[xUnit.net 00:00:40.04]         J:\repos\knilecrack\Open-Xml-PowerTools\OpenXmlPowerTools\WmlComparer.cs(2549,0): at OpenXmlPowerTools.WmlComparer.ProcessFootnoteEndnote(WmlComparerSettings settings, List`1 listOfComparisonUnitAtoms, MainDocumentPart mainDocumentPartBefore, MainDocumentPart mainDocumentPartAfter, XDocument mainDocumentXDoc)
[xUnit.net 00:00:40.04]         J:\repos\knilecrack\Open-Xml-PowerTools\OpenXmlPowerTools\WmlComparer.cs(1698,0): at OpenXmlPowerTools.WmlComparer.ProduceDocumentWithTrackedRevisions(WmlComparerSettings settings, WmlDocument wmlResult, WordprocessingDocument wDoc1, WordprocessingDocument wDoc2)
[xUnit.net 00:00:40.04]         J:\repos\knilecrack\Open-Xml-PowerTools\OpenXmlPowerTools\WmlComparer.cs(213,0): at OpenXmlPowerTools.WmlComparer.CompareInternal(WmlDocument source1, WmlDocument source2, WmlComparerSettings settings, Boolean preProcessMarkupInOriginal)
[xUnit.net 00:00:40.04]         J:\repos\knilecrack\Open-Xml-PowerTools\OpenXmlPowerTools\WmlComparer.cs(624,0): at OpenXmlPowerTools.WmlComparer.Consolidate(WmlDocument original, List`1 revisedDocumentInfoList, WmlComparerSettings settings, WmlComparerConsolidateSettings consolidateSettings)
[xUnit.net 00:00:40.04]         J:\repos\knilecrack\Open-Xml-PowerTools\OpenXmlPowerTools\WmlComparer.cs(530,0): at OpenXmlPowerTools.WmlComparer.Consolidate(WmlDocument original, List`1 revisedDocumentInfoList, WmlComparerSettings settings)
[xUnit.net 00:00:40.04]         J:\repos\knilecrack\Open-Xml-PowerTools\OpenXmlPowerTools.Tests\WmlComparerTests.cs(172,0): at OxPt.WcTests.WC001_Consolidate(String testId, String originalName, String revisedDocumentsXml)
[xUnit.net 00:00:40.04]            at InvokeStub_WcTests.WC001_Consolidate(Object, Span`1)
[xUnit.net 00:00:40.04]            at System.Reflection.MethodBaseInvoker.InvokeWithFewArgs(Object obj, BindingFlags invokeAttr, Binder binder, Object[] parameters, CultureInfo culture)
  Failed OxPt.WcTests.WC001_Consolidate(testId: "RC-0070", originalName: "RC/RC004-Before.docx", revisedDocumentsXml: "<Root>\r\n              <RcInfo>\r\n              "···) [44 ms]
  Error Message:
   System.InvalidOperationException : Unable to extract Package from DocumentFormat.OpenXml.Packaging.PackageUriHandlingExtensions+MalformedUriHandlingPackage. The SDK returned an unexpected package type. Expected Package or MalformedUriHandlingPackage with accessible inner Package.
  Stack Trace:
     at OpenXmlPowerTools.OpenXmlPackageExtensions.GetPackage(OpenXmlPackage package) in J:\repos\knilecrack\Open-Xml-PowerTools\OpenXmlPowerTools\OxPtHelpers.cs:line 107
   at OpenXmlPowerTools.WmlComparer.AddToAnnotation(WordprocessingDocument wDocDelta, WordprocessingDocument consolidatedWDoc, XElement elementToInsertAfter, ConsolidationInfo consolidationInfo, WmlComparerSettings settings) in J:\repos\knilecrack\Open-Xml-PowerTools\OpenXmlPowerTools\WmlComparer.cs:line 1343
   at OpenXmlPowerTools.WmlComparer.Consolidate(WmlDocument original, List`1 revisedDocumentInfoList, WmlComparerSettings settings, WmlComparerConsolidateSettings consolidateSettings) in J:\repos\knilecrack\Open-Xml-PowerTools\OpenXmlPowerTools\WmlComparer.cs:line 750
   at OpenXmlPowerTools.WmlComparer.Consolidate(WmlDocument original, List`1 revisedDocumentInfoList, WmlComparerSettings settings) in J:\repos\knilecrack\Open-Xml-PowerTools\OpenXmlPowerTools\WmlComparer.cs:line 530
   at OxPt.WcTests.WC001_Consolidate(String testId, String originalName, String revisedDocumentsXml) in J:\repos\knilecrack\Open-Xml-PowerTools\OpenXmlPowerTools.Tests\WmlComparerTests.cs:line 172
   at System.RuntimeMethodHandle.InvokeMethod(ObjectHandleOnStack target, Void** arguments, ObjectHandleOnStack sig, BOOL isConstructor, ObjectHandleOnStack result)
   at System.Reflection.MethodBaseInvoker.InvokeDirectByRefWithFewArgs(Object obj, Span`1 copyOfArgs, BindingFlags invokeAttr)
  Failed OxPt.WcTests.WC001_Consolidate(testId: "RC-0010", originalName: "RC/RC001-Before.docx", revisedDocumentsXml: "<Root>\r\n              <RcInfo>\r\n              "···) [29 ms]
  Error Message:
   System.InvalidOperationException : Unable to extract Package from DocumentFormat.OpenXml.Packaging.PackageUriHandlingExtensions+MalformedUriHandlingPackage. The SDK returned an unexpected package type. Expected Package or MalformedUriHandlingPackage with accessible inner Package.
  Stack Trace:
     at OpenXmlPowerTools.OpenXmlPackageExtensions.GetPackage(OpenXmlPackage package) in J:\repos\knilecrack\Open-Xml-PowerTools\OpenXmlPowerTools\OxPtHelpers.cs:line 107
   at OpenXmlPowerTools.WmlComparer.AddToAnnotation(WordprocessingDocument wDocDelta, WordprocessingDocument consolidatedWDoc, XElement elementToInsertAfter, ConsolidationInfo consolidationInfo, WmlComparerSettings settings) in J:\repos\knilecrack\Open-Xml-PowerTools\OpenXmlPowerTools\WmlComparer.cs:line 1343
   at OpenXmlPowerTools.WmlComparer.Consolidate(WmlDocument original, List`1 revisedDocumentInfoList, WmlComparerSettings settings, WmlComparerConsolidateSettings consolidateSettings) in J:\repos\knilecrack\Open-Xml-PowerTools\OpenXmlPowerTools\WmlComparer.cs:line 750
   at OpenXmlPowerTools.WmlComparer.Consolidate(WmlDocument original, List`1 revisedDocumentInfoList, WmlComparerSettings settings) in J:\repos\knilecrack\Open-Xml-PowerTools\OpenXmlPowerTools\WmlComparer.cs:line 530
   at OxPt.WcTests.WC001_Consolidate(String testId, String originalName, String revisedDocumentsXml) in J:\repos\knilecrack\Open-Xml-PowerTools\OpenXmlPowerTools.Tests\WmlComparerTests.cs:line 172
   at InvokeStub_WcTests.WC001_Consolidate(Object, Span`1)
   at System.Reflection.MethodBaseInvoker.InvokeWithFewArgs(Object obj, BindingFlags invokeAttr, Binder binder, Object[] parameters, CultureInfo culture)
  Failed OxPt.WcTests.WC001_Consolidate(testId: "RC-0080", originalName: "RC/RC005-Before.docx", revisedDocumentsXml: "<Root>\r\n              <RcInfo>\r\n              "···) [31 ms]
  Error Message:
   OpenXmlPowerTools.OpenXmlPowerToolsException : Internal error
  Stack Trace:
     at OpenXmlPowerTools.WmlComparer.<>c.<AssembleAncestorUnidsInOrderToRebuildXmlTreeProperly>b__44_4(XElement ae) in J:\repos\knilecrack\Open-Xml-PowerTools\OpenXmlPowerTools\WmlComparer.cs:line 2986
   at System.Linq.Enumerable.ArraySelectIterator`2.ToArray()
   at OpenXmlPowerTools.WmlComparer.AssembleAncestorUnidsInOrderToRebuildXmlTreeProperly(List`1 comparisonUnitAtomList) in J:\repos\knilecrack\Open-Xml-PowerTools\OpenXmlPowerTools\WmlComparer.cs:line 2980
   at OpenXmlPowerTools.WmlComparer.ProcessFootnoteEndnote(WmlComparerSettings settings, List`1 listOfComparisonUnitAtoms, MainDocumentPart mainDocumentPartBefore, MainDocumentPart mainDocumentPartAfter, XDocument mainDocumentXDoc) in J:\repos\knilecrack\Open-Xml-PowerTools\OpenXmlPowerTools\WmlComparer.cs:line 2549
   at OpenXmlPowerTools.WmlComparer.ProduceDocumentWithTrackedRevisions(WmlComparerSettings settings, WmlDocument wmlResult, WordprocessingDocument wDoc1, WordprocessingDocument wDoc2) in J:\repos\knilecrack\Open-Xml-PowerTools\OpenXmlPowerTools\WmlComparer.cs:line 1698
   at OpenXmlPowerTools.WmlComparer.CompareInternal(WmlDocument source1, WmlDocument source2, WmlComparerSettings settings, Boolean preProcessMarkupInOriginal) in J:\repos\knilecrack\Open-Xml-PowerTools\OpenXmlPowerTools\WmlComparer.cs:line 213
   at OpenXmlPowerTools.WmlComparer.Consolidate(WmlDocument original, List`1 revisedDocumentInfoList, WmlComparerSettings settings, WmlComparerConsolidateSettings consolidateSettings) in J:\repos\knilecrack\Open-Xml-PowerTools\OpenXmlPowerTools\WmlComparer.cs:line 624
   at OpenXmlPowerTools.WmlComparer.Consolidate(WmlDocument original, List`1 revisedDocumentInfoList, WmlComparerSettings settings) in J:\repos\knilecrack\Open-Xml-PowerTools\OpenXmlPowerTools\WmlComparer.cs:line 530
   at OxPt.WcTests.WC001_Consolidate(String testId, String originalName, String revisedDocumentsXml) in J:\repos\knilecrack\Open-Xml-PowerTools\OpenXmlPowerTools.Tests\WmlComparerTests.cs:line 172
   at InvokeStub_WcTests.WC001_Consolidate(Object, Span`1)
   at System.Reflection.MethodBaseInvoker.InvokeWithFewArgs(Object obj, BindingFlags invokeAttr, Binder binder, Object[] parameters, CultureInfo culture)
  Failed OxPt.WcTests.WC001_Consolidate(testId: "RC-0050", originalName: "WC/WC027-Twenty-Paras-Before.docx", revisedDocumentsXml: "<Root>\r\n              <RcInfo>\r\n              "···) [31 ms]
  Error Message:
   System.InvalidOperationException : Unable to extract Package from DocumentFormat.OpenXml.Packaging.PackageUriHandlingExtensions+MalformedUriHandlingPackage. The SDK returned an unexpected package type. Expected Package or MalformedUriHandlingPackage with accessible inner Package.
  Stack Trace:
     at OpenXmlPowerTools.OpenXmlPackageExtensions.GetPackage(OpenXmlPackage package) in J:\repos\knilecrack\Open-Xml-PowerTools\OpenXmlPowerTools\OxPtHelpers.cs:line 107
   at OpenXmlPowerTools.WmlComparer.AddToAnnotation(WordprocessingDocument wDocDelta, WordprocessingDocument consolidatedWDoc, XElement elementToInsertAfter, ConsolidationInfo consolidationInfo, WmlComparerSettings settings) in J:\repos\knilecrack\Open-Xml-PowerTools\OpenXmlPowerTools\WmlComparer.cs:line 1343
   at OpenXmlPowerTools.WmlComparer.Consolidate(WmlDocument original, List`1 revisedDocumentInfoList, WmlComparerSettings settings, WmlComparerConsolidateSettings consolidateSettings) in J:\repos\knilecrack\Open-Xml-PowerTools\OpenXmlPowerTools\WmlComparer.cs:line 750
   at OpenXmlPowerTools.WmlComparer.Consolidate(WmlDocument original, List`1 revisedDocumentInfoList, WmlComparerSettings settings) in J:\repos\knilecrack\Open-Xml-PowerTools\OpenXmlPowerTools\WmlComparer.cs:line 530
   at OxPt.WcTests.WC001_Consolidate(String testId, String originalName, String revisedDocumentsXml) in J:\repos\knilecrack\Open-Xml-PowerTools\OpenXmlPowerTools.Tests\WmlComparerTests.cs:line 172
   at InvokeStub_WcTests.WC001_Consolidate(Object, Span`1)
   at System.Reflection.MethodBaseInvoker.InvokeWithFewArgs(Object obj, BindingFlags invokeAttr, Binder binder, Object[] parameters, CultureInfo culture)
  Failed OxPt.WcTests.WC001_Consolidate(testId: "RC-0060", originalName: "RC/RC003-Multi-Paras.docx", revisedDocumentsXml: "<Root>\r\n              <RcInfo>\r\n              "···) [30 ms]
  Error Message:
   System.InvalidOperationException : Unable to extract Package from DocumentFormat.OpenXml.Packaging.PackageUriHandlingExtensions+MalformedUriHandlingPackage. The SDK returned an unexpected package type. Expected Package or MalformedUriHandlingPackage with accessible inner Package.
  Stack Trace:
     at OpenXmlPowerTools.OpenXmlPackageExtensions.GetPackage(OpenXmlPackage package) in J:\repos\knilecrack\Open-Xml-PowerTools\OpenXmlPowerTools\OxPtHelpers.cs:line 107
   at OpenXmlPowerTools.WmlComparer.AddToAnnotation(WordprocessingDocument wDocDelta, WordprocessingDocument consolidatedWDoc, XElement elementToInsertAfter, ConsolidationInfo consolidationInfo, WmlComparerSettings settings) in J:\repos\knilecrack\Open-Xml-PowerTools\OpenXmlPowerTools\WmlComparer.cs:line 1343
   at OpenXmlPowerTools.WmlComparer.Consolidate(WmlDocument original, List`1 revisedDocumentInfoList, WmlComparerSettings settings, WmlComparerConsolidateSettings consolidateSettings) in J:\repos\knilecrack\Open-Xml-PowerTools\OpenXmlPowerTools\WmlComparer.cs:line 750
   at OpenXmlPowerTools.WmlComparer.Consolidate(WmlDocument original, List`1 revisedDocumentInfoList, WmlComparerSettings settings) in J:\repos\knilecrack\Open-Xml-PowerTools\OpenXmlPowerTools\WmlComparer.cs:line 530
   at OxPt.WcTests.WC001_Consolidate(String testId, String originalName, String revisedDocumentsXml) in J:\repos\knilecrack\Open-Xml-PowerTools\OpenXmlPowerTools.Tests\WmlComparerTests.cs:line 172
   at InvokeStub_WcTests.WC001_Consolidate(Object, Span`1)
   at System.Reflection.MethodBaseInvoker.InvokeWithFewArgs(Object obj, BindingFlags invokeAttr, Binder binder, Object[] parameters, CultureInfo culture)
  Failed OxPt.WcTests.WC001_Consolidate(testId: "RC-0020", originalName: "RC/RC002-Image.docx", revisedDocumentsXml: "<Root>\r\n              <RcInfo>\r\n              "···) [26 ms]
  Error Message:
   System.InvalidOperationException : Unable to extract Package from DocumentFormat.OpenXml.Packaging.PackageUriHandlingExtensions+MalformedUriHandlingPackage. The SDK returned an unexpected package type. Expected Package or MalformedUriHandlingPackage with accessible inner Package.
  Stack Trace:
     at OpenXmlPowerTools.OpenXmlPackageExtensions.GetPackage(OpenXmlPackage package) in J:\repos\knilecrack\Open-Xml-PowerTools\OpenXmlPowerTools\OxPtHelpers.cs:line 107
   at OpenXmlPowerTools.WmlComparer.<>c__DisplayClass69_6.<CoalesceRecurse>b__18(ComparisonUnitAtom gce) in J:\repos\knilecrack\Open-Xml-PowerTools\OpenXmlPowerTools\WmlComparer.cs:line 4629
   at System.Linq.Enumerable.IEnumerableSelectIterator`2.MoveNext()
   at System.Xml.Linq.XContainer.AddContentSkipNotify(Object content)
   at System.Xml.Linq.XContainer.AddContentSkipNotify(Object content)
   at System.Xml.Linq.XContainer.AddContentSkipNotify(Object content)
   at System.Xml.Linq.XContainer.AddContentSkipNotify(Object content)
   at System.Xml.Linq.XContainer.AddContentSkipNotify(Object content)
   at System.Xml.Linq.XContainer.AddContentSkipNotify(Object content)
   at OpenXmlPowerTools.WmlComparer.<>c__DisplayClass69_0.<CoalesceRecurse>b__2(IGrouping`2 g) in J:\repos\knilecrack\Open-Xml-PowerTools\OpenXmlPowerTools\WmlComparer.cs:line 4558
   at System.Linq.Enumerable.IEnumerableWhereSelectIterator`2.ToList()
   at OpenXmlPowerTools.WmlComparer.CoalesceRecurse(OpenXmlPart part, IEnumerable`1 list, Int32 level, WmlComparerSettings settings) in J:\repos\knilecrack\Open-Xml-PowerTools\OpenXmlPowerTools\WmlComparer.cs:line 4481
   at OpenXmlPowerTools.WmlComparer.<>c__DisplayClass69_0.<CoalesceRecurse>b__5(IGrouping`2 gc) in J:\repos\knilecrack\Open-Xml-PowerTools\OpenXmlPowerTools\WmlComparer.cs:line 4521
   at System.Linq.Enumerable.ListSelectIterator`2.ToList()
   at OpenXmlPowerTools.WmlComparer.<>c__DisplayClass69_0.<CoalesceRecurse>b__2(IGrouping`2 g) in J:\repos\knilecrack\Open-Xml-PowerTools\OpenXmlPowerTools\WmlComparer.cs:line 4505
   at System.Linq.Enumerable.IEnumerableWhereSelectIterator`2.ToList()
   at OpenXmlPowerTools.WmlComparer.CoalesceRecurse(OpenXmlPart part, IEnumerable`1 list, Int32 level, WmlComparerSettings settings) in J:\repos\knilecrack\Open-Xml-PowerTools\OpenXmlPowerTools\WmlComparer.cs:line 4481
   at OpenXmlPowerTools.WmlComparer.ProduceNewWmlMarkupFromCorrelatedSequence(OpenXmlPart part, IEnumerable`1 comparisonUnitAtomList, WmlComparerSettings settings) in J:\repos\knilecrack\Open-Xml-PowerTools\OpenXmlPowerTools\WmlComparer.cs:line 4328
   at OpenXmlPowerTools.WmlComparer.ProduceDocumentWithTrackedRevisions(WmlComparerSettings settings, WmlDocument wmlResult, WordprocessingDocument wDoc1, WordprocessingDocument wDoc2) in J:\repos\knilecrack\Open-Xml-PowerTools\OpenXmlPowerTools\WmlComparer.cs:line 1686
   at OpenXmlPowerTools.WmlComparer.CompareInternal(WmlDocument source1, WmlDocument source2, WmlComparerSettings settings, Boolean preProcessMarkupInOriginal) in J:\repos\knilecrack\Open-Xml-PowerTools\OpenXmlPowerTools\WmlComparer.cs:line 213
   at OpenXmlPowerTools.WmlComparer.Consolidate(WmlDocument original, List`1 revisedDocumentInfoList, WmlComparerSettings settings, WmlComparerConsolidateSettings consolidateSettings) in J:\repos\knilecrack\Open-Xml-PowerTools\OpenXmlPowerTools\WmlComparer.cs:line 624
   at OpenXmlPowerTools.WmlComparer.Consolidate(WmlDocument original, List`1 revisedDocumentInfoList, WmlComparerSettings settings) in J:\repos\knilecrack\Open-Xml-PowerTools\OpenXmlPowerTools\WmlComparer.cs:line 530
   at OxPt.WcTests.WC001_Consolidate(String testId, String originalName, String revisedDocumentsXml) in J:\repos\knilecrack\Open-Xml-PowerTools\OpenXmlPowerTools.Tests\WmlComparerTests.cs:line 172
   at InvokeStub_WcTests.WC001_Consolidate(Object, Span`1)
   at System.Reflection.MethodBaseInvoker.InvokeWithFewArgs(Object obj, BindingFlags invokeAttr, Binder binder, Object[] parameters, CultureInfo culture)
  Failed OxPt.WcTests.WC001_Consolidate(testId: "RC-0030", originalName: "RC/RC002-Image-After1.docx", revisedDocumentsXml: "<Root>\r\n              <RcInfo>\r\n              "···) [28 ms]
  Error Message:
   System.InvalidOperationException : Unable to extract Package from DocumentFormat.OpenXml.Packaging.PackageUriHandlingExtensions+MalformedUriHandlingPackage. The SDK returned an unexpected package type. Expected Package or MalformedUriHandlingPackage with accessible inner Package.
  Stack Trace:
     at OpenXmlPowerTools.OpenXmlPackageExtensions.GetPackage(OpenXmlPackage package) in J:\repos\knilecrack\Open-Xml-PowerTools\OpenXmlPowerTools\OxPtHelpers.cs:line 107
   at OpenXmlPowerTools.WmlComparer.<>c__DisplayClass69_5.<CoalesceRecurse>b__17(ComparisonUnitAtom gce) in J:\repos\knilecrack\Open-Xml-PowerTools\OpenXmlPowerTools\WmlComparer.cs:line 4610
   at System.Linq.Enumerable.IEnumerableSelectIterator`2.MoveNext()
   at System.Xml.Linq.XContainer.AddContentSkipNotify(Object content)
   at System.Xml.Linq.XContainer.AddContentSkipNotify(Object content)
   at System.Xml.Linq.XContainer.AddContentSkipNotify(Object content)
   at System.Xml.Linq.XContainer.AddContentSkipNotify(Object content)
   at System.Xml.Linq.XContainer.AddContentSkipNotify(Object content)
   at System.Xml.Linq.XContainer.AddContentSkipNotify(Object content)
   at OpenXmlPowerTools.WmlComparer.<>c__DisplayClass69_0.<CoalesceRecurse>b__2(IGrouping`2 g) in J:\repos\knilecrack\Open-Xml-PowerTools\OpenXmlPowerTools\WmlComparer.cs:line 4558
   at System.Linq.Enumerable.IEnumerableWhereSelectIterator`2.ToList()
   at OpenXmlPowerTools.WmlComparer.CoalesceRecurse(OpenXmlPart part, IEnumerable`1 list, Int32 level, WmlComparerSettings settings) in J:\repos\knilecrack\Open-Xml-PowerTools\OpenXmlPowerTools\WmlComparer.cs:line 4481
   at OpenXmlPowerTools.WmlComparer.<>c__DisplayClass69_0.<CoalesceRecurse>b__5(IGrouping`2 gc) in J:\repos\knilecrack\Open-Xml-PowerTools\OpenXmlPowerTools\WmlComparer.cs:line 4521
   at System.Linq.Enumerable.ListSelectIterator`2.ToList()
   at OpenXmlPowerTools.WmlComparer.<>c__DisplayClass69_0.<CoalesceRecurse>b__2(IGrouping`2 g) in J:\repos\knilecrack\Open-Xml-PowerTools\OpenXmlPowerTools\WmlComparer.cs:line 4505
   at System.Linq.Enumerable.IEnumerableWhereSelectIterator`2.ToList()
   at OpenXmlPowerTools.WmlComparer.CoalesceRecurse(OpenXmlPart part, IEnumerable`1 list, Int32 level, WmlComparerSettings settings) in J:\repos\knilecrack\Open-Xml-PowerTools\OpenXmlPowerTools\WmlComparer.cs:line 4481
   at OpenXmlPowerTools.WmlComparer.ProduceNewWmlMarkupFromCorrelatedSequence(OpenXmlPart part, IEnumerable`1 comparisonUnitAtomList, WmlComparerSettings settings) in J:\repos\knilecrack\Open-Xml-PowerTools\OpenXmlPowerTools\WmlComparer.cs:line 4328
   at OpenXmlPowerTools.WmlComparer.ProduceDocumentWithTrackedRevisions(WmlComparerSettings settings, WmlDocument wmlResult, WordprocessingDocument wDoc1, WordprocessingDocument wDoc2) in J:\repos\knilecrack\Open-Xml-PowerTools\OpenXmlPowerTools\WmlComparer.cs:line 1686
   at OpenXmlPowerTools.WmlComparer.CompareInternal(WmlDocument source1, WmlDocument source2, WmlComparerSettings settings, Boolean preProcessMarkupInOriginal) in J:\repos\knilecrack\Open-Xml-PowerTools\OpenXmlPowerTools\WmlComparer.cs:line 213
   at OpenXmlPowerTools.WmlComparer.Consolidate(WmlDocument original, List`1 revisedDocumentInfoList, WmlComparerSettings settings, WmlComparerConsolidateSettings consolidateSettings) in J:\repos\knilecrack\Open-Xml-PowerTools\OpenXmlPowerTools\WmlComparer.cs:line 624
   at OpenXmlPowerTools.WmlComparer.Consolidate(WmlDocument original, List`1 revisedDocumentInfoList, WmlComparerSettings settings) in J:\repos\knilecrack\Open-Xml-PowerTools\OpenXmlPowerTools\WmlComparer.cs:line 530
   at OxPt.WcTests.WC001_Consolidate(String testId, String originalName, String revisedDocumentsXml) in J:\repos\knilecrack\Open-Xml-PowerTools\OpenXmlPowerTools.Tests\WmlComparerTests.cs:line 172
   at InvokeStub_WcTests.WC001_Consolidate(Object, Span`1)
   at System.Reflection.MethodBaseInvoker.InvokeWithFewArgs(Object obj, BindingFlags invokeAttr, Binder binder, Object[] parameters, CultureInfo culture)
  Failed OxPt.WcTests.WC001_Consolidate(testId: "RC-0040", originalName: "WC/WC027-Twenty-Paras-Before.docx", revisedDocumentsXml: "<Root>\r\n              <RcInfo>\r\n              "···) [33 ms]
  Error Message:
   System.InvalidOperationException : Unable to extract Package from DocumentFormat.OpenXml.Packaging.PackageUriHandlingExtensions+MalformedUriHandlingPackage. The SDK returned an unexpected package type. Expected Package or MalformedUriHandlingPackage with accessible inner Package.
  Stack Trace:
     at OpenXmlPowerTools.OpenXmlPackageExtensions.GetPackage(OpenXmlPackage package) in J:\repos\knilecrack\Open-Xml-PowerTools\OpenXmlPowerTools\OxPtHelpers.cs:line 107
   at OpenXmlPowerTools.WmlComparer.AddToAnnotation(WordprocessingDocument wDocDelta, WordprocessingDocument consolidatedWDoc, XElement elementToInsertAfter, ConsolidationInfo consolidationInfo, WmlComparerSettings settings) in J:\repos\knilecrack\Open-Xml-PowerTools\OpenXmlPowerTools\WmlComparer.cs:line 1343
   at OpenXmlPowerTools.WmlComparer.Consolidate(WmlDocument original, List`1 revisedDocumentInfoList, WmlComparerSettings settings, WmlComparerConsolidateSettings consolidateSettings) in J:\repos\knilecrack\Open-Xml-PowerTools\OpenXmlPowerTools\WmlComparer.cs:line 750
   at OpenXmlPowerTools.WmlComparer.Consolidate(WmlDocument original, List`1 revisedDocumentInfoList, WmlComparerSettings settings) in J:\repos\knilecrack\Open-Xml-PowerTools\OpenXmlPowerTools\WmlComparer.cs:line 530
   at OxPt.WcTests.WC001_Consolidate(String testId, String originalName, String revisedDocumentsXml) in J:\repos\knilecrack\Open-Xml-PowerTools\OpenXmlPowerTools.Tests\WmlComparerTests.cs:line 172
   at InvokeStub_WcTests.WC001_Consolidate(Object, Span`1)
   at System.Reflection.MethodBaseInvoker.InvokeWithFewArgs(Object obj, BindingFlags invokeAttr, Binder binder, Object[] parameters, CultureInfo culture)
  Failed OxPt.WcTests.WC001_Consolidate(testId: "RC-0100", originalName: "RC/RC007-Endnotes-Before.docx", revisedDocumentsXml: "<Root>\r\n              <RcInfo>\r\n              "···) [34 ms]
  Error Message:
   OpenXmlPowerTools.OpenXmlPowerToolsException : Internal error
  Stack Trace:
     at OpenXmlPowerTools.WmlComparer.<>c.<AssembleAncestorUnidsInOrderToRebuildXmlTreeProperly>b__44_4(XElement ae) in J:\repos\knilecrack\Open-Xml-PowerTools\OpenXmlPowerTools\WmlComparer.cs:line 2986
   at System.Linq.Enumerable.ArraySelectIterator`2.ToArray()
   at OpenXmlPowerTools.WmlComparer.AssembleAncestorUnidsInOrderToRebuildXmlTreeProperly(List`1 comparisonUnitAtomList) in J:\repos\knilecrack\Open-Xml-PowerTools\OpenXmlPowerTools\WmlComparer.cs:line 2980
   at OpenXmlPowerTools.WmlComparer.ProcessFootnoteEndnote(WmlComparerSettings settings, List`1 listOfComparisonUnitAtoms, MainDocumentPart mainDocumentPartBefore, MainDocumentPart mainDocumentPartAfter, XDocument mainDocumentXDoc) in J:\repos\knilecrack\Open-Xml-PowerTools\OpenXmlPowerTools\WmlComparer.cs:line 2549
   at OpenXmlPowerTools.WmlComparer.ProduceDocumentWithTrackedRevisions(WmlComparerSettings settings, WmlDocument wmlResult, WordprocessingDocument wDoc1, WordprocessingDocument wDoc2) in J:\repos\knilecrack\Open-Xml-PowerTools\OpenXmlPowerTools\WmlComparer.cs:line 1698
   at OpenXmlPowerTools.WmlComparer.CompareInternal(WmlDocument source1, WmlDocument source2, WmlComparerSettings settings, Boolean preProcessMarkupInOriginal) in J:\repos\knilecrack\Open-Xml-PowerTools\OpenXmlPowerTools\WmlComparer.cs:line 213
   at OpenXmlPowerTools.WmlComparer.Consolidate(WmlDocument original, List`1 revisedDocumentInfoList, WmlComparerSettings settings, WmlComparerConsolidateSettings consolidateSettings) in J:\repos\knilecrack\Open-Xml-PowerTools\OpenXmlPowerTools\WmlComparer.cs:line 624
   at OpenXmlPowerTools.WmlComparer.Consolidate(WmlDocument original, List`1 revisedDocumentInfoList, WmlComparerSettings settings) in J:\repos\knilecrack\Open-Xml-PowerTools\OpenXmlPowerTools\WmlComparer.cs:line 530
   at OxPt.WcTests.WC001_Consolidate(String testId, String originalName, String revisedDocumentsXml) in J:\repos\knilecrack\Open-Xml-PowerTools\OpenXmlPowerTools.Tests\WmlComparerTests.cs:line 172
   at InvokeStub_WcTests.WC001_Consolidate(Object, Span`1)
   at System.Reflection.MethodBaseInvoker.InvokeWithFewArgs(Object obj, BindingFlags invokeAttr, Binder binder, Object[] parameters, CultureInfo culture)
[xUnit.net 00:00:40.09]       OpenXmlPowerTools.OpenXmlPowerToolsException : Internal error
[xUnit.net 00:00:40.09]       Stack Trace:
[xUnit.net 00:00:40.09]         J:\repos\knilecrack\Open-Xml-PowerTools\OpenXmlPowerTools\WmlComparer.cs(5017,0): at OpenXmlPowerTools.WmlComparer.<>c.<SetAfterUnids>b__75_1(XElement a)
[xUnit.net 00:00:40.09]            at System.Linq.Enumerable.ListWhereSelectIterator`2.ToArray()
[xUnit.net 00:00:40.09]         J:\repos\knilecrack\Open-Xml-PowerTools\OpenXmlPowerTools\WmlComparer.cs(5011,0): at OpenXmlPowerTools.WmlComparer.SetAfterUnids(CorrelatedSequence unknown)
[xUnit.net 00:00:40.09]         J:\repos\knilecrack\Open-Xml-PowerTools\OpenXmlPowerTools\WmlComparer.cs(4932,0): at OpenXmlPowerTools.WmlComparer.Lcs(ComparisonUnit[] cu1, ComparisonUnit[] cu2, WmlComparerSettings settings)
[xUnit.net 00:00:40.09]         J:\repos\knilecrack\Open-Xml-PowerTools\OpenXmlPowerTools\WmlComparer.cs(2421,0): at OpenXmlPowerTools.WmlComparer.ProcessFootnoteEndnote(WmlComparerSettings settings, List`1 listOfComparisonUnitAtoms, MainDocumentPart mainDocumentPartBefore, MainDocumentPart mainDocumentPartAfter, XDocument mainDocumentXDoc)
[xUnit.net 00:00:40.09]         J:\repos\knilecrack\Open-Xml-PowerTools\OpenXmlPowerTools\WmlComparer.cs(1698,0): at OpenXmlPowerTools.WmlComparer.ProduceDocumentWithTrackedRevisions(WmlComparerSettings settings, WmlDocument wmlResult, WordprocessingDocument wDoc1, WordprocessingDocument wDoc2)
[xUnit.net 00:00:40.09]         J:\repos\knilecrack\Open-Xml-PowerTools\OpenXmlPowerTools\WmlComparer.cs(213,0): at OpenXmlPowerTools.WmlComparer.CompareInternal(WmlDocument source1, WmlDocument source2, WmlComparerSettings settings, Boolean preProcessMarkupInOriginal)
[xUnit.net 00:00:40.09]         J:\repos\knilecrack\Open-Xml-PowerTools\OpenXmlPowerTools\WmlComparer.cs(624,0): at OpenXmlPowerTools.WmlComparer.Consolidate(WmlDocument original, List`1 revisedDocumentInfoList, WmlComparerSettings settings, WmlComparerConsolidateSettings consolidateSettings)
[xUnit.net 00:00:40.09]         J:\repos\knilecrack\Open-Xml-PowerTools\OpenXmlPowerTools\WmlComparer.cs(530,0): at OpenXmlPowerTools.WmlComparer.Consolidate(WmlDocument original, List`1 revisedDocumentInfoList, WmlComparerSettings settings)
[xUnit.net 00:00:40.09]         J:\repos\knilecrack\Open-Xml-PowerTools\OpenXmlPowerTools.Tests\WmlComparerTests.cs(172,0): at OxPt.WcTests.WC001_Consolidate(String testId, String originalName, String revisedDocumentsXml)
[xUnit.net 00:00:40.09]            at InvokeStub_WcTests.WC001_Consolidate(Object, Span`1)
[xUnit.net 00:00:40.09]            at System.Reflection.MethodBaseInvoker.InvokeWithFewArgs(Object obj, BindingFlags invokeAttr, Binder binder, Object[] parameters, CultureInfo culture)
[xUnit.net 00:00:40.14]   Finished:    OpenXmlPowerTools.Tests
  Failed OxPt.WcTests.WC001_Consolidate(testId: "RC-0090", originalName: "RC/RC006-Before.docx", revisedDocumentsXml: "<Root>\r\n              <RcInfo>\r\n              "···) [48 ms]
  Error Message:
   OpenXmlPowerTools.OpenXmlPowerToolsException : Internal error
  Stack Trace:
     at OpenXmlPowerTools.WmlComparer.<>c.<SetAfterUnids>b__75_1(XElement a) in J:\repos\knilecrack\Open-Xml-PowerTools\OpenXmlPowerTools\WmlComparer.cs:line 5017
   at System.Linq.Enumerable.ListWhereSelectIterator`2.ToArray()
   at OpenXmlPowerTools.WmlComparer.SetAfterUnids(CorrelatedSequence unknown) in J:\repos\knilecrack\Open-Xml-PowerTools\OpenXmlPowerTools\WmlComparer.cs:line 5011
   at OpenXmlPowerTools.WmlComparer.Lcs(ComparisonUnit[] cu1, ComparisonUnit[] cu2, WmlComparerSettings settings) in J:\repos\knilecrack\Open-Xml-PowerTools\OpenXmlPowerTools\WmlComparer.cs:line 4932
   at OpenXmlPowerTools.WmlComparer.ProcessFootnoteEndnote(WmlComparerSettings settings, List`1 listOfComparisonUnitAtoms, MainDocumentPart mainDocumentPartBefore, MainDocumentPart mainDocumentPartAfter, XDocument mainDocumentXDoc) in J:\repos\knilecrack\Open-Xml-PowerTools\OpenXmlPowerTools\WmlComparer.cs:line 2421
   at OpenXmlPowerTools.WmlComparer.ProduceDocumentWithTrackedRevisions(WmlComparerSettings settings, WmlDocument wmlResult, WordprocessingDocument wDoc1, WordprocessingDocument wDoc2) in J:\repos\knilecrack\Open-Xml-PowerTools\OpenXmlPowerTools\WmlComparer.cs:line 1698
   at OpenXmlPowerTools.WmlComparer.CompareInternal(WmlDocument source1, WmlDocument source2, WmlComparerSettings settings, Boolean preProcessMarkupInOriginal) in J:\repos\knilecrack\Open-Xml-PowerTools\OpenXmlPowerTools\WmlComparer.cs:line 213
   at OpenXmlPowerTools.WmlComparer.Consolidate(WmlDocument original, List`1 revisedDocumentInfoList, WmlComparerSettings settings, WmlComparerConsolidateSettings consolidateSettings) in J:\repos\knilecrack\Open-Xml-PowerTools\OpenXmlPowerTools\WmlComparer.cs:line 624
   at OpenXmlPowerTools.WmlComparer.Consolidate(WmlDocument original, List`1 revisedDocumentInfoList, WmlComparerSettings settings) in J:\repos\knilecrack\Open-Xml-PowerTools\OpenXmlPowerTools\WmlComparer.cs:line 530
   at OxPt.WcTests.WC001_Consolidate(String testId, String originalName, String revisedDocumentsXml) in J:\repos\knilecrack\Open-Xml-PowerTools\OpenXmlPowerTools.Tests\WmlComparerTests.cs:line 172
   at InvokeStub_WcTests.WC001_Consolidate(Object, Span`1)
   at System.Reflection.MethodBaseInvoker.InvokeWithFewArgs(Object obj, BindingFlags invokeAttr, Binder binder, Object[] parameters, CultureInfo culture)
  Passed OxPt.WcTests.WC005_Compare_CaseInsensitive(testId: "WCI-1000", name1: "WC/WC040-Case-Before.docx", name2: "WC/WC040-Case-After.docx", revisionCount: 2) [46 ms]

Total tests: 979
     Passed: 827
     Failed: 151
    Skipped: 1
 Total time: 40.7619 Seconds
